[e5-t26f] {"phase":"server:startup","event":"start","timestamp":"2026-09-08T04:15:44.736Z","elapsedMs":1}
[e5-t26f] DIAGNOSTIC ITERATION ONLY — not acceptance; retained profiles are never deleted
[e5-t26f] {"phase":"server:startup","event":"done","timestamp":"2026-09-08T04:15:45.058Z","elapsedMs":322}
[e5-t26f] {"phase":"browser:launch","event":"start","timestamp":"2026-09-08T04:15:45.058Z","elapsedMs":322}
[e5-t26f] {"phase":"browser:launch","event":"done","timestamp":"2026-09-08T04:15:45.555Z","elapsedMs":819}
[e5-t26f] {"phase":"browser:initial-load","event":"start","timestamp":"2026-09-08T04:15:45.556Z","elapsedMs":820}
[e5-t26f] {"phase":"browser:initial-load","event":"done","timestamp":"2026-09-08T04:15:45.696Z","elapsedMs":960}
[e5-t26f] {"phase":"readiness:initial desktop ready","event":"start","timestamp":"2026-09-08T04:15:45.696Z","elapsedMs":960}
[e5-t26f] {"timestamp":"2026-09-08T04:16:15.558Z","phase":"readiness:initial desktop ready","event":"sample","probeMs":1,"ready":null,"restored":null,"status":"linux: booting","serialTail":"nit as init process\r\n\r\n   OpenRC 0.54 is starting up Linux 6.6.63 (riscv64)\r\n\r\n * Mounting /proc ... [ ok ]\r\n * Mounting /run ... [ ok ]\r\n * /run/openrc: creating directory\r\n * /run/lock: creating directory\r\n * /run/lock: correcting owner\r\n","frameCount":4,"pointerFrames":0,"keyboardFrames":0,"launch":null,"command":null,"focus":null,"agent":{"state":"idle","transportGeneration":0,"bytesReceived":0,"bytesSent":0,"pendingBytes":0},"presentation":{"successfulPresents":4,"scheduler":null},"audio":{"policy":"locked","context":"suspended","renderedFrames":847744,"pcm":{"available":true,"writeIndex":0,"readIndex":0,"fillFrames":0,"capacityFrames":4096,"writtenFrames":4096,"inspectedFrames":4096,"nonSilentFrames":0,"maxAbs":0}}}
[e5-t26f] {"timestamp":"2026-09-08T04:16:45.559Z","phase":"readiness:initial desktop ready","event":"sample","probeMs":1,"ready":null,"restored":null,"status":"linux: booting","serialTail":"reating directory\r\n * /run/lock: correcting owner\r\n * Caching service dependencies ... [ ok ]\r\n * Remounting devtmpfs on /dev ... [ ok ]\r\n * Mounting /dev/mqueue ... [ ok ]\r\n * Mounting /dev/pts ... [ ok ]\r\n * Mounting /dev/shm ... [ ok ]\r\n","frameCount":4,"pointerFrames":0,"keyboardFrames":0,"launch":null,"command":null,"focus":null,"agent":{"state":"idle","transportGeneration":0,"bytesReceived":0,"bytesSent":0,"pendingBytes":0},"presentation":{"successfulPresents":4,"scheduler":null},"audio":{"policy":"locked","context":"suspended","renderedFrames":1700736,"pcm":{"available":true,"writeIndex":0,"readIndex":0,"fillFrames":0,"capacityFrames":4096,"writtenFrames":4096,"inspectedFrames":4096,"nonSilentFrames":0,"maxAbs":0}}}
[e5-t26f] {"timestamp":"2026-09-08T04:17:15.561Z","phase":"readiness:initial desktop ready","event":"sample","probeMs":1,"ready":null,"restored":null,"status":"linux: booting","serialTail":"]\r\n * Mounting security filesystem ... [ ok ]\r\n * Mounting debug filesystem ... [ ok ]\r\n * Starting udev ... [ ok ]\r\n * Generating a rule to create a /dev/root symlink ... [ ok ]\r\n * Populating /dev with existing devices through uevents ...","frameCount":4,"pointerFrames":0,"keyboardFrames":0,"launch":null,"command":null,"focus":null,"agent":{"state":"idle","transportGeneration":0,"bytesReceived":0,"bytesSent":0,"pendingBytes":0},"presentation":{"successfulPresents":4,"scheduler":null},"audio":{"policy":"locked","context":"suspended","renderedFrames":2538368,"pcm":{"available":true,"writeIndex":0,"readIndex":0,"fillFrames":0,"capacityFrames":4096,"writtenFrames":4096,"inspectedFrames":4096,"nonSilentFrames":0,"maxAbs":0}}}
[e5-t26f] {"timestamp":"2026-09-08T04:17:45.563Z","phase":"readiness:initial desktop ready","event":"sample","probeMs":1,"ready":null,"restored":null,"status":"linux: booting","serialTail":" ok ]\r\n * Mounting debug filesystem ... [ ok ]\r\n * Starting udev ... [ ok ]\r\n * Generating a rule to create a /dev/root symlink ... [ ok ]\r\n * Populating /dev with existing devices through uevents ... [ ok ]\r\n * Loading hardware drivers ...","frameCount":4,"pointerFrames":0,"keyboardFrames":0,"launch":null,"command":null,"focus":null,"agent":{"state":"idle","transportGeneration":0,"bytesReceived":0,"bytesSent":0,"pendingBytes":0},"presentation":{"successfulPresents":4,"scheduler":null},"audio":{"policy":"locked","context":"suspended","renderedFrames":3313664,"pcm":{"available":true,"writeIndex":0,"readIndex":0,"fillFrames":0,"capacityFrames":4096,"writtenFrames":4096,"inspectedFrames":4096,"nonSilentFrames":0,"maxAbs":0}}}
[e5-t26f] {"timestamp":"2026-09-08T04:18:15.563Z","phase":"readiness:initial desktop ready","event":"sample","probeMs":1,"ready":null,"restored":null,"status":"linux: booting","serialTail":" ok ]\r\n * Mounting debug filesystem ... [ ok ]\r\n * Starting udev ... [ ok ]\r\n * Generating a rule to create a /dev/root symlink ... [ ok ]\r\n * Populating /dev with existing devices through uevents ... [ ok ]\r\n * Loading hardware drivers ...","frameCount":4,"pointerFrames":0,"keyboardFrames":0,"launch":null,"command":null,"focus":null,"agent":{"state":"idle","transportGeneration":0,"bytesReceived":0,"bytesSent":0,"pendingBytes":0},"presentation":{"successfulPresents":4,"scheduler":null},"audio":{"policy":"locked","context":"suspended","renderedFrames":4088960,"pcm":{"available":true,"writeIndex":0,"readIndex":0,"fillFrames":0,"capacityFrames":4096,"writtenFrames":4096,"inspectedFrames":4096,"nonSilentFrames":0,"maxAbs":0}}}
[e5-t26f] {"timestamp":"2026-09-08T04:18:45.563Z","phase":"readiness:initial desktop ready","event":"sample","probeMs":0,"ready":null,"restored":null,"status":"linux: booting","serialTail":" ok ]\r\n * Mounting debug filesystem ... [ ok ]\r\n * Starting udev ... [ ok ]\r\n * Generating a rule to create a /dev/root symlink ... [ ok ]\r\n * Populating /dev with existing devices through uevents ... [ ok ]\r\n * Loading hardware drivers ...","frameCount":4,"pointerFrames":2,"keyboardFrames":0,"launch":null,"command":null,"focus":null,"agent":{"state":"idle","transportGeneration":0,"bytesReceived":0,"bytesSent":0,"pendingBytes":0},"presentation":{"successfulPresents":4,"scheduler":null},"audio":{"policy":"locked","context":"suspended","renderedFrames":4901632,"pcm":{"available":true,"writeIndex":0,"readIndex":0,"fillFrames":0,"capacityFrames":4096,"writtenFrames":4096,"inspectedFrames":4096,"nonSilentFrames":0,"maxAbs":0}}}
[e5-t26f] {"timestamp":"2026-09-08T04:19:15.565Z","phase":"readiness:initial desktop ready","event":"sample","probeMs":1,"ready":null,"restored":null,"status":"linux: booting","serialTail":"ectory to '/lib/modules': No such file or directory\r\n [ ok ]\r\n * Setting system clock using the hardware clock [UTC] ... [ ok ]\r\n * Checking local filesystems  ... [ ok ]\r\n * Remounting filesystems ... [ ok ]\r\n * Activating swap devices ...","frameCount":4,"pointerFrames":2,"keyboardFrames":0,"launch":null,"command":null,"focus":null,"agent":{"state":"idle","transportGeneration":0,"bytesReceived":0,"bytesSent":0,"pendingBytes":0},"presentation":{"successfulPresents":4,"scheduler":null},"audio":{"policy":"locked","context":"suspended","renderedFrames":5755008,"pcm":{"available":true,"writeIndex":0,"readIndex":0,"fillFrames":0,"capacityFrames":4096,"writtenFrames":4096,"inspectedFrames":4096,"nonSilentFrames":0,"maxAbs":0}}}
[e5-t26f] {"timestamp":"2026-09-08T04:19:45.566Z","phase":"readiness:initial desktop ready","event":"sample","probeMs":0,"ready":null,"restored":null,"status":"linux: booting","serialTail":"ser login records ... [ ok ]\r\n * Cleaning /tmp directory ... [ ok ]\r\n * Setting hostname ... [ ok ]\r\n * Seeding random number generator ... * Saving 256 bits of creditable seed for next boot\r\n [ ok ]\r\n * Starting busybox syslog ... [ ok ]\r\n","frameCount":4,"pointerFrames":2,"keyboardFrames":0,"launch":null,"command":null,"focus":null,"agent":{"state":"idle","transportGeneration":0,"bytesReceived":0,"bytesSent":0,"pendingBytes":0},"presentation":{"successfulPresents":4,"scheduler":null},"audio":{"policy":"locked","context":"suspended","renderedFrames":6608128,"pcm":{"available":true,"writeIndex":0,"readIndex":0,"fillFrames":0,"capacityFrames":4096,"writtenFrames":4096,"inspectedFrames":4096,"nonSilentFrames":0,"maxAbs":0}}}
[e5-t26f] {"timestamp":"2026-09-08T04:20:15.567Z","phase":"readiness:initial desktop ready","event":"sample","probeMs":0,"ready":null,"restored":null,"status":"linux: booting","serialTail":"table seed for next boot\r\n [ ok ]\r\n * Starting busybox syslog ... [ ok ]\r\n * Starting seatd ... [ ok ]\r\n * Waiting for uevents to be processed ... [ ok ]\r\n * Starting networking ... *   lo ... [ ok ]\r\n *   eth0 ...udhcpc: started, v1.36.1\r\n","frameCount":4,"pointerFrames":2,"keyboardFrames":0,"launch":null,"command":null,"focus":null,"agent":{"state":"idle","transportGeneration":0,"bytesReceived":0,"bytesSent":0,"pendingBytes":0},"presentation":{"successfulPresents":4,"scheduler":null},"audio":{"policy":"locked","context":"suspended","renderedFrames":7462016,"pcm":{"available":true,"writeIndex":0,"readIndex":0,"fillFrames":0,"capacityFrames":4096,"writtenFrames":4096,"inspectedFrames":4096,"nonSilentFrames":0,"maxAbs":0}}}
[e5-t26f] {"timestamp":"2026-09-08T04:20:45.569Z","phase":"readiness:initial desktop ready","event":"sample","probeMs":1,"ready":null,"restored":null,"status":"linux: booting","serialTail":"hcpc: no lease, forking to background\r\n [ ok ]\r\n * Starting wasm-vm file transfer agent ... [ ok ]\r\n * Starting wasm-vm virtio agent ... [ ok ]\r\n\r\r\nWelcome to Alpine Linux 3.20\r\n\rKernel 6.6.63 on an riscv64 (/dev/ttyS0)\r\n\r\r\n\rwasm-vm login: ","frameCount":13,"pointerFrames":2,"keyboardFrames":0,"launch":null,"command":null,"focus":null,"agent":{"state":"idle","transportGeneration":0,"bytesReceived":18,"bytesSent":0,"pendingBytes":18},"presentation":{"successfulPresents":13,"scheduler":null},"audio":{"policy":"locked","context":"suspended","renderedFrames":8314368,"pcm":{"available":true,"writeIndex":0,"readIndex":0,"fillFrames":0,"capacityFrames":4096,"writtenFrames":4096,"inspectedFrames":4096,"nonSilentFrames":0,"maxAbs":0}}}
[e5-t26f] {"timestamp":"2026-09-08T04:21:15.570Z","phase":"readiness:initial desktop ready","event":"sample","probeMs":1,"ready":null,"restored":null,"status":"linux: booting","serialTail":"hcpc: no lease, forking to background\r\n [ ok ]\r\n * Starting wasm-vm file transfer agent ... [ ok ]\r\n * Starting wasm-vm virtio agent ... [ ok ]\r\n\r\r\nWelcome to Alpine Linux 3.20\r\n\rKernel 6.6.63 on an riscv64 (/dev/ttyS0)\r\n\r\r\n\rwasm-vm login: ","frameCount":14,"pointerFrames":2,"keyboardFrames":0,"launch":null,"command":null,"focus":null,"agent":{"state":"idle","transportGeneration":0,"bytesReceived":18,"bytesSent":0,"pendingBytes":18},"presentation":{"successfulPresents":14,"scheduler":null},"audio":{"policy":"locked","context":"suspended","renderedFrames":9167360,"pcm":{"available":true,"writeIndex":0,"readIndex":0,"fillFrames":0,"capacityFrames":4096,"writtenFrames":4096,"inspectedFrames":4096,"nonSilentFrames":0,"maxAbs":0}}}
[e5-t26f] {"timestamp":"2026-09-08T04:21:45.571Z","phase":"readiness:initial desktop ready","event":"sample","probeMs":1,"ready":null,"restored":null,"status":"linux: booting","serialTail":"hcpc: no lease, forking to background\r\n [ ok ]\r\n * Starting wasm-vm file transfer agent ... [ ok ]\r\n * Starting wasm-vm virtio agent ... [ ok ]\r\n\r\r\nWelcome to Alpine Linux 3.20\r\n\rKernel 6.6.63 on an riscv64 (/dev/ttyS0)\r\n\r\r\n\rwasm-vm login: ","frameCount":14,"pointerFrames":2,"keyboardFrames":0,"launch":null,"command":null,"focus":null,"agent":{"state":"idle","transportGeneration":0,"bytesReceived":18,"bytesSent":0,"pendingBytes":18},"presentation":{"successfulPresents":14,"scheduler":null},"audio":{"policy":"locked","context":"suspended","renderedFrames":10020992,"pcm":{"available":true,"writeIndex":0,"readIndex":0,"fillFrames":0,"capacityFrames":4096,"writtenFrames":4096,"inspectedFrames":4096,"nonSilentFrames":0,"maxAbs":0}}}
[e5-t26f] {"timestamp":"2026-09-08T04:22:15.573Z","phase":"readiness:initial desktop ready","event":"sample","probeMs":1,"ready":null,"restored":null,"status":"linux: booting","serialTail":"hcpc: no lease, forking to background\r\n [ ok ]\r\n * Starting wasm-vm file transfer agent ... [ ok ]\r\n * Starting wasm-vm virtio agent ... [ ok ]\r\n\r\r\nWelcome to Alpine Linux 3.20\r\n\rKernel 6.6.63 on an riscv64 (/dev/ttyS0)\r\n\r\r\n\rwasm-vm login: ","frameCount":14,"pointerFrames":2,"keyboardFrames":0,"launch":null,"command":null,"focus":null,"agent":{"state":"idle","transportGeneration":0,"bytesReceived":18,"bytesSent":0,"pendingBytes":18},"presentation":{"successfulPresents":14,"scheduler":null},"audio":{"policy":"locked","context":"suspended","renderedFrames":10874496,"pcm":{"available":true,"writeIndex":0,"readIndex":0,"fillFrames":0,"capacityFrames":4096,"writtenFrames":4096,"inspectedFrames":4096,"nonSilentFrames":0,"maxAbs":0}}}
[e5-t26f] {"timestamp":"2026-09-08T04:22:45.572Z","phase":"readiness:initial desktop ready","event":"sample","probeMs":0,"ready":null,"restored":null,"status":"linux: booting","serialTail":"hcpc: no lease, forking to background\r\n [ ok ]\r\n * Starting wasm-vm file transfer agent ... [ ok ]\r\n * Starting wasm-vm virtio agent ... [ ok ]\r\n\r\r\nWelcome to Alpine Linux 3.20\r\n\rKernel 6.6.63 on an riscv64 (/dev/ttyS0)\r\n\r\r\n\rwasm-vm login: ","frameCount":14,"pointerFrames":21,"keyboardFrames":0,"launch":null,"command":null,"focus":null,"agent":{"state":"idle","transportGeneration":0,"bytesReceived":18,"bytesSent":0,"pendingBytes":18},"presentation":{"successfulPresents":14,"scheduler":null},"audio":{"policy":"locked","context":"suspended","renderedFrames":11727488,"pcm":{"available":true,"writeIndex":0,"readIndex":0,"fillFrames":0,"capacityFrames":4096,"writtenFrames":4096,"inspectedFrames":4096,"nonSilentFrames":0,"maxAbs":0}}}
[e5-t26f] {"timestamp":"2026-09-08T04:23:15.573Z","phase":"readiness:initial desktop ready","event":"sample","probeMs":0,"ready":null,"restored":null,"status":"linux: booting","serialTail":"hcpc: no lease, forking to background\r\n [ ok ]\r\n * Starting wasm-vm file transfer agent ... [ ok ]\r\n * Starting wasm-vm virtio agent ... [ ok ]\r\n\r\r\nWelcome to Alpine Linux 3.20\r\n\rKernel 6.6.63 on an riscv64 (/dev/ttyS0)\r\n\r\r\n\rwasm-vm login: ","frameCount":18,"pointerFrames":21,"keyboardFrames":0,"launch":null,"command":null,"focus":null,"agent":{"state":"idle","transportGeneration":0,"bytesReceived":18,"bytesSent":0,"pendingBytes":18},"presentation":{"successfulPresents":18,"scheduler":null},"audio":{"policy":"locked","context":"suspended","renderedFrames":12580096,"pcm":{"available":true,"writeIndex":0,"readIndex":0,"fillFrames":0,"capacityFrames":4096,"writtenFrames":4096,"inspectedFrames":4096,"nonSilentFrames":0,"maxAbs":0}}}
[e5-t26f] {"phase":"readiness:initial desktop ready","event":"done","timestamp":"2026-09-08T04:23:31.856Z","elapsedMs":467120}
[e5-t26f] {"phase":"launch:e5-t26f-terminal-1","event":"start","timestamp":"2026-09-08T04:23:33.871Z","elapsedMs":469135}
[e5-t26f] {"timestamp":"2026-09-08T04:23:45.575Z","phase":"launch:e5-t26f-terminal-1","event":"sample","probeMs":1,"ready":"ready","restored":null,"status":"desktop ready: launcher available","serialTail":"hcpc: no lease, forking to background\r\n [ ok ]\r\n * Starting wasm-vm file transfer agent ... [ ok ]\r\n * Starting wasm-vm virtio agent ... [ ok ]\r\n\r\r\nWelcome to Alpine Linux 3.20\r\n\rKernel 6.6.63 on an riscv64 (/dev/ttyS0)\r\n\r\r\n\rwasm-vm login: ","frameCount":27,"pointerFrames":24,"keyboardFrames":0,"launch":{"label":"e5-t26f-terminal-1","marker":null,"accepted":null,"terminalRendered":false,"terminalMarkerSeen":null,"visualDiffPixels":459,"guestVisible":null,"pointerFrames":null,"keyboardFrames":null},"command":null,"focus":null,"agent":{"state":"ready","transportGeneration":2,"bytesReceived":54,"bytesSent":36,"pendingBytes":0},"presentation":{"successfulPresents":27,"scheduler":null},"audio":{"policy":"unlocked","context":"running","renderedFrames":13637120,"pcm":{"available":true,"writeIndex":0,"readIndex":0,"fillFrames":0,"capacityFrames":4096,"writtenFrames":4096,"inspectedFrames":4096,"nonSilentFrames":0,"maxAbs":0}}}
[e5-t26f] {"timestamp":"2026-09-08T04:24:15.576Z","phase":"launch:e5-t26f-terminal-1","event":"sample","probeMs":1,"ready":"ready","restored":null,"status":"desktop ready: launcher available","serialTail":"hcpc: no lease, forking to background\r\n [ ok ]\r\n * Starting wasm-vm file transfer agent ... [ ok ]\r\n * Starting wasm-vm virtio agent ... [ ok ]\r\n\r\r\nWelcome to Alpine Linux 3.20\r\n\rKernel 6.6.63 on an riscv64 (/dev/ttyS0)\r\n\r\r\n\rwasm-vm login: ","frameCount":27,"pointerFrames":24,"keyboardFrames":0,"launch":{"label":"e5-t26f-terminal-1","marker":null,"accepted":null,"terminalRendered":false,"terminalMarkerSeen":null,"visualDiffPixels":459,"guestVisible":null,"pointerFrames":null,"keyboardFrames":null},"command":null,"focus":null,"agent":{"state":"ready","transportGeneration":2,"bytesReceived":54,"bytesSent":36,"pendingBytes":0},"presentation":{"successfulPresents":27,"scheduler":null},"audio":{"policy":"unlocked","context":"running","renderedFrames":15077248,"pcm":{"available":true,"writeIndex":0,"readIndex":0,"fillFrames":0,"capacityFrames":4096,"writtenFrames":4096,"inspectedFrames":4096,"nonSilentFrames":0,"maxAbs":0}}}
[e5-t26f] {"phase":"launch:e5-t26f-terminal-1","event":"done","timestamp":"2026-09-08T04:24:21.244Z","elapsedMs":516508}
[e5-t26f] {"phase":"focus:terminal-1","event":"start","timestamp":"2026-09-08T04:24:21.245Z","elapsedMs":516509}
[e5-t26f] {"phase":"focus:terminal-1:first-settle","event":"start","timestamp":"2026-09-08T04:24:22.421Z","elapsedMs":517685}
[e5-t26f] {"timestamp":"2026-09-08T04:24:45.578Z","phase":"focus:terminal-1:first-settle","event":"sample","probeMs":1,"ready":"ready","restored":null,"status":"desktop ready: launcher available","serialTail":"hcpc: no lease, forking to background\r\n [ ok ]\r\n * Starting wasm-vm file transfer agent ... [ ok ]\r\n * Starting wasm-vm virtio agent ... [ ok ]\r\n\r\r\nWelcome to Alpine Linux 3.20\r\n\rKernel 6.6.63 on an riscv64 (/dev/ttyS0)\r\n\r\r\n\rwasm-vm login: ","frameCount":35,"pointerFrames":27,"keyboardFrames":0,"launch":{"label":"e5-t26f-terminal-1","marker":null,"accepted":true,"terminalRendered":true,"terminalMarkerSeen":null,"visualDiffPixels":344281,"guestVisible":null,"pointerFrames":3,"keyboardFrames":null},"command":null,"focus":{"label":"terminal-1","marker":null,"accepted":null,"terminalRendered":null,"terminalMarkerSeen":null,"visualDiffPixels":null,"guestVisible":null,"pointerFrames":null,"keyboardFrames":null},"agent":{"state":"ready","transportGeneration":2,"bytesReceived":54,"bytesSent":36,"pendingBytes":0},"presentation":{"successfulPresents":35,"scheduler":null},"audio":{"policy":"unlocked","context":"running","renderedFrames":16517504,"pcm":{"available":true,"writeIndex":0,"readIndex":0,"fillFrames":0,"capacityFrames":4096,"writtenFrames":4096,"inspectedFrames":4096,"nonSilentFrames":0,"maxAbs":0}}}
[e5-t26f] {"timestamp":"2026-09-08T04:25:15.579Z","phase":"focus:terminal-1:first-settle","event":"sample","probeMs":1,"ready":"ready","restored":null,"status":"desktop ready: launcher available","serialTail":"hcpc: no lease, forking to background\r\n [ ok ]\r\n * Starting wasm-vm file transfer agent ... [ ok ]\r\n * Starting wasm-vm virtio agent ... [ ok ]\r\n\r\r\nWelcome to Alpine Linux 3.20\r\n\rKernel 6.6.63 on an riscv64 (/dev/ttyS0)\r\n\r\r\n\rwasm-vm login: ","frameCount":37,"pointerFrames":27,"keyboardFrames":0,"launch":{"label":"e5-t26f-terminal-1","marker":null,"accepted":true,"terminalRendered":true,"terminalMarkerSeen":null,"visualDiffPixels":344281,"guestVisible":null,"pointerFrames":3,"keyboardFrames":null},"command":null,"focus":{"label":"terminal-1","marker":null,"accepted":null,"terminalRendered":null,"terminalMarkerSeen":null,"visualDiffPixels":null,"guestVisible":null,"pointerFrames":null,"keyboardFrames":null},"agent":{"state":"ready","transportGeneration":2,"bytesReceived":54,"bytesSent":36,"pendingBytes":0},"presentation":{"successfulPresents":37,"scheduler":null},"audio":{"policy":"unlocked","context":"running","renderedFrames":17957376,"pcm":{"available":true,"writeIndex":0,"readIndex":0,"fillFrames":0,"capacityFrames":4096,"writtenFrames":4096,"inspectedFrames":4096,"nonSilentFrames":0,"maxAbs":0}}}
[e5-t26f] {"phase":"focus:terminal-1:first-settle","event":"done","timestamp":"2026-09-08T04:25:22.423Z","elapsedMs":577687}
[e5-t26f] {"phase":"focus:terminal-1:second-settle","event":"start","timestamp":"2026-09-08T04:25:23.605Z","elapsedMs":578869}
[e5-t26f] {"timestamp":"2026-09-08T04:25:45.580Z","phase":"focus:terminal-1:second-settle","event":"sample","probeMs":1,"ready":"ready","restored":null,"status":"desktop ready: launcher available","serialTail":"hcpc: no lease, forking to background\r\n [ ok ]\r\n * Starting wasm-vm file transfer agent ... [ ok ]\r\n * Starting wasm-vm virtio agent ... [ ok ]\r\n\r\r\nWelcome to Alpine Linux 3.20\r\n\rKernel 6.6.63 on an riscv64 (/dev/ttyS0)\r\n\r\r\n\rwasm-vm login: ","frameCount":39,"pointerFrames":30,"keyboardFrames":0,"launch":{"label":"e5-t26f-terminal-1","marker":null,"accepted":true,"terminalRendered":true,"terminalMarkerSeen":null,"visualDiffPixels":344281,"guestVisible":null,"pointerFrames":3,"keyboardFrames":null},"command":null,"focus":{"label":"terminal-1","marker":null,"accepted":null,"terminalRendered":null,"terminalMarkerSeen":null,"visualDiffPixels":null,"guestVisible":null,"pointerFrames":null,"keyboardFrames":null},"agent":{"state":"ready","transportGeneration":2,"bytesReceived":54,"bytesSent":36,"pendingBytes":0},"presentation":{"successfulPresents":39,"scheduler":null},"audio":{"policy":"unlocked","context":"running","renderedFrames":19397632,"pcm":{"available":true,"writeIndex":0,"readIndex":0,"fillFrames":0,"capacityFrames":4096,"writtenFrames":4096,"inspectedFrames":4096,"nonSilentFrames":0,"maxAbs":0}}}
[e5-t26f] {"phase":"focus:terminal-1:second-settle","event":"done","timestamp":"2026-09-08T04:25:53.606Z","elapsedMs":608870}
[e5-t26f] {"phase":"focus:terminal-1","event":"done","timestamp":"2026-09-08T04:25:53.609Z","elapsedMs":608873}
[e5-t26f] {"phase":"command:e5t26f-shell-ok:typing","event":"start","timestamp":"2026-09-08T04:25:53.609Z","elapsedMs":608873}
[e5-t26f] {"phase":"command:e5t26f-shell-ok:typing","event":"done","timestamp":"2026-09-08T04:25:58.696Z","elapsedMs":613960}
[e5-t26f] {"phase":"command:e5t26f-shell-ok:completion","event":"start","timestamp":"2026-09-08T04:25:58.696Z","elapsedMs":613960}
[e5-t26f] {"phase":"command:e5t26f-shell-ok:completion","event":"done","timestamp":"2026-09-08T04:25:59.593Z","elapsedMs":614857}
[e5-t26f] {"phase":"agent:agent channel ready","event":"start","timestamp":"2026-09-08T04:25:59.593Z","elapsedMs":614857}
[e5-t26f] {"phase":"agent:agent channel ready","event":"done","timestamp":"2026-09-08T04:25:59.594Z","elapsedMs":614858}
[e5-t26f] {"phase":"command:e5t26f-aplay-ok:typing","event":"start","timestamp":"2026-09-08T04:25:59.595Z","elapsedMs":614859}
[e5-t26f] {"timestamp":"2026-09-08T04:26:15.580Z","phase":"command:e5t26f-aplay-ok:typing","event":"sample","probeMs":1,"ready":"ready","restored":null,"status":"desktop ready: launcher available","serialTail":"hcpc: no lease, forking to background\r\n [ ok ]\r\n * Starting wasm-vm file transfer agent ... [ ok ]\r\n * Starting wasm-vm virtio agent ... [ ok ]\r\n\r\r\nWelcome to Alpine Linux 3.20\r\n\rKernel 6.6.63 on an riscv64 (/dev/ttyS0)\r\n\r\r\n\rwasm-vm login: ","frameCount":117,"pointerFrames":30,"keyboardFrames":447,"launch":{"label":"e5-t26f-terminal-1","marker":null,"accepted":true,"terminalRendered":true,"terminalMarkerSeen":null,"visualDiffPixels":344281,"guestVisible":null,"pointerFrames":3,"keyboardFrames":null},"command":{"label":null,"marker":"e5t26f-aplay-ok","accepted":null,"terminalRendered":null,"terminalMarkerSeen":false,"visualDiffPixels":3089,"guestVisible":null,"pointerFrames":null,"keyboardFrames":null},"focus":{"label":"terminal-1","marker":null,"accepted":true,"terminalRendered":null,"terminalMarkerSeen":null,"visualDiffPixels":null,"guestVisible":null,"pointerFrames":6,"keyboardFrames":null},"agent":{"state":"ready","transportGeneration":2,"bytesReceived":54,"bytesSent":36,"pendingBytes":0},"presentation":{"successfulPresents":117,"scheduler":null},"audio":{"policy":"unlocked","context":"running","renderedFrames":20837504,"pcm":{"available":true,"writeIndex":0,"readIndex":0,"fillFrames":0,"capacityFrames":4096,"writtenFrames":4096,"inspectedFrames":4096,"nonSilentFrames":0,"maxAbs":0}}}
[e5-t26f] {"phase":"command:e5t26f-aplay-ok:typing","event":"done","timestamp":"2026-09-08T04:26:20.720Z","elapsedMs":635984}
[e5-t26f] {"phase":"command:e5t26f-aplay-ok:completion","event":"start","timestamp":"2026-09-08T04:26:20.720Z","elapsedMs":635984}
[e5-t26f] {"phase":"command:e5t26f-aplay-ok:completion","event":"done","timestamp":"2026-09-08T04:26:24.098Z","elapsedMs":639362}
[e5-t26f] {"phase":"launch:e5-t26f-terminal-2","event":"start","timestamp":"2026-09-08T04:26:24.109Z","elapsedMs":639373}
[e5-t26f] {"timestamp":"2026-09-08T04:26:45.582Z","phase":"launch:e5-t26f-terminal-2","event":"sample","probeMs":2,"ready":"ready","restored":null,"status":"desktop ready: launcher available","serialTail":"hcpc: no lease, forking to background\r\n [ ok ]\r\n * Starting wasm-vm file transfer agent ... [ ok ]\r\n * Starting wasm-vm virtio agent ... [ ok ]\r\n\r\r\nWelcome to Alpine Linux 3.20\r\n\rKernel 6.6.63 on an riscv64 (/dev/ttyS0)\r\n\r\r\n\rwasm-vm login: ","frameCount":151,"pointerFrames":33,"keyboardFrames":556,"launch":{"label":"e5-t26f-terminal-2","marker":null,"accepted":null,"terminalRendered":false,"terminalMarkerSeen":null,"visualDiffPixels":451,"guestVisible":null,"pointerFrames":null,"keyboardFrames":null},"command":{"label":null,"marker":"e5t26f-aplay-ok","accepted":true,"terminalRendered":null,"terminalMarkerSeen":true,"visualDiffPixels":7591,"guestVisible":null,"pointerFrames":null,"keyboardFrames":454},"focus":{"label":"terminal-1","marker":null,"accepted":true,"terminalRendered":null,"terminalMarkerSeen":null,"visualDiffPixels":null,"guestVisible":true,"pointerFrames":6,"keyboardFrames":null},"agent":{"state":"ready","transportGeneration":2,"bytesReceived":54,"bytesSent":36,"pendingBytes":0},"presentation":{"successfulPresents":151,"scheduler":null},"audio":{"policy":"unlocked","context":"running","renderedFrames":22276608,"pcm":{"available":true,"writeIndex":1440,"readIndex":1440,"fillFrames":0,"capacityFrames":4096,"writtenFrames":4096,"inspectedFrames":4096,"nonSilentFrames":960,"maxAbs":0.082000732421875}}}
[e5-t26f] {"phase":"launch:e5-t26f-terminal-2","event":"done","timestamp":"2026-09-08T04:27:09.626Z","elapsedMs":684890}
[e5-t26f] {"phase":"focus:terminal-2","event":"start","timestamp":"2026-09-08T04:27:09.626Z","elapsedMs":684890}
[e5-t26f] {"phase":"focus:terminal-2:first-settle","event":"start","timestamp":"2026-09-08T04:27:10.756Z","elapsedMs":686020}
[e5-t26f] {"timestamp":"2026-09-08T04:27:15.582Z","phase":"focus:terminal-2:first-settle","event":"sample","probeMs":1,"ready":"ready","restored":null,"status":"desktop ready: launcher available","serialTail":"hcpc: no lease, forking to background\r\n [ ok ]\r\n * Starting wasm-vm file transfer agent ... [ ok ]\r\n * Starting wasm-vm virtio agent ... [ ok ]\r\n\r\r\nWelcome to Alpine Linux 3.20\r\n\rKernel 6.6.63 on an riscv64 (/dev/ttyS0)\r\n\r\r\n\rwasm-vm login: ","frameCount":157,"pointerFrames":36,"keyboardFrames":556,"launch":{"label":"e5-t26f-terminal-2","marker":null,"accepted":true,"terminalRendered":true,"terminalMarkerSeen":null,"visualDiffPixels":297938,"guestVisible":null,"pointerFrames":3,"keyboardFrames":null},"command":{"label":null,"marker":"e5t26f-aplay-ok","accepted":true,"terminalRendered":null,"terminalMarkerSeen":true,"visualDiffPixels":7591,"guestVisible":null,"pointerFrames":null,"keyboardFrames":454},"focus":{"label":"terminal-2","marker":null,"accepted":null,"terminalRendered":null,"terminalMarkerSeen":null,"visualDiffPixels":null,"guestVisible":null,"pointerFrames":null,"keyboardFrames":null},"agent":{"state":"ready","transportGeneration":2,"bytesReceived":54,"bytesSent":36,"pendingBytes":0},"presentation":{"successfulPresents":157,"scheduler":null},"audio":{"policy":"unlocked","context":"running","renderedFrames":23716736,"pcm":{"available":true,"writeIndex":1440,"readIndex":1440,"fillFrames":0,"capacityFrames":4096,"writtenFrames":4096,"inspectedFrames":4096,"nonSilentFrames":960,"maxAbs":0.082000732421875}}}
[e5-t26f] {"timestamp":"2026-09-08T04:27:45.584Z","phase":"focus:terminal-2:first-settle","event":"sample","probeMs":2,"ready":"ready","restored":null,"status":"desktop ready: launcher available","serialTail":"hcpc: no lease, forking to background\r\n [ ok ]\r\n * Starting wasm-vm file transfer agent ... [ ok ]\r\n * Starting wasm-vm virtio agent ... [ ok ]\r\n\r\r\nWelcome to Alpine Linux 3.20\r\n\rKernel 6.6.63 on an riscv64 (/dev/ttyS0)\r\n\r\r\n\rwasm-vm login: ","frameCount":157,"pointerFrames":36,"keyboardFrames":556,"launch":{"label":"e5-t26f-terminal-2","marker":null,"accepted":true,"terminalRendered":true,"terminalMarkerSeen":null,"visualDiffPixels":297938,"guestVisible":null,"pointerFrames":3,"keyboardFrames":null},"command":{"label":null,"marker":"e5t26f-aplay-ok","accepted":true,"terminalRendered":null,"terminalMarkerSeen":true,"visualDiffPixels":7591,"guestVisible":null,"pointerFrames":null,"keyboardFrames":454},"focus":{"label":"terminal-2","marker":null,"accepted":null,"terminalRendered":null,"terminalMarkerSeen":null,"visualDiffPixels":null,"guestVisible":null,"pointerFrames":null,"keyboardFrames":null},"agent":{"state":"ready","transportGeneration":2,"bytesReceived":54,"bytesSent":36,"pendingBytes":0},"presentation":{"successfulPresents":157,"scheduler":null},"audio":{"policy":"unlocked","context":"running","renderedFrames":25156992,"pcm":{"available":true,"writeIndex":1440,"readIndex":1440,"fillFrames":0,"capacityFrames":4096,"writtenFrames":4096,"inspectedFrames":4096,"nonSilentFrames":960,"maxAbs":0.082000732421875}}}
[e5-t26f] {"phase":"focus:terminal-2:first-settle","event":"done","timestamp":"2026-09-08T04:28:10.758Z","elapsedMs":746022}
[e5-t26f] {"phase":"focus:terminal-2:second-settle","event":"start","timestamp":"2026-09-08T04:28:11.923Z","elapsedMs":747187}
[e5-t26f] {"timestamp":"2026-09-08T04:28:15.584Z","phase":"focus:terminal-2:second-settle","event":"sample","probeMs":1,"ready":"ready","restored":null,"status":"desktop ready: launcher available","serialTail":"hcpc: no lease, forking to background\r\n [ ok ]\r\n * Starting wasm-vm file transfer agent ... [ ok ]\r\n * Starting wasm-vm virtio agent ... [ ok ]\r\n\r\r\nWelcome to Alpine Linux 3.20\r\n\rKernel 6.6.63 on an riscv64 (/dev/ttyS0)\r\n\r\r\n\rwasm-vm login: ","frameCount":159,"pointerFrames":39,"keyboardFrames":556,"launch":{"label":"e5-t26f-terminal-2","marker":null,"accepted":true,"terminalRendered":true,"terminalMarkerSeen":null,"visualDiffPixels":297938,"guestVisible":null,"pointerFrames":3,"keyboardFrames":null},"command":{"label":null,"marker":"e5t26f-aplay-ok","accepted":true,"terminalRendered":null,"terminalMarkerSeen":true,"visualDiffPixels":7591,"guestVisible":null,"pointerFrames":null,"keyboardFrames":454},"focus":{"label":"terminal-2","marker":null,"accepted":null,"terminalRendered":null,"terminalMarkerSeen":null,"visualDiffPixels":null,"guestVisible":null,"pointerFrames":null,"keyboardFrames":null},"agent":{"state":"ready","transportGeneration":2,"bytesReceived":54,"bytesSent":36,"pendingBytes":0},"presentation":{"successfulPresents":159,"scheduler":null},"audio":{"policy":"unlocked","context":"running","renderedFrames":26596864,"pcm":{"available":true,"writeIndex":1440,"readIndex":1440,"fillFrames":0,"capacityFrames":4096,"writtenFrames":4096,"inspectedFrames":4096,"nonSilentFrames":960,"maxAbs":0.082000732421875}}}
[e5-t26f] {"phase":"focus:terminal-2:second-settle","event":"done","timestamp":"2026-09-08T04:28:41.924Z","elapsedMs":777188}
[e5-t26f] {"phase":"focus:terminal-2","event":"done","timestamp":"2026-09-08T04:28:41.927Z","elapsedMs":777191}
[e5-t26f] {"phase":"cursor:initial-render","event":"start","timestamp":"2026-09-08T04:28:41.927Z","elapsedMs":777191}
[e5-t26f] {"phase":"cursor:initial-render","event":"done","timestamp":"2026-09-08T04:28:42.937Z","elapsedMs":778201}
[e5-t26f] {"phase":"snapshot:normal","event":"start","timestamp":"2026-09-08T04:28:42.937Z","elapsedMs":778201}
[e5-t26f] {"phase":"snapshot:normal","event":"done","timestamp":"2026-09-08T04:28:50.968Z","elapsedMs":786232}
[e5-t26f] {"phase":"diagnostic:checkpoint-seal","event":"start","timestamp":"2026-09-08T04:28:50.969Z","elapsedMs":786233}
[e5-t26f] {"timestamp":"2026-09-08T04:28:50.982Z","phase":"snapshot:normal","event":"sample","probeMs":5397,"ready":"ready","restored":null,"status":"desktop ready: launcher available","serialTail":"hcpc: no lease, forking to background\r\n [ ok ]\r\n * Starting wasm-vm file transfer agent ... [ ok ]\r\n * Starting wasm-vm virtio agent ... [ ok ]\r\n\r\r\nWelcome to Alpine Linux 3.20\r\n\rKernel 6.6.63 on an riscv64 (/dev/ttyS0)\r\n\r\r\n\rwasm-vm login: ","frameCount":161,"pointerFrames":40,"keyboardFrames":556,"launch":{"label":"e5-t26f-terminal-2","marker":null,"accepted":true,"terminalRendered":true,"terminalMarkerSeen":null,"visualDiffPixels":297938,"guestVisible":null,"pointerFrames":3,"keyboardFrames":null},"command":{"label":null,"marker":"e5t26f-aplay-ok","accepted":true,"terminalRendered":null,"terminalMarkerSeen":true,"visualDiffPixels":7591,"guestVisible":null,"pointerFrames":null,"keyboardFrames":454},"focus":{"label":"terminal-2","marker":null,"accepted":true,"terminalRendered":null,"terminalMarkerSeen":null,"visualDiffPixels":null,"guestVisible":null,"pointerFrames":6,"keyboardFrames":null},"agent":{"state":"ready","transportGeneration":2,"bytesReceived":54,"bytesSent":36,"pendingBytes":0},"presentation":{"successfulPresents":161,"scheduler":null},"audio":{"policy":"unlocked","context":"running","renderedFrames":28058368,"pcm":{"available":true,"writeIndex":1440,"readIndex":1440,"fillFrames":0,"capacityFrames":4096,"writtenFrames":4096,"inspectedFrames":4096,"nonSilentFrames":960,"maxAbs":0.082000732421875}}}
[e5-t26f] {"phase":"diagnostic:checkpoint-seal","event":"done","timestamp":"2026-09-08T04:28:51.394Z","elapsedMs":786658}
{
  "schema": "wasm-vm.e5-t26f.diagnostic-iteration.v1",
  "acceptance": false,
  "milestones": {
    "run": {
      "kind": "diagnostic-iteration",
      "acceptance": false,
      "diagnostic": {
        "mode": "create",
        "directory": "/var/folders/nr/cyvk1qc14jj5c081vj1xts000000gn/T/e5-t26f-residency-L5pPJH",
        "port": 61629,
        "origin": "http://127.0.0.1:61629",
        "command": null,
        "keyDelayMs": 0,
        "latency": false,
        "cpu": false,
        "guestClock": null,
        "jit": null,
        "residency": null
      },
      "postRestoreCommand": "sh /tmp/a",
      "postRestoreKeyDelayMs": 0,
      "binding": {
        "head": "de9c9feae6e20dd906145fb5fab3913666b18f8a",
        "runtimeSha256": "45ce3b925c590fab34b8fd8af85f0bb2ffbec585df2e2586c668869fe4ebca6b",
        "kernelSha256": "af7c4e471ed4dabdbe5a2717d81cc034b511d2b0f7706de66ad9e84e078c7cce",
        "imageSha256": "5530d6585776cf61fcedb98f7a2e75b4293d5f805809e5107cc181fa5dc62550",
        "imageBytes": 1073741824,
        "manifestSha256": "b6257e6c0e6789dee28a4f0a7eae1089193fcec545d467d8a70d245226bb9592",
        "origin": "http://127.0.0.1:61629"
      },
      "profile": "/var/folders/nr/cyvk1qc14jj5c081vj1xts000000gn/T/e5-t26f-residency-L5pPJH/checkpoint-profile",
      "checkpointFile": "/var/folders/nr/cyvk1qc14jj5c081vj1xts000000gn/T/e5-t26f-residency-L5pPJH/normal-checkpoint.json",
      "creatorHead": "de9c9feae6e20dd906145fb5fab3913666b18f8a",
      "currentHead": "de9c9feae6e20dd906145fb5fab3913666b18f8a",
      "profileSha256": "f6a145f7c15572d77968a5af5a477f7b4231b98fc222922c5d740e1bf40c4c78"
    },
    "initialReadiness": {
      "completedAt": "2026-09-08T04:23:31.856Z"
    },
    "shellProbe": {
      "command": "true; printf '\\033[42;30me5t26f-shell-ok\\033[0m\\n'",
      "marker": "e5t26f-shell-ok",
      "beforeFrame": 39,
      "keyboardStart": 0,
      "domEventStart": 0,
      "visualDiffPixels": 2432,
      "terminalMarkerSeen": true,
      "greenPixelsBefore": 1,
      "redPixelsBefore": 0,
      "visualChange": true,
      "afterFrame": 59,
      "redMarkerSeen": false,
      "keyboardFrames": 102,
      "domEvents": 102,
      "inputSequenceMatch": true,
      "inputTraceSha256": null,
      "accepted": true
    },
    "agentProbe": {
      "state": "ready",
      "negotiatedVersion": 1,
      "transportGeneration": 2,
      "bytesReceived": 54,
      "bytesSent": 36,
      "pendingBytes": 0
    },
    "initialAplay": {
      "command": "yes \"$(printf '\\001\\000\\377\\177')\"|head -c3840 >/tmp/p;printf 'aplay -Dhw:0,0 --period-size=480 --buffer-size=960 -f S16_LE -t raw -r48000 -c2 /tmp/p&&printf \"\\033[42me5t26f-aplay\\033[0m\\n\"' >/tmp/a;sh /tmp/a",
      "marker": "e5t26f-aplay-ok",
      "beforeFrame": 59,
      "keyboardStart": 102,
      "domEventStart": 102,
      "visualDiffPixels": 7591,
      "terminalMarkerSeen": true,
      "greenPixelsBefore": 128,
      "redPixelsBefore": 0,
      "visualChange": true,
      "afterFrame": 144,
      "redMarkerSeen": false,
      "keyboardFrames": 454,
      "domEvents": 454,
      "inputSequenceMatch": true,
      "inputTraceSha256": null,
      "accepted": true
    },
    "initialAudio": {
      "before": {
        "available": true,
        "writeIndex": 0,
        "readIndex": 0,
        "fillFrames": 0,
        "capacityFrames": 4096,
        "writtenFrames": 4096,
        "inspectedFrames": 4096,
        "nonSilentFrames": 0,
        "maxAbs": 0
      },
      "after": {
        "available": true,
        "writeIndex": 1440,
        "readIndex": 1440,
        "fillFrames": 0,
        "capacityFrames": 4096,
        "writtenFrames": 1440,
        "inspectedFrames": 1440,
        "nonSilentFrames": 960,
        "maxAbs": 0.082000732421875
      },
      "outputAttached": true,
      "observedAt": 638544.5049999952
    },
    "twoWindows": {
      "completedAt": "2026-09-08T04:28:41.927Z"
    },
    "initialCursor": {
      "frame": {
        "atMs": 776480,
        "sequence": 40,
        "device": "tablet",
        "mode": "absolute",
        "events": [
          {
            "eventType": 3,
            "code": 0,
            "value": 18431
          },
          {
            "eventType": 3,
            "code": 1,
            "value": 17612
          }
        ],
        "sync": 0,
        "source": "pointermove",
        "coordinates": {
          "x": 18431,
          "y": 17612
        }
      },
      "rendered": {
        "x": 720,
        "y": 430,
        "hotX": 1,
        "hotY": 1,
        "matchedPixels": 94
      }
    },
    "normalSnapshot": {
      "sha256": "e2186e00eb85fb4b82dc6edc7780fef02590ffd666c6ae68b90176d4726ecdf7",
      "byteLength": 2637722,
      "preFrontBufferCrc": "09c5c407",
      "machineResume": {
        "persisted": true,
        "paused": true,
        "preFrontBufferCrc": "09c5c407",
        "overlayGeneration": 621
      }
    }
  },
  "errors": {
    "browser": [],
    "http": []
  }
}
