✔ prewarm sync proof rejects cross-TTY marker evidence (0.510208ms)
✔ prewarm clear proof requires a new real frame and focused Foot (0.110875ms)
✔ post-marker presentation helper rejects typing frames (103.018ms)
✔ candidate mode is explicitly local-only and hash-bound (1.345958ms)
✔ renderer proof binds current Hyprland PID and instance before physical input (0.167209ms)
✔ LP0 is configuration-only evidence and is checked before physical input (0.093458ms)
✔ actual built recording covers served resources and pre-send RPCs, even timed-out ones (0.124792ms)
✔ renderer log parser accepts the real DEBUG suffix labels (0.501834ms)
✔ renderer log parser rejects wrong, missing, ambiguous, and misleading records (0.646083ms)
✔ nonce readback caps every guest RPC by the remaining 120-second deadline (0.144709ms)
✔ unlogged baseline worker evidence is explicitly weaker than a GL label (0.229792ms)
✔ harness-only cold local HTTP selftest serves kernel/chunks and refuses snapshot routes without a browser (185.465625ms)
✔ harness-only actual cold orchestration inspects storage before app and returns after pair without input (2.69425ms)
✔ harness-only capture selects exact overlay when both overlay and snapshot databases exist (1.211625ms)
✔ harness-only cold progress TimeoutError is recorded before startup continues to mandatory desktop capture (0.301125ms)
✔ harness-only progress catch propagates non-Playwright errors and verify-mode timeouts (0.264458ms)
✔ harness-only final desktop TimeoutError remains fatal after a tolerated progress timeout (0.079333ms)
✔ harness-only screenshot helper forwards the supplied timeout and keeps the 20-second default (0.136792ms)
✔ trial is local, explicit, fixed-budget and does not accept renderer/timeout tuning (1.662292ms)
✔ residency URLs differ only in the fixed module cap with recycling disabled (0.529416ms)
✔ residency checks the actual selected cap and rejects recycling or policy drift (0.462958ms)
✔ pair driver rejects unknown experiments before starting any arm (3.265709ms)
✔ arm URLs have exactly one policy difference and forbid inherited query tuning (0.284209ms)
✔ all four R3 source bindings and image layout must match (0.314167ms)
✔ actual runtime must match the selected arm with observer/timing off (1.978958ms)
✔ deadline accounts for queue delay and rejects late completion without starting expired work (5.560916ms)
✔ real recorder retains physical-only writing, fixed deadlines, fresh presentation and owned shutdown (1.103375ms)
✔ actual warm capture exports every exact-seed block while paused and binds both headers (79.411709ms)
✔ actual warm capture rejects a running guest, foreign overlay seed and stale restore decision (144.391583ms)
✔ fixed opaque rule requires all real properties and consumes the existing startup deadline (2.00025ms)
✔ an expired or late configuration cannot restart the original clock (0.446167ms)
✔ property audit binds to the wire and rejects missing, forged, duplicate, late and pre-configuration input (2.902042ms)
✔ actual original resource and frame dimensions are required, regardless of canvas size (0.114ms)
✔ retained real negative input recording passes reusable audit; missing sync or fabricated success fails (35.049334ms)
OMARCHY_OPAQUE_PREPARATION {"at":"2026-09-16T04:23:53.584Z","brightPixels":100,"brightColors":20,"nonblank":true,"frames":4}
✔ opaque preparation uses confirmed window, post-query fresh native pixels and separate bounded export (5.219667ms)
OMARCHY_OPAQUE_PREPARATION {"at":"2026-09-16T04:23:53.645Z","brightPixels":0,"brightColors":0,"nonblank":false,"frames":5}
✔ wrong properties/window, stale image, blank terminal and failed export cannot make a prepared pair (127.411125ms)
✔ native terminal ROI rejects bar-only pixels, wrong geometry and expired startup (3.477709ms)
✔ preparation supplies a fixed extra read command to the wire audit; report text cannot authorize it (0.709958ms)
✔ owned watchdog caps setup and navigation once, and normal close cancels timers (0.7915ms)
✔ offline preparation is separately bounded and cannot extend a physical-input watchdog (1.231584ms)
✔ post-verdict capture has one fixed extra allowance and messages cannot rearm it (0.116042ms)
✔ stalled owned browser/recorder is killed and missing close settles as unconfirmed (0.134209ms)
✔ already exited browser is not killed; watchdog intervention never looks like a normal pass (0.117541ms)
✔ future/invalid navigation cannot extend setup (0.068833ms)
✔ recorder exit cannot orphan its browser or kill an already-exited recorder group (0.110917ms)
✔ exit before stdio close never sends a later watchdog signal to the exited recorder (0.088625ms)
✔ synthetic actual input-trial reaches physical keys without mapped-client/active-window RPCs (17.423833ms)
✔ synthetic actual opaque branch verifies properties before keys and fences after Enter (14.795458ms)
✔ synthetic capture and verify retain actual mapped-Foot and active-window checks before keys (4.57375ms)
✔ synthetic missing application readiness or lost canvas focus forbids any key (1.231166ms)
✔ synthetic actual nonce reader rejects mismatched bytes in a successful RPC response (14.073083ms)
✔ synthetic late typing/readback and stale presentation cannot publish success (51.127792ms)
✔ synthetic timing observation uses same-page actual recorded event fields, not probe completion (12.364667ms)
ℹ tests 53
ℹ suites 0
ℹ pass 53
ℹ fail 0
ℹ cancelled 0
ℹ skipped 0
ℹ todo 0
ℹ duration_ms 5113.553042
