[alpine-cold-boot 2026-09-01T18:28:33.582Z] navigating http://localhost:8123/?guest=alpine&noSnapshot&persist=0&profile=1#ide
[alpine-cold-boot 2026-09-01T18:28:33.699Z] guest-console tap armed; autoboot (guest=alpine) proceeds — cold chunked Alpine boot
[alpine-cold-boot 2026-09-01T18:28:33.700Z] waiting for "Linux version" — console 0 bytes, t+0.0 min
[alpine-cold-boot 2026-09-01T18:28:38.704Z] saw "Linux version" at 5.1s (console 8416 bytes)
[alpine-cold-boot 2026-09-01T18:28:38.704Z] waiting for "OpenRC" — console 8416 bytes, t+0.1 min
[alpine-cold-boot 2026-09-01T18:28:43.707Z] waiting for "OpenRC" — console 10791 bytes, t+0.2 min
[alpine-cold-boot 2026-09-01T18:28:48.709Z] waiting for "OpenRC" — console 11146 bytes, t+0.3 min
[alpine-cold-boot 2026-09-01T18:29:03.713Z] saw "OpenRC" at 30.1s (console 11254 bytes)
[alpine-cold-boot 2026-09-01T18:29:03.714Z] waiting for "login:" — console 11254 bytes, t+0.5 min
[alpine-cold-boot 2026-09-01T18:29:08.716Z] waiting for "login:" — console 11365 bytes, t+0.6 min
[alpine-cold-boot 2026-09-01T18:29:33.731Z] waiting for "login:" — console 11443 bytes, t+1.0 min
[alpine-cold-boot 2026-09-01T18:29:38.732Z] waiting for "login:" — console 11554 bytes, t+1.1 min
[alpine-cold-boot 2026-09-01T18:29:48.736Z] waiting for "login:" — console 11668 bytes, t+1.3 min
[alpine-cold-boot 2026-09-01T18:29:53.738Z] waiting for "login:" — console 11835 bytes, t+1.3 min
[alpine-cold-boot 2026-09-01T18:30:38.754Z] waiting for "login:" — console 11844 bytes, t+2.1 min
[alpine-cold-boot 2026-09-01T18:30:43.756Z] waiting for "login:" — console 11875 bytes, t+2.2 min
[alpine-cold-boot 2026-09-01T18:31:38.777Z] waiting for "login:" — console 11884 bytes, t+3.1 min
[alpine-cold-boot 2026-09-01T18:31:43.779Z] waiting for "login:" — console 12073 bytes, t+3.2 min
[alpine-cold-boot 2026-09-01T18:31:48.781Z] waiting for "login:" — console 12240 bytes, t+3.3 min
[alpine-cold-boot 2026-09-01T18:31:53.782Z] waiting for "login:" — console 12283 bytes, t+3.3 min
[alpine-cold-boot 2026-09-01T18:31:58.785Z] waiting for "login:" — console 12321 bytes, t+3.4 min
[alpine-cold-boot 2026-09-01T18:32:03.787Z] waiting for "login:" — console 12360 bytes, t+3.5 min
[alpine-cold-boot 2026-09-01T18:32:08.788Z] waiting for "login:" — console 12402 bytes, t+3.6 min
[alpine-cold-boot 2026-09-01T18:32:13.790Z] waiting for "login:" — console 12450 bytes, t+3.7 min
[alpine-cold-boot 2026-09-01T18:32:18.792Z] waiting for "login:" — console 12532 bytes, t+3.8 min
[alpine-cold-boot 2026-09-01T18:32:23.793Z] waiting for "login:" — console 12564 bytes, t+3.8 min
[alpine-cold-boot 2026-09-01T18:32:28.794Z] waiting for "login:" — console 12664 bytes, t+3.9 min
[alpine-cold-boot 2026-09-01T18:32:33.796Z] waiting for "login:" — console 12703 bytes, t+4.0 min
[alpine-cold-boot 2026-09-01T18:32:43.799Z] waiting for "login:" — console 12740 bytes, t+4.2 min
[alpine-cold-boot 2026-09-01T18:32:48.801Z] waiting for "login:" — console 12762 bytes, t+4.3 min
[alpine-cold-boot 2026-09-01T18:32:53.804Z] waiting for "login:" — console 12948 bytes, t+4.3 min
[alpine-cold-boot 2026-09-01T18:32:58.806Z] waiting for "login:" — console 12957 bytes, t+4.4 min
[alpine-cold-boot 2026-09-01T18:33:03.808Z] waiting for "login:" — console 13000 bytes, t+4.5 min
[alpine-cold-boot 2026-09-01T18:33:08.810Z] saw "login:" at 275.2s (console 13104 bytes)
[alpine-cold-boot 2026-09-01T18:33:08.810Z] BOOT REACHED login: in 4.59 min (275228 ms), 178 lazy chunk fetches
[alpine-cold-boot 2026-09-01T18:33:08.924Z] waiting for "~#" — console 13104 bytes, t+4.6 min
[alpine-cold-boot 2026-09-01T18:33:13.927Z] saw "~#" at 280.3s (console 13744 bytes)
[alpine-cold-boot 2026-09-01T18:33:13.928Z] waiting for "COLD_BOOT_42_OK" — console 13744 bytes, t+4.7 min
[alpine-cold-boot 2026-09-01T18:33:18.930Z] saw "COLD_BOOT_42_OK" at 285.3s (console 13873 bytes)
[alpine-cold-boot 2026-09-01T18:33:18.930Z] saw "riscv64" at 285.3s (console 13873 bytes)
[alpine-cold-boot 2026-09-01T18:33:19.174Z] profile via __linuxCtl.profileStats() (worker-mode proxy of getProfile): 652550 samples, 10 regions
[alpine-cold-boot 2026-09-01T18:33:19.175Z] console errors: 0
[alpine-cold-boot 2026-09-01T18:33:19.175Z] DONE — evidence written to evidence/e4-t01/browser-alpine-boot-2026-09-01/terminal-screenshot-run
