captured_stage=0 bytes=256 accepted=true
captured_stage=1 bytes=261 accepted=true
negative=reversed-temp-range rejected recovery=2
negative=oversized-temp-range rejected recovery=2
negative=negative-temp-range rejected recovery=2
negative=overflow-temp-range rejected recovery=2
negative=long-temp-range rejected recovery=2
negative=missing-temp-range-end rejected recovery=2
negative=bad-temp-range-separator rejected recovery=2
negative=nested-temp-range rejected recovery=2
negative=overlapping-temp-ranges rejected recovery=2
negative=range-overlaps-prior-scalar rejected recovery=2
negative=scalar-overlaps-prior-range rejected recovery=2
negative=duplicate-temp-range rejected recovery=2
negative=const-range-remains-rejected rejected recovery=2
negative=input-range-remains-rejected rejected recovery=2
negative=output-range-remains-rejected rejected recovery=2
negative=address-register-remains-rejected rejected recovery=2
negative=sampler-range-remains-rejected rejected recovery=2
negative=view-range-remains-rejected rejected recovery=2
negative=generic-declaration-mask-x rejected recovery=2
negative=generic-declaration-mask-y rejected recovery=2
negative=generic-declaration-mask-z rejected recovery=2
negative=generic-declaration-mask-w rejected recovery=2
negative=generic-declaration-mask-xyz rejected recovery=2
negative=generic-declaration-mask-xyzw rejected recovery=2
negative=generic-declaration-mask-yx rejected recovery=2
negative=generic-declaration-mask-xyy rejected recovery=2
negative=attribute-mask rejected recovery=2
negative=position-mask rejected recovery=2
negative=temporary-mask rejected recovery=2
negative=constant-mask rejected recovery=2
negative=color-mask rejected recovery=2
negative=sampler-mask rejected recovery=2
negative=view-mask rejected recovery=2
negative=partial-temp-write-xy rejected recovery=2
negative=partial-temp-write-z rejected recovery=2
negative=partial-temp-write-w rejected recovery=2
negative=partial-temp-write-xyzw rejected recovery=2
negative=unsupported-output-mask-x rejected recovery=2
negative=unsupported-output-mask-y rejected recovery=2
negative=unsupported-output-mask-zw rejected recovery=2
negative=unsupported-output-mask-xyz rejected recovery=2
negative=unsupported-output-mask-xyzw rejected recovery=2
negative=unsupported-output-mask-xx rejected recovery=2
negative=unsupported-output-mask-yx rejected recovery=2
negative=masked-add-output rejected recovery=2
negative=masked-mul-output rejected recovery=2
negative=masked-mad-output rejected recovery=2
negative=masked-tex-output rejected recovery=2
negative=read-unwritten-range-first rejected recovery=2
negative=read-unwritten-range-last rejected recovery=2
negative=write-undeclared-output-component rejected recovery=2
negative=missing-position-w rejected recovery=2
negative=missing-position-z rejected recovery=2
negative=missing-position-xy rejected recovery=2
negative=missing-generic-xy rejected recovery=2
negative=missing-full-generic-w rejected recovery=2
negative=missing-color-w rejected recovery=2
negative=implicit-undeclared-generic-components rejected recovery=2
negative=swizzled-undeclared-generic-z rejected recovery=2
negative=swizzled-undeclared-generic-w rejected recovery=2
negative=unused-swizzle-lane-remains-bounded rejected recovery=2
negative=malformed-swizzle-x rejected recovery=2
negative=malformed-swizzle-xy rejected recovery=2
negative=malformed-swizzle-xyz rejected recovery=2
negative=malformed-swizzle-xyzwx rejected recovery=2
negative=malformed-swizzle-qxyz rejected recovery=2
negative=malformed-swizzle-rgba rejected recovery=2
negative=malformed-swizzle-XYZW rejected recovery=2
negative=malformed-swizzle-empty rejected recovery=2
negative=swizzled-sampler rejected recovery=2
negative=uint32-overflow rejected recovery=2
negative=uint32-long rejected recovery=2
negative=uint32-long-leading-zeroes rejected recovery=2
negative=uint32-negative rejected recovery=2
negative=uint32-plus-sign rejected recovery=2
negative=uint32-hex rejected recovery=2
negative=uint32-exponent rejected recovery=2
negative=uint32-decimal-point rejected recovery=2
negative=uint32-text-nan rejected recovery=2
negative=uint32-qnan rejected recovery=2
negative=uint32-negative-qnan rejected recovery=2
negative=uint32-infinity rejected recovery=2
negative=uint32-negative-infinity rejected recovery=2
negative=uint32-subnormal-min rejected recovery=2
negative=uint32-subnormal-max rejected recovery=2
negative=uint32-negative-subnormal-min rejected recovery=2
negative=uint32-negative-subnormal-max rejected recovery=2
negative=uint32-above-float-limit rejected recovery=2
negative=uint32-below-negative-float-limit rejected recovery=2
negative=uint32-max-finite rejected recovery=2
negative=uint32-too-few-lanes rejected recovery=2
negative=uint32-too-many-lanes rejected recovery=2
negative=signed-integer-immediate rejected recovery=2
negative=property-zero rejected recovery=2
negative=property-two rejected recovery=2
negative=property-negative rejected recovery=2
negative=property-overflow rejected recovery=2
negative=property-leading-zero rejected recovery=2
negative=property-missing rejected recovery=2
negative=property-trailing rejected recovery=2
negative=property-equals rejected recovery=2
negative=duplicate-fragment-property rejected recovery=2
negative=vertex-fragment-property rejected recovery=2
negative=property-after-instruction rejected recovery=2
negative=unknown-property rejected recovery=2
negative=interpolation-linear rejected recovery=2
negative=interpolation-constant rejected recovery=2
negative=precise-remains-rejected rejected recovery=2
negative=loop-remains-rejected rejected recovery=2
negative=integer-opcode-remains-rejected rejected recovery=2
negative=indirect-source-remains-rejected rejected recovery=2
negative=key-override-remains-rejected rejected recovery=2
positive=temp-ranges count=36 singleton-and-endpoint-use=true
positive=source-swizzles count=256
positive=uint32-float-boundaries count=8
positive=component-masks count=2
truncations=517 complete_end_prefixes_accepted=2 recovery=1034
seed=18a9e24d captured_mutations=2048 recovery=4096 passed
seed=4c907fb3 captured_mutations=2048 recovery=4096 passed
seed=c31e7d82 captured_mutations=2048 recovery=4096 passed
seed=9b4260a5 captured_mutations=2048 recovery=4096 passed
mutations_accepted=4 mutations_rejected=8188
PASS calls=27371 positive_boundaries=302 negative_boundaries=112 exact_captured_recoveries=18246 sanitizer_suite=true
