
[?2004l]3008;end=68be82b3-b979-4170-9609-2a8273f0393b;exit=success\
__WVEND_mu3uq7jf0_0
]3008;end=be95f6f7-6648-436d-8d34-22b9231390b8;exit=success\]3008;start=f3d5acc2-ac06-4c6e-9ba5-6583adc47fcc;machineid=5abb4fe4a18644f197581438bd6ee2c7;user=omarchy;hostname=omarchy-demo;bootid=450d9a5f-1fc8-440a-9d2a-21bff69195d1;pid=00000000000000000174;type=shell;cwd=/home/omarchy\[?2004h[omarchy@omarchy-demo ~]$ 
__WVEND_mu3uqsof1_0
]3008;end=0f2f1a48-e1ba-40a5-ae42-e3a419f7a411;exit=success\
]3008;end=f71ed2aa-af98-46ac-9496-1bdceb732b15;exit=success\
__WVEND_mu3urcec3_75
]3008;end=e687ed50-7f43-4042-85cf-2842c710db5b;exit=success\
__WVEND_mu3urhe34_75
]3008;end=387455b5-235e-4473-8733-33ebde6fd433;exit=success\
__WVEND_mu3urnx75_75
]3008;end=33c49fb9-b50b-4cb5-8a36-273cf3425f01;exit=success\
__WVEND_mu3urtcm6_75
]3008;end=e5da8a87-0a5a-4f57-a10d-6358e196824c;exit=success\
__WVEND_mu3ury117_75
]3008;end=043db5a4-d658-46fe-8c73-6d01e37a4587;exit=success\
__WVEND_mu3usa3f8_75
]3008;end=fe87cca8-a497-4770-ac6f-955f019f58d9;exit=success\
__WVEND_mu3usneo9_75
]3008;end=9c66e076-1b67-4194-a20d-41b8381e5b48;exit=success\
__WVEND_mu3ut0ru10_75
]3008;end=a54f27c8-b4ce-4c39-82b3-135ccc9ef466;exit=success\
__WVEND_mu3uthtz11_75
]3008;end=c2f91de9-7720-4439-91ed-c2f230391159;exit=success\
__WVEND_mu3utqvy12_75
]3008;end=6a9113d4-9473-44d0-b49f-9addf7c87c8c;exit=success\]3008;start=f3d5acc2-ac06-4c6e-9ba5-6583adc47fcc;machineid=5abb4fe4a18644f197581438bd6ee2c7;user=omarchy;hostname=omarchy-demo;bootid=450d9a5f-1fc8-440a-9d2a-21bff69195d1;pid=00000000000000000174;type=shell;cwd=/home/omarchy\[?2004h[omarchy@omarchy-demo ~]$ 