✔ prewarm sync proof rejects cross-TTY marker evidence (3.413709ms)
✔ prewarm clear proof requires a new real frame and focused Foot (0.797542ms)
✔ post-marker presentation helper rejects typing frames (650.926291ms)
✔ candidate mode is explicitly local-only and hash-bound (8.030417ms)
✔ renderer proof binds current Hyprland PID and instance before physical input (1.008375ms)
✔ LP0 is configuration-only evidence and is checked before physical input (0.565417ms)
✔ actual built recording covers served resources and pre-send RPCs, even timed-out ones (0.720917ms)
✔ renderer log parser accepts the real DEBUG suffix labels (3.349083ms)
✔ renderer log parser rejects wrong, missing, ambiguous, and misleading records (4.542875ms)
✔ nonce readback caps every guest RPC by the remaining 120-second deadline (1.04175ms)
✔ unlogged baseline worker evidence is explicitly weaker than a GL label (2.478458ms)
✔ harness-only cold local HTTP selftest serves kernel/chunks and refuses snapshot routes without a browser (1126.201333ms)
✔ harness-only actual cold orchestration inspects storage before app and returns after pair without input (17.357709ms)
✔ harness-only capture selects exact overlay when both overlay and snapshot databases exist (8.519917ms)
✔ harness-only cold progress TimeoutError is recorded before startup continues to mandatory desktop capture (1.977834ms)
✔ harness-only progress catch propagates non-Playwright errors and verify-mode timeouts (1.722916ms)
✔ harness-only final desktop TimeoutError remains fatal after a tolerated progress timeout (0.93ms)
✔ harness-only screenshot helper forwards the supplied timeout and keeps the 20-second default (1.28825ms)
✔ trial is local, explicit, fixed-budget and does not accept renderer/timeout tuning (10.388ms)
✔ residency URLs differ only in the fixed module cap with recycling disabled (3.222959ms)
✔ residency checks the actual selected cap and rejects recycling or policy drift (3.803833ms)
✔ pair driver rejects unknown experiments before starting any arm (19.981959ms)
✔ arm URLs have exactly one policy difference and forbid inherited query tuning (1.735834ms)
✔ all four R3 source bindings and image layout must match (1.932917ms)
✔ actual runtime must match the selected arm with observer/timing off (12.375375ms)
✔ deadline accounts for queue delay and rejects late completion without starting expired work (10.762167ms)
✔ real recorder retains physical-only writing, fixed deadlines, fresh presentation and owned shutdown (6.424375ms)
✔ fixed opaque rule requires all real properties and consumes the existing startup deadline (12.885042ms)
✔ an expired or late configuration cannot restart the original clock (3.275958ms)
✔ property audit binds to the wire and rejects missing, forged, duplicate, late and pre-configuration input (20.691208ms)
✔ actual original resource and frame dimensions are required, regardless of canvas size (0.830166ms)
✔ retained real negative input recording passes reusable audit; missing sync or fabricated success fails (147.268541ms)
✔ owned watchdog caps setup and navigation once, and normal close cancels timers (4.965458ms)
✔ offline preparation is separately bounded and cannot extend a physical-input watchdog (6.767083ms)
✔ post-verdict capture has one fixed extra allowance and messages cannot rearm it (0.616459ms)
✔ stalled owned browser/recorder is killed and missing close settles as unconfirmed (0.556292ms)
✔ already exited browser is not killed; watchdog intervention never looks like a normal pass (0.599375ms)
✔ future/invalid navigation cannot extend setup (0.371416ms)
✔ recorder exit cannot orphan its browser or kill an already-exited recorder group (0.6275ms)
✔ exit before stdio close never sends a later watchdog signal to the exited recorder (0.463834ms)
✔ synthetic actual input-trial reaches physical keys without mapped-client/active-window RPCs (107.22375ms)
✔ synthetic actual opaque branch verifies properties before keys and fences after Enter (103.42325ms)
✔ synthetic capture and verify retain actual mapped-Foot and active-window checks before keys (25.89525ms)
✔ synthetic missing application readiness or lost canvas focus forbids any key (8.874833ms)
✔ synthetic actual nonce reader rejects mismatched bytes in a successful RPC response (85.585166ms)
✔ synthetic late typing/readback and stale presentation cannot publish success (178.558709ms)
✔ synthetic timing observation uses same-page actual recorded event fields, not probe completion (78.832375ms)
ℹ tests 47
ℹ suites 0
ℹ pass 47
ℹ fail 0
ℹ cancelled 0
ℹ skipped 0
ℹ todo 0
ℹ duration_ms 2509.623042
