✔ fixed opaque rule requires all real properties and consumes the existing startup deadline (2.073542ms)
✔ an expired or late configuration cannot restart the original clock (0.45225ms)
✔ property audit binds to the wire and rejects missing, forged, duplicate, late and pre-configuration input (3.198208ms)
✔ actual original resource and frame dimensions are required, regardless of canvas size (0.117167ms)
✔ retained real negative input recording passes reusable audit; missing sync or fabricated success fails (34.22425ms)
✔ synthetic actual input-trial reaches physical keys without mapped-client/active-window RPCs (16.503375ms)
✔ synthetic actual opaque branch verifies properties before keys and fences after Enter (15.540625ms)
✔ synthetic capture and verify retain actual mapped-Foot and active-window checks before keys (4.322167ms)
✔ synthetic missing application readiness or lost canvas focus forbids any key (1.334625ms)
✔ synthetic actual nonce reader rejects mismatched bytes in a successful RPC response (13.822208ms)
✔ synthetic late typing/readback and stale presentation cannot publish success (50.86125ms)
✔ synthetic timing observation uses same-page actual recorded event fields, not probe completion (12.010958ms)
ℹ tests 12
ℹ suites 0
ℹ pass 12
ℹ fail 0
ℹ cancelled 0
ℹ skipped 0
ℹ todo 0
ℹ duration_ms 154.137083
