{"label":"wasm","command":["wasm-pack","test","--node","crates/wasm","--test","decoded_cache_capacity","--test","icount_divider","--test","guest_clock"],"cwd":"/private/tmp/e5-t26k-verifier-SrjasM/repo","startedAt":"2026-09-08T12:00:29.896Z","log":"pristine-wasm.log"}
[INFO]: 🎯  Checking for the Wasm target...
   Compiling unicode-ident v1.0.24
   Compiling once_cell v1.21.4
   Compiling pin-project-lite v0.2.17
   Compiling futures-task v0.3.32
   Compiling futures-core v0.3.32
   Compiling slab v0.4.12
   Compiling serde_core v1.0.228
   Compiling byteorder v1.5.0
   Compiling zmij v1.0.21
   Compiling itoa v1.0.18
   Compiling memchr v2.8.2
   Compiling libm v0.2.16
   Compiling stable_deref_trait v1.2.1
   Compiling autocfg v1.5.1
   Compiling tinyvec_macros v0.1.1
   Compiling wasm-vm-core v0.0.1 (/private/tmp/e5-t26k-verifier-SrjasM/repo/crates/core)
   Compiling wasm-bindgen-shared v0.2.126
   Compiling tinyvec v1.12.0
   Compiling managed v0.8.0
   Compiling bitflags v1.3.2
   Compiling wasm-vm-wasm-emit v0.0.1 (/private/tmp/e5-t26k-verifier-SrjasM/repo/crates/wasm-emit)
   Compiling hash32 v0.3.1
   Compiling async-trait v0.1.89
   Compiling futures-util v0.3.32
   Compiling wasm-bindgen-test-macro v0.3.76
   Compiling nu-ansi-term v0.50.3
   Compiling wasm-bindgen v0.2.126
   Compiling heapless v0.9.3
   Compiling wasm-bindgen-test-shared v0.2.126
   Compiling unicode-normalization v0.1.25
   Compiling cast v0.3.0
   Compiling oorandom v11.1.5
   Compiling num-traits v0.2.19
   Compiling smoltcp v0.13.1
   Compiling console_error_panic_hook v0.1.7
   Compiling js-sys v0.3.103
   Compiling serde_json v1.0.150
   Compiling serde v1.0.228
   Compiling wasm-vm-storage v0.0.1 (/private/tmp/e5-t26k-verifier-SrjasM/repo/crates/storage)
   Compiling wasm-vm-slirp v0.0.0 (/private/tmp/e5-t26k-verifier-SrjasM/repo/crates/slirp)
   Compiling wasm-vm-jit-translate v0.0.1 (/private/tmp/e5-t26k-verifier-SrjasM/repo/crates/jit-translate)
   Compiling wasm-bindgen-futures v0.4.76
   Compiling web-sys v0.3.103
   Compiling getrandom v0.2.17
   Compiling wasm-bindgen-test v0.3.76
   Compiling console_log v1.0.0
   Compiling wasm-vm-wasm v0.0.1 (/private/tmp/e5-t26k-verifier-SrjasM/repo/crates/wasm)
warning: unused import: `Exception`
 --> crates/wasm/tests/hart_ctrl.rs:8:26
  |
8 | use wasm_vm_core::hart::{Exception, Hart};
  |                          ^^^^^^^^^
  |
  = note: `#[warn(unused_imports)]` (part of `#[warn(unused)]`) on by default

warning: `wasm-vm-wasm` (test "hart_ctrl") generated 1 warning (run `cargo fix --test "hart_ctrl" -p wasm-vm-wasm` to apply 1 suggestion)
    Finished `dev` profile [unoptimized + debuginfo] target(s) in 10.76s
[INFO]: ⬇️  Installing wasm-bindgen...
    Finished `test` profile [unoptimized + debuginfo] target(s) in 0.05s
     Running tests/decoded_cache_capacity.rs (/private/tmp/e5-t26k-verifier-SrjasM/target/wasm32-unknown-unknown/debug/deps/decoded_cache_capacity-37f0fa3b359e1120.wasm)
running 3 tests
test whole_machine_restore_retains_selected_host_capacity_and_flushes_real_compiled_state ... ok
test strict_numeric_boundary_rejects_before_any_architectural_or_live_cache_mutation ... ok
test resize_clears_real_compiled_and_discovery_state_preserving_guest_bytes_and_policy ... ok

test result: ok. 3 passed; 0 failed; 0 ignored; 0 filtered out; finished in 3.19s

     Running tests/guest_clock.rs (/private/tmp/e5-t26k-verifier-SrjasM/target/wasm32-unknown-unknown/debug/deps/guest_clock-ac70823acdca127f.wasm)
running 5 tests
test guest_clock::rejected_resume_preserves_policy_anchor_and_guest_state ... ok
test guest_clock::icount_rebase_selection_and_restore_preserve_trace_digest_and_subtick_phase ... ok
test guest_clock::fresh_and_same_machine_restore_rebase_at_restored_mtime_and_preserve_deadline ... ok
test guest_clock::explicit_resume_freezes_pause_but_background_retains_jump_policy ... ok
test guest_clock::busy_rdtime_tracks_ten_mhz_not_retire_count_and_clamps_jitter ... ok

test result: ok. 5 passed; 0 failed; 0 ignored; 0 filtered out; finished in 0.04s

     Running tests/icount_divider.rs (/private/tmp/e5-t26k-verifier-SrjasM/target/wasm32-unknown-unknown/debug/deps/icount_divider-4d0797b60ff5c2d8.wasm)
running 11 tests
test core_icount_divider::wall_mode_refuses_even_same_divider_without_touching_the_host_anchor ... ok
test core_icount_divider::same_divider_is_byte_exact_and_preserves_pending_irqs_device_and_cache_identity ... ok
test core_icount_divider::resume_retains_selected_phase_and_explicit_post_restore_override_maps_it_once ... ok
test core_icount_divider::missing_clint_and_out_of_range_inputs_are_atomic ... ok
test core_icount_divider::invalid_saved_phases_refuse_before_same_divider_or_any_other_mutation ... ok
test core_icount_divider::huge_prior_dividers_and_resumed_phases_map_with_full_u128_precision ... ok
test core_icount_divider::busy_guest_rdtime_matches_independent_phase_oracle_and_trace_across_cache_modes ... ok
test core_icount_divider::all_small_ratios_and_phases_preserve_state_and_land_the_next_tick_exactly ... ok
test strict_js_values_reject_without_coercion_or_machine_mutation ... ok
test numeric_boundaries_same_divider_and_resume_preserve_fractional_progress ... ok
test divider_preserves_live_compiled_executor_counters_policy_and_guest_memory ... ok

test result: ok. 11 passed; 0 failed; 0 ignored; 0 filtered out; finished in 1.70s

{"label":"wasm","command":["wasm-pack","test","--node","crates/wasm","--test","decoded_cache_capacity","--test","icount_divider","--test","guest_clock"],"cwd":"/private/tmp/e5-t26k-verifier-SrjasM/repo","startedAt":"2026-09-08T12:00:29.896Z","log":"pristine-wasm.log","code":0,"signal":null,"endedAt":"2026-09-08T12:00:49.286Z"}
