E5T18D_LOG_BEGIN
Date: 2026-09-06 UTC
[17:20:49.960] weston 12.0.4
               https://wayland.freedesktop.org
               Bug reports to: https://gitlab.freedesktop.org/wayland/weston/issues/
               Build: 12.0.4
[17:20:49.961] Command line: weston --config=/etc/xdg/weston/weston.ini --backend=drm --renderer=pixman --socket=wayland-0
[17:20:49.961] OS: Linux, 6.6.63, #1 SMP Thu Nov 14 2024, riscv64
[17:20:49.961] Flight recorder: enabled
[17:20:49.963] Using config file '/etc/xdg/weston/weston.ini'
[17:20:49.970] Output repaint window is 7 ms maximum.
[17:20:50.015] Loading module '/usr/lib/libweston-12/drm-backend.so'
[17:20:50.459] initializing drm backend
[17:20:50.459] Trying libseat launcher...
[17:20:50.460] [libseat/libseat.c:73] Seat opened with backend 'seatd'
[17:20:50.461] [libseat/backend/seatd.c:212] Enabling seat
[17:20:50.461] libseat: session control granted
[17:20:50.471] using /dev/dri/card0
[17:20:50.472] DRM: supports atomic modesetting
[17:20:50.472] DRM: does not support GBM modifiers
[17:20:50.472] DRM: does not support async page flipping
[17:20:50.472] DRM: supports picture aspect ratio
[17:20:50.472] Using Pixman renderer
[17:20:50.621] event0  - wasm-vm virtio keyboard: is tagged by udev as: Keyboard
[17:20:50.626] event0  - wasm-vm virtio keyboard: device is a keyboard
[17:20:50.666] event1  - wasm-vm virtio tablet: is tagged by udev as: Mouse
[17:20:50.684] event1  - wasm-vm virtio tablet: device is a pointer
[17:20:50.719] event2  - wasm-vm virtio mouse: is tagged by udev as: Mouse
[17:20:50.729] event2  - wasm-vm virtio mouse: device is a pointer
[17:20:51.733] libinput: configuring device "wasm-vm virtio keyboard".
[17:20:51.733] libinput: configuring device "wasm-vm virtio tablet".
[17:20:51.733] input device event1 has no enabled output associated (none named), skipping calibration for now.
[17:20:51.733] libinput: configuring device "wasm-vm virtio mouse".
[17:20:51.736] DRM: head 'Virtual-1' found, connector 34 is connected, EDID make 'WVM', model 'WASM VM', serial 'WVM-0001'
               Supported EOTF modes: SDR
[17:20:51.737] Registered plugin API 'weston_drm_output_api_v1' of size 40
[17:20:51.737] Registered plugin API 'weston_drm_virtual_output_api_v2' of size 48
[17:20:51.737] Color manager: no-op
[17:20:51.738] Output 'Virtual-1' attempts EOTF mode: SDR
[17:20:51.738] Output 'Virtual-1' using color profile: built-in default sRGB SDR profile
[17:20:51.800] DRM: output Virtual-1 does not use shadow framebuffer.
[17:20:51.800] Output Virtual-1 (crtc 33) video modes:
               901x701@60.0, preferred, current, 46.5 MHz
[17:20:51.800] associating input device event0 with output Virtual-1 (none by udev)
[17:20:51.801] associating input device event1 with output Virtual-1 (none by udev)
[17:20:51.804] associating input device event2 with output Virtual-1 (none by udev)
[17:20:51.804] Output 'Virtual-1' enabled with head(s) Virtual-1
[17:20:51.804] Compositor capabilities:
               arbitrary surface rotation: yes
               screen capture uses y-flip: no
               cursor planes: yes
               arbitrary resolutions: no
               view mask clipping: yes
               explicit sync: no
               color operations: no
               presentation clock: CLOCK_MONOTONIC, id 1
               presentation clock resolution: 0.000000001 s
[17:20:51.806] Loading module '/usr/lib/weston/desktop-shell.so'
[17:20:51.812] Loading module '/usr/lib/weston/wv-display-resize.so'
[17:20:51.814] WV_DISPLAY enabled bounded 10ms EDID watcher
[17:20:51.814] launching '/usr/libexec/weston-keyboard'
[17:20:51.826] launching '/usr/libexec/weston-desktop-shell'
could not load cursor 'dnd-move'
could not load cursor 'dnd-copy'
could not load cursor 'dnd-none'
could not load cursor 'dnd-move'
could not load cursor 'dnd-copy'
could not load cursor 'dnd-none'
[17:21:01.225] unexpectedly large timestamp jump (from 96176 to 97812)
[17:21:05.582] DRM: head 'Virtual-1' updated, connector 34 is connected, EDID make 'WVM', model 'WASM VM', serial 'WVM-0001'
               Supported EOTF modes: SDR
[17:21:05.585] Detected a monitor change on head 'Virtual-1', not bothering to do anything about it.
[17:21:05.683] DRM: output Virtual-1 does not use shadow framebuffer.
[17:21:05.683] WV_DISPLAY_APPLIED output=Virtual-1 width=803 height=603
[17:21:07.316] DRM: head 'Virtual-1' updated, connector 34 is connected, EDID make 'WVM', model 'WASM VM', serial 'WVM-0001'
               Supported EOTF modes: SDR
[17:21:07.317] Detected a monitor change on head 'Virtual-1', not bothering to do anything about it.
[17:21:07.379] DRM: output Virtual-1 does not use shadow framebuffer.
[17:21:07.380] WV_DISPLAY_APPLIED output=Virtual-1 width=640 height=480
[17:21:09.079] DRM: head 'Virtual-1' updated, connector 34 is connected, EDID make 'WVM', model 'WASM VM', serial 'WVM-0001'
               Supported EOTF modes: SDR
[17:21:09.079] Detected a monitor change on head 'Virtual-1', not bothering to do anything about it.
[17:21:09.210] DRM: output Virtual-1 does not use shadow framebuffer.
[17:21:09.211] WV_DISPLAY_APPLIED output=Virtual-1 width=1280 height=800
[17:21:11.105] DRM: head 'Virtual-1' updated, connector 34 is connected, EDID make 'WVM', model 'WASM VM', serial 'WVM-0001'
               Supported EOTF modes: SDR
[17:21:11.107] Detected a monitor change on head 'Virtual-1', not bothering to do anything about it.
[17:21:11.596] DRM: output Virtual-1 does not use shadow framebuffer.
[17:21:11.597] WV_DISPLAY_APPLIED output=Virtual-1 width=2560 height=1600
[17:21:14.125] DRM: head 'Virtual-1' updated, connector 34 is connected, EDID make 'WVM', model 'WASM VM', serial 'WVM-0001'
               Supported EOTF modes: SDR
[17:21:14.126] Detected a monitor change on head 'Virtual-1', not bothering to do anything about it.
[17:21:14.227] DRM: output Virtual-1 does not use shadow framebuffer.
[17:21:14.228] WV_DISPLAY_APPLIED output=Virtual-1 width=801 height=601
[17:21:16.277] DRM: output Virtual-1 does not use shadow framebuffer.
[17:21:16.279] WV_DISPLAY_APPLIED output=Virtual-1 width=802 height=601
[17:21:17.827] DRM: head 'Virtual-1' updated, connector 34 is connected, EDID make 'unknown', model 'unknown', serial 'unknown'
               Supported EOTF modes: SDR
[17:21:17.828] Detected a monitor change on head 'Virtual-1', not bothering to do anything about it.
[17:21:17.832] DRM: head 'Virtual-1' updated, connector 34 is connected, EDID make 'WVM', model 'WASM VM', serial 'WVM-0001'
               Supported EOTF modes: SDR
[17:21:17.833] Detected a monitor change on head 'Virtual-1', not bothering to do anything about it.
[17:21:17.975] DRM: output Virtual-1 does not use shadow framebuffer.
[17:21:17.976] WV_DISPLAY_APPLIED output=Virtual-1 width=1201 height=801
E5T18D_LOG_END
