{
  "head": "94647c4993b062961b26e82bc2c8484431fe8c05",
  "reportSha256": "9127ede20f15a37205ecb896cfff9cf2b9ed68bc08cf4ddd7f76df12cbaa8b72",
  "configured": false,
  "properties": [
    "ok",
    "false",
    "false",
    "0.985"
  ],
  "result": "failed",
  "outcome": "startup-failed-input-not-tested",
  "keyEvents": 0,
  "nonceReplies": 0,
  "images": [
    {
      "file": "evidence/omarchy-profile/opaque-foot-r1/desktop/latest.png",
      "size": 10726,
      "sha256": "97fc180d4d35c68ca5941dc591afb315220550165469f3c4ead7827989cc2f3f",
      "capturedAt": "2026-09-16T03:54:25.170Z"
    },
    {
      "file": "evidence/omarchy-profile/opaque-foot-r1/desktop/desktop.png",
      "size": 10726,
      "sha256": "97fc180d4d35c68ca5941dc591afb315220550165469f3c4ead7827989cc2f3f",
      "capturedAt": "2026-09-16T03:54:55.288Z"
    },
    {
      "file": "evidence/omarchy-profile/opaque-foot-r1/desktop/failure.png",
      "size": 10726,
      "sha256": "97fc180d4d35c68ca5941dc591afb315220550165469f3c4ead7827989cc2f3f",
      "capturedAt": "2026-09-16T03:56:01.471Z"
    }
  ],
  "cleanupElapsedMs": 141
}
