✔ prewarm sync proof rejects cross-TTY marker evidence (0.571041ms)
✔ prewarm clear proof requires a new real frame and focused Foot (0.117916ms)
✔ post-marker presentation helper rejects typing frames (119.787541ms)
✔ candidate mode is explicitly local-only and hash-bound (0.208708ms)
✔ renderer proof binds current Hyprland PID and instance before physical input (0.168084ms)
✔ LP0 is configuration-only evidence and is checked before physical input (0.121042ms)
✔ actual built recording covers served resources and pre-send RPCs, even timed-out ones (0.155083ms)
✔ renderer log parser accepts the real DEBUG suffix labels (0.775334ms)
✔ renderer log parser rejects wrong, missing, ambiguous, and misleading records (0.791209ms)
✔ nonce readback caps every guest RPC by the remaining 120-second deadline (0.196166ms)
✔ unlogged baseline worker evidence is explicitly weaker than a GL label (0.306667ms)
✔ harness-only cold local HTTP selftest serves kernel/chunks and refuses snapshot routes without a browser (222.76625ms)
✔ harness-only actual cold orchestration inspects storage before app and returns after pair without input (3.875125ms)
✔ harness-only capture selects exact overlay when both overlay and snapshot databases exist (1.639542ms)
✔ harness-only cold progress TimeoutError is recorded before startup continues to mandatory desktop capture (0.342459ms)
✔ harness-only progress catch propagates non-Playwright errors and verify-mode timeouts (0.287625ms)
✔ harness-only final desktop TimeoutError remains fatal after a tolerated progress timeout (0.089292ms)
✔ harness-only screenshot helper forwards the supplied timeout and keeps the 20-second default (0.157208ms)
✔ actual direct-pair route fences before navigation and never enters physical input (0.706209ms)
✔ input-kernel preparation rejects old running notes before properties and syncs before export (2.051375ms)
✔ AT runtime selection binds both corrected sources and the exact built WASM (4.331208ms)
✔ AS admits only verified AR bytes and leaves old AJ source guards intact (0.491208ms)
✔ AR properties must name its exact restored Foot; the AJ default stays unchanged (1.257958ms)
✔ prepared recycling has one fixed candidate differing from AK only in the existing boolean (1.876708ms)
✔ prepared recycling rejects drift in the actual runtime policy (0.490209ms)
✔ prepared cap-1024 selects only the existing larger residency policy (0.238375ms)
✔ prepared cap-1024 decoded-cache candidate selects only the existing 16384-entry cache (0.23925ms)
✔ prepared cap-1024 decoded-cache JALR-off candidate changes only jalr (0.380041ms)
✔ code-page index candidate keeps the exact T03az runtime settings (0.604334ms)
✔ trial is local, explicit, fixed-budget and does not accept renderer/timeout tuning (0.315708ms)
✔ residency URLs differ only in the fixed module cap with recycling disabled (0.384ms)
✔ residency checks the actual selected cap and rejects recycling or policy drift (0.279958ms)
✔ pair driver rejects unknown experiments before starting any arm (2.952042ms)
✔ arm URLs have exactly one policy difference and forbid inherited query tuning (0.251583ms)
✔ all four R3 source bindings and image layout must match (0.308208ms)
✔ actual runtime must match the selected arm with observer/timing off (2.085625ms)
✔ deadline accounts for queue delay and rejects late completion without starting expired work (5.394667ms)
✔ real recorder retains physical-only writing, fixed deadlines, fresh presentation and owned shutdown (0.940667ms)
✔ owned watchdog caps setup and navigation once, and normal close cancels timers (0.87275ms)
✔ offline preparation is separately bounded and cannot extend a physical-input watchdog (1.400292ms)
✔ post-verdict capture has one fixed extra allowance and messages cannot rearm it (0.100875ms)
✔ stalled owned browser/recorder is killed and missing close settles as unconfirmed (0.099375ms)
✔ already exited browser is not killed; watchdog intervention never looks like a normal pass (0.102291ms)
✔ future/invalid navigation cannot extend setup (0.063583ms)
✔ recorder exit cannot orphan its browser or kill an already-exited recorder group (0.104792ms)
✔ exit before stdio close never sends a later watchdog signal to the exited recorder (0.081959ms)
✔ synthetic actual input-trial reaches physical keys without mapped-client/active-window RPCs (19.2635ms)
✔ synthetic actual opaque branch verifies properties before keys and fences after Enter (16.806125ms)
✔ synthetic actual direct-property branch reads all values before keys and fences after Enter (19.337625ms)
✔ synthetic prepared-pair path reads saved settings once and preserves physical-only nonce/deadlines (73.295375ms)
✔ synthetic prepared recycling reuses one post-Enter fence and retains the input deadline (84.080458ms)
✔ synthetic AR input checks loaded kernel before properties and keeps uninstrumented original deadlines (61.518333ms)
✔ synthetic capture and verify retain actual mapped-Foot and active-window checks before keys (6.309083ms)
✔ synthetic missing application readiness or lost canvas focus forbids any key (1.537875ms)
✔ synthetic actual nonce reader rejects mismatched bytes in a successful RPC response (19.523959ms)
✔ synthetic late typing/readback and stale presentation cannot publish success (51.700125ms)
✔ synthetic timing observation uses same-page actual recorded event fields, not probe completion (13.084666ms)
ℹ tests 57
ℹ suites 0
ℹ pass 57
ℹ fail 0
ℹ cancelled 0
ℹ skipped 0
ℹ todo 0
ℹ duration_ms 479.321625
