[    0.000000] Linux version 6.6.63 (wasmvm@wasmvm) (riscv64-linux-gnu-gcc (Debian 12.2.0-13) 12.2.0, GNU ld (GNU Binutils for Debian) 2.40) #1 SMP Thu Nov 14 2024
[    0.000000] Machine model: riscv-virtio,qemu
[    0.000000] SBI specification v2.0 detected
[    0.000000] SBI implementation ID=0x574d Version=0x100
[    0.000000] SBI TIME extension detected
[    0.000000] SBI IPI extension detected
[    0.000000] SBI RFENCE extension detected
[    0.000000] SBI SRST extension detected
[    0.000000] earlycon: sbi0 at I/O port 0x0 (options '')
[    0.000000] printk: bootconsole [sbi0] enabled
[    0.000000] efi: UEFI not found.
[    0.000000] Zone ranges:
[    0.000000]   DMA32    [mem 0x0000000080000000-0x000000008fffffff]
[    0.000000]   Normal   empty
[    0.000000] Movable zone start for each node
[    0.000000] Early memory node ranges
[    0.000000]   node   0: [mem 0x0000000080000000-0x000000008fffffff]
[    0.000000] Initmem setup node 0 [mem 0x0000000080000000-0x000000008fffffff]
[    0.000000] SBI HSM extension detected
[    0.000000] Falling back to deprecated "riscv,isa"
[    0.000000] riscv: base ISA extensions acdfim
[    0.000000] riscv: ELF capabilities acdfim
[    0.000000] percpu: Embedded 18 pages/cpu s42104 r0 d31624 u73728
[    0.000000] Kernel command line: console=ttyS0 earlycon=sbi rdinit=/init -- burst
[    0.000000] Dentry cache hash table entries: 32768 (order: 6, 262144 bytes, linear)
[    0.000000] Inode-cache hash table entries: 16384 (order: 5, 131072 bytes, linear)
[    0.000000] Built 1 zonelists, mobility grouping on.  Total pages: 64512
[    0.000000] mem auto-init: stack:all(zero), heap alloc:off, heap free:off
[    0.000000] Virtual kernel memory layout:
[    0.000000]       fixmap : 0xff1bfffffea00000 - 0xff1bffffff000000   (6144 kB)
[    0.000000]       pci io : 0xff1bffffff000000 - 0xff1c000000000000   (  16 MB)
[    0.000000]      vmemmap : 0xff1c000000000000 - 0xff20000000000000   (1024 TB)
[    0.000000]      vmalloc : 0xff20000000000000 - 0xff60000000000000   (16384 TB)
[    0.000000]      modules : 0xffffffff0179e000 - 0xffffffff80000000   (2024 MB)
[    0.000000]       lowmem : 0xff60000000000000 - 0xff60000010000000   ( 256 MB)
[    0.000000]       kernel : 0xffffffff80000000 - 0xffffffffffffffff   (2047 MB)
[    0.000000] Memory: 216540K/262144K available (10367K kernel code, 5056K rwdata, 4096K rodata, 2201K init, 539K bss, 45604K reserved, 0K cma-reserved)
[    0.000000] SLUB: HWalign=64, Order=0-3, MinObjects=0, CPUs=1, Nodes=1
[    0.000000] rcu: Hierarchical RCU implementation.
[    0.000000] rcu: 	RCU restricting CPUs from NR_CPUS=64 to nr_cpu_ids=1.
[    0.000000] rcu: 	RCU debug extended QS entry/exit.
[    0.000000] 	Tracing variant of Tasks RCU enabled.
[    0.000000] rcu: RCU calculated value of scheduler-enlistment delay is 25 jiffies.
[    0.000000] rcu: Adjusting geometry for rcu_fanout_leaf=16, nr_cpu_ids=1
[    0.000000] NR_IRQS: 64, nr_irqs: 64, preallocated irqs: 0
[    0.000000] riscv-intc: 64 local interrupts mapped
[    0.000000] plic: plic@c000000: mapped 95 interrupts with 1 handlers for 2 contexts.
[    0.000000] riscv: providing IPIs using SBI IPI extension
[    0.000000] rcu: srcu_init: Setting srcu_struct sizes based on contention.
[    0.000000] clocksource: riscv_clocksource: mask: 0xffffffffffffffff max_cycles: 0x24e6a1710, max_idle_ns: 440795202120 ns
[    0.000002] sched_clock: 64 bits at 10MHz, resolution 100ns, wraps every 4398046511100ns
[    0.001300] Console: colour dummy device 80x25
[    0.001500] Calibrating delay loop (skipped), value calculated using timer frequency.. 20.00 BogoMIPS (lpj=40000)
[    0.001657] pid_max: default: 32768 minimum: 301
[    0.002165] LSM: initializing lsm=capability,integrity
[    0.002892] Mount-cache hash table entries: 512 (order: 0, 4096 bytes, linear)
[    0.003026] Mountpoint-cache hash table entries: 512 (order: 0, 4096 bytes, linear)
[    0.014896] RCU Tasks Trace: Setting shift to 0 and lim to 1 rcu_task_cb_adjust=1 rcu_task_cpu_ids=1.
[    0.015595] riscv: ELF compat mode unsupported
[    0.015676] ASID allocator using 16 bits (65536 entries)
[    0.016581] rcu: Hierarchical SRCU implementation.
[    0.016655] rcu: 	Max phase no-delay instances is 1000.
[    0.018232] EFI services will not be available.
[    0.019072] smp: Bringing up secondary CPUs ...
[    0.019180] smp: Brought up 1 node, 1 CPU
[    0.021674] devtmpfs: initialized
[    0.032489] clocksource: jiffies: mask: 0xffffffff max_cycles: 0xffffffff, max_idle_ns: 7645041785100000 ns
[    0.032642] futex hash table entries: 256 (order: 2, 16384 bytes, linear)
[    0.033649] pinctrl core: initialized pinctrl subsystem
[    0.043266] NET: Registered PF_NETLINK/PF_ROUTE protocol family
[    0.047642] DMA: preallocated 128 KiB GFP_KERNEL pool for atomic allocations
[    0.047854] DMA: preallocated 128 KiB GFP_KERNEL|GFP_DMA32 pool for atomic allocations
[    0.048140] audit: initializing netlink subsys (disabled)
[    0.051467] thermal_sys: Registered thermal governor 'step_wise'
[    0.051637] audit: type=2000 audit(0.048:1): state=initialized audit_enabled=0 res=1
[    0.051875] cpuidle: using governor menu
[    0.077020] cpu0: Ratio of byte access time to unaligned word access is 7.98, unaligned accesses are fast
[    0.098905] HugeTLB: registered 2.00 MiB page size, pre-allocated 0 pages
[    0.099003] HugeTLB: 28 KiB vmemmap can be freed for a 2.00 MiB page
[    0.169930] raid6: int64x8  gen()    42 MB/s
[    0.238501] raid6: int64x4  gen()    57 MB/s
[    0.306840] raid6: int64x2  gen()    58 MB/s
[    0.375436] raid6: int64x1  gen()    52 MB/s
[    0.375518] raid6: using algorithm int64x2 gen() 58 MB/s
[    0.444105] raid6: .... xor() 32 MB/s, rmw enabled
[    0.444185] raid6: using intx1 recovery algorithm
[    0.445140] ACPI: Interpreter disabled.
[    0.445936] iommu: Default domain type: Translated
[    0.446018] iommu: DMA domain TLB invalidation policy: strict mode
[    0.449579] SCSI subsystem initialized
[    0.452971] Advanced Linux Sound Architecture Driver Initialized.
[    0.459010] clocksource: Switched to clocksource riscv_clocksource
[    0.461250] pnp: PnP ACPI: disabled
[    0.523169] NET: Registered PF_INET protocol family
[    0.524571] IP idents hash table entries: 4096 (order: 3, 32768 bytes, linear)
[    0.533798] tcp_listen_portaddr_hash hash table entries: 128 (order: 0, 4096 bytes, linear)
[    0.533990] Table-perturb hash table entries: 65536 (order: 6, 262144 bytes, linear)
[    0.534145] TCP established hash table entries: 2048 (order: 2, 16384 bytes, linear)
[    0.534519] TCP bind hash table entries: 2048 (order: 5, 131072 bytes, linear)
[    0.535745] TCP: Hash tables configured (established 2048 bind 2048)
[    0.536123] UDP hash table entries: 256 (order: 2, 24576 bytes, linear)
[    0.536458] UDP-Lite hash table entries: 256 (order: 2, 24576 bytes, linear)
[    0.537459] NET: Registered PF_UNIX/PF_LOCAL protocol family
[    0.540444] RPC: Registered named UNIX socket transport module.
[    0.540532] RPC: Registered udp transport module.
[    0.540612] RPC: Registered tcp transport module.
[    0.540691] RPC: Registered tcp-with-tls transport module.
[    0.540776] RPC: Registered tcp NFSv4.1 backchannel transport module.
[    0.541037] kvm [1]: hypervisor extension not available
[    0.546222] Unpacking initramfs...
[    0.554064] Freeing initrd memory: 16K
[    0.554416] workingset: timestamp_bits=46 max_order=16 bucket_order=0
[    0.557990] NFS: Registering the id_resolver key type
[    0.558433] Key type id_resolver registered
[    0.558510] Key type id_legacy registered
[    0.558714] nfs4filelayout_init: NFSv4 File Layout Driver Registering...
[    0.558845] nfs4flexfilelayout_init: NFSv4 Flexfile Layout Driver Registering...
[    0.560113] 9p: Installing v9fs 9p2000 file system support
[    1.713014] NET: Registered PF_ALG protocol family
[    1.713116] xor: measuring software checksum speed
[    1.732014]    8regs           :   174 MB/sec
[    1.750904]    8regs_prefetch  :   174 MB/sec
[    1.769812]    32regs          :   174 MB/sec
[    1.788757]    32regs_prefetch :   173 MB/sec
[    1.788841] xor: using function: 32regs (174 MB/sec)
[    1.789155] Block layer SCSI generic (bsg) driver version 0.4 loaded (major 246)
[    1.789259] io scheduler mq-deadline registered
[    1.789343] io scheduler kyber registered
[    1.789495] io scheduler bfq registered
[    1.807994] input: wasm-vm virtio keyboard as /devices/platform/soc/10004000.virtio_mmio/virtio0/input/input0
[    2.195112] Serial: 8250/16550 driver, 4 ports, IRQ sharing disabled
[    2.208762] printk: console [ttyS0] disabled
[    2.211036] 10000000.serial: ttyS0 at MMIO 0x10000000 (irq = 13, base_baud = 230400) is a 16550A
[    2.211249] printk: console [ttyS0] enabled
[    2.211422] printk: bootconsole [sbi0] disabled
[    2.211249] printk: console [ttyS0] enabled
[    2.211422] printk: bootconsole [sbi0] disabled
[    2.214023] SuperH (H)SCI(F) driver initialized
[    2.260237] loop: module loaded
[    2.278115] mousedev: PS/2 mouse device common for all mice
[    2.281980] goldfish_rtc 101000.rtc: registered as rtc0
[    2.282189] goldfish_rtc 101000.rtc: setting system clock to 2026-09-16T11:30:03 UTC (1789558203)
[    2.285384] syscon-poweroff poweroff: pm_power_off already claimed for sbi_srst_power_off
[    2.285631] syscon-poweroff: probe of poweroff failed with error -16
[    2.288186] device-mapper: ioctl: 4.48.0-ioctl (2023-03-01) initialised: dm-devel@redhat.com
[    2.291145] sdhci: Secure Digital Host Controller Interface driver
[    2.291295] sdhci: Copyright(c) Pierre Ossman
[    2.292398] sdhci-pltfm: SDHCI platform and OF driver helper
[    2.303418] IPVS: Registered protocols (TCP, UDP)
[    2.303593] IPVS: Connection hash table configured (size=4096, memory=32Kbytes)
[    2.304806] IPVS: ipvs loaded.
[    2.304936] IPVS: [rr] scheduler registered.
[    2.306645] Initializing XFRM netlink socket
[    2.307090] NET: Registered PF_INET6 protocol family
[    2.314022] Segment Routing with IPv6
[    2.314642] In-situ OAM (IOAM) with IPv6
[    2.315730] sit: IPv6, IPv4 and MPLS over IPv4 tunneling driver
[    2.319902] NET: Registered PF_PACKET protocol family
[    2.320244] Bridge firewalling registered
[    2.320638] 8021q: 802.1Q VLAN Support v1.8
[    2.321215] 9pnet: Installing 9P2000 support
[    2.322935] Key type dns_resolver registered
[    2.527081] debug_vm_pgtable: [debug_vm_pgtable         ]: Validating architecture page table helpers
[    2.544535] Btrfs loaded, zoned=no, fsverity=no
[    2.547811] Legacy PMU implementation is available
[    2.549049] clk: Disabling unused clocks
[    2.549217] ALSA device list:
[    2.549313]   #0: VirtIO SoundCard at platform/10007000.virtio_mmio/virtio1
[    2.557738] Freeing unused kernel image (initmem) memory: 2200K
[    2.557898] Run /init as init process
WVB_KERNEL 6.6.63 #1 SMP Thu Nov 14 2024 riscv64
WVB_DEVICE name=wasm-vm virtio keyboard measured=3 state=4 major=13 minor=64 inode=621 event_bytes=24
WVM_KB_INJECT
WVB_SENTINEL B_DOWN separate_client=1
WVB_EVENT 0 bb7daa6a00000000b6090c000000000001001e0001000000
WVB_EVENT 1 bb7daa6a00000000b6090c00000000000000000000000000
WVB_EVENT 2 bb7daa6a00000000e0090c000000000001001e0000000000
WVB_EVENT 3 bb7daa6a00000000e0090c00000000000000000000000000
WVB_EVENT 4 bb7daa6a000000000b0a0c000000000001001e0001000000
WVB_EVENT 5 bb7daa6a000000000b0a0c00000000000000000000000000
WVB_EVENT 6 bb7daa6a00000000360a0c000000000001001e0000000000
WVB_EVENT 7 bb7daa6a00000000360a0c00000000000000000000000000
WVB_EVENT 8 bb7daa6a00000000610a0c000000000001001e0001000000
WVB_EVENT 9 bb7daa6a00000000610a0c00000000000000000000000000
WVB_EVENT 10 bb7daa6a000000008b0a0c000000000001001e0000000000
WVB_EVENT 11 bb7daa6a000000008b0a0c00000000000000000000000000
WVB_EVENT 12 bb7daa6a00000000b70a0c000000000001001e0001000000
WVB_EVENT 13 bb7daa6a00000000b70a0c00000000000000000000000000
WVB_EVENT 14 bb7daa6a00000000e10a0c000000000001001e0000000000
WVB_EVENT 15 bb7daa6a00000000e10a0c00000000000000000000000000
WVB_EVENT 16 bb7daa6a000000000c0b0c000000000001001e0001000000
WVB_EVENT 17 bb7daa6a000000000c0b0c00000000000000000000000000
WVB_EVENT 18 bb7daa6a00000000360b0c000000000001001e0000000000
WVB_EVENT 19 bb7daa6a00000000360b0c00000000000000000000000000
WVB_EVENT 20 bb7daa6a00000000620b0c000000000001001e0001000000
WVB_EVENT 21 bb7daa6a00000000620b0c00000000000000000000000000
WVB_EVENT 22 bb7daa6a000000008c0b0c000000000001001e0000000000
WVB_EVENT 23 bb7daa6a000000008c0b0c00000000000000000000000000
WVB_EVENT 24 bb7daa6a00000000b80b0c000000000001001e0001000000
WVB_EVENT 25 bb7daa6a00000000b80b0c00000000000000000000000000
WVB_EVENT 26 bb7daa6a00000000e20b0c000000000001001e0000000000
WVB_EVENT 27 bb7daa6a00000000e20b0c00000000000000000000000000
WVB_EVENT 28 bb7daa6a000000000d0c0c000000000001001e0001000000
WVB_EVENT 29 bb7daa6a000000000d0c0c00000000000000000000000000
WVB_EVENT 30 bb7daa6a00000000370c0c000000000001001e0000000000
WVB_EVENT 31 bb7daa6a00000000370c0c00000000000000000000000000
WVB_EVENT 32 bb7daa6a00000000630c0c000000000001001e0001000000
WVB_EVENT 33 bb7daa6a00000000630c0c00000000000000000000000000
WVB_EVENT 34 bb7daa6a000000008d0c0c000000000001001e0000000000
WVB_EVENT 35 bb7daa6a000000008d0c0c00000000000000000000000000
WVB_EVENT 36 bb7daa6a00000000b90c0c000000000001001e0001000000
WVB_EVENT 37 bb7daa6a00000000b90c0c00000000000000000000000000
WVB_EVENT 38 bb7daa6a00000000e30c0c000000000001001e0000000000
WVB_EVENT 39 bb7daa6a00000000e30c0c00000000000000000000000000
WVB_EVENT 40 bb7daa6a000000000e0d0c000000000001001e0001000000
WVB_EVENT 41 bb7daa6a000000000e0d0c00000000000000000000000000
WVB_EVENT 42 bb7daa6a00000000380d0c000000000001001e0000000000
WVB_EVENT 43 bb7daa6a00000000380d0c00000000000000000000000000
WVB_EVENT 44 bb7daa6a00000000640d0c000000000001001e0001000000
WVB_EVENT 45 bb7daa6a00000000640d0c00000000000000000000000000
WVB_EVENT 46 bb7daa6a000000008e0d0c000000000001001e0000000000
WVB_EVENT 47 bb7daa6a000000008e0d0c00000000000000000000000000
WVB_EVENT 48 bb7daa6a00000000b90d0c000000000001001e0001000000
WVB_EVENT 49 bb7daa6a00000000b90d0c00000000000000000000000000
WVB_EVENT 50 bb7daa6a00000000e40d0c000000000001001e0000000000
WVB_EVENT 51 bb7daa6a00000000e40d0c00000000000000000000000000
WVB_EVENT 52 bb7daa6a000000000f0e0c000000000001001e0001000000
WVB_EVENT 53 bb7daa6a000000000f0e0c00000000000000000000000000
WVB_EVENT 54 bb7daa6a00000000390e0c000000000001001e0000000000
WVB_EVENT 55 bb7daa6a00000000390e0c00000000000000000000000000
WVB_EVENT 56 bb7daa6a00000000650e0c000000000001001e0001000000
WVB_EVENT 57 bb7daa6a00000000650e0c00000000000000000000000000
WVB_EVENT 58 bb7daa6a000000008f0e0c000000000001001e0000000000
WVB_EVENT 59 bb7daa6a000000008f0e0c00000000000000000000000000
WVB_EVENT 60 bb7daa6a00000000ba0e0c000000000001001e0001000000
WVB_EVENT 61 bb7daa6a00000000ba0e0c00000000000000000000000000
WVB_EVENT 62 bb7daa6a00000000e50e0c000000000001001e0000000000
WVB_EVENT 63 bb7daa6a00000000e50e0c00000000000000000000000000
WVB_EVENT 64 bb7daa6a00000000100f0c000000000001001e0001000000
WVB_EVENT 65 bb7daa6a00000000100f0c00000000000000000000000000
WVB_EVENT 66 bb7daa6a000000003a0f0c000000000001001e0000000000
WVB_EVENT 67 bb7daa6a000000003a0f0c00000000000000000000000000
WVB_EVENT 68 bb7daa6a00000000660f0c000000000001001e0001000000
WVB_EVENT 69 bb7daa6a00000000660f0c00000000000000000000000000
WVB_EVENT 70 bb7daa6a00000000900f0c000000000001001e0000000000
WVB_EVENT 71 bb7daa6a00000000900f0c00000000000000000000000000
WVB_EVENT 72 bb7daa6a00000000bb0f0c000000000001001e0001000000
WVB_EVENT 73 bb7daa6a00000000bb0f0c00000000000000000000000000
WVB_EVENT 74 bb7daa6a00000000e60f0c000000000001001e0000000000
WVB_EVENT 75 bb7daa6a00000000e60f0c00000000000000000000000000
WVB_EVENT 76 bb7daa6a0000000011100c000000000001001e0001000000
WVB_EVENT 77 bb7daa6a0000000011100c00000000000000000000000000
WVB_EVENT 78 bb7daa6a000000003b100c000000000001001e0000000000
WVB_EVENT 79 bb7daa6a000000003b100c00000000000000000000000000
WVB_EVENT 80 bb7daa6a0000000067100c000000000001001e0001000000
WVB_EVENT 81 bb7daa6a0000000067100c00000000000000000000000000
WVB_EVENT 82 bb7daa6a0000000091100c000000000001001e0000000000
WVB_EVENT 83 bb7daa6a0000000091100c00000000000000000000000000
WVB_EVENT 84 bb7daa6a00000000bc100c000000000001001e0001000000
WVB_EVENT 85 bb7daa6a00000000bc100c00000000000000000000000000
WVB_EVENT 86 bb7daa6a00000000e7100c000000000001001e0000000000
WVB_EVENT 87 bb7daa6a00000000e7100c00000000000000000000000000
WVB_EVENT 88 bb7daa6a0000000012110c000000000001001e0001000000
WVB_EVENT 89 bb7daa6a0000000012110c00000000000000000000000000
WVB_EVENT 90 bb7daa6a000000003c110c000000000001001e0000000000
WVB_EVENT 91 bb7daa6a000000003c110c00000000000000000000000000
WVB_EVENT 92 bb7daa6a0000000068110c000000000001001e0001000000
WVB_EVENT 93 bb7daa6a0000000068110c00000000000000000000000000
WVB_EVENT 94 bb7daa6a0000000092110c000000000001001e0000000000
WVB_EVENT 95 bb7daa6a0000000092110c00000000000000000000000000
WVB_EVENT 96 bb7daa6a00000000bd110c000000000001001e0001000000
WVB_EVENT 97 bb7daa6a00000000bd110c00000000000000000000000000
WVB_EVENT 98 bb7daa6a00000000e7110c000000000001001e0000000000
WVB_EVENT 99 bb7daa6a00000000e7110c00000000000000000000000000
WVB_EVENT 100 bb7daa6a0000000013120c000000000001001e0001000000
WVB_EVENT 101 bb7daa6a0000000013120c00000000000000000000000000
WVB_EVENT 102 bb7daa6a000000003d120c000000000001001e0000000000
WVB_EVENT 103 bb7daa6a000000003d120c00000000000000000000000000
WVB_EVENT 104 bb7daa6a0000000069120c000000000001001e0001000000
WVB_EVENT 105 bb7daa6a0000000069120c00000000000000000000000000
WVB_EVENT 106 bb7daa6a0000000093120c000000000001001e0000000000
WVB_EVENT 107 bb7daa6a0000000093120c00000000000000000000000000
WVB_EVENT 108 bb7daa6a00000000be120c000000000001001e0001000000
WVB_EVENT 109 bb7daa6a00000000be120c00000000000000000000000000
WVB_EVENT 110 bb7daa6a00000000e8120c000000000001001e0000000000
WVB_EVENT 111 bb7daa6a00000000e8120c00000000000000000000000000
WVB_EVENT 112 bb7daa6a0000000014130c000000000001001e0001000000
WVB_EVENT 113 bb7daa6a0000000014130c00000000000000000000000000
WVB_EVENT 114 bb7daa6a000000003e130c000000000001001e0000000000
WVB_EVENT 115 bb7daa6a000000003e130c00000000000000000000000000
WVB_EVENT 116 bb7daa6a000000006a130c000000000001001e0001000000
WVB_EVENT 117 bb7daa6a000000006a130c00000000000000000000000000
WVB_EVENT 118 bb7daa6a0000000094130c000000000001001e0000000000
WVB_EVENT 119 bb7daa6a0000000094130c00000000000000000000000000
WVB_EVENT 120 bb7daa6a00000000bf130c000000000001001e0001000000
WVB_EVENT 121 bb7daa6a00000000bf130c00000000000000000000000000
WVB_EVENT 122 bb7daa6a00000000e9130c000000000001001e0000000000
WVB_EVENT 123 bb7daa6a00000000e9130c00000000000000000000000000
WVB_EVENT 124 bb7daa6a0000000015140c000000000001001e0001000000
WVB_EVENT 125 bb7daa6a0000000015140c00000000000000000000000000
WVB_EVENT 126 bb7daa6a000000003f140c000000000001001e0000000000
WVB_EVENT 127 bb7daa6a000000003f140c00000000000000000000000000
WVB_EVENT 128 bb7daa6a000000006a140c000000000001001e0001000000
WVB_EVENT 129 bb7daa6a000000006a140c00000000000000000000000000
WVB_EVENT 130 bb7daa6a0000000095140c000000000001001e0000000000
WVB_EVENT 131 bb7daa6a0000000095140c00000000000000000000000000
WVB_EVENT 132 bb7daa6a00000000c0140c000000000001001e0001000000
WVB_EVENT 133 bb7daa6a00000000c0140c00000000000000000000000000
WVB_EVENT 134 bb7daa6a00000000ea140c000000000001001e0000000000
WVB_EVENT 135 bb7daa6a00000000ea140c00000000000000000000000000
WVB_EVENT 136 bb7daa6a0000000016150c000000000001001e0001000000
WVB_EVENT 137 bb7daa6a0000000016150c00000000000000000000000000
WVB_EVENT 138 bb7daa6a0000000040150c000000000001001e0000000000
WVB_EVENT 139 bb7daa6a0000000040150c00000000000000000000000000
WVB_EVENT 140 bb7daa6a000000006b150c000000000001001e0001000000
WVB_EVENT 141 bb7daa6a000000006b150c00000000000000000000000000
WVB_EVENT 142 bb7daa6a0000000096150c000000000001001e0000000000
WVB_EVENT 143 bb7daa6a0000000096150c00000000000000000000000000
WVB_EVENT 144 bb7daa6a00000000c1150c000000000001001e0001000000
WVB_EVENT 145 bb7daa6a00000000c1150c00000000000000000000000000
WVB_EVENT 146 bb7daa6a00000000eb150c000000000001001e0000000000
WVB_EVENT 147 bb7daa6a00000000eb150c00000000000000000000000000
WVB_EVENT 148 bb7daa6a0000000017160c000000000001001e0001000000
WVB_EVENT 149 bb7daa6a0000000017160c00000000000000000000000000
WVB_EVENT 150 bb7daa6a0000000041160c000000000001001e0000000000
WVB_EVENT 151 bb7daa6a0000000041160c00000000000000000000000000
WVB_EVENT 152 bb7daa6a000000006c160c000000000001001e0001000000
WVB_EVENT 153 bb7daa6a000000006c160c00000000000000000000000000
WVB_EVENT 154 bb7daa6a0000000097160c000000000001001e0000000000
WVB_EVENT 155 bb7daa6a0000000097160c00000000000000000000000000
WVB_EVENT 156 bb7daa6a00000000c2160c000000000001001e0001000000
WVB_EVENT 157 bb7daa6a00000000c2160c00000000000000000000000000
WVB_EVENT 158 bb7daa6a00000000ec160c000000000001001e0000000000
WVB_EVENT 159 bb7daa6a00000000ec160c00000000000000000000000000
WVB_EVENT 160 bb7daa6a0000000018170c000000000001001e0001000000
WVB_EVENT 161 bb7daa6a0000000018170c00000000000000000000000000
WVB_EVENT 162 bb7daa6a0000000042170c000000000001001e0000000000
WVB_EVENT 163 bb7daa6a0000000042170c00000000000000000000000000
WVB_EVENT 164 bb7daa6a000000006d170c000000000001001e0001000000
WVB_EVENT 165 bb7daa6a000000006d170c00000000000000000000000000
WVB_EVENT 166 bb7daa6a0000000098170c000000000001001e0000000000
WVB_EVENT 167 bb7daa6a0000000098170c00000000000000000000000000
WVB_EVENT 168 bb7daa6a00000000c3170c000000000001001e0001000000
WVB_EVENT 169 bb7daa6a00000000c3170c00000000000000000000000000
WVB_EVENT 170 bb7daa6a00000000ed170c000000000001001e0000000000
WVB_EVENT 171 bb7daa6a00000000ed170c00000000000000000000000000
WVB_EVENT 172 bb7daa6a0000000019180c000000000001001e0001000000
WVB_EVENT 173 bb7daa6a0000000019180c00000000000000000000000000
WVB_EVENT 174 bb7daa6a0000000043180c000000000001001e0000000000
WVB_EVENT 175 bb7daa6a0000000043180c00000000000000000000000000
WVB_EVENT 176 bb7daa6a000000006e180c000000000001001e0001000000
WVB_EVENT 177 bb7daa6a000000006e180c00000000000000000000000000
WVB_EVENT 178 bb7daa6a0000000098180c000000000001001e0000000000
WVB_EVENT 179 bb7daa6a0000000098180c00000000000000000000000000
WVB_EVENT 180 bb7daa6a00000000c4180c000000000001001e0001000000
WVB_EVENT 181 bb7daa6a00000000c4180c00000000000000000000000000
WVB_EVENT 182 bb7daa6a00000000ee180c000000000001001e0000000000
WVB_EVENT 183 bb7daa6a00000000ee180c00000000000000000000000000
WVB_EVENT 184 bb7daa6a000000001a190c000000000001001e0001000000
WVB_EVENT 185 bb7daa6a000000001a190c00000000000000000000000000
WVB_EVENT 186 bb7daa6a0000000044190c000000000001001e0000000000
WVB_EVENT 187 bb7daa6a0000000044190c00000000000000000000000000
WVB_EVENT 188 bb7daa6a000000006f190c000000000001001e0001000000
WVB_EVENT 189 bb7daa6a000000006f190c00000000000000000000000000
WVB_EVENT 190 bb7daa6a0000000099190c000000000001001e0000000000
WVB_EVENT 191 bb7daa6a0000000099190c00000000000000000000000000
WVB_EVENT 192 bb7daa6a00000000c5190c000000000001001e0001000000
WVB_EVENT 193 bb7daa6a00000000c5190c00000000000000000000000000
WVB_EVENT 194 bb7daa6a00000000ef190c000000000001001e0000000000
WVB_EVENT 195 bb7daa6a00000000ef190c00000000000000000000000000
WVB_EVENT 196 bb7daa6a000000001b1a0c000000000001001e0001000000
WVB_EVENT 197 bb7daa6a000000001b1a0c00000000000000000000000000
WVB_EVENT 198 bb7daa6a00000000451a0c000000000001001e0000000000
WVB_EVENT 199 bb7daa6a00000000451a0c00000000000000000000000000
WVB_EVENT 200 bb7daa6a00000000701a0c000000000001001e0001000000
WVB_EVENT 201 bb7daa6a00000000701a0c00000000000000000000000000
WVB_EVENT 202 bb7daa6a000000009a1a0c000000000001001e0000000000
WVB_EVENT 203 bb7daa6a000000009a1a0c00000000000000000000000000
WVB_EVENT 204 bb7daa6a00000000c61a0c000000000001001e0001000000
WVB_EVENT 205 bb7daa6a00000000c61a0c00000000000000000000000000
WVB_EVENT 206 bb7daa6a00000000f01a0c000000000001001e0000000000
WVB_EVENT 207 bb7daa6a00000000f01a0c00000000000000000000000000
WVB_EVENT 208 bb7daa6a000000001b1b0c000000000001001e0001000000
WVB_EVENT 209 bb7daa6a000000001b1b0c00000000000000000000000000
WVB_EVENT 210 bb7daa6a00000000461b0c000000000001001e0000000000
WVB_EVENT 211 bb7daa6a00000000461b0c00000000000000000000000000
WVB_EVENT 212 bb7daa6a00000000711b0c000000000001001e0001000000
WVB_EVENT 213 bb7daa6a00000000711b0c00000000000000000000000000
WVB_EVENT 214 bb7daa6a000000009b1b0c000000000001001e0000000000
WVB_EVENT 215 bb7daa6a000000009b1b0c00000000000000000000000000
WVB_EVENT 216 bb7daa6a00000000c71b0c000000000001001e0001000000
WVB_EVENT 217 bb7daa6a00000000c71b0c00000000000000000000000000
WVB_EVENT 218 bb7daa6a00000000f11b0c000000000001001e0000000000
WVB_EVENT 219 bb7daa6a00000000f11b0c00000000000000000000000000
WVB_EVENT 220 bb7daa6a000000001c1c0c000000000001001e0001000000
WVB_EVENT 221 bb7daa6a000000001c1c0c00000000000000000000000000
WVB_EVENT 222 bb7daa6a00000000471c0c000000000001001e0000000000
WVB_EVENT 223 bb7daa6a00000000471c0c00000000000000000000000000
WVB_EVENT 224 bb7daa6a00000000721c0c000000000001001e0001000000
WVB_EVENT 225 bb7daa6a00000000721c0c00000000000000000000000000
WVB_EVENT 226 bb7daa6a000000009c1c0c000000000001001e0000000000
WVB_EVENT 227 bb7daa6a000000009c1c0c00000000000000000000000000
WVB_EVENT 228 bb7daa6a00000000c81c0c000000000001001e0001000000
WVB_EVENT 229 bb7daa6a00000000c81c0c00000000000000000000000000
WVB_EVENT 230 bb7daa6a00000000f21c0c000000000001001e0000000000
WVB_EVENT 231 bb7daa6a00000000f21c0c00000000000000000000000000
WVB_EVENT 232 bb7daa6a000000001d1d0c000000000001001e0001000000
WVB_EVENT 233 bb7daa6a000000001d1d0c00000000000000000000000000
WVB_EVENT 234 bb7daa6a00000000481d0c000000000001001e0000000000
WVB_EVENT 235 bb7daa6a00000000481d0c00000000000000000000000000
WVB_EVENT 236 bb7daa6a00000000731d0c000000000001001e0001000000
WVB_EVENT 237 bb7daa6a00000000731d0c00000000000000000000000000
WVB_EVENT 238 bb7daa6a000000009d1d0c000000000001001e0000000000
WVB_EVENT 239 bb7daa6a000000009d1d0c00000000000000000000000000
WVB_EVENT 240 bb7daa6a00000000c91d0c000000000001001e0001000000
WVB_EVENT 241 bb7daa6a00000000c91d0c00000000000000000000000000
WVB_EVENT 242 bb7daa6a00000000f31d0c000000000001001e0000000000
WVB_EVENT 243 bb7daa6a00000000f31d0c00000000000000000000000000
WVB_EVENT 244 bb7daa6a000000001e1e0c000000000001001e0001000000
WVB_EVENT 245 bb7daa6a000000001e1e0c00000000000000000000000000
WVB_EVENT 246 bb7daa6a00000000491e0c000000000001001e0000000000
WVB_EVENT 247 bb7daa6a00000000491e0c00000000000000000000000000
WVB_EVENT 248 bb7daa6a00000000741e0c000000000001001e0001000000
WVB_EVENT 249 bb7daa6a00000000741e0c00000000000000000000000000
WVB_EVENT 250 bb7daa6a000000009e1e0c000000000001001e0000000000
WVB_EVENT 251 bb7daa6a000000009e1e0c00000000000000000000000000
WVB_EVENT 252 bb7daa6a00000000ca1e0c000000000001001e0001000000
WVB_EVENT 253 bb7daa6a00000000ca1e0c00000000000000000000000000
WVB_EVENT 254 bb7daa6a00000000f41e0c000000000001001e0000000000
WVB_EVENT 255 bb7daa6a00000000f41e0c00000000000000000000000000
WVB_EVENT 256 bb7daa6a000000001f1f0c00000000000100300001000000
WVB_EVENT 257 bb7daa6a000000001f1f0c00000000000000000000000000
WVB_DONE count=258 eagain=1
[    3.186677] reboot: Power down
