✔ prewarm sync proof rejects cross-TTY marker evidence (17.72725ms)
✔ prewarm clear proof requires a new real frame and focused Foot (45.930417ms)
✔ post-marker presentation helper rejects typing frames (12914.551334ms)
✔ candidate mode is explicitly local-only and hash-bound (0.428125ms)
✔ renderer proof binds current Hyprland PID and instance before physical input (6.159417ms)
✔ LP0 is configuration-only evidence and is checked before physical input (16.437ms)
✔ actual built recording covers served resources and pre-send RPCs, even timed-out ones (9.984666ms)
✔ renderer log parser accepts the real DEBUG suffix labels (74.614458ms)
✔ renderer log parser rejects wrong, missing, ambiguous, and misleading records (682.461583ms)
✔ nonce readback caps every guest RPC by the remaining 120-second deadline (30.060917ms)
✔ unlogged baseline worker evidence is explicitly weaker than a GL label (97.458042ms)
✔ harness-only cold local HTTP selftest serves kernel/chunks and refuses snapshot routes without a browser (30281.818083ms)
✔ harness-only actual cold orchestration inspects storage before app and returns after pair without input (245.167ms)
✔ harness-only capture selects exact overlay when both overlay and snapshot databases exist (70.335542ms)
✔ harness-only cold progress TimeoutError is recorded before startup continues to mandatory desktop capture (11.712708ms)
✔ harness-only progress catch propagates non-Playwright errors and verify-mode timeouts (70.932917ms)
✔ harness-only final desktop TimeoutError remains fatal after a tolerated progress timeout (0.55575ms)
✔ harness-only screenshot helper forwards the supplied timeout and keeps the 20-second default (0.486459ms)
✔ trial is local, explicit, fixed-budget and does not accept renderer/timeout tuning (817.9755ms)
✔ arm URLs have exactly one policy difference and forbid inherited query tuning (3.824666ms)
✔ all four R3 source bindings and image layout must match (224.353958ms)
✔ actual runtime must match the selected arm with observer/timing off (619.927625ms)
✔ deadline accounts for queue delay and rejects late completion without starting expired work (811.802083ms)
✔ real recorder retains physical-only writing, fixed deadlines, fresh presentation and owned shutdown (58.228375ms)
✔ all 1..1024 numbers and exact decimal strings validate; undefined alone omits (75.921375ms)
✔ invalid syntax, types, ranges and explicit incompatible modes refuse before machine access (139.37825ms)
✔ omission preserves the old mode call without divider/state reads or a fabricated selection (30.871583ms)
✔ both explicit APIs are validated before the first read or mutation (29.289167ms)
✔ actual pre-selection state must be ICount and valid; no implicit wall conversion (0.776042ms)
✔ explicit selection reads stored state, sets once, reads actual result, and never resets mode/time on resume (8.418458ms)
✔ setter/read exceptions and changed time or wrong actual divider refuse without retry/fallback (384.632292ms)
✔ receipt is immutable history, returns independent scalar-only copies, and never rereads live state (0.521334ms)
✔ loader validates before its first fetch and selects after restore branches but before execution (596.952167ms)
✔ desktop query preserves omission versus exact raw string, including invalid empty input (235.672542ms)
✔ raw divider boot data and real lifecycle receipt traverse the paired worker protocol (989.674333ms)
✔ only 4096/16384 numbers and exact decimal strings validate; omission alone is undefined (2.011ms)
✔ omission never touches cache APIs or overrides an already configured machine (1.033375ms)
✔ same-size selection only reads actual capacity; changed size calls strict numeric setter and verifies (255.025125ms)
✔ both APIs are required before any read/mutation, including explicit same-size selection (17.822ms)
✔ malformed actual capacities and wrong post-set capacity fail closed without retry or echoed success (0.918125ms)
✔ actual loader preflight rejects malformed options before fetch/restore/construction/execution (677.600167ms)
✔ cold/stored/Alpine/initramfs restore branches apply after restoration but before actual first pump (1213.484666ms)
✔ missing API or wrong actual capacity after a cold/stored restore never enters the pump or JIT fallback (1391.708458ms)
✔ actual desktop options preserve exact raw query values, including omission and malformed empty strings (851.571708ms)
✖ real page host plus linked worker protocol clone raw boot option and forward actual capacity through existing jitStats (2191.1335ms)
✔ real worker boot rejects malformed input, missing methods and wrong actual capacity before execution (47.079125ms)
✔ admission probe omission/false never accesses the machine; invalid values fail without coercion (123.414084ms)
✔ explicit probe checks real JIT, arms once, then verifies actual enabled state (53.275083ms)
✔ missing API, missing JIT and refused enablement fail closed (5.832458ms)
✔ actual loader rejects malformed/non-JIT probe options before asset fetch (354.580708ms)
✔ actual loader arms only after all restores and before the first run, with no mutation RPC (2.501708ms)
✔ Omarchy page opts in only through the literal diagnostic query value 1 (233.412042ms)
✔ cold recycling omission/false never accesses the machine; invalid values are not coerced (1.513916ms)
✔ explicit recycling verifies the actual executor and enabled report without implicit JIT (1.633791ms)
✔ local-origin gate accepts only the requested loopback origins (62.69875ms)
✔ loader has a default-off strict selection gate before any asset fetch (404.110291ms)
✔ loader applies recycling after restore and before execution, with no controller mutation RPC (25.132334ms)
✔ Omarchy selects recycling only for literal 1 on a loopback origin (122.590833ms)
✔ freshDesktop rejects a missing RAM/delta pair instead of cold-falling back (751.05725ms)
✔ Omarchy production resolution rejects a missing or malformed immutable descriptor (14.286334ms)
✔ Omarchy immutable chunk manifest hash mismatch fails closed (15.321125ms)
✔ Omarchy hashes corrupt raw manifest bytes before decoding (27.376125ms)
✔ Omarchy rejects a BOM even when the decoded manifest text is equivalent (31.3375ms)
✔ Omarchy validates an explicitly empty manifest base instead of falling back (15.660958ms)
✔ Omarchy uses the descriptor for persistent and noSnapshot diagnostics (17.300708ms)
✔ Alpine-style chunked caller remains on its explicit imageManifestUrl (1.140584ms)
✔ freshDesktop rejects an overlay-delta integrity mismatch instead of cold-falling back (12.609542ms)
✔ freshDesktop rejects a RAM snapshot coherence mismatch instead of cold-falling back (17.233875ms)
✔ freshDesktop rejects RAM snapshot fetch and integrity failures instead of cold-falling back (20.403ms)
✔ freshDesktop rejects persistent mode before any asset fetch (1.803167ms)
✔ persistent caller reaches the persistent constructor branch (runtime sentinel) (1.955ms)
ℹ tests 71
ℹ suites 0
ℹ pass 70
ℹ fail 0
ℹ cancelled 1
ℹ skipped 0
ℹ todo 0
ℹ duration_ms 69836.578541

✖ failing tests:

test at web/tests/e5-t26k-decoded-cache.test.mjs:189:1
✖ real page host plus linked worker protocol clone raw boot option and forward actual capacity through existing jitStats (2191.1335ms)
  'test timed out after 2000ms'
