✔ prewarm sync proof rejects cross-TTY marker evidence (132.935875ms)
✔ prewarm clear proof requires a new real frame and focused Foot (0.254959ms)
✔ post-marker presentation helper rejects typing frames (15546.500125ms)
✔ candidate mode is explicitly local-only and hash-bound (44.050458ms)
✔ renderer proof binds current Hyprland PID and instance before physical input (118.023875ms)
✔ LP0 is configuration-only evidence and is checked before physical input (0.582166ms)
✔ actual built recording covers served resources and pre-send RPCs, even timed-out ones (2.190958ms)
✔ renderer log parser accepts the real DEBUG suffix labels (129.764792ms)
✔ renderer log parser rejects wrong, missing, ambiguous, and misleading records (75.404958ms)
✔ nonce readback caps every guest RPC by the remaining 120-second deadline (88.409167ms)
✔ unlogged baseline worker evidence is explicitly weaker than a GL label (31.90175ms)
✔ harness-only cold local HTTP selftest serves kernel/chunks and refuses snapshot routes without a browser (20832.739292ms)
✔ harness-only actual cold orchestration inspects storage before app and returns after pair without input (886.674667ms)
✔ harness-only capture selects exact overlay when both overlay and snapshot databases exist (228.070625ms)
✔ harness-only cold progress TimeoutError is recorded before startup continues to mandatory desktop capture (15.785875ms)
✔ harness-only progress catch propagates non-Playwright errors and verify-mode timeouts (77.788583ms)
✔ harness-only final desktop TimeoutError remains fatal after a tolerated progress timeout (1.49625ms)
✔ harness-only screenshot helper forwards the supplied timeout and keeps the 20-second default (0.601625ms)
✔ trial is local, explicit, fixed-budget and does not accept renderer/timeout tuning (157.342292ms)
✔ arm URLs have exactly one policy difference and forbid inherited query tuning (2.239125ms)
✔ all four R3 source bindings and image layout must match (20.46825ms)
✔ actual runtime must match the selected arm with observer/timing off (232.592ms)
✔ deadline accounts for queue delay and rejects late completion without starting expired work (150.309666ms)
✔ real recorder retains physical-only writing, fixed deadlines, fresh presentation and owned shutdown (162.952125ms)
✔ all 1..1024 numbers and exact decimal strings validate; undefined alone omits (4.369416ms)
✔ invalid syntax, types, ranges and explicit incompatible modes refuse before machine access (45.886458ms)
✔ omission preserves the old mode call without divider/state reads or a fabricated selection (3.281166ms)
✔ both explicit APIs are validated before the first read or mutation (0.757833ms)
✔ actual pre-selection state must be ICount and valid; no implicit wall conversion (0.615625ms)
✔ explicit selection reads stored state, sets once, reads actual result, and never resets mode/time on resume (0.550333ms)
✔ setter/read exceptions and changed time or wrong actual divider refuse without retry/fallback (0.613042ms)
✔ receipt is immutable history, returns independent scalar-only copies, and never rereads live state (0.225917ms)
✔ loader validates before its first fetch and selects after restore branches but before execution (224.635375ms)
✔ desktop query preserves omission versus exact raw string, including invalid empty input (108.198375ms)
✔ raw divider boot data and real lifecycle receipt traverse the paired worker protocol (604.034333ms)
✔ only 4096/16384 numbers and exact decimal strings validate; omission alone is undefined (2.34275ms)
✔ omission never touches cache APIs or overrides an already configured machine (1.699042ms)
✔ same-size selection only reads actual capacity; changed size calls strict numeric setter and verifies (0.472583ms)
✔ both APIs are required before any read/mutation, including explicit same-size selection (21.802666ms)
✔ malformed actual capacities and wrong post-set capacity fail closed without retry or echoed success (43.908667ms)
✔ actual loader preflight rejects malformed options before fetch/restore/construction/execution (1144.239ms)
✔ cold/stored/Alpine/initramfs restore branches apply after restoration but before actual first pump (542.053666ms)
✔ missing API or wrong actual capacity after a cold/stored restore never enters the pump or JIT fallback (472.272875ms)
✔ actual desktop options preserve exact raw query values, including omission and malformed empty strings (273.950334ms)
✔ real page host plus linked worker protocol clone raw boot option and forward actual capacity through existing jitStats (1099.749708ms)
✔ real worker boot rejects malformed input, missing methods and wrong actual capacity before execution (10.617125ms)
✔ admission probe omission/false never accesses the machine; invalid values fail without coercion (76.287625ms)
✔ explicit probe checks real JIT, arms once, then verifies actual enabled state (1.011125ms)
✔ missing API, missing JIT and refused enablement fail closed (1.022417ms)
✔ actual loader rejects malformed/non-JIT probe options before asset fetch (672.489042ms)
✔ actual loader arms only after all restores and before the first run, with no mutation RPC (20.389083ms)
✔ Omarchy page opts in only through the literal diagnostic query value 1 (534.625708ms)
✔ cold recycling omission/false never accesses the machine; invalid values are not coerced (210.062458ms)
✔ explicit recycling verifies the actual executor and enabled report without implicit JIT (131.755042ms)
✔ local-origin gate accepts only the requested loopback origins (2.463ms)
✔ loader has a default-off strict selection gate before any asset fetch (330.592625ms)
✔ loader applies recycling after restore and before execution, with no controller mutation RPC (0.333833ms)
✔ Omarchy selects recycling only for literal 1 on a loopback origin (232.907ms)
✔ freshDesktop rejects a missing RAM/delta pair instead of cold-falling back (167.550792ms)
✔ Omarchy production resolution rejects a missing or malformed immutable descriptor (17.087333ms)
✔ Omarchy immutable chunk manifest hash mismatch fails closed (45.72725ms)
✔ Omarchy hashes corrupt raw manifest bytes before decoding (14.673209ms)
✔ Omarchy rejects a BOM even when the decoded manifest text is equivalent (3.28825ms)
✔ Omarchy validates an explicitly empty manifest base instead of falling back (44.964ms)
✔ Omarchy uses the descriptor for persistent and noSnapshot diagnostics (4.637417ms)
✔ Alpine-style chunked caller remains on its explicit imageManifestUrl (8.250042ms)
✔ freshDesktop rejects an overlay-delta integrity mismatch instead of cold-falling back (3.093708ms)
✔ freshDesktop rejects a RAM snapshot coherence mismatch instead of cold-falling back (65.723292ms)
✔ freshDesktop rejects RAM snapshot fetch and integrity failures instead of cold-falling back (122.104292ms)
✔ freshDesktop rejects persistent mode before any asset fetch (8.858416ms)
✔ persistent caller reaches the persistent constructor branch (runtime sentinel) (25.849542ms)
ℹ tests 71
ℹ suites 0
ℹ pass 71
ℹ fail 0
ℹ cancelled 0
ℹ skipped 0
ℹ todo 0
ℹ duration_ms 77696.494208
