cwd=/private/tmp/wasm-vm-t03k-cold.mMlM9W/repo
head=d68be8425cae6f8a921b2ecc85d757314a6b09d4
target=/private/tmp/wasm-vm-t03k-cold.mMlM9W/target
started_utc=2026-09-14T06:56:11Z
command: cargo test -p wasm-vm-core --lib --features trace cold_counter_recycling
   Compiling libc v0.2.186
   Compiling proc-macro2 v1.0.106
   Compiling quote v1.0.46
   Compiling unicode-ident v1.0.24
   Compiling cfg-if v1.0.4
   Compiling zerocopy v0.8.52
   Compiling serde_core v1.0.228
   Compiling getrandom v0.3.4
   Compiling version_check v0.9.5
   Compiling crossbeam-utils v0.8.21
   Compiling getrandom v0.4.3
   Compiling typenum v1.20.1
   Compiling rustix v1.1.4
   Compiling zmij v1.0.21
   Compiling bitflags v2.13.0
   Compiling autocfg v1.5.1
   Compiling serde v1.0.228
   Compiling either v1.16.0
   Compiling once_cell v1.21.4
   Compiling regex-syntax v0.8.11
   Compiling serde_json v1.0.150
   Compiling clap_lex v1.1.0
   Compiling fastrand v2.4.1
   Compiling rayon-core v1.13.0
   Compiling generic-array v0.14.7
   Compiling ciborium-io v0.2.2
   Compiling num-traits v0.2.19
   Compiling memchr v2.8.2
   Compiling itoa v1.0.18
   Compiling anstyle v1.0.14
   Compiling itertools v0.10.5
   Compiling bit-vec v0.8.0
   Compiling cast v0.3.0
   Compiling fnv v1.0.7
   Compiling rustc_apfloat v0.2.3+llvm-462a31f5a5ab
   Compiling quick-error v1.2.3
   Compiling same-file v1.0.6
   Compiling anes v0.1.6
   Compiling oorandom v11.1.5
   Compiling clap_builder v4.6.0
   Compiling unarray v0.1.4
   Compiling bit-set v0.8.0
   Compiling walkdir v2.5.0
   Compiling smallvec v1.15.2
   Compiling log v0.4.33
   Compiling crossbeam-epoch v0.9.18
   Compiling errno v0.3.14
   Compiling wait-timeout v0.2.1
   Compiling cpufeatures v0.2.17
   Compiling crossbeam-deque v0.8.6
   Compiling is-terminal v0.4.17
   Compiling syn v2.0.118
   Compiling rand_core v0.9.5
   Compiling rand_xorshift v0.4.0
   Compiling rand v0.9.4
   Compiling block-buffer v0.10.4
   Compiling crypto-common v0.1.7
   Compiling digest v0.10.7
   Compiling rayon v1.12.0
   Compiling sha2 v0.10.9
   Compiling criterion-plot v0.5.0
   Compiling regex-automata v0.4.14
   Compiling tempfile v3.27.0
   Compiling rusty-fork v0.3.1
   Compiling clap v4.6.1
   Compiling regex v1.12.4
   Compiling zerocopy-derive v0.8.52
   Compiling serde_derive v1.0.228
   Compiling tinytemplate v1.2.1
   Compiling half v2.7.1
   Compiling ppv-lite86 v0.2.21
   Compiling rand_chacha v0.9.0
   Compiling ciborium-ll v0.2.2
   Compiling proptest v1.11.0
   Compiling ciborium v0.2.2
   Compiling criterion v0.5.1
   Compiling wasm-vm-core v0.0.1 (/private/tmp/wasm-vm-t03k-cold.mMlM9W/repo/crates/core)
    Finished `test` profile [unoptimized + debuginfo] target(s) in 19m 45s
     Running unittests src/lib.rs (/private/tmp/wasm-vm-t03k-cold.mMlM9W/target/debug/deps/wasm_vm_core-90e3975c91217361)

running 7 tests
test dispatch::tests::cold_counter_recycling_saturating_lifetime_accounting_and_toggle ... ok
test dispatch::tests::cold_counter_recycling_preserves_decisions_fifo_priority_generation_and_observer ... ok
test dispatch::tests::cold_counter_recycling_disabled_parity_including_admission_observer ... ok
test tests::cold_counter_recycling_smc_stale_generation_and_live_byte_guards ... ok
test tests::cold_counter_recycling_preserves_compile_queue_cache_and_installed_sentinel ... ok
test tests::cold_counter_recycling_retired_trace_architecture_parity_varied_schedules ... ok
test dispatch::tests::cold_counter_recycling_finite_real_capacity_flood_then_hot_512 ... ok

test result: ok. 7 passed; 0 failed; 0 ignored; 0 measured; 345 filtered out; finished in 5.00s

exit_code=0
finished_utc=2026-09-14T07:16:05Z
