]3008;end=d3474562-5c8c-4a2f-bfb6-815d01da0d1b;exit=success\

__WVEND_mu2tlhvf0_0
]3008;end=8f3f45aa-4b25-499d-a71b-b15ddd177401;exit=success\]3008;start=f3d5acc2-ac06-4c6e-9ba5-6583adc47fcc;machineid=5abb4fe4a18644f197581438bd6ee2c7;user=omarchy;hostname=omarchy-demo;bootid=450d9a5f-1fc8-440a-9d2a-21bff69195d1;pid=00000000000000000174;type=shell;cwd=/home/omarchy\[?2004h[omarchy@omarchy-demo ~]$ 
]3008;end=b477822f-042a-4e93-823d-8f3f75996ed5;exit=success\
__WVEND_mu2tmuu22_75
]3008;end=612380b6-49a8-4b40-a461-affd4b4f70b8;exit=success\
__WVEND_mu2tmyk83_75
]3008;end=6cfb97c4-4a9e-44e8-a190-141673793064;exit=success\
__WVEND_mu2tn24v4_75
]3008;end=29592062-12ee-40ac-8d3b-df9b5fd7110a;exit=success\
__WVEND_mu2tn5qk5_75
]3008;end=b9db916e-12d5-48fd-8ad8-5c4ca0db4a28;exit=success\
__WVEND_mu2tn9eh6_75
]3008;end=066cd710-8e8c-43e8-8fe0-3f8c4e1727eb;exit=success\
__WVEND_mu2tnd3r7_75
]3008;end=22efbe28-6d98-46cd-b13e-72eb10abf605;exit=success\
__WVEND_mu2tngo28_75
]3008;end=bdbae9b3-4b46-4910-8bac-8ab2a1811e35;exit=success\
__WVEND_mu2tnkdq9_75
]3008;end=1560152e-72f0-4fc7-888e-a660ed491372;exit=success\
__WVEND_mu2tno0u10_75
]3008;end=2d634d69-76ba-43ff-b38b-3493edc15e68;exit=success\
__WVEND_mu2tnrno11_75
]3008;end=7886fa33-0d82-4c9f-9620-bbac065ec1b0;exit=success\
__WVEND_mu2tnva812_75
]3008;end=0ed0a2da-28c5-4e36-bd8a-3a8343b3e30b;exit=success\
__WVEND_mu2tnz0113_75
]3008;end=25285c92-02fc-45a0-945f-6af34e38a857;exit=success\
__WVEND_mu2to2pt14_75
]3008;end=39e7b2e2-16f1-4785-8042-f4a272130ad1;exit=success\
__WVEND_mu2to6fg15_75
]3008;end=2079b23c-ad50-467e-af82-6e26323ece56;exit=success\
__WVEND_mu2toa1o16_75
]3008;end=fd352df7-2632-420e-82d7-7ae1aa56a6c3;exit=success\
__WVEND_mu2todop17_75
]3008;end=f407a519-1d75-4a12-98f5-2a3ca06ab456;exit=success\
__WVEND_mu2tohdu18_75
]3008;end=b04be1b9-8fc8-4803-8be6-453337e30a96;exit=success\
__WVEND_mu2tol4i19_75
]3008;end=79c23fe7-c68b-4f5e-abf1-3f6ea64eacb7;exit=success\
__WVEND_mu2toowj20_75
]3008;end=55d7014a-db54-403a-84eb-12f47914b61d;exit=success\
__WVEND_mu2toslj21_75
]3008;end=b0641818-6cf6-4384-9026-5a7a72fc3b1a;exit=success\
__WVEND_mu2towbo22_75
]3008;end=d0ebd504-0c0f-49ff-b9ea-9cd731cc64e4;exit=success\
__WVEND_mu2tp05023_75
]3008;end=d28c1ab0-5114-4e58-9d05-70412ff21cfa;exit=success\
__WVEND_mu2tp3s724_75
]3008;end=fa6dc13b-e81a-4199-9923-5cfd8573f300;exit=success\
__WVEND_mu2tp7ck25_75
]3008;end=94345381-fb11-435f-b450-b680bb92d40c;exit=success\