Cloning into '/var/folders/nr/cyvk1qc14jj5c081vj1xts000000gn/T/wasm-vm-raw-equality-cold-n5cdx5ib/wasm-vm'...
done.
HEAD is now at 0e165928 proof: audit the recorded browser coverage envelope
bash tools/verify-virgl-raw-equality.sh

added 7 packages in 464ms
npm warn install-scripts 1 package has install scripts not yet covered by allowScripts:
npm warn install-scripts   fsevents@2.3.2 (install: (install scripts present))
npm warn install-scripts
npm warn install-scripts Run `npm install-scripts ls` to review, or `npm install-scripts approve <pkg>` to allow.
Resolving SDK version '4.0.22' to 'sdk-releases-bebaf7e50e31865b0724f17eaa52e161e2dfef5a-64bit'
Installing SDK 'sdk-releases-bebaf7e50e31865b0724f17eaa52e161e2dfef5a-64bit'..
Skipped installing node-22.16.0-64bit, already installed.
Skipped installing python-3.13.3-64bit, already installed.
Skipped installing releases-bebaf7e50e31865b0724f17eaa52e161e2dfef5a-64bit, already installed.
All SDK components already installed: 'sdk-releases-bebaf7e50e31865b0724f17eaa52e161e2dfef5a-64bit'.
Resolving SDK version '4.0.22' to 'sdk-releases-bebaf7e50e31865b0724f17eaa52e161e2dfef5a-64bit'
Setting the following tools as active:
   node-22.16.0-64bit
   python-3.13.3-64bit
   releases-bebaf7e50e31865b0724f17eaa52e161e2dfef5a-64bit

Next steps:
- To conveniently access emsdk tools from the command line,
  consider adding the following directories to your PATH:
    /Users/blamy/.cache/wasm-vm/emsdk/4.0.22
    /Users/blamy/.cache/wasm-vm/emsdk/4.0.22/upstream/emscripten
- This can be done for the current shell by running:
    source "/Users/blamy/.cache/wasm-vm/emsdk/4.0.22/emsdk_env.sh"
- Configure emsdk in your shell startup scripts by running:
    echo 'source "/Users/blamy/.cache/wasm-vm/emsdk/4.0.22/emsdk_env.sh"' >> $HOME/.zprofile
emcc (Emscripten gcc/clang-like replacement + linker emulating GNU ld) 4.0.22 (0f3d2e62bccf8e14497ff19e05a1202c51eb0c65)
Copyright (C) 2025 the Emscripten authors (see AUTHORS.txt)
This is free and open source software under the MIT license.
There is NO warranty; not even for MERCHANTABILITY or FITNESS FOR A PARTICULAR PURPOSE.

+ git rev-parse HEAD
0e165928553aed9d261cff0d4ba27b513876569b
+ python3 -m py_compile tools/virgl-raw-equality/cold.py tools/virgl-raw-equality/faults.py tools/virgl-raw-equality/generate_cases.py tools/virgl-raw-equality/native.py tools/virgl-raw-equality/native_receipt.py tools/virgl-raw-equality/receipt.py tools/virgl-raw-equality/shared.py tools/virgl-raw-equality/wasm_receipt.py
+ for file in renderer/virgl-command/constant-domain.mjs renderer/virgl-shader/tests/raw-equality.mjs renderer/virgl-shader/tests/raw-equality-oracle.mjs 'tools/virgl-raw-equality/*.mjs'
+ node --check renderer/virgl-command/constant-domain.mjs
+ for file in renderer/virgl-command/constant-domain.mjs renderer/virgl-shader/tests/raw-equality.mjs renderer/virgl-shader/tests/raw-equality-oracle.mjs 'tools/virgl-raw-equality/*.mjs'
+ node --check renderer/virgl-shader/tests/raw-equality.mjs
+ for file in renderer/virgl-command/constant-domain.mjs renderer/virgl-shader/tests/raw-equality.mjs renderer/virgl-shader/tests/raw-equality-oracle.mjs 'tools/virgl-raw-equality/*.mjs'
+ node --check renderer/virgl-shader/tests/raw-equality-oracle.mjs
+ for file in renderer/virgl-command/constant-domain.mjs renderer/virgl-shader/tests/raw-equality.mjs renderer/virgl-shader/tests/raw-equality-oracle.mjs 'tools/virgl-raw-equality/*.mjs'
+ node --check tools/virgl-raw-equality/browser.mjs
+ for file in renderer/virgl-command/constant-domain.mjs renderer/virgl-shader/tests/raw-equality.mjs renderer/virgl-shader/tests/raw-equality-oracle.mjs 'tools/virgl-raw-equality/*.mjs'
+ node --check tools/virgl-raw-equality/consumer.mjs
+ for file in renderer/virgl-command/constant-domain.mjs renderer/virgl-shader/tests/raw-equality.mjs renderer/virgl-shader/tests/raw-equality-oracle.mjs 'tools/virgl-raw-equality/*.mjs'
+ node --check tools/virgl-raw-equality/fault-wasm.mjs
+ for file in renderer/virgl-command/constant-domain.mjs renderer/virgl-shader/tests/raw-equality.mjs renderer/virgl-shader/tests/raw-equality-oracle.mjs 'tools/virgl-raw-equality/*.mjs'
+ node --check tools/virgl-raw-equality/float-masks-successor.mjs
+ for file in renderer/virgl-command/constant-domain.mjs renderer/virgl-shader/tests/raw-equality.mjs renderer/virgl-shader/tests/raw-equality-oracle.mjs 'tools/virgl-raw-equality/*.mjs'
+ node --check tools/virgl-raw-equality/integer-masks-successor.mjs
+ for file in renderer/virgl-command/constant-domain.mjs renderer/virgl-shader/tests/raw-equality.mjs renderer/virgl-shader/tests/raw-equality-oracle.mjs 'tools/virgl-raw-equality/*.mjs'
+ node --check tools/virgl-raw-equality/oracle.mjs
+ for file in renderer/virgl-command/constant-domain.mjs renderer/virgl-shader/tests/raw-equality.mjs renderer/virgl-shader/tests/raw-equality-oracle.mjs 'tools/virgl-raw-equality/*.mjs'
+ node --check tools/virgl-raw-equality/wasm.mjs
+ bash renderer/virgl-shader/build.sh guard-check
Pinned virglrenderer 1.3.0: 70 source/generated SHA-256 hashes match
+ bash renderer/virgl-shader/build.sh raw-equality-sanitize
Pinned virglrenderer 1.3.0: 70 source/generated SHA-256 hashes match
vendor/src/vrend/vrend_shader.c:4717:13: warning: 'sprintf' is deprecated: This function is provided for compatibility reasons only.  Due to security concerns inherent in the design of sprintf(3), it is highly recommended that you use snprintf(3) instead. [-Wdeprecated-declarations]
 4717 |             sprintf(arrayname, "[addr%d]", src->DimIndirect.Index);
      |             ^
/Applications/Xcode.app/Contents/Developer/Platforms/MacOSX.platform/Developer/SDKs/MacOSX.sdk/usr/include/_stdio.h:278:1: note: 'sprintf' has been explicitly marked deprecated here
  278 | __deprecated_msg("This function is provided for compatibility reasons only.  Due to security concerns inherent in the design of sprintf(3), it is highly recommended that you use snprintf(3) instead.")
      | ^
/Applications/Xcode.app/Contents/Developer/Platforms/MacOSX.platform/Developer/SDKs/MacOSX.sdk/usr/include/sys/cdefs.h:227:48: note: expanded from macro '__deprecated_msg'
  227 |         #define __deprecated_msg(_msg) __attribute__((__deprecated__(_msg)))
      |                                                       ^
vendor/src/vrend/vrend_shader.c:4719:13: warning: 'sprintf' is deprecated: This function is provided for compatibility reasons only.  Due to security concerns inherent in the design of sprintf(3), it is highly recommended that you use snprintf(3) instead. [-Wdeprecated-declarations]
 4719 |             sprintf(arrayname, "[%d]", src->Dimension.Index);
      |             ^
/Applications/Xcode.app/Contents/Developer/Platforms/MacOSX.platform/Developer/SDKs/MacOSX.sdk/usr/include/_stdio.h:278:1: note: 'sprintf' has been explicitly marked deprecated here
  278 | __deprecated_msg("This function is provided for compatibility reasons only.  Due to security concerns inherent in the design of sprintf(3), it is highly recommended that you use snprintf(3) instead.")
      | ^
/Applications/Xcode.app/Contents/Developer/Platforms/MacOSX.platform/Developer/SDKs/MacOSX.sdk/usr/include/sys/cdefs.h:227:48: note: expanded from macro '__deprecated_msg'
  227 |         #define __deprecated_msg(_msg) __attribute__((__deprecated__(_msg)))
      |                                                       ^
vendor/src/vrend/vrend_shader.c:7349:16: warning: 'sprintf' is deprecated: This function is provided for compatibility reasons only.  Due to security concerns inherent in the design of sprintf(3), it is highly recommended that you use snprintf(3) instead. [-Wdeprecated-declarations]
 7349 |                sprintf(prefix, "layout(location = %d)", ctx->outputs[i].sid);
      |                ^
/Applications/Xcode.app/Contents/Developer/Platforms/MacOSX.platform/Developer/SDKs/MacOSX.sdk/usr/include/_stdio.h:278:1: note: 'sprintf' has been explicitly marked deprecated here
  278 | __deprecated_msg("This function is provided for compatibility reasons only.  Due to security concerns inherent in the design of sprintf(3), it is highly recommended that you use snprintf(3) instead.")
      | ^
/Applications/Xcode.app/Contents/Developer/Platforms/MacOSX.platform/Developer/SDKs/MacOSX.sdk/usr/include/sys/cdefs.h:227:48: note: expanded from macro '__deprecated_msg'
  227 |         #define __deprecated_msg(_msg) __attribute__((__deprecated__(_msg)))
      |                                                       ^
3 warnings generated.
+ python3 tools/virgl-raw-equality/native.py --binary renderer/virgl-shader/build/raw-equality-sanitize/raw-equality-test --output /var/folders/nr/cyvk1qc14jj5c081vj1xts000000gn/T/wasm-vm-raw-equality-cold-n5cdx5ib/wasm-vm/target/evidence/virgl-raw-equality-cold/native
{"status": "passed", "originals": 19, "acceptedOriginals": 12, "cases": 4152, "pairs": 298, "calls": 602100, "standaloneRecoveries": 306348, "pairRecoveries": 284466, "truncations": 2353, "hostileCases": 324, "mutations": 4096, "allocationFaults": 16, "maxSingleResultBytes": 63369, "maxPairResultBytes": 109235, "report": "/var/folders/nr/cyvk1qc14jj5c081vj1xts000000gn/T/wasm-vm-raw-equality-cold-n5cdx5ib/wasm-vm/target/evidence/virgl-raw-equality-cold/native/native-report.json"}
+ bash renderer/virgl-shader/build.sh wasm
Pinned virglrenderer 1.3.0: 70 source/generated SHA-256 hashes match
+ node tools/virgl-raw-equality/wasm.mjs --native /var/folders/nr/cyvk1qc14jj5c081vj1xts000000gn/T/wasm-vm-raw-equality-cold-n5cdx5ib/wasm-vm/target/evidence/virgl-raw-equality-cold/native/native-report.json --output /var/folders/nr/cyvk1qc14jj5c081vj1xts000000gn/T/wasm-vm-raw-equality-cold-n5cdx5ib/wasm-vm/target/evidence/virgl-raw-equality-cold/wasm
{"status":"passed","counts":{"calls":14241,"originals":19,"singles":4152,"pairs":298,"recoverySingles":5012,"recoveryPairs":4654,"stress":64,"pressure":33},"report":"/var/folders/nr/cyvk1qc14jj5c081vj1xts000000gn/T/wasm-vm-raw-equality-cold-n5cdx5ib/wasm-vm/target/evidence/virgl-raw-equality-cold/wasm/report.json"}
+ NODE_V8_COVERAGE=/var/folders/nr/cyvk1qc14jj5c081vj1xts000000gn/T/wasm-vm-raw-equality-cold-n5cdx5ib/wasm-vm/target/evidence/virgl-raw-equality-cold/consumer/v8
+ node tools/virgl-raw-equality/consumer.mjs --native /var/folders/nr/cyvk1qc14jj5c081vj1xts000000gn/T/wasm-vm-raw-equality-cold-n5cdx5ib/wasm-vm/target/evidence/virgl-raw-equality-cold/native/native-report.json --output /var/folders/nr/cyvk1qc14jj5c081vj1xts000000gn/T/wasm-vm-raw-equality-cold-n5cdx5ib/wasm-vm/target/evidence/virgl-raw-equality-cold/consumer
constant obligation checks 2535 getters 0
+ node tools/virgl-raw-equality/integer-masks-successor.mjs --output /var/folders/nr/cyvk1qc14jj5c081vj1xts000000gn/T/wasm-vm-raw-equality-cold-n5cdx5ib/wasm-vm/target/evidence/virgl-raw-equality-cold/integer
E6-T12f1 retained integer GPU leaf: 377 authored cases;12/19 unchanged originals;704 exact words;direct finite UCMP;18 mixed backend pixel draws;fixed16MiB stress passed.
+ node tools/virgl-raw-equality/float-masks-successor.mjs --output /var/folders/nr/cyvk1qc14jj5c081vj1xts000000gn/T/wasm-vm-raw-equality-cold-n5cdx5ib/wasm-vm/target/evidence/virgl-raw-equality-cold/float
E6-T12f1 retained ordered GPU leaf: 396 authored cases;12/19 unchanged originals;768 exact words;finite ordered selections;38 mixed backend pixel draws;fixed16MiB stress passed.
+ node tools/virgl-raw-equality/browser.mjs --output /var/folders/nr/cyvk1qc14jj5c081vj1xts000000gn/T/wasm-vm-raw-equality-cold-n5cdx5ib/wasm-vm/target/evidence/virgl-raw-equality-cold/gpu
640 exact equality words; 8 unchanged migrated shader bodies rendered.
+ node tools/virgl-raw-equality/oracle.mjs
+ python3 tools/virgl-raw-equality/faults.py --output /var/folders/nr/cyvk1qc14jj5c081vj1xts000000gn/T/wasm-vm-raw-equality-cold-n5cdx5ib/wasm-vm/target/evidence/virgl-raw-equality-cold/fault-artifacts
built five real source faults and native/Wasm parity
+ for mode in nan-guard zero-sign ne-complement mask-one
+ node tools/virgl-raw-equality/browser.mjs --output /var/folders/nr/cyvk1qc14jj5c081vj1xts000000gn/T/wasm-vm-raw-equality-cold-n5cdx5ib/wasm-vm/target/evidence/virgl-raw-equality-cold/fault-nan-guard --fault nan-guard --fault-artifacts /var/folders/nr/cyvk1qc14jj5c081vj1xts000000gn/T/wasm-vm-raw-equality-cold-n5cdx5ib/wasm-vm/target/evidence/virgl-raw-equality-cold/fault-artifacts
fatal: ../../../../../../../../var/folders/nr/cyvk1qc14jj5c081vj1xts000000gn/T/wasm-vm-raw-equality-cold-n5cdx5ib/wasm-vm/target/evidence/virgl-raw-equality-cold/fault-artifacts/nan-guard/fault.wasm: '../../../../../../../../var/folders/nr/cyvk1qc14jj5c081vj1xts000000gn/T/wasm-vm-raw-equality-cold-n5cdx5ib/wasm-vm/target/evidence/virgl-raw-equality-cold/fault-artifacts/nan-guard/fault.wasm' is outside repository at '/private/var/folders/nr/cyvk1qc14jj5c081vj1xts000000gn/T/wasm-vm-raw-equality-cold-n5cdx5ib/wasm-vm'
node:internal/errors:986
  const err = new Error(message);
              ^

Error: Command failed: git status --porcelain -- renderer/virgl-shader tools/virgl-raw-equality/browser.mjs tools/lib/virgl-browser-runner.mjs ../../../../../../../../var/folders/nr/cyvk1qc14jj5c081vj1xts000000gn/T/wasm-vm-raw-equality-cold-n5cdx5ib/wasm-vm/target/evidence/virgl-raw-equality-cold/fault-artifacts/nan-guard/fault.wasm
fatal: ../../../../../../../../var/folders/nr/cyvk1qc14jj5c081vj1xts000000gn/T/wasm-vm-raw-equality-cold-n5cdx5ib/wasm-vm/target/evidence/virgl-raw-equality-cold/fault-artifacts/nan-guard/fault.wasm: '../../../../../../../../var/folders/nr/cyvk1qc14jj5c081vj1xts000000gn/T/wasm-vm-raw-equality-cold-n5cdx5ib/wasm-vm/target/evidence/virgl-raw-equality-cold/fault-artifacts/nan-guard/fault.wasm' is outside repository at '/private/var/folders/nr/cyvk1qc14jj5c081vj1xts000000gn/T/wasm-vm-raw-equality-cold-n5cdx5ib/wasm-vm'

    at genericNodeError (node:internal/errors:986:15)
    at wrappedFn (node:internal/errors:540:14)
    at checkExecSyncError (node:child_process:942:11)
    at execFileSync (node:child_process:978:15)
    at runVirglBrowser (file:///private/var/folders/nr/cyvk1qc14jj5c081vj1xts000000gn/T/wasm-vm-raw-equality-cold-n5cdx5ib/wasm-vm/tools/lib/virgl-browser-runner.mjs:44:21)
    at async file:///private/var/folders/nr/cyvk1qc14jj5c081vj1xts000000gn/T/wasm-vm-raw-equality-cold-n5cdx5ib/wasm-vm/tools/virgl-raw-equality/browser.mjs:11:1 {
  status: 128,
  signal: null,
  output: [
    null,
    '',
    "fatal: ../../../../../../../../var/folders/nr/cyvk1qc14jj5c081vj1xts000000gn/T/wasm-vm-raw-equality-cold-n5cdx5ib/wasm-vm/target/evidence/virgl-raw-equality-cold/fault-artifacts/nan-guard/fault.wasm: '../../../../../../../../var/folders/nr/cyvk1qc14jj5c081vj1xts000000gn/T/wasm-vm-raw-equality-cold-n5cdx5ib/wasm-vm/target/evidence/virgl-raw-equality-cold/fault-artifacts/nan-guard/fault.wasm' is outside repository at '/private/var/folders/nr/cyvk1qc14jj5c081vj1xts000000gn/T/wasm-vm-raw-equality-cold-n5cdx5ib/wasm-vm'\n"
  ],
  pid: 79954,
  stdout: '',
  stderr: "fatal: ../../../../../../../../var/folders/nr/cyvk1qc14jj5c081vj1xts000000gn/T/wasm-vm-raw-equality-cold-n5cdx5ib/wasm-vm/target/evidence/virgl-raw-equality-cold/fault-artifacts/nan-guard/fault.wasm: '../../../../../../../../var/folders/nr/cyvk1qc14jj5c081vj1xts000000gn/T/wasm-vm-raw-equality-cold-n5cdx5ib/wasm-vm/target/evidence/virgl-raw-equality-cold/fault-artifacts/nan-guard/fault.wasm' is outside repository at '/private/var/folders/nr/cyvk1qc14jj5c081vj1xts000000gn/T/wasm-vm-raw-equality-cold-n5cdx5ib/wasm-vm'\n"
}

Node.js v24.20.0
+ for mode in nan-guard zero-sign ne-complement mask-one
+ node tools/virgl-raw-equality/browser.mjs --output /var/folders/nr/cyvk1qc14jj5c081vj1xts000000gn/T/wasm-vm-raw-equality-cold-n5cdx5ib/wasm-vm/target/evidence/virgl-raw-equality-cold/fault-zero-sign --fault zero-sign --fault-artifacts /var/folders/nr/cyvk1qc14jj5c081vj1xts000000gn/T/wasm-vm-raw-equality-cold-n5cdx5ib/wasm-vm/target/evidence/virgl-raw-equality-cold/fault-artifacts
fatal: ../../../../../../../../var/folders/nr/cyvk1qc14jj5c081vj1xts000000gn/T/wasm-vm-raw-equality-cold-n5cdx5ib/wasm-vm/target/evidence/virgl-raw-equality-cold/fault-artifacts/zero-sign/fault.wasm: '../../../../../../../../var/folders/nr/cyvk1qc14jj5c081vj1xts000000gn/T/wasm-vm-raw-equality-cold-n5cdx5ib/wasm-vm/target/evidence/virgl-raw-equality-cold/fault-artifacts/zero-sign/fault.wasm' is outside repository at '/private/var/folders/nr/cyvk1qc14jj5c081vj1xts000000gn/T/wasm-vm-raw-equality-cold-n5cdx5ib/wasm-vm'
node:internal/errors:986
  const err = new Error(message);
              ^

Error: Command failed: git status --porcelain -- renderer/virgl-shader tools/virgl-raw-equality/browser.mjs tools/lib/virgl-browser-runner.mjs ../../../../../../../../var/folders/nr/cyvk1qc14jj5c081vj1xts000000gn/T/wasm-vm-raw-equality-cold-n5cdx5ib/wasm-vm/target/evidence/virgl-raw-equality-cold/fault-artifacts/zero-sign/fault.wasm
fatal: ../../../../../../../../var/folders/nr/cyvk1qc14jj5c081vj1xts000000gn/T/wasm-vm-raw-equality-cold-n5cdx5ib/wasm-vm/target/evidence/virgl-raw-equality-cold/fault-artifacts/zero-sign/fault.wasm: '../../../../../../../../var/folders/nr/cyvk1qc14jj5c081vj1xts000000gn/T/wasm-vm-raw-equality-cold-n5cdx5ib/wasm-vm/target/evidence/virgl-raw-equality-cold/fault-artifacts/zero-sign/fault.wasm' is outside repository at '/private/var/folders/nr/cyvk1qc14jj5c081vj1xts000000gn/T/wasm-vm-raw-equality-cold-n5cdx5ib/wasm-vm'

    at genericNodeError (node:internal/errors:986:15)
    at wrappedFn (node:internal/errors:540:14)
    at checkExecSyncError (node:child_process:942:11)
    at execFileSync (node:child_process:978:15)
    at runVirglBrowser (file:///private/var/folders/nr/cyvk1qc14jj5c081vj1xts000000gn/T/wasm-vm-raw-equality-cold-n5cdx5ib/wasm-vm/tools/lib/virgl-browser-runner.mjs:44:21)
    at async file:///private/var/folders/nr/cyvk1qc14jj5c081vj1xts000000gn/T/wasm-vm-raw-equality-cold-n5cdx5ib/wasm-vm/tools/virgl-raw-equality/browser.mjs:11:1 {
  status: 128,
  signal: null,
  output: [
    null,
    '',
    "fatal: ../../../../../../../../var/folders/nr/cyvk1qc14jj5c081vj1xts000000gn/T/wasm-vm-raw-equality-cold-n5cdx5ib/wasm-vm/target/evidence/virgl-raw-equality-cold/fault-artifacts/zero-sign/fault.wasm: '../../../../../../../../var/folders/nr/cyvk1qc14jj5c081vj1xts000000gn/T/wasm-vm-raw-equality-cold-n5cdx5ib/wasm-vm/target/evidence/virgl-raw-equality-cold/fault-artifacts/zero-sign/fault.wasm' is outside repository at '/private/var/folders/nr/cyvk1qc14jj5c081vj1xts000000gn/T/wasm-vm-raw-equality-cold-n5cdx5ib/wasm-vm'\n"
  ],
  pid: 79965,
  stdout: '',
  stderr: "fatal: ../../../../../../../../var/folders/nr/cyvk1qc14jj5c081vj1xts000000gn/T/wasm-vm-raw-equality-cold-n5cdx5ib/wasm-vm/target/evidence/virgl-raw-equality-cold/fault-artifacts/zero-sign/fault.wasm: '../../../../../../../../var/folders/nr/cyvk1qc14jj5c081vj1xts000000gn/T/wasm-vm-raw-equality-cold-n5cdx5ib/wasm-vm/target/evidence/virgl-raw-equality-cold/fault-artifacts/zero-sign/fault.wasm' is outside repository at '/private/var/folders/nr/cyvk1qc14jj5c081vj1xts000000gn/T/wasm-vm-raw-equality-cold-n5cdx5ib/wasm-vm'\n"
}

Node.js v24.20.0
+ for mode in nan-guard zero-sign ne-complement mask-one
+ node tools/virgl-raw-equality/browser.mjs --output /var/folders/nr/cyvk1qc14jj5c081vj1xts000000gn/T/wasm-vm-raw-equality-cold-n5cdx5ib/wasm-vm/target/evidence/virgl-raw-equality-cold/fault-ne-complement --fault ne-complement --fault-artifacts /var/folders/nr/cyvk1qc14jj5c081vj1xts000000gn/T/wasm-vm-raw-equality-cold-n5cdx5ib/wasm-vm/target/evidence/virgl-raw-equality-cold/fault-artifacts
fatal: ../../../../../../../../var/folders/nr/cyvk1qc14jj5c081vj1xts000000gn/T/wasm-vm-raw-equality-cold-n5cdx5ib/wasm-vm/target/evidence/virgl-raw-equality-cold/fault-artifacts/ne-complement/fault.wasm: '../../../../../../../../var/folders/nr/cyvk1qc14jj5c081vj1xts000000gn/T/wasm-vm-raw-equality-cold-n5cdx5ib/wasm-vm/target/evidence/virgl-raw-equality-cold/fault-artifacts/ne-complement/fault.wasm' is outside repository at '/private/var/folders/nr/cyvk1qc14jj5c081vj1xts000000gn/T/wasm-vm-raw-equality-cold-n5cdx5ib/wasm-vm'
node:internal/errors:986
  const err = new Error(message);
              ^

Error: Command failed: git status --porcelain -- renderer/virgl-shader tools/virgl-raw-equality/browser.mjs tools/lib/virgl-browser-runner.mjs ../../../../../../../../var/folders/nr/cyvk1qc14jj5c081vj1xts000000gn/T/wasm-vm-raw-equality-cold-n5cdx5ib/wasm-vm/target/evidence/virgl-raw-equality-cold/fault-artifacts/ne-complement/fault.wasm
fatal: ../../../../../../../../var/folders/nr/cyvk1qc14jj5c081vj1xts000000gn/T/wasm-vm-raw-equality-cold-n5cdx5ib/wasm-vm/target/evidence/virgl-raw-equality-cold/fault-artifacts/ne-complement/fault.wasm: '../../../../../../../../var/folders/nr/cyvk1qc14jj5c081vj1xts000000gn/T/wasm-vm-raw-equality-cold-n5cdx5ib/wasm-vm/target/evidence/virgl-raw-equality-cold/fault-artifacts/ne-complement/fault.wasm' is outside repository at '/private/var/folders/nr/cyvk1qc14jj5c081vj1xts000000gn/T/wasm-vm-raw-equality-cold-n5cdx5ib/wasm-vm'

    at genericNodeError (node:internal/errors:986:15)
    at wrappedFn (node:internal/errors:540:14)
    at checkExecSyncError (node:child_process:942:11)
    at execFileSync (node:child_process:978:15)
    at runVirglBrowser (file:///private/var/folders/nr/cyvk1qc14jj5c081vj1xts000000gn/T/wasm-vm-raw-equality-cold-n5cdx5ib/wasm-vm/tools/lib/virgl-browser-runner.mjs:44:21)
    at async file:///private/var/folders/nr/cyvk1qc14jj5c081vj1xts000000gn/T/wasm-vm-raw-equality-cold-n5cdx5ib/wasm-vm/tools/virgl-raw-equality/browser.mjs:11:1 {
  status: 128,
  signal: null,
  output: [
    null,
    '',
    "fatal: ../../../../../../../../var/folders/nr/cyvk1qc14jj5c081vj1xts000000gn/T/wasm-vm-raw-equality-cold-n5cdx5ib/wasm-vm/target/evidence/virgl-raw-equality-cold/fault-artifacts/ne-complement/fault.wasm: '../../../../../../../../var/folders/nr/cyvk1qc14jj5c081vj1xts000000gn/T/wasm-vm-raw-equality-cold-n5cdx5ib/wasm-vm/target/evidence/virgl-raw-equality-cold/fault-artifacts/ne-complement/fault.wasm' is outside repository at '/private/var/folders/nr/cyvk1qc14jj5c081vj1xts000000gn/T/wasm-vm-raw-equality-cold-n5cdx5ib/wasm-vm'\n"
  ],
  pid: 79976,
  stdout: '',
  stderr: "fatal: ../../../../../../../../var/folders/nr/cyvk1qc14jj5c081vj1xts000000gn/T/wasm-vm-raw-equality-cold-n5cdx5ib/wasm-vm/target/evidence/virgl-raw-equality-cold/fault-artifacts/ne-complement/fault.wasm: '../../../../../../../../var/folders/nr/cyvk1qc14jj5c081vj1xts000000gn/T/wasm-vm-raw-equality-cold-n5cdx5ib/wasm-vm/target/evidence/virgl-raw-equality-cold/fault-artifacts/ne-complement/fault.wasm' is outside repository at '/private/var/folders/nr/cyvk1qc14jj5c081vj1xts000000gn/T/wasm-vm-raw-equality-cold-n5cdx5ib/wasm-vm'\n"
}

Node.js v24.20.0
+ for mode in nan-guard zero-sign ne-complement mask-one
+ node tools/virgl-raw-equality/browser.mjs --output /var/folders/nr/cyvk1qc14jj5c081vj1xts000000gn/T/wasm-vm-raw-equality-cold-n5cdx5ib/wasm-vm/target/evidence/virgl-raw-equality-cold/fault-mask-one --fault mask-one --fault-artifacts /var/folders/nr/cyvk1qc14jj5c081vj1xts000000gn/T/wasm-vm-raw-equality-cold-n5cdx5ib/wasm-vm/target/evidence/virgl-raw-equality-cold/fault-artifacts
fatal: ../../../../../../../../var/folders/nr/cyvk1qc14jj5c081vj1xts000000gn/T/wasm-vm-raw-equality-cold-n5cdx5ib/wasm-vm/target/evidence/virgl-raw-equality-cold/fault-artifacts/mask-one/fault.wasm: '../../../../../../../../var/folders/nr/cyvk1qc14jj5c081vj1xts000000gn/T/wasm-vm-raw-equality-cold-n5cdx5ib/wasm-vm/target/evidence/virgl-raw-equality-cold/fault-artifacts/mask-one/fault.wasm' is outside repository at '/private/var/folders/nr/cyvk1qc14jj5c081vj1xts000000gn/T/wasm-vm-raw-equality-cold-n5cdx5ib/wasm-vm'
node:internal/errors:986
  const err = new Error(message);
              ^

Error: Command failed: git status --porcelain -- renderer/virgl-shader tools/virgl-raw-equality/browser.mjs tools/lib/virgl-browser-runner.mjs ../../../../../../../../var/folders/nr/cyvk1qc14jj5c081vj1xts000000gn/T/wasm-vm-raw-equality-cold-n5cdx5ib/wasm-vm/target/evidence/virgl-raw-equality-cold/fault-artifacts/mask-one/fault.wasm
fatal: ../../../../../../../../var/folders/nr/cyvk1qc14jj5c081vj1xts000000gn/T/wasm-vm-raw-equality-cold-n5cdx5ib/wasm-vm/target/evidence/virgl-raw-equality-cold/fault-artifacts/mask-one/fault.wasm: '../../../../../../../../var/folders/nr/cyvk1qc14jj5c081vj1xts000000gn/T/wasm-vm-raw-equality-cold-n5cdx5ib/wasm-vm/target/evidence/virgl-raw-equality-cold/fault-artifacts/mask-one/fault.wasm' is outside repository at '/private/var/folders/nr/cyvk1qc14jj5c081vj1xts000000gn/T/wasm-vm-raw-equality-cold-n5cdx5ib/wasm-vm'

    at genericNodeError (node:internal/errors:986:15)
    at wrappedFn (node:internal/errors:540:14)
    at checkExecSyncError (node:child_process:942:11)
    at execFileSync (node:child_process:978:15)
    at runVirglBrowser (file:///private/var/folders/nr/cyvk1qc14jj5c081vj1xts000000gn/T/wasm-vm-raw-equality-cold-n5cdx5ib/wasm-vm/tools/lib/virgl-browser-runner.mjs:44:21)
    at async file:///private/var/folders/nr/cyvk1qc14jj5c081vj1xts000000gn/T/wasm-vm-raw-equality-cold-n5cdx5ib/wasm-vm/tools/virgl-raw-equality/browser.mjs:11:1 {
  status: 128,
  signal: null,
  output: [
    null,
    '',
    "fatal: ../../../../../../../../var/folders/nr/cyvk1qc14jj5c081vj1xts000000gn/T/wasm-vm-raw-equality-cold-n5cdx5ib/wasm-vm/target/evidence/virgl-raw-equality-cold/fault-artifacts/mask-one/fault.wasm: '../../../../../../../../var/folders/nr/cyvk1qc14jj5c081vj1xts000000gn/T/wasm-vm-raw-equality-cold-n5cdx5ib/wasm-vm/target/evidence/virgl-raw-equality-cold/fault-artifacts/mask-one/fault.wasm' is outside repository at '/private/var/folders/nr/cyvk1qc14jj5c081vj1xts000000gn/T/wasm-vm-raw-equality-cold-n5cdx5ib/wasm-vm'\n"
  ],
  pid: 79987,
  stdout: '',
  stderr: "fatal: ../../../../../../../../var/folders/nr/cyvk1qc14jj5c081vj1xts000000gn/T/wasm-vm-raw-equality-cold-n5cdx5ib/wasm-vm/target/evidence/virgl-raw-equality-cold/fault-artifacts/mask-one/fault.wasm: '../../../../../../../../var/folders/nr/cyvk1qc14jj5c081vj1xts000000gn/T/wasm-vm-raw-equality-cold-n5cdx5ib/wasm-vm/target/evidence/virgl-raw-equality-cold/fault-artifacts/mask-one/fault.wasm' is outside repository at '/private/var/folders/nr/cyvk1qc14jj5c081vj1xts000000gn/T/wasm-vm-raw-equality-cold-n5cdx5ib/wasm-vm'\n"
}

Node.js v24.20.0
+ python3 tools/virgl-raw-equality/receipt.py /var/folders/nr/cyvk1qc14jj5c081vj1xts000000gn/T/wasm-vm-raw-equality-cold-n5cdx5ib/wasm-vm/target/evidence/virgl-raw-equality-cold
Traceback (most recent call last):
  File "/private/var/folders/nr/cyvk1qc14jj5c081vj1xts000000gn/T/wasm-vm-raw-equality-cold-n5cdx5ib/wasm-vm/tools/virgl-raw-equality/receipt.py", line 136, in <module>
    output=Path(sys.argv[1]).resolve();report=verify(output,git('rev-parse','HEAD').decode().strip());(output/'receipt.json').write_text(json.dumps(report,indent=2)+'\n');print('E6-T12f1 recorded native/Wasm/GPU equality proof passed.')
  File "/private/var/folders/nr/cyvk1qc14jj5c081vj1xts000000gn/T/wasm-vm-raw-equality-cold-n5cdx5ib/wasm-vm/tools/virgl-raw-equality/receipt.py", line 112, in verify
    r=browser_envelope(output/('fault-'+mode),head,base,rec)
  File "/private/var/folders/nr/cyvk1qc14jj5c081vj1xts000000gn/T/wasm-vm-raw-equality-cold-n5cdx5ib/wasm-vm/tools/virgl-raw-equality/receipt.py", line 14, in browser_envelope
    directory=Path(directory);r=read(directory/'report.json')
  File "/private/var/folders/nr/cyvk1qc14jj5c081vj1xts000000gn/T/wasm-vm-raw-equality-cold-n5cdx5ib/wasm-vm/tools/virgl-raw-equality/shared.py", line 10, in read
    def read(path):return json.loads(Path(path).read_bytes())
  File "/Applications/Xcode.app/Contents/Developer/Library/Frameworks/Python3.framework/Versions/3.9/lib/python3.9/pathlib.py", line 1249, in read_bytes
    with self.open(mode='rb') as f:
  File "/Applications/Xcode.app/Contents/Developer/Library/Frameworks/Python3.framework/Versions/3.9/lib/python3.9/pathlib.py", line 1242, in open
    return io.open(self, mode, buffering, encoding, errors, newline,
  File "/Applications/Xcode.app/Contents/Developer/Library/Frameworks/Python3.framework/Versions/3.9/lib/python3.9/pathlib.py", line 1110, in _opener
    return self._accessor.open(self, flags, mode)
FileNotFoundError: [Errno 2] No such file or directory: '/private/var/folders/nr/cyvk1qc14jj5c081vj1xts000000gn/T/wasm-vm-raw-equality-cold-n5cdx5ib/wasm-vm/target/evidence/virgl-raw-equality-cold/fault-nan-guard/report.json'
make: *** [verify-E6-T12f1] Error 1
