   Compiling libc v0.2.186
   Compiling proc-macro2 v1.0.106
   Compiling unicode-ident v1.0.24
   Compiling quote v1.0.46
   Compiling cfg-if v1.0.4
   Compiling zerocopy v0.8.52
   Compiling version_check v0.9.5
   Compiling serde_core v1.0.228
   Compiling getrandom v0.3.4
   Compiling crossbeam-utils v0.8.21
   Compiling bitflags v2.13.0
   Compiling typenum v1.20.1
   Compiling rustix v1.1.4
   Compiling zmij v1.0.21
   Compiling serde v1.0.228
   Compiling getrandom v0.4.3
   Compiling autocfg v1.5.1
   Compiling regex-syntax v0.8.11
   Compiling serde_json v1.0.150
   Compiling generic-array v0.14.7
   Compiling once_cell v1.21.4
   Compiling num-traits v0.2.19
   Compiling either v1.16.0
   Compiling ciborium-io v0.2.2
   Compiling itoa v1.0.18
   Compiling rayon-core v1.13.0
   Compiling memchr v2.8.2
   Compiling anstyle v1.0.14
   Compiling fastrand v2.4.1
   Compiling clap_lex v1.1.0
   Compiling clap_builder v4.6.0
   Compiling itertools v0.10.5
   Compiling fnv v1.0.7
   Compiling regex-automata v0.4.14
   Compiling crossbeam-epoch v0.9.18
   Compiling quick-error v1.2.3
   Compiling bit-vec v0.8.0
   Compiling rustc_apfloat v0.2.3+llvm-462a31f5a5ab
   Compiling crossbeam-deque v0.8.6
   Compiling same-file v1.0.6
   Compiling cast v0.3.0
   Compiling syn v2.0.118
   Compiling walkdir v2.5.0
   Compiling criterion-plot v0.5.0
   Compiling regex v1.12.4
   Compiling clap v4.6.1
   Compiling bit-set v0.8.0
   Compiling smallvec v1.15.2
   Compiling anes v0.1.6
   Compiling oorandom v11.1.5
   Compiling unarray v0.1.4
   Compiling log v0.4.33
   Compiling errno v0.3.14
   Compiling wait-timeout v0.2.1
   Compiling is-terminal v0.4.17
   Compiling rand_core v0.9.5
   Compiling cpufeatures v0.2.17
   Compiling rand v0.9.4
   Compiling rand_xorshift v0.4.0
   Compiling block-buffer v0.10.4
   Compiling crypto-common v0.1.7
   Compiling digest v0.10.7
   Compiling sha2 v0.10.9
   Compiling tempfile v3.27.0
   Compiling rusty-fork v0.3.1
   Compiling rayon v1.12.0
   Compiling zerocopy-derive v0.8.52
   Compiling serde_derive v1.0.228
   Compiling tinytemplate v1.2.1
   Compiling half v2.7.1
   Compiling ppv-lite86 v0.2.21
   Compiling rand_chacha v0.9.0
   Compiling ciborium-ll v0.2.2
   Compiling proptest v1.11.0
   Compiling ciborium v0.2.2
   Compiling criterion v0.5.1
   Compiling wasm-vm-core v0.0.1 (/private/tmp/wasm-vm-snapshot-cold-heca12ne/repo/crates/core)
    Finished `test` profile [unoptimized + debuginfo] target(s) in 11.27s
     Running unittests src/lib.rs (target/debug/deps/wasm_vm_core-a59d5c538677c031)

running 17 tests
test resume::resume_tests::restore_decision_rejects_a_truncated_final_section ... ok
test resume::resume_tests::a_too_short_blob_is_truncated_not_a_panic ... ok
test resume::resume_tests::a_component_round_trips_through_the_container_format ... ok
test resume::resume_tests::a_bad_magic_is_rejected ... ok
test resume::resume_tests::the_coherence_guards_refuse_a_mismatch ... ok
test resume::resume_tests::a_version_mismatch_is_rejected ... ok
test resume::resume_tests::a_huge_zero_run_length_is_rejected_without_allocating ... ok
test resume::resume_tests::header_round_trips_and_sections_read_back_in_order ... ok
test resume::resume_tests::decode_sparse_rejects_malformed_payloads ... ok
test resume::resume_tests::an_unknown_section_fails_loudly ... ok
test resume::resume_tests::a_partial_trailing_section_header_is_truncated ... ok
test resume::resume_tests::a_section_length_past_the_end_is_rejected_not_over_read ... ok
test resume::resume_tests::a_reserved_but_unimplemented_section_is_refused_as_unsupported ... ok
test resume::resume_tests::zero_elision_round_trips_for_every_shape ... ok
test resume::resume_tests::a_mostly_zero_buffer_compresses_far_under_ram_size ... ok
test resume::resume_tests::decode_sparse_never_panics_on_random_input ... ok
test resume::resume_tests::the_parser_never_panics_on_any_truncation_or_flip ... ok

test result: ok. 17 passed; 0 failed; 0 ignored; 0 measured; 337 filtered out; finished in 0.02s

