
OpenSBI v1.1
   ____                    _____ ____ _____
  / __ \                  / ____|  _ \_   _|
 | |  | |_ __   ___ _ __ | (___ | |_) || |
 | |  | | '_ \ / _ \ '_ \ \___ \|  _ < | |
 | |__| | |_) |  __/ | | |____) | |_) || |_
  \____/| .__/ \___|_| |_|_____/|____/_____|
        | |
        |_|

Platform Name             : riscv-virtio,qemu
Platform Features         : medeleg
Platform HART Count       : 4
Platform IPI Device       : aclint-mswi
Platform Timer Device     : aclint-mtimer @ 10000000Hz
Platform Console Device   : uart8250
Platform HSM Device       : ---
Platform Reboot Device    : sifive_test
Platform Shutdown Device  : sifive_test
Firmware Base             : 0x80000000
Firmware Size             : 312 KB
Runtime SBI Version       : 1.0

Domain0 Name              : root
Domain0 Boot HART         : 0
Domain0 HARTs             : 0*,1*,2*,3*
Domain0 Region00          : 0x0000000002000000-0x000000000200ffff (I)
Domain0 Region01          : 0x0000000080000000-0x000000008007ffff ()
Domain0 Region02          : 0x0000000000000000-0xffffffffffffffff (R,W,X)
Domain0 Next Address      : 0x0000000080200000
Domain0 Next Arg1         : 0x00000000bfe00000
Domain0 Next Mode         : S-mode
Domain0 SysReset          : yes

Boot HART ID              : 0
Boot HART Domain          : root
Boot HART Priv Version    : v1.12
Boot HART Base ISA        : rv64imafdch
Boot HART ISA Extensions  : time,sstc
Boot HART PMP Count       : 16
Boot HART PMP Granularity : 4
Boot HART PMP Address Bits: 54
Boot HART MHPM Count      : 16
Boot HART MIDELEG         : 0x0000000000001666
Boot HART MEDELEG         : 0x0000000000f0b509
[    0.000000] Linux version 6.6.63 (wasmvm@wasmvm) (riscv64-linux-gnu-gcc (Debian 12.2.0-13) 12.2.0, GNU ld (GNU Binutils for Debian) 2.40) #1 SMP Thu Nov 14 2024
[    0.000000] random: crng init done
[    0.000000] Machine model: riscv-virtio,qemu
[    0.000000] SBI specification v1.0 detected
[    0.000000] SBI implementation ID=0x1 Version=0x10001
[    0.000000] SBI TIME extension detected
[    0.000000] SBI IPI extension detected
[    0.000000] SBI RFENCE extension detected
[    0.000000] SBI SRST extension detected
[    0.000000] efi: UEFI not found.
[    0.000000] OF: reserved mem: 0x0000000080000000..0x000000008007ffff (512 KiB) map non-reusable mmode_resv0@80000000
[    0.000000] Zone ranges:
[    0.000000]   DMA32    [mem 0x0000000080000000-0x00000000ffffffff]
[    0.000000]   Normal   empty
[    0.000000] Movable zone start for each node
[    0.000000] Early memory node ranges
[    0.000000]   node   0: [mem 0x0000000080000000-0x00000000ffffffff]
[    0.000000] Initmem setup node 0 [mem 0x0000000080000000-0x00000000ffffffff]
[    0.000000] SBI HSM extension detected
[    0.000000] Falling back to deprecated "riscv,isa"
[    0.000000] riscv: base ISA extensions acdfhim
[    0.000000] riscv: ELF capabilities acdfim
[    0.000000] percpu: Embedded 18 pages/cpu s42104 r0 d31624 u73728
[    0.000000] Kernel command line: root=/dev/vda rw console=ttyS0 init=/bin/bash
[    0.000000] Dentry cache hash table entries: 262144 (order: 9, 2097152 bytes, linear)
[    0.000000] Inode-cache hash table entries: 131072 (order: 8, 1048576 bytes, linear)
[    0.000000] Built 1 zonelists, mobility grouping on.  Total pages: 516096
[    0.000000] mem auto-init: stack:all(zero), heap alloc:off, heap free:off
[    0.000000] Virtual kernel memory layout:
[    0.000000]       fixmap : 0xff1bfffffea00000 - 0xff1bffffff000000   (6144 kB)
[    0.000000]       pci io : 0xff1bffffff000000 - 0xff1c000000000000   (  16 MB)
[    0.000000]      vmemmap : 0xff1c000000000000 - 0xff20000000000000   (1024 TB)
[    0.000000]      vmalloc : 0xff20000000000000 - 0xff60000000000000   (16384 TB)
[    0.000000]      modules : 0xffffffff0179e000 - 0xffffffff80000000   (2024 MB)
[    0.000000]       lowmem : 0xff60000000000000 - 0xff60000080000000   (2048 MB)
[    0.000000]       kernel : 0xffffffff80000000 - 0xffffffffffffffff   (2047 MB)
[    0.000000] Memory: 2019408K/2097152K available (10367K kernel code, 5056K rwdata, 4096K rodata, 2201K init, 539K bss, 77744K reserved, 0K cma-reserved)
[    0.000000] SLUB: HWalign=64, Order=0-3, MinObjects=0, CPUs=4, Nodes=1
[    0.000000] rcu: Hierarchical RCU implementation.
[    0.000000] rcu: 	RCU restricting CPUs from NR_CPUS=64 to nr_cpu_ids=4.
[    0.000000] rcu: 	RCU debug extended QS entry/exit.
[    0.000000] 	Tracing variant of Tasks RCU enabled.
[    0.000000] rcu: RCU calculated value of scheduler-enlistment delay is 25 jiffies.
[    0.000000] rcu: Adjusting geometry for rcu_fanout_leaf=16, nr_cpu_ids=4
[    0.000000] NR_IRQS: 64, nr_irqs: 64, preallocated irqs: 0
[    0.000000] riscv-intc: 64 local interrupts mapped
[    0.000000] plic: plic@c000000: mapped 96 interrupts with 4 handlers for 8 contexts.
[    0.000000] riscv: providing IPIs using SBI IPI extension
[    0.000000] rcu: srcu_init: Setting srcu_struct sizes based on contention.
[    0.000000] clocksource: riscv_clocksource: mask: 0xffffffffffffffff max_cycles: 0x24e6a1710, max_idle_ns: 440795202120 ns
[    0.000044] sched_clock: 64 bits at 10MHz, resolution 100ns, wraps every 4398046511100ns
[    0.000112] riscv-timer: Timer interrupt in S-mode is available via sstc extension
[    0.003076] Console: colour dummy device 80x25
[    0.003914] Calibrating delay loop (skipped), value calculated using timer frequency.. 20.00 BogoMIPS (lpj=40000)
[    0.003985] pid_max: default: 32768 minimum: 301
[    0.004567] LSM: initializing lsm=capability,integrity
[    0.007196] Mount-cache hash table entries: 4096 (order: 3, 32768 bytes, linear)
[    0.007216] Mountpoint-cache hash table entries: 4096 (order: 3, 32768 bytes, linear)
[    0.022887] RCU Tasks Trace: Setting shift to 2 and lim to 1 rcu_task_cb_adjust=1 rcu_task_cpu_ids=4.
[    0.023149] riscv: ELF compat mode supported
[    0.023321] ASID allocator using 16 bits (65536 entries)
[    0.023929] rcu: Hierarchical SRCU implementation.
[    0.023948] rcu: 	Max phase no-delay instances is 1000.
[    0.025079] EFI services will not be available.
[    0.026176] smp: Bringing up secondary CPUs ...
[    0.052374] cpu1: Ratio of byte access time to unaligned word access is 8.14, unaligned accesses are fast
[    0.085786] cpu2: Ratio of byte access time to unaligned word access is 7.42, unaligned accesses are fast
[    0.112655] cpu3: Ratio of byte access time to unaligned word access is 7.28, unaligned accesses are fast
[    0.113079] smp: Brought up 1 node, 4 CPUs
[    0.122775] devtmpfs: initialized
[    0.126531] clocksource: jiffies: mask: 0xffffffff max_cycles: 0xffffffff, max_idle_ns: 7645041785100000 ns
[    0.126637] futex hash table entries: 1024 (order: 4, 65536 bytes, linear)
[    0.127766] pinctrl core: initialized pinctrl subsystem
[    0.131168] NET: Registered PF_NETLINK/PF_ROUTE protocol family
[    0.133256] DMA: preallocated 256 KiB GFP_KERNEL pool for atomic allocations
[    0.133557] DMA: preallocated 256 KiB GFP_KERNEL|GFP_DMA32 pool for atomic allocations
[    0.133733] audit: initializing netlink subsys (disabled)
[    0.135001] audit: type=2000 audit(0.116:1): state=initialized audit_enabled=0 res=1
[    0.136392] thermal_sys: Registered thermal governor 'step_wise'
[    0.136722] cpuidle: using governor menu
[    0.162888] cpu0: Ratio of byte access time to unaligned word access is 7.71, unaligned accesses are fast
[    0.170230] HugeTLB: registered 2.00 MiB page size, pre-allocated 0 pages
[    0.170246] HugeTLB: 28 KiB vmemmap can be freed for a 2.00 MiB page
[    0.249081] raid6: int64x8  gen()  1086 MB/s
[    0.325389] raid6: int64x4  gen()  3383 MB/s
[    0.402548] raid6: int64x2  gen()  4647 MB/s
[    0.478977] raid6: int64x1  gen()  3911 MB/s
[    0.479025] raid6: using algorithm int64x2 gen() 4647 MB/s
[    0.555233] raid6: .... xor() 2506 MB/s, rmw enabled
[    0.555295] raid6: using intx1 recovery algorithm
[    0.556060] ACPI: Interpreter disabled.
[    0.556253] iommu: Default domain type: Translated
[    0.556271] iommu: DMA domain TLB invalidation policy: strict mode
[    0.557309] SCSI subsystem initialized
[    0.559022] Advanced Linux Sound Architecture Driver Initialized.
[    0.564611] clocksource: Switched to clocksource riscv_clocksource
[    0.565571] pnp: PnP ACPI: disabled
[    0.580769] NET: Registered PF_INET protocol family
[    0.581308] IP idents hash table entries: 32768 (order: 6, 262144 bytes, linear)
[    0.584384] tcp_listen_portaddr_hash hash table entries: 1024 (order: 3, 32768 bytes, linear)
[    0.584448] Table-perturb hash table entries: 65536 (order: 6, 262144 bytes, linear)
[    0.584476] TCP established hash table entries: 16384 (order: 5, 131072 bytes, linear)
[    0.584673] TCP bind hash table entries: 16384 (order: 8, 1048576 bytes, linear)
[    0.585341] TCP: Hash tables configured (established 16384 bind 16384)
[    0.585919] UDP hash table entries: 1024 (order: 4, 98304 bytes, linear)
[    0.586120] UDP-Lite hash table entries: 1024 (order: 4, 98304 bytes, linear)
[    0.586730] NET: Registered PF_UNIX/PF_LOCAL protocol family
[    0.588660] RPC: Registered named UNIX socket transport module.
[    0.588691] RPC: Registered udp transport module.
[    0.588697] RPC: Registered tcp transport module.
[    0.588702] RPC: Registered tcp-with-tls transport module.
[    0.588705] RPC: Registered tcp NFSv4.1 backchannel transport module.
[    0.588974] kvm [1]: hypervisor extension available
[    0.588998] kvm [1]: using Sv57x4 G-stage page table format
[    0.589009] kvm [1]: VMID 14 bits available
[    0.592879] workingset: timestamp_bits=46 max_order=19 bucket_order=0
[    0.594692] NFS: Registering the id_resolver key type
[    0.595120] Key type id_resolver registered
[    0.595134] Key type id_legacy registered
[    0.595249] nfs4filelayout_init: NFSv4 File Layout Driver Registering...
[    0.595376] nfs4flexfilelayout_init: NFSv4 Flexfile Layout Driver Registering...
[    0.595775] 9p: Installing v9fs 9p2000 file system support
[    0.644837] NET: Registered PF_ALG protocol family
[    0.644922] xor: measuring software checksum speed
[    0.645576]    8regs           :  5242 MB/sec
[    0.646095]    8regs_prefetch  :  6573 MB/sec
[    0.646609]    32regs          :  6476 MB/sec
[    0.647138]    32regs_prefetch :  6270 MB/sec
[    0.647159] xor: using function: 8regs_prefetch (6573 MB/sec)
[    0.647317] Block layer SCSI generic (bsg) driver version 0.4 loaded (major 246)
[    0.647380] io scheduler mq-deadline registered
[    0.647420] io scheduler kyber registered
[    0.647475] io scheduler bfq registered
[    0.655531] input: QEMU Virtio Keyboard as /devices/platform/soc/10006000.virtio_mmio/virtio2/input/input0
[    0.656619] input: QEMU Virtio Tablet as /devices/platform/soc/10005000.virtio_mmio/virtio3/input/input1
[    0.726561] Serial: 8250/16550 driver, 4 ports, IRQ sharing disabled
[    0.731551] printk: console [ttyS0] disabled
[    0.733232] 10000000.serial: ttyS0 at MMIO 0x10000000 (irq = 14, base_baud = 230400) is a 16550A
[    0.733919] printk: console [ttyS0] enabled
[    0.745031] SuperH (H)SCI(F) driver initialized
[    0.747033] [drm] features: +virgl +edid -resource_blob -host_visible
[    0.747050] [drm] features: -context_init
[    0.748218] [drm] number of scanouts: 1
[    0.748275] [drm] number of cap sets: 2
[    0.753607] [drm] cap set 0: id 1, max-version 1, max-size 308
[    0.753763] [drm] cap set 1: id 2, max-version 2, max-size 1408
[    0.756534] [drm] Initialized virtio_gpu 0.1.0 0 for 10007000.virtio_mmio on minor 0
[    0.829456] Console: switching to colour frame buffer device 160x50
[    0.839897] virtio-mmio 10007000.virtio_mmio: [drm] fb0: virtio_gpudrmfb frame buffer device
[    0.852420] loop: module loaded
[    0.852760] virtio_blk virtio0: 1/0/0 default/read/poll queues
[    0.854147] virtio_blk virtio0: [vda] 8388608 512-byte logical blocks (4.29 GB/4.00 GiB)
[    0.865025] mousedev: PS/2 mouse device common for all mice
[    0.867035] goldfish_rtc 101000.rtc: registered as rtc0
[    0.867347] goldfish_rtc 101000.rtc: setting system clock to 2026-10-04T05:02:58 UTC (1791090178)
[    0.868805] syscon-poweroff poweroff: pm_power_off already claimed for sbi_srst_power_off
[    0.869069] syscon-poweroff: probe of poweroff failed with error -16
[    0.869828] device-mapper: ioctl: 4.48.0-ioctl (2023-03-01) initialised: dm-devel@redhat.com
[    0.871214] sdhci: Secure Digital Host Controller Interface driver
[    0.871285] sdhci: Copyright(c) Pierre Ossman
[    0.871485] sdhci-pltfm: SDHCI platform and OF driver helper
[    0.871940] riscv-pmu-sbi: SBI PMU extension is available
[    0.872207] riscv-pmu-sbi: 16 firmware and 18 hardware counters
[    0.872281] riscv-pmu-sbi: Perf sampling/filtering is not supported as sscof extension is not available
[    0.875581] IPVS: Registered protocols (TCP, UDP)
[    0.875717] IPVS: Connection hash table configured (size=4096, memory=32Kbytes)
[    0.876589] IPVS: ipvs loaded.
[    0.876672] IPVS: [rr] scheduler registered.
[    0.877531] Initializing XFRM netlink socket
[    0.877769] NET: Registered PF_INET6 protocol family
[    0.890284] Segment Routing with IPv6
[    0.890446] In-situ OAM (IOAM) with IPv6
[    0.890902] sit: IPv6, IPv4 and MPLS over IPv4 tunneling driver
[    0.892221] NET: Registered PF_PACKET protocol family
[    0.892584] Bridge firewalling registered
[    0.892953] 8021q: 802.1Q VLAN Support v1.8
[    0.893394] 9pnet: Installing 9P2000 support
[    0.893992] Key type dns_resolver registered
[    0.910427] debug_vm_pgtable: [debug_vm_pgtable         ]: Validating architecture page table helpers
[    0.914471] Btrfs loaded, zoned=no, fsverity=no
[    0.917108] clk: Disabling unused clocks
[    0.917313] ALSA device list:
[    0.917370]   No soundcards found.
[    0.936827] EXT4-fs (vda): mounted filesystem 8b9bcd29-4e60-45e5-99a2-5efda1cea95e r/w with ordered data mode. Quota mode: disabled.
[    0.937203] VFS: Mounted root (ext4 filesystem) on device 254:0.
[    0.938398] devtmpfs: mounted
[    0.958133] Freeing unused kernel image (initmem) memory: 2200K
[    0.958585] Run /bin/bash as init process
bash: cannot set terminal process group (-1): Inappropriate ioctl for device
bash: no job control in this shell
[?2004h[root@(none) /]# mount -t proc proc /proc; mount -t sysfs sysfs /sys; mount -t deevtmpfs devtmpfs /dev; mkdir -p /dev/shm /hostcapture; mount -t tmpfs -o mode=17777,nosuid,nodev tmpfs /dev/shm; mount -t 9p -o trans=virtio,version=9p2000.L captture /hostcapture; bash /hostcapture/gears-capture-a669aad0/guest.sh
[?2004lVIRGL_CORPUS_BEGIN es2gears
warning: database file for 'core' does not exist (use '-Sy' to download)
warning: database file for 'extra' does not exist (use '-Sy' to download)
[   10.266362] sched: RT throttling activated
EGL_VERSION = 1.5
EGL_VENDOR = Mesa Project
EGL_EXTENSIONS = EGL_ANDROID_blob_cache EGL_ANDROID_native_fence_sync EGL_EXT_buffer_age EGL_EXT_config_select_group EGL_EXT_image_dma_buf_import EGL_EXT_image_dma_buf_import_modifiers EGL_EXT_present_opaque EGL_EXT_surface_compression EGL_EXT_swap_buffers_with_damage EGL_KHR_cl_event2 EGL_KHR_config_attribs EGL_KHR_context_flush_control EGL_KHR_create_context EGL_KHR_create_context_no_error EGL_KHR_fence_sync EGL_KHR_get_all_proc_addresses EGL_KHR_gl_colorspace EGL_KHR_gl_renderbuffer_image EGL_KHR_gl_texture_2D_image EGL_KHR_gl_texture_3D_image EGL_KHR_gl_texture_cubemap_image EGL_KHR_image_base EGL_KHR_no_config_context EGL_KHR_reusable_sync EGL_KHR_surfaceless_context EGL_KHR_swap_buffers_with_damage EGL_EXT_pixel_format_float EGL_KHR_wait_sync EGL_MESA_configless_context EGL_MESA_gl_interop EGL_MESA_image_dma_buf_export EGL_MESA_query_driver EGL_MESA_x11_native_visual_id 
EGL_CLIENT_APIS = OpenGL OpenGL_ES 
vertex shader info: 
fragment shader info: 
info: 
158 frames in 5.0 seconds = 31.512 FPS
196 frames in 5.0 seconds = 39.169 FPS
VIRGL_CORPUS_END es2gears status=0
Powering off.
[   32.405107] kvm: exiting hardware virtualization
[   32.405365] reboot: Power down
