coldplug=1
/dev/input/event0
DEVPATH=/devices/platform/soc/10006000.virtio_mmio/virtio2/input/input0/event0
DEVNAME=/dev/input/event0
MAJOR=13
MINOR=64
SUBSYSTEM=input
USEC_INITIALIZED=5836536
ID_INPUT=1
ID_INPUT_KEY=1
ID_INPUT_KEYBOARD=1
ID_BUS=platform
ID_SERIAL=noserial
ID_PATH=platform-10006000.virtio_mmio
ID_PATH_TAG=platform-10006000_virtio_mmio
ID_INTEGRATION=internal
LIBINPUT_DEVICE_GROUP=6/627/1:virtio2
DEVLINKS=/dev/input/by-path/platform-10006000.virtio_mmio-event-kbd
TAGS=:power-switch:
CURRENT_TAGS=:power-switch:
/dev/input/event1
DEVPATH=/devices/platform/soc/10005000.virtio_mmio/virtio3/input/input1/event1
DEVNAME=/dev/input/event1
MAJOR=13
MINOR=65
SUBSYSTEM=input
USEC_INITIALIZED=5830059
ID_INPUT=1
ID_INPUT_MOUSE=1
ID_BUS=platform
ID_SERIAL=noserial
ID_PATH=platform-10005000.virtio_mmio
ID_PATH_TAG=platform-10005000_virtio_mmio
ID_INTEGRATION=internal
LIBINPUT_DEVICE_GROUP=6/627/3:virtio3
DEVLINKS=/dev/input/by-path/platform-10005000.virtio_mmio-event-mouse
