exact head: 57c2cc828c151c830ebd7a377dc29d7bf898566d
command: make verify-E5-T25a
exit: 2 (browser listener environment limitation only)

node --check web/bench/desktop-perf-hooks.js
node --check web/src/sink/presentation.js
node --check web/main.js
node --test web/tests/e5-t25a-perf-hooks.test.mjs web/tests/e5-t06d-presentation.test.mjs
✔ Canvas2D is the measured default and unavailable WebGL2 falls back
✔ B8G8R8X8 frames normalize the unused byte to opaque before delivery
✔ WebGL context loss replaces the context and replays the latest frame through Canvas2D
✔ rapid presents are synchronous, last-frame-wins, and listener ownership is bounded
✔ perf input is opt-in and emits bounded ordered evdev frames
✔ concurrent perf frames are serialized through their sync boundaries
✔ presentation telemetry records drawn damage and does not trust a null sink
✔ hostile guest attribution cannot turn a drawn present into a drop
✔ hostile attribution error formatting cannot turn a drawn present into a drop
✔ bench JavaScript and editor projection stay byte-identical
ℹ tests 10
ℹ suites 0
ℹ pass 10
ℹ fail 0
ℹ cancelled 0
ℹ skipped 0
ℹ todo 0
node tools/verify/e5-t25a-release-audit.mjs
{"productionImport":false,"productionPageSurface":false,"hookVersion":"e5-t25a-v1","sourceDistByteParity":true,"samplerLifecycle":"dual-gated-type-checked-and-cleared"}
node tools/verify/e5-t25a-browser.mjs
Error: listen EPERM: operation not permitted 127.0.0.1
  code: 'EPERM'
  syscall: 'listen'
  address: '127.0.0.1'
Node.js v24.20.0
make: *** [verify-E5-T25a] Error 1

Per the verifier request, this EPERM is documented and only the browser execution leg
uses retained Chromium 152 / Firefox 132 artifacts. No semantic attack was waived.
