bridge.c:33:virgl_logv	0	static
bridge.c:38:vrend_debug	0	static
bridge.c:43:vrend_print_context_name	0	static
bridge.c:46:os_get_option	0	static
bridge.c:47:os_log_message	0	static
bridge.c:645:bridge_translate	160	dynamic
bridge.c:75:error	32	static
bridge.c:460:check_input	224	dynamic
bridge.c:512:convert	256	dynamic
bridge.c:49:append	160	dynamic
bridge.c:610:stage_result	208	static
bridge.c:443:cleanup	80	static
bridge.c:658:bridge_translate_pair	320	dynamic
bridge.c:597:interface_key	160	static
bridge.c:63:json_string	112	static
bridge.c:84:space	112	static
bridge.c:85:punctuation	64	static
bridge.c:92:word	80	static
bridge.c:349:validate	512	dynamic
bridge.c:100:end	32	static
bridge.c:101:index_number	144	static
bridge.c:201:literal_float_bits	160	dynamic
bridge.c:185:literal_float	192	dynamic
bridge.c:124:register_name	144	static
bridge.c:411:io_metadata	320	dynamic
vendor/src/vrend/vrend_strbuf.h:223:strarray_free	112	static
bridge.c:__llvm_profile_runtime_user	0	static
bridge.c:asan.module_ctor	16	static
bridge.c:asan.module_dtor	16	static
