[ WARNING ] Running Hyprland with superuser privileges might damage your system
[1;32mDEBUG [0m]: User-specified config location: '/tmp/corpus-hyprland.conf'
Superuser privileges check is omitted. I hope you know what you're doing.
Welcome to Hyprland!

                                                  
                     YY    UJ                     
                    YYY    UUJ                    
                   XXXY    UUUU                   
                  zXXXX    UUUUU                  
                zzzzX        UUUUJ                
               cczzz          UUUUJ               
             vccccz            UUUUUJ             
            vvcccc              UUUUUJ            
           vvvvv                  UUUUJ           
          uuuvv                    UUUUJ          
         uuuuu                      UUUUU         
        nnnuu                        UUUUU        
       nnnnn                          YUUUU       
       xxnn                            YUUU       
       xxxn                            YYUU       
      xxxx                              YYUU      
      rxxx                              YYYY      
      rrrx                              YYYY      
       rrrx                            XXXY       
       rrrr                            XXXX       
        rrrr                          zzXX        
         rrrr                        zzzz         
          rrrrr                    ccczz          
           rrrrrx                vccccc           
             rrrrxxxx        uuvvvvvc             
                rrxxxxxxnnnnuuuuuv                
                    xxxxxnnnnu                    



DEBUG ]: Old rlimit: soft -> 1024, hard -> 4096
DEBUG ]: New rlimit: soft -> 4096, hard -> 4096
WARN ]: WARNING: Hyprland is being launched without start-hyprland. This is highly advised against.
DEBUG ]: Creating the EventLoopManager!
DEBUG ]: Creating the KeybindManager!
DEBUG ]: Creating the AnimationManager!
DEBUG ]: Creating the DynamicPermissionManager!
DEBUG ]: Creating the MonitorState!
DEBUG ]: Creating the WorkspaceState!
DEBUG ]: Creating the ConfigManager!
DEBUG ]: [cfg] Config is either explicit or special.
DEBUG ]: [cfg] Config is NOT lua, loading regular mgr
DEBUG ]: Using config: /tmp/corpus-hyprland.conf
DEBUG ]: !!!!HEY YOU, YES YOU!!!!: further logs to stdout / logfile are disabled by default. BEFORE SENDING THIS LOG, ENABLE THEM. Use debug:disable_logs = false to do so: https://wiki.hypr.land/Configuring/Basics/Variables/#debug
DEBUG ]: Creating the Error Overlay!
DEBUG ]: Creating the LayoutManager!
DEBUG ]: Creating the TokenManager!
DEBUG ]: Creating the EventManager!
DEBUG ]: Using config: /tmp/corpus-hyprland.conf
DEBUG ]: Disabling stdout logs (debug.enable_stdout_logs = 0). Further logs will be written to /run/user/0/hypr/efb50993780079460b0cbed1363e2166a2de1d9f_1790995377_1216423703/hyprland.log
DEBUG ]: Creating the PointerManager!
DEBUG ]: Creating the AsyncResourceGatherer!

(process:81): dconf-WARNING **: 02:43:00.573: failed to commit changes to dconf: Cannot spawn a message bus without a machine-id: Invalid machine ID in /var/lib/dbus/machine-id or /etc/machine-id

(process:81): dconf-WARNING **: 02:43:00.580: failed to commit changes to dconf: Cannot spawn a message bus without a machine-id: Invalid machine ID in /var/lib/dbus/machine-id or /etc/machine-id

(process:81): dconf-WARNING **: 02:43:00.646: failed to commit changes to dconf: Cannot spawn a message bus without a machine-id: Invalid machine ID in /var/lib/dbus/machine-id or /etc/machine-id

(process:81): dconf-WARNING **: 02:43:00.647: failed to commit changes to dconf: Cannot spawn a message bus without a machine-id: Invalid machine ID in /var/lib/dbus/machine-id or /etc/machine-id
The XKEYBOARD keymap compiler (xkbcomp) reports:
> Warning:          Multiple symbols for level 1/group 1 on key <FK23>
>                   Using F23, ignoring XF86TouchpadOff
> Warning:          Symbol map for key <FK23> redefined
>                   Using last definition for conflicting fields
> Warning:          Symbol map for key <FK24> redefined
>                   Using last definition for conflicting fields
> Warning:          Could not resolve keysym XF86ElectronicPrivacyScreenOn
> Warning:          Could not resolve keysym XF86ElectronicPrivacyScreenOff
> Warning:          Could not resolve keysym XF86ActionOnSelection
> Warning:          Could not resolve keysym XF86ContextualInsert
> Warning:          Could not resolve keysym XF86ContextualQuery
Errors from xkbcomp are not fatal to the X server
(EE) could not connect to wayland server
