✔ one unresolved progress probe prevents subsequent timer ticks from piling up (2.115084ms)
✔ public sample is bounded and excludes pixels, full records and guest control (0.863708ms)
✔ navigation rejection frees the probe; stopped sampling suppresses late results (0.394833ms)
✔ failure artifacts retain phase, error and milestones before browser capture (0.593792ms)
✔ failure capture does not issue requests behind a stuck progress probe (0.438667ms)
✔ cursor timeout uses only the unspent original two-second budget (0.741541ms)
✔ cursor waits through missing/stale pixels, returns matching sample and disposes its handle (0.507959ms)
✔ exhausted cursor budget fails before polling; a polling timeout remains a failure (0.472375ms)
✔ top-level catch captures the phase before finally cleanup and rethrows the original error (0.832375ms)
✔ a held coherence read starts after timed interaction and must finish before the next save (1.00425ms)
✔ stale or mismatched actual coherence fails after timing and survives in failure milestones (1.709333ms)
✔ second restore performs the real coherence audit after display/button checks and before evidence (0.073833ms)
✔ Channel is not ready until HELLO intersects, then correlates reverse-order PONGs (3.328167ms)
✔ clipboard messages negotiate and preserve strict bounded UTF-8 bytes (0.900125ms)
✔ clipboard frames survive byte dribble and coalescing (0.27125ms)
✔ clipboard messages stay compatible with peers that only advertise PING (0.527708ms)
✔ unknown frames are NAKed without killing the session and subscriptions are typed (0.334292ms)
✔ termination rejects each in-flight PING once, exposes the gap, and reconnects cleanly (1.688667ms)
✔ rehandshake resolves only after a fresh transport HELLO (1.0245ms)
✔ a transport killed during HELLO is discarded and the next generation re-negotiates (0.904ms)
✔ 10,000 PING attempts are backpressured at the pending bound (36.142875ms)
✔ a failed connector retries with bounded backoff and a PING timeout retires only itself (7.896916ms)
✔ stale HELLO and no-common-version peers fail explicitly (0.405708ms)
✔ 100 reconnect cycles keep one transport listener and one user subscription (113.90275ms)
✔ decoder stays bounded across dribble/coalescing and rejects oversized lengths before allocation (0.249333ms)
✔ malformed PING during a live session disconnects instead of guessing at framing (0.087834ms)
✔ MessagePort transport adapter runs the same Channel in a worker-safe endpoint (8.53325ms)
✔ desktop agent bridge owns queued guest bytes, negotiates, reconnects, and drains output (12.345125ms)
✔ transient non-ready inspection resumes a controller paused by readiness (0.610458ms)
✔ readiness inspection does not resume a controller already paused by its owner (0.075792ms)
ℹ tests 30
ℹ suites 0
ℹ pass 30
ℹ fail 0
ℹ cancelled 0
ℹ skipped 0
ℹ todo 0
ℹ duration_ms 212.816291
