verified range 0 4194303
verified range 4194304 8388607
verified range 8388608 12582911
verified range 12582912 16777215
verified range 16777216 20971519
verified range 20971520 25165823
verified range 25165824 29360127
verified range 29360128 33554431
verified range 33554432 37748735
verified range 37748736 41943039
verified range 41943040 46137343
verified range 46137344 50331647
verified range 50331648 54525951
verified range 54525952 58720255
verified range 58720256 62914559
verified range 62914560 67108863
verified range 67108864 71303167
verified range 71303168 75497471
verified range 75497472 79691775
verified range 79691776 83886079
verified range 83886080 88080383
verified range 88080384 92274687
verified range 92274688 96468991
verified range 96468992 100663295
verified range 100663296 104857599
verified range 104857600 109051903
verified range 109051904 113246207
verified range 113246208 117440511
verified range 117440512 121634815
verified range 121634816 125829119
verified range 125829120 130023423
verified range 130023424 134217727
verified range 134217728 138412031
verified range 138412032 142606335
verified range 142606336 146800639
verified range 146800640 150994943
verified range 150994944 155189247
verified range 155189248 159383551
verified range 159383552 163577855
verified range 163577856 167772159
verified range 167772160 171966463
verified range 171966464 176160767
verified range 176160768 180355071
verified range 180355072 184549375
verified range 184549376 188743679
verified range 188743680 192937983
verified range 192937984 197132287
verified range 197132288 201326591
verified range 201326592 205050832

 ⛅️ wrangler 4.132.0
────────────────────
Uploading... (295/302)
Uploading... (297/302)
Uploading... (300/302)
Uploading... (302/302)
✨ Success! Uploaded 7 files (295 already uploaded) (3.96 sec)

✨ Uploading _headers
🌎 Deploying...
✨ Deployment complete! Take a peek over at https://5256a6c7.wasm-vm.pages.dev
