{
  "head": "8c302e1d6cd084ba1034cfd58c7efb9677dc3e46",
  "frozenAt": "2026-09-16T09:18:42Z",
  "wasmSha256": "36b4f1ccf9e1437f687eae552aca3290fab7c555dfd7fa9fac6cc3862d87a916",
  "pairPins": {
    "omarchy-ready.snap.gz": [
      207172408,
      "989dff1cad261ab6e53e1dea8f57cb12866d2a236b5366f114102744553d4e75"
    ],
    "omarchy-overlay-delta.bin.gz": [
      1232847,
      "4fde816771e4fcfe085b492b6321302e945c58145c5c16f0c91e02ac94d10972"
    ]
  },
  "carried": [
    {
      "path": "evidence/omarchy-profile/fmadd-single-r1/sha256.txt",
      "sha256": "656107deda13733b1d493aa30b9c5d955145d7e1aa257e3fc8702f897c0db0a6",
      "files": 83
    },
    {
      "path": "evidence/omarchy-profile/fmadd-single-verifier/sha256.txt",
      "sha256": "9386d4e9fd21a17583b42767c358339c9e9f4a0bf912c895bef040d9c5db5775",
      "files": 59
    }
  ],
  "unchangedRecorder": [
    {
      "path": "tools/verify/e5-t22c-cpu-profile.mjs",
      "sha256": "d80ef3a26e4c40eea023205e10bf0356c55938c1772fd8d502aa7c871e82c88b"
    },
    {
      "path": "tools/verify/omarchy-browser-session.mjs",
      "sha256": "f9967cc75edceae78d0e3cf65d8b8fbc7bcb8f5fa34173d8065d8bee8c9fe1f8"
    },
    {
      "path": "tools/verify/omarchy-cold-pair.mjs",
      "sha256": "57efc19279733d5b00629795db2d9313721940fa92317173be7c53d7088633f3"
    },
    {
      "path": "tools/verify/omarchy-compositor-command.mjs",
      "sha256": "03618e89cca383e0f9d775c35a1587beccbbb8a9556c0f4b7de73d44b88de366"
    },
    {
      "path": "tools/verify/omarchy-direct-opaque-command.mjs",
      "sha256": "a2705da081a74c8c41fdba67d7062eb675bd2f0feb846c13c5333e8f6919eb88"
    },
    {
      "path": "tools/verify/omarchy-direct-opaque-preparation.mjs",
      "sha256": "7f0b758be12f06353b3053295e6892700bf8d2c984d731723881772a7244332b"
    },
    {
      "path": "tools/verify/omarchy-failure-checkpoint.mjs",
      "sha256": "14f3aeec604386fa15e4748f56986a4104660f046f9c0b323de4004003860a54"
    },
    {
      "path": "tools/verify/omarchy-input-audit.mjs",
      "sha256": "e1b74d4bfbc2ef971f65e4b972d2aa82cc1f6e157837bae9fcec5afdf7bec817"
    },
    {
      "path": "tools/verify/omarchy-input-trial.mjs",
      "sha256": "df81c486611439d28979ba7827ce0aa0f30a2dcb7f0de12114bec50d471c9cd7"
    },
    {
      "path": "tools/verify/omarchy-latency-receipt.mjs",
      "sha256": "79f97639b99c2a9c3b42917ecbdc9bb85b7d6c079abe3791d6bc088655d1b395"
    },
    {
      "path": "tools/verify/omarchy-live-recording.mjs",
      "sha256": "e69245f453e7ec4ca8ba821075f0c5500ed0e736e102c58010e118de2925d8db"
    },
    {
      "path": "tools/verify/omarchy-mode-preparation.mjs",
      "sha256": "a9a622f5b7a220334af14bff94b19b770bb2b99207723edbeb0d32b3f6d2bc73"
    },
    {
      "path": "tools/verify/omarchy-opaque-foot-command.mjs",
      "sha256": "1bb836ac9706f8d0af041770a997a1ac421632cc65f759a979f77668525c0a67"
    },
    {
      "path": "tools/verify/omarchy-opaque-preparation.mjs",
      "sha256": "7cbc9f3deaa19517052d813d94eb28f1820a7480e6882b9511f2f78c79e84f83"
    },
    {
      "path": "tools/verify/omarchy-owned-trial.mjs",
      "sha256": "6904fd446adef5b247ea9fd1338ddad36b67f3c4836880872bdde46b8f7faec8"
    },
    {
      "path": "tools/verify/omarchy-prepared-direct-state.mjs",
      "sha256": "786bd9f7c29b5281a2c78ee137060a85916a3412d0c66e1ec8cef79377ca1c98"
    },
    {
      "path": "tools/verify/omarchy-process-sample.mjs",
      "sha256": "8743d35e481f21291ce346cbe297a0193f80ff1d9ed84ada892fe23078751a9e"
    },
    {
      "path": "tools/verify/omarchy-render-mode.mjs",
      "sha256": "2c168dcbc9ca92584e104bec4e65998d43ad844ee0c06654d4695707d1edab80"
    },
    {
      "path": "tools/verify/omarchy-renderer-log.mjs",
      "sha256": "dff6ff9d534efbb6afa3b0fd549d7b903f38ce999f2e6981673ec7efccad8bbc"
    },
    {
      "path": "tools/verify/omarchy-thread-setting.mjs",
      "sha256": "a0e82ca953f0fc06cb94475443c28f76cc7c1a4a0e1da83e0e2da8af267667c4"
    },
    {
      "path": "tools/verify/omarchy-worker-cost-capture.mjs",
      "sha256": "7a112cb87376910a49b4a17c6d281f87cd70655dcd8223e794dfa2260030a520"
    },
    {
      "path": "web/guest-rpc.js",
      "sha256": "4851b80caaa3e40cf139064f3a548875626114457ff80d6fda2657b43e6f5a9c"
    },
    {
      "path": "web/omarchy-desktop-readiness.js",
      "sha256": "8c534fe9093db5945f5bec0d6fc06ec4a92a4b8342c6d6f47543e9f2355aaa56"
    },
    {
      "path": "web/src/input/keymap.js",
      "sha256": "e6a3e893fadd7d288b6eabd4d59c01930498cee7923a682e9ae5d614ec939ada"
    }
  ],
  "files": [
    {
      "path": "Makefile",
      "sha256": "1a005ed0dcbaa41983c031faede6f4ecc227d8f16a402c7cba50a2ea17d45274"
    },
    {
      "path": "crates/core/src/jit.rs",
      "sha256": "eb7f86b7fda3d5f520cc27fddb15f810eef6a560b230baa67e835a1873ee202f"
    },
    {
      "path": "crates/core/src/softfloat.rs",
      "sha256": "bd18494f8a8224c54f88bdedb354c3dd8f515a9299e7882899ed50f2c3fd1d02"
    },
    {
      "path": "crates/jit-runtime/src/lib.rs",
      "sha256": "6b853f29caf4257ac172187ac29200a48f4f43aa11ac7be61b88f38c84b64566"
    },
    {
      "path": "crates/jit-translate/src/lib.rs",
      "sha256": "fc3883e53bb28182cd7033c1a337bc51008193576392563b5d2e7779cee4d134"
    },
    {
      "path": "crates/wasm/src/jit_browser.rs",
      "sha256": "a3223bcfb2afa0dbf530edc7e260fea69581135316d8ea8872d2390b8ae96f64"
    },
    {
      "path": "crates/wasm/tests/jit_fp_arithmetic_verifier.rs",
      "sha256": "19937657f3564a432c465bc3e38074d917aca90cebf6945dc8d6431ed141157f"
    },
    {
      "path": "crates/wasm/tests/jit_fp_direct_imports_verifier.rs",
      "sha256": "0ac8b08bf56d981e6a0f80cccf54e2032abbfeacfaba1ddb4535f22564a0fa18"
    },
    {
      "path": "crates/wasm/tests/jit_fp_division_verifier.rs",
      "sha256": "d6935194a253c1821cfd228fcf65f638bda78ded21e145c6366f1e164383a267"
    },
    {
      "path": "crates/wasm/tests/jit_fp_fmadd_verifier.rs",
      "sha256": "c7206727d547a22b3f442343496242aebd5388f24e360575220f411243da1307"
    },
    {
      "path": "crates/wasm/tests/jit_fp_from_integer_verifier.rs",
      "sha256": "d1ce0706d0e5a5ea0717ddadd36ce245718f7076f8e934588ef22c8329325e8d"
    },
    {
      "path": "crates/wasm/tests/jit_fp_to_word_verifier.rs",
      "sha256": "87628ce8b1a2342960b89d41c87a7ea0f7ee2b50d78bda946094c878946b2bf1"
    },
    {
      "path": "docs/jit-fp-policy.md",
      "sha256": "7dbbde3caea57bf91ad233b443889ecd72963955153350f1a042baa15be41205"
    },
    {
      "path": "evidence/omarchy-profile/direct-fp-imports-r1/bind-names.mjs",
      "sha256": "4abe37c7056e405ec3b175304f686d0db1a209aa04f72ca203faa54d8fecabcf"
    },
    {
      "path": "evidence/omarchy-profile/direct-fp-imports-r1/check-public.py",
      "sha256": "4604fad5c7e78e63e0f11f312ab6417104547b6e883ad5b92c430e85d20d48ff"
    },
    {
      "path": "evidence/omarchy-profile/direct-fp-imports-r1/freeze.py",
      "sha256": "b64798db6fff2b93b780b6613c1a4fec5049749f277d63fff428d57d1e8b2b29"
    },
    {
      "path": "evidence/omarchy-profile/direct-fp-imports-r1/record-submission.py",
      "sha256": "9f9aaf7f52441f48ee7accaf469ea317308f59bd4ad0aeab40b8b3e2bc28986f"
    },
    {
      "path": "evidence/omarchy-profile/direct-fp-imports-r1/run-cold.py",
      "sha256": "2577f1067efd91cb053931e67e1add09ab18a7f4eb533ebfd858d4564c674404"
    },
    {
      "path": "evidence/omarchy-profile/direct-fp-imports-r1/seal.py",
      "sha256": "4c4013f2bb9982263602aa6b8894c47a68fd30b1db40928ff25871d1ea09289c"
    },
    {
      "path": "evidence/omarchy-profile/direct-fp-imports-r1/summarize-physical.py",
      "sha256": "4cf034bcb46542acd8eec2d7374f52913c427c334c2bde11ee437d43381847de"
    },
    {
      "path": "evidence/omarchy-profile/direct-fp-imports-r1/symbols.py",
      "sha256": "7c6e4db04bacdf91cf777f23b3f57209be392cea1e3ac6ef35f4a099dcab3f4a"
    },
    {
      "path": "tools/verify/e5-t22c-cpu-profile.mjs",
      "sha256": "d80ef3a26e4c40eea023205e10bf0356c55938c1772fd8d502aa7c871e82c88b"
    },
    {
      "path": "tools/verify/omarchy-browser-session.mjs",
      "sha256": "f9967cc75edceae78d0e3cf65d8b8fbc7bcb8f5fa34173d8065d8bee8c9fe1f8"
    },
    {
      "path": "tools/verify/omarchy-cold-pair.mjs",
      "sha256": "57efc19279733d5b00629795db2d9313721940fa92317173be7c53d7088633f3"
    },
    {
      "path": "tools/verify/omarchy-compositor-command.mjs",
      "sha256": "03618e89cca383e0f9d775c35a1587beccbbb8a9556c0f4b7de73d44b88de366"
    },
    {
      "path": "tools/verify/omarchy-desktop-live.mjs",
      "sha256": "4c4b53fafac66799407bd1eff8fb5e828c05fb0de8cd77719861ade11ccbb79e"
    },
    {
      "path": "tools/verify/omarchy-direct-fp-baseline.py",
      "sha256": "cf2d279ba83c05196a89338f5d0fa4f44bf23995b38decc30f016e24bcf1f350"
    },
    {
      "path": "tools/verify/omarchy-direct-fp-benchmark.mjs",
      "sha256": "58dfea966f0429a366daa5c6f20a5791ceb96913bb367c4f00292c07babd6823"
    },
    {
      "path": "tools/verify/omarchy-direct-fp-browser.mjs",
      "sha256": "04c483dc082d54019ec8504768b2f288e5bffd801519ab8187d2553a99f72858"
    },
    {
      "path": "tools/verify/omarchy-direct-fp-fixture.mjs",
      "sha256": "2aeda662d39f7f8713285cfa21b41db482b38ca5fca867f88a6f770824f6eed0"
    },
    {
      "path": "tools/verify/omarchy-direct-fp-input.mjs",
      "sha256": "6b4cb59fe3851753e7ed4029f2b229b96079a554653db5bd113c5527567d63d0"
    },
    {
      "path": "tools/verify/omarchy-direct-opaque-command.mjs",
      "sha256": "a2705da081a74c8c41fdba67d7062eb675bd2f0feb846c13c5333e8f6919eb88"
    },
    {
      "path": "tools/verify/omarchy-direct-opaque-preparation.mjs",
      "sha256": "7f0b758be12f06353b3053295e6892700bf8d2c984d731723881772a7244332b"
    },
    {
      "path": "tools/verify/omarchy-failure-checkpoint.mjs",
      "sha256": "14f3aeec604386fa15e4748f56986a4104660f046f9c0b323de4004003860a54"
    },
    {
      "path": "tools/verify/omarchy-input-audit.mjs",
      "sha256": "e1b74d4bfbc2ef971f65e4b972d2aa82cc1f6e157837bae9fcec5afdf7bec817"
    },
    {
      "path": "tools/verify/omarchy-input-trial.mjs",
      "sha256": "df81c486611439d28979ba7827ce0aa0f30a2dcb7f0de12114bec50d471c9cd7"
    },
    {
      "path": "tools/verify/omarchy-latency-receipt.mjs",
      "sha256": "79f97639b99c2a9c3b42917ecbdc9bb85b7d6c079abe3791d6bc088655d1b395"
    },
    {
      "path": "tools/verify/omarchy-live-recording.mjs",
      "sha256": "e69245f453e7ec4ca8ba821075f0c5500ed0e736e102c58010e118de2925d8db"
    },
    {
      "path": "tools/verify/omarchy-mode-preparation.mjs",
      "sha256": "a9a622f5b7a220334af14bff94b19b770bb2b99207723edbeb0d32b3f6d2bc73"
    },
    {
      "path": "tools/verify/omarchy-opaque-foot-command.mjs",
      "sha256": "1bb836ac9706f8d0af041770a997a1ac421632cc65f759a979f77668525c0a67"
    },
    {
      "path": "tools/verify/omarchy-opaque-preparation.mjs",
      "sha256": "7cbc9f3deaa19517052d813d94eb28f1820a7480e6882b9511f2f78c79e84f83"
    },
    {
      "path": "tools/verify/omarchy-owned-trial.mjs",
      "sha256": "6904fd446adef5b247ea9fd1338ddad36b67f3c4836880872bdde46b8f7faec8"
    },
    {
      "path": "tools/verify/omarchy-prepared-direct-state.mjs",
      "sha256": "786bd9f7c29b5281a2c78ee137060a85916a3412d0c66e1ec8cef79377ca1c98"
    },
    {
      "path": "tools/verify/omarchy-process-sample.mjs",
      "sha256": "8743d35e481f21291ce346cbe297a0193f80ff1d9ed84ada892fe23078751a9e"
    },
    {
      "path": "tools/verify/omarchy-render-mode.mjs",
      "sha256": "2c168dcbc9ca92584e104bec4e65998d43ad844ee0c06654d4695707d1edab80"
    },
    {
      "path": "tools/verify/omarchy-renderer-log.mjs",
      "sha256": "dff6ff9d534efbb6afa3b0fd549d7b903f38ce999f2e6981673ec7efccad8bbc"
    },
    {
      "path": "tools/verify/omarchy-thread-setting.mjs",
      "sha256": "a0e82ca953f0fc06cb94475443c28f76cc7c1a4a0e1da83e0e2da8af267667c4"
    },
    {
      "path": "tools/verify/omarchy-worker-cost-capture.mjs",
      "sha256": "7a112cb87376910a49b4a17c6d281f87cd70655dcd8223e794dfa2260030a520"
    },
    {
      "path": "web/guest-rpc.js",
      "sha256": "4851b80caaa3e40cf139064f3a548875626114457ff80d6fda2657b43e6f5a9c"
    },
    {
      "path": "web/omarchy-desktop-readiness.js",
      "sha256": "8c534fe9093db5945f5bec0d6fc06ec4a92a4b8342c6d6f47543e9f2355aaa56"
    },
    {
      "path": "web/roadmap.js",
      "sha256": "6ef66c86dd6d621582c6a96b40bdf812ef174cc194896ebea541bcf042ca6949"
    },
    {
      "path": "web/src/input/keymap.js",
      "sha256": "e6a3e893fadd7d288b6eabd4d59c01930498cee7923a682e9ae5d614ec939ada"
    }
  ],
  "artifacts": [
    {
      "path": "web/dist/pkg/wasm_vm_wasm_bg.wasm",
      "sha256": "36b4f1ccf9e1437f687eae552aca3290fab7c555dfd7fa9fac6cc3862d87a916"
    },
    {
      "path": "web/dist/pkg/wasm_vm_wasm.js",
      "sha256": "677aa95b8db667b8bd9de21af74682d71d1d2b568812bdbd8cd7e0a73f8f71c6"
    },
    {
      "path": "web/dist/roadmap.js",
      "sha256": "6ef66c86dd6d621582c6a96b40bdf812ef174cc194896ebea541bcf042ca6949"
    },
    {
      "path": "web/dist/app.html",
      "sha256": "587d2406d7b67cf733f871f9ae674269f1072e9e018931236cfb88c8a105abd6"
    },
    {
      "path": "web/dist/tasks.json",
      "sha256": "34439008cc88b55226a2b38cf1c1c7d01ae85fa0cd6401ed95c609433fef8266"
    },
    {
      "path": "web/dist/sw.js",
      "sha256": "ffee0bfe31421a4a3f2fcb0109b0bf70d4114e71751728203320ff3104247169"
    }
  ]
}
