✔ prewarm sync proof rejects cross-TTY marker evidence (0.520792ms)
✔ prewarm clear proof requires a new real frame and focused Foot (0.108791ms)
✔ post-marker presentation helper rejects typing frames (100.6075ms)
✔ candidate mode is explicitly local-only and hash-bound (0.164709ms)
✔ renderer proof binds current Hyprland PID and instance before physical input (0.149791ms)
✔ LP0 is configuration-only evidence and is checked before physical input (0.105ms)
✔ actual built recording covers served resources and pre-send RPCs, even timed-out ones (0.129166ms)
✔ renderer log parser accepts the real DEBUG suffix labels (0.522792ms)
✔ renderer log parser rejects wrong, missing, ambiguous, and misleading records (0.638375ms)
✔ nonce readback caps every guest RPC by the remaining 120-second deadline (0.163458ms)
✔ unlogged baseline worker evidence is explicitly weaker than a GL label (0.257458ms)
✔ harness-only cold local HTTP selftest serves kernel/chunks and refuses snapshot routes without a browser (188.356042ms)
✔ harness-only actual cold orchestration inspects storage before app and returns after pair without input (2.799333ms)
✔ harness-only capture selects exact overlay when both overlay and snapshot databases exist (1.261625ms)
✔ harness-only cold progress TimeoutError is recorded before startup continues to mandatory desktop capture (0.290458ms)
✔ harness-only progress catch propagates non-Playwright errors and verify-mode timeouts (0.253625ms)
✔ harness-only final desktop TimeoutError remains fatal after a tolerated progress timeout (0.092417ms)
✔ harness-only screenshot helper forwards the supplied timeout and keeps the 20-second default (0.140875ms)
✔ actual direct-pair route fences before navigation and never enters physical input (0.633083ms)
✔ prepared recycling has one fixed candidate differing from AK only in the existing boolean (1.830917ms)
✔ prepared recycling rejects drift in the actual runtime policy (0.47775ms)
✔ trial is local, explicit, fixed-budget and does not accept renderer/timeout tuning (0.289375ms)
✔ residency URLs differ only in the fixed module cap with recycling disabled (0.367208ms)
✔ residency checks the actual selected cap and rejects recycling or policy drift (0.266125ms)
✔ pair driver rejects unknown experiments before starting any arm (3.0265ms)
✔ arm URLs have exactly one policy difference and forbid inherited query tuning (0.275625ms)
✔ all four R3 source bindings and image layout must match (0.284166ms)
✔ actual runtime must match the selected arm with observer/timing off (1.815083ms)
✔ deadline accounts for queue delay and rejects late completion without starting expired work (6.1575ms)
✔ real recorder retains physical-only writing, fixed deadlines, fresh presentation and owned shutdown (0.771916ms)
✔ owned watchdog caps setup and navigation once, and normal close cancels timers (0.788458ms)
✔ offline preparation is separately bounded and cannot extend a physical-input watchdog (1.220625ms)
✔ post-verdict capture has one fixed extra allowance and messages cannot rearm it (0.102709ms)
✔ stalled owned browser/recorder is killed and missing close settles as unconfirmed (0.103125ms)
✔ already exited browser is not killed; watchdog intervention never looks like a normal pass (0.103125ms)
✔ future/invalid navigation cannot extend setup (0.064792ms)
✔ recorder exit cannot orphan its browser or kill an already-exited recorder group (0.106625ms)
✔ exit before stdio close never sends a later watchdog signal to the exited recorder (0.082833ms)
✔ prepared selection accepts only the verified pair while original R3 guards stay exact (1.588541ms)
✔ one read-only batch checks eight saved properties and the exact restored Foot (0.991042ms)
✔ missing property, altered active Foot, write acknowledgment or exit0 error text fails closed (0.812458ms)
✔ expired or late property replies do not renew startup or admit input (0.503875ms)
✔ prepared audit rejects forged, duplicate, late and mutating raw property commands (3.378458ms)
✔ synthetic actual input-trial reaches physical keys without mapped-client/active-window RPCs (16.427333ms)
✔ synthetic actual opaque branch verifies properties before keys and fences after Enter (15.157667ms)
✔ synthetic actual direct-property branch reads all values before keys and fences after Enter (14.53375ms)
✔ synthetic prepared-pair path reads saved settings once and preserves physical-only nonce/deadlines (65.059459ms)
✔ synthetic prepared recycling reuses one post-Enter fence and retains the input deadline (75.22675ms)
✔ synthetic capture and verify retain actual mapped-Foot and active-window checks before keys (4.271375ms)
✔ synthetic missing application readiness or lost canvas focus forbids any key (1.257292ms)
✔ synthetic actual nonce reader rejects mismatched bytes in a successful RPC response (12.188ms)
✔ synthetic late typing/readback and stale presentation cannot publish success (51.4445ms)
✔ synthetic timing observation uses same-page actual recorded event fields, not probe completion (12.247ms)
✔ post-verdict audit rejects every ingress channel, including R1 tablet sends and acknowledgements (2.146791ms)
✔ profile validates exact worker, span, sample references and an unambiguous tree (2.797458ms)
✔ capture cannot attach before failed deadline or without the failure image (1.566041ms)
✔ synthetic capture preserves failed verdict and binds raw bytes; not a guest success fixture (2.970916ms)
✔ a profiler that mutates the verdict is rejected and closed without a usable profile (1.349041ms)
✔ cleanup timing annotations do not change the frozen input verdict (0.155291ms)
✔ an attachment completing after the fixed capture deadline cannot start sampling (1.008083ms)
ℹ tests 60
ℹ suites 0
ℹ pass 60
ℹ fail 0
ℹ cancelled 0
ℹ skipped 0
ℹ todo 0
ℹ duration_ms 407.018916
