E5-T26e fresh verifier gates — submitted head ac35d1d8

$ env -u RUSTFLAGS -u RUSTDOCFLAGS -u CARGO_ENCODED_RUSTFLAGS -u CARGO_TARGET_DIR -u CARGO_BUILD_TARGET -u RUST_LOG make verify-E5-T26e
exit: 0
- cargo fmt --check -p wasm-vm-core: passed
- cargo clippy -p wasm-vm-core --lib --features gpu-trace -- -D warnings: passed
- cargo clippy -p wasm-vm-core --lib --tests --features gpu-trace -- -D warnings: passed
- desktop_restore: 12 passed, 0 failed, 0 ignored
- restore_rehandshake: 1 passed, 0 failed, 0 ignored
- live Machine/console host-state integration: 1 passed, 0 failed, 0 ignored
- desktop_snapshot: 9 passed, 0 failed, 0 ignored
- GPU snapshot: 6 passed, 0 failed, 0 ignored
- input snapshot: 12 passed, 0 failed, 0 ignored
- sound snapshot: 6 passed, 0 failed, 0 ignored
- core no-default-features wasm32 build: passed
- final target result: verify-E5-T26e OK

$ env -u RUSTFLAGS -u RUSTDOCFLAGS -u CARGO_ENCODED_RUSTFLAGS -u CARGO_TARGET_DIR -u CARGO_BUILD_TARGET -u RUST_LOG node --test web/tests/e5-t06d-presentation.test.mjs web/tests/e4-t32-worker-protocol.test.mjs
exit: 0
- 31 passed, 0 failed, 0 skipped
- clear control presentation test passed
- clear control worker-boundary test passed

$ cmp web/linux-worker-protocol.js web/dist/linux-worker-protocol.js
exit: 0
$ cmp web/src/sink/presentation.js web/dist/src/sink/presentation.js
exit: 0

Submitted evidence identity audit:
- actual implementation parent: 41871b809537f2195dcd6bb24f7ad593d71aee88
- JSON implementationCommit: 41871b80f52c4d22962fc2a394be7f21c0f53a84
- `git cat-file -t` for the JSON hash: nonexistent
- native-remediation2.json SHA-256: a2ca229ead091731c7df88f1608444d590581aa5070ac79ea4857b1b36642f8e
- worker-remediation2-gate.log SHA-256: 41cab17b8972f9c766596941c4a6f30c4b302c0defb0f55efd16e6523a583411
