$ /Users/blamy/.nvm/versions/node/v24.20.0/bin/node --test tools/verify/e5-t26f-resident-proof.test.mjs tools/verify/e5-t26f-resident-aplay.test.mjs tools/verify/e5-t26f-resident-image.test.mjs
✔ actual play alias validates, feeds exact 3840 bytes, waits child zero, then prints green using only builtins (21.732875ms)
✔ refuses wrong saved PID before feeding or green success (13.519875ms)
✔ refuses wrong actual stat PID before feeding or green success (13.192417ms)
✔ refuses changed starttime before feeding or green success (14.996625ms)
✔ refuses wrong parent shell before feeding or green success (12.896667ms)
✔ refuses malformed comm cannot shift starttime before feeding or green success (12.119417ms)
✔ refuses wrong executable inode before feeding or green success (16.007917ms)
✔ refuses not blocked in pipe_read before feeding or green success (12.144125ms)
✔ refuses missing actual FIFO descriptor before feeding or green success (13.706458ms)
✔ refuses wrong FIFO inode before feeding or green success (15.306042ms)
✔ refuses child inherited extra writer before feeding or green success (13.564958ms)
✔ refuses child FIFO descriptor is read-write before feeding or green success (11.764ms)
✔ refuses malformed fd flags before feeding or green success (11.778208ms)
✔ refuses missing parent writer before feeding or green success (13.427958ms)
✔ refuses extra parent writer before feeding or green success (13.518875ms)
✔ refuses parent descriptor read-only before feeding or green success (11.954375ms)
✔ refuses missing PCM descriptor before feeding or green success (14.0275ms)
✔ refuses wrong PCM device inode before feeding or green success (15.292917ms)
✔ refuses wrong PCM owner before feeding or green success (19.667167ms)
✔ refuses OPEN is not PREPARED before feeding or green success (24.136833ms)
✔ refuses RUNNING is not PREPARED before feeding or green success (16.407792ms)
✔ refuses nonzero hardware pointer before feeding or green success (12.352417ms)
✔ refuses queued application data before feeding or green success (12.004333ms)
✔ refuses duplicate PCM status field before feeding or green success (12.3705ms)
✔ refuses unreadable/missing PCM status before feeding or green success (13.728833ms)
✔ refuses child I/O changed after prepare before feeding or green success (12.439ms)
✔ refuses available I/O accounting disappears before feeding or green success (13.523542ms)
✔ refuses not armed before feeding or green success (11.259042ms)
✔ failed feed reports red and cannot print completion (12.098667ms)
✔ kernel without optional task I/O accounting still requires all actual PCM and FIFO guards (23.649208ms)
✔ nonzero original child exit refuses green even after a successful finite feed (12.491667ms)
✔ prepare requires two matching observations and retains the actual observation in parent RAM (206.496667ms)
✔ prepare bounds refused observations without green (122.206083ms)
✔ prepare bounds changing observations without green (119.804958ms)
✔ actual child launch closes inherited FD3 before exec, with fixed real PCM parameters (0.104666ms)
✔ CLI requires an explicit output and exact frozen helper digest; no base override (1.393875ms)
✔ output guard accepts only empty descendants and refuses nonempty, root, escape and symlinks without writes (5.61225ms)
✔ manifest preserves every original byte and appends exactly the one read-only helper (0.256167ms)
✔ debugfs adds one file, pins ownership/all inode times and never mounts or executes the guest helper (0.158458ms)
✔ Docker is local, offline/unprivileged, with exactly two file RO mounts and the owned output RW (0.171ms)
✔ actual inode stat parser refuses wrong type, ownership, mode, size, links, generation or any timestamp (0.473542ms)
✔ streaming SHA256 computes actual bytes (1.925042ms)
✔ mocked build records verified provenance, exact lock/manifest and before+after source hashes (8.31975ms)
✔ base/helper hash and input symlink failures happen before Docker or output creation (12.024916ms)
✔ Docker failure propagates, rehashes immutable inputs and retains partial outputs without success metadata (5.1075ms)
✔ zero-exit Docker does not excuse corrupt readback/stat, tool drift, copy mismatch or unchanged image (25.151875ms)
✔ post-run base mutation refuses publication and retains both Docker and preservation errors (4.958417ms)
✔ resident fixture is exact opt-in; every tuning, profiler and command override refuses (1.927375ms)
✔ actual runner selects physical play with fixed 5-ms edges in cold, reuse and acceptance only by fixture opt-in (1.95575ms)
✔ resident image binding checks frozen helper, original base and actual install path (0.3265ms)
✔ actual envelope authenticates prepared stereo parameters and empty TX metadata (0.570792ms)
✔ fully rehashed sound-state and queue mutations fail, so valid hashes cannot stand in for empty prepared playback (1.307875ms)
✔ capture XRUN and unrelated kicks are retained without claiming they contain playback PCM (0.18225ms)
✔ queued playback XRUN refuses even with rehashed envelope, no scheduled XRUN and only event kick (0.217541ms)
✔ digest, format, missing/duplicate sections, bounds and malformed sound event lengths refuse (0.7145ms)
✔ fresh host ring requires actual zero indices, silence and suspended locked context (0.478459ms)
✔ resident pre-gesture checks execute inside original T0, twice before real down/up and refuse early PCM (3.391834ms)
✔ resident mode uses the protected output guard even without diagnostic completion (0.586083ms)
✔ actual preparation requires physical command acceptance and fresh green without red before snapshot (1.114708ms)
✔ reuse authenticates exact saved sound bytes and retained screenshot, not a worker's prepared summary (2.669334ms)
ℹ tests 60
ℹ suites 0
ℹ pass 60
ℹ fail 0
ℹ cancelled 0
ℹ skipped 0
ℹ todo 0
ℹ duration_ms 935.742708

exit=0 signal=null
