$ /Users/blamy/.nvm/versions/node/v24.20.0/bin/node --test --test-name-pattern=zero-exit Docker tools/verify/e5-t26f-resident-image.test.mjs
✖ zero-exit Docker does not excuse corrupt readback/stat, tool drift, copy mismatch or unchanged image (9.632792ms)
ℹ tests 1
ℹ suites 0
ℹ pass 0
ℹ fail 1
ℹ cancelled 0
ℹ skipped 0
ℹ todo 0
ℹ duration_ms 45.778708

✖ failing tests:

test at tools/verify/e5-t26f-resident-image.test.mjs:195:1
✖ zero-exit Docker does not excuse corrupt readback/stat, tool drift, copy mismatch or unchanged image (9.632792ms)
  AssertionError [ERR_ASSERTION]: Missing expected rejection.
      at async TestContext.<anonymous> (file:///private/var/folders/nr/cyvk1qc14jj5c081vj1xts000000gn/T/e5t26f-resident-critic-wDA9rs/tools/verify/e5-t26f-resident-image.test.mjs:208:5)
      at async Test.run (node:internal/test_runner/test:1404:7)
      at async startSubtestAfterBootstrap (node:internal/test_runner/harness:387:3) {
    generatedMessage: false,
    code: 'ERR_ASSERTION',
    actual: undefined,
    expected: undefined,
    operator: 'rejects',
    diff: 'simple'
  }

exit=1 signal=null
