bridge.c:37:virgl_logv	0	static
bridge.c:42:vrend_debug	0	static
bridge.c:47:vrend_print_context_name	0	static
bridge.c:50:os_get_option	0	static
bridge.c:51:os_log_message	0	static
bridge.c:1121:bridge_translate	160	dynamic
bridge.c:79:error	32	static
bridge.c:851:check_input	224	dynamic
bridge.c:957:convert	256	dynamic
bridge.c:53:append	160	dynamic
bridge.c:1061:stage_result	208	static
bridge.c:829:cleanup	80	static
bridge.c:846:numeric_rejection	16	static
bridge.c:1136:bridge_translate_pair	320	dynamic
bridge.c:67:json_string	112	static
bridge.c:88:space	112	static
bridge.c:89:punctuation	64	static
bridge.c:96:word	80	static
bridge.c:784:validate	64	static
bridge.c:378:loop_recognize	288	dynamic
bridge.c:719:validate_body	544	dynamic
bridge.c:104:end	32	static
bridge.c:105:index_number	144	static
bridge.c:243:literal_float_bits	160	dynamic
bridge.c:227:literal_float	192	dynamic
bridge.c:128:register_name	144	static
bridge.c:548:control	256	dynamic
bridge.c:185:source	320	dynamic
bridge.c:465:loop_header	272	static
bridge.c:504:flow_snapshot	320	static
bridge.c:529:flow_join	304	static
bridge.c:329:loop_scalar	96	static
bridge.c:351:loop_scalar_word	48	static
bridge.c:336:loop_arg	64	static
bridge.c:361:loop_load	96	static
bridge.c:341:loop_scalar_arg	48	static
bridge.c:356:loop_count	80	static
bridge.c:346:loop_word	80	static
bridge.c:367:loop_writes	80	static
bridge.c:797:io_metadata	320	dynamic
vendor/src/vrend/vrend_strbuf.h:223:strarray_free	112	static
bridge.c:__llvm_profile_runtime_user	0	static
bridge.c:asan.module_ctor	16	static
bridge.c:asan.module_dtor	16	static
