^D# Whole-machine transport/ring continuity, detached decode refusal, and existing codec gates.
cargo fmt --check -p wasm-vm-core
cargo clippy -p wasm-vm-core --lib --tests --features gpu-trace -- -D warnings
   Compiling libc v0.2.186
   Compiling proc-macro2 v1.0.106
   Compiling quote v1.0.46
    Checking cfg-if v1.0.4
   Compiling unicode-ident v1.0.24
   Compiling zerocopy v0.8.52
   Compiling version_check v0.9.5
   Compiling serde_core v1.0.228
   Compiling getrandom v0.3.4
   Compiling crossbeam-utils v0.8.21
    Checking typenum v1.20.1
    Checking bitflags v2.13.0
   Compiling getrandom v0.4.3
   Compiling autocfg v1.5.1
   Compiling zmij v1.0.21
   Compiling rustix v1.1.4
   Compiling serde v1.0.228
    Checking once_cell v1.21.4
    Checking regex-syntax v0.8.11
   Compiling serde_json v1.0.150
   Compiling generic-array v0.14.7
   Compiling num-traits v0.2.19
    Checking either v1.16.0
    Checking clap_lex v1.1.0
    Checking itoa v1.0.18
   Compiling rustc_apfloat v0.2.3+llvm-462a31f5a5ab
    Checking anstyle v1.0.14
    Checking memchr v2.8.2
   Compiling rayon-core v1.13.0
    Checking ciborium-io v0.2.2
    Checking fastrand v2.4.1
    Checking clap_builder v4.6.0
    Checking regex-automata v0.4.14
    Checking itertools v0.10.5
    Checking crossbeam-epoch v0.9.18
    Checking crossbeam-deque v0.8.6
    Checking bit-vec v0.8.0
    Checking fnv v1.0.7
    Checking smallvec v1.15.2
    Checking quick-error v1.2.3
    Checking same-file v1.0.6
    Checking cast v0.3.0
    Checking bit-set v0.8.0
    Checking regex v1.12.4
    Checking walkdir v2.5.0
    Checking criterion-plot v0.5.0
    Checking clap v4.6.1
    Checking anes v0.1.6
    Checking oorandom v11.1.5
    Checking log v0.4.33
    Checking unarray v0.1.4
   Compiling syn v2.0.118
    Checking errno v0.3.14
    Checking wait-timeout v0.2.1
    Checking cpufeatures v0.2.17
    Checking is-terminal v0.4.17
    Checking rand_core v0.9.5
    Checking rand v0.9.4
    Checking rand_xorshift v0.4.0
    Checking tempfile v3.27.0
    Checking rusty-fork v0.3.1
    Checking crypto-common v0.1.7
    Checking block-buffer v0.10.4
    Checking digest v0.10.7
    Checking sha2 v0.10.9
   Compiling zerocopy-derive v0.8.52
   Compiling serde_derive v1.0.228
    Checking rayon v1.12.0
    Checking wasm-vm-core v0.0.1 (/private/tmp/e5-t26h-clean.yORnS0/repo/crates/core)
    Checking tinytemplate v1.2.1
    Checking half v2.7.1
    Checking ppv-lite86 v0.2.21
    Checking rand_chacha v0.9.0
    Checking ciborium-ll v0.2.2
    Checking proptest v1.11.0
    Checking ciborium v0.2.2
    Checking criterion v0.5.1
    Finished `dev` profile [unoptimized + debuginfo] target(s) in 7.21s
cargo test -p wasm-vm-core --features gpu-trace --test desktop_machine_resume --test desktop_machine_resume_verifier --test desktop_machine_audio_resume --test cpu_resume --test snapshot_coherence --test virtio_blk_quiesce --test virtio_console --test desktop_snapshot_save -- --nocapture
   Compiling cfg-if v1.0.4
   Compiling typenum v1.20.1
   Compiling bitflags v2.13.0
   Compiling libc v0.2.186
   Compiling serde_core v1.0.228
   Compiling crossbeam-utils v0.8.21
   Compiling once_cell v1.21.4
   Compiling either v1.16.0
   Compiling regex-syntax v0.8.11
   Compiling zmij v1.0.21
   Compiling anstyle v1.0.14
   Compiling fastrand v2.4.1
   Compiling clap_lex v1.1.0
   Compiling ciborium-io v0.2.2
   Compiling memchr v2.8.2
   Compiling zerocopy v0.8.52
   Compiling itoa v1.0.18
   Compiling num-traits v0.2.19
   Compiling itertools v0.10.5
   Compiling clap_builder v4.6.0
   Compiling smallvec v1.15.2
   Compiling fnv v1.0.7
   Compiling same-file v1.0.6
   Compiling quick-error v1.2.3
   Compiling bit-vec v0.8.0
   Compiling cast v0.3.0
   Compiling crossbeam-epoch v0.9.18
   Compiling walkdir v2.5.0
   Compiling rustc_apfloat v0.2.3+llvm-462a31f5a5ab
   Compiling bit-set v0.8.0
   Compiling unarray v0.1.4
   Compiling getrandom v0.3.4
   Compiling errno v0.3.14
   Compiling getrandom v0.4.3
   Compiling generic-array v0.14.7
   Compiling wait-timeout v0.2.1
   Compiling cpufeatures v0.2.17
   Compiling rustix v1.1.4
   Compiling rand_core v0.9.5
   Compiling crossbeam-deque v0.8.6
   Compiling is-terminal v0.4.17
   Compiling log v0.4.33
   Compiling oorandom v11.1.5
   Compiling anes v0.1.6
   Compiling rand_xorshift v0.4.0
   Compiling rayon-core v1.13.0
   Compiling rand v0.9.4
   Compiling block-buffer v0.10.4
   Compiling crypto-common v0.1.7
   Compiling digest v0.10.7
   Compiling sha2 v0.10.9
   Compiling rayon v1.12.0
   Compiling criterion-plot v0.5.0
   Compiling wasm-vm-core v0.0.1 (/private/tmp/e5-t26h-clean.yORnS0/repo/crates/core)
   Compiling tempfile v3.27.0
   Compiling regex-automata v0.4.14
   Compiling clap v4.6.1
   Compiling rusty-fork v0.3.1
   Compiling serde v1.0.228
   Compiling serde_json v1.0.150
   Compiling tinytemplate v1.2.1
   Compiling regex v1.12.4
   Compiling half v2.7.1
   Compiling ppv-lite86 v0.2.21
   Compiling rand_chacha v0.9.0
   Compiling ciborium-ll v0.2.2
   Compiling proptest v1.11.0
   Compiling ciborium v0.2.2
   Compiling criterion v0.5.1
    Finished `test` profile [unoptimized + debuginfo] target(s) in 3.04s
     Running tests/cpu_resume.rs (/private/tmp/e5-t26h-clean.yORnS0/target/debug/deps/cpu_resume-6c64fcb637644f66)

running 6 tests
test malformed_cpu_payload_is_rejected_and_leaves_hart_unchanged ... ok
test resume_places_the_timer_interrupt_identically ... ok
test virtio_blk_and_net_sections_round_trip_at_machine_level ... ok
test whole_machine_resume_round_trips ... ok
test restore_over_dirty_state_is_byte_identical ... ok
test resume_trace_matches_continuation ... ok

test result: ok. 6 passed; 0 failed; 0 ignored; 0 measured; 0 filtered out; finished in 1.44s

     Running tests/desktop_machine_audio_resume.rs (/private/tmp/e5-t26h-clean.yORnS0/target/debug/deps/desktop_machine_audio_resume-a0e91b2ede2294fe)

running 6 tests
PCM deadline: ordinal=0 queued=1 used=1 status=0x8000 sink_bytes=1920 first_pcm=[73, 0, 183, 255, 74, 0, 182, 255] WAV=/private/tmp/e5-t26h-clean.yORnS0/repo/crates/core/../../target/desktop-machine-audio-resume/envelope-true-rx-false-frames-480-clock-0-released-false-source.wav
PCM deadline: ordinal=0 queued=1 used=1 status=0x8000 sink_bytes=1920 first_pcm=[73, 0, 183, 255, 74, 0, 182, 255] WAV=/private/tmp/e5-t26h-clean.yORnS0/repo/crates/core/../../target/desktop-machine-audio-resume/layout-compatibility-source.wav
envelope-true-rx-false-frames-480-clock-0-released-false: source PCM exact, saved control_used=4 tx_used=1 event_used=1 state=Stopped
PCM deadline: ordinal=0 queued=1 used=1 status=0x8000 sink_bytes=1920 first_pcm=[73, 0, 183, 255, 74, 0, 182, 255] WAV=/private/tmp/e5-t26h-clean.yORnS0/repo/crates/core/../../target/desktop-machine-audio-resume/envelope-true-rx-true-frames-480-clock-0-released-false-source.wav
envelope-true-rx-true-frames-480-clock-0-released-false: source PCM exact, saved control_used=4 tx_used=1 event_used=1 state=Stopped
PCM deadline: ordinal=0 queued=1 used=1 status=0x8000 sink_bytes=1920 first_pcm=[73, 0, 183, 255, 74, 0, 182, 255] WAV=/private/tmp/e5-t26h-clean.yORnS0/repo/crates/core/../../target/desktop-machine-audio-resume/envelope-false-rx-false-frames-480-clock-0-released-false-source.wav
PCM deadline: ordinal=0 queued=1 used=1 status=0x8000 sink_bytes=1920 first_pcm=[73, 0, 183, 255, 74, 0, 182, 255] WAV=/private/tmp/e5-t26h-clean.yORnS0/repo/crates/core/../../target/desktop-machine-audio-resume/envelope-false-rx-true-frames-480-clock-0-released-false-source.wav
envelope-false-rx-false-frames-480-clock-0-released-false: source PCM exact, saved control_used=4 tx_used=1 event_used=1 state=Stopped
envelope-false-rx-true-frames-480-clock-0-released-false: source PCM exact, saved control_used=4 tx_used=1 event_used=1 state=Stopped
test sound_layout_version_does_not_invalidate_container_v1_headless_resume ... ok
old-unversioned-RX-TX: sound tag 16 refusal, unchanged machine/host
unknown-layout-0: sound tag 16 refusal, unchanged machine/host
unknown-layout-1: sound tag 16 refusal, unchanged machine/host
PCM deadline: ordinal=1 queued=1 used=2 status=0x8000 sink_bytes=1920 first_pcm=[165, 6, 91, 249, 166, 6, 90, 249] WAV=/private/tmp/e5-t26h-clean.yORnS0/repo/crates/core/../../target/desktop-machine-audio-resume/envelope-true-rx-true-frames-480-clock-0-released-false-fresh.wav
PCM deadline: ordinal=1 queued=1 used=2 status=0x8000 sink_bytes=1920 first_pcm=[165, 6, 91, 249, 166, 6, 90, 249] WAV=/private/tmp/e5-t26h-clean.yORnS0/repo/crates/core/../../target/desktop-machine-audio-resume/envelope-false-rx-true-frames-480-clock-0-released-false-fresh.wav
PCM deadline: ordinal=1 queued=1 used=2 status=0x8000 sink_bytes=1920 first_pcm=[165, 6, 91, 249, 166, 6, 90, 249] WAV=/private/tmp/e5-t26h-clean.yORnS0/repo/crates/core/../../target/desktop-machine-audio-resume/envelope-true-rx-false-frames-480-clock-0-released-false-fresh.wav
PCM deadline: ordinal=1 queued=1 used=2 status=0x8000 sink_bytes=1920 first_pcm=[165, 6, 91, 249, 166, 6, 90, 249] WAV=/private/tmp/e5-t26h-clean.yORnS0/repo/crates/core/../../target/desktop-machine-audio-resume/envelope-false-rx-false-frames-480-clock-0-released-false-fresh.wav
envelope-true-rx-true-frames-480-clock-0-released-false: source/fresh=480 PCM frames, control_used=9, tx_used=2 event_used=2, fresh_clock_ns=20000000, WAV=/private/tmp/e5-t26h-clean.yORnS0/repo/crates/core/../../target/desktop-machine-audio-resume/envelope-true-rx-true-frames-480-clock-0-released-false-fresh.wav
envelope-false-rx-true-frames-480-clock-0-released-false: source/fresh=480 PCM frames, control_used=9, tx_used=2 event_used=2, fresh_clock_ns=20000000, WAV=/private/tmp/e5-t26h-clean.yORnS0/repo/crates/core/../../target/desktop-machine-audio-resume/envelope-false-rx-true-frames-480-clock-0-released-false-fresh.wav
envelope-true-rx-false-frames-480-clock-0-released-false: source/fresh=480 PCM frames, control_used=9, tx_used=2 event_used=2, fresh_clock_ns=20000000, WAV=/private/tmp/e5-t26h-clean.yORnS0/repo/crates/core/../../target/desktop-machine-audio-resume/envelope-true-rx-false-frames-480-clock-0-released-false-fresh.wav
envelope-false-rx-false-frames-480-clock-0-released-false: source/fresh=480 PCM frames, control_used=9, tx_used=2 event_used=2, fresh_clock_ns=20000000, WAV=/private/tmp/e5-t26h-clean.yORnS0/repo/crates/core/../../target/desktop-machine-audio-resume/envelope-false-rx-false-frames-480-clock-0-released-false-fresh.wav
unknown-layout-3: sound tag 16 refusal, unchanged machine/host
unknown-layout-4294967295: sound tag 16 refusal, unchanged machine/host
truncated-layout-0: sound tag 16 refusal, unchanged machine/host
PCM deadline: ordinal=0 queued=1 used=1 status=0x8000 sink_bytes=1920 first_pcm=[73, 0, 183, 255, 74, 0, 182, 255] WAV=/private/tmp/e5-t26h-clean.yORnS0/repo/crates/core/../../target/desktop-machine-audio-resume/envelope-false-rx-false-frames-480-clock-0-released-true-source.wav
envelope-false-rx-false-frames-480-clock-0-released-true: source PCM exact, saved control_used=5 tx_used=1 event_used=1 state=Released
PCM deadline: ordinal=0 queued=1 used=1 status=0x8000 sink_bytes=1920 first_pcm=[73, 0, 183, 255, 74, 0, 182, 255] WAV=/private/tmp/e5-t26h-clean.yORnS0/repo/crates/core/../../target/desktop-machine-audio-resume/envelope-true-rx-false-frames-480-clock-0-released-true-source.wav
envelope-true-rx-false-frames-480-clock-0-released-true: source PCM exact, saved control_used=5 tx_used=1 event_used=1 state=Released
PCM deadline: ordinal=0 queued=1 used=1 status=0x8000 sink_bytes=1920 first_pcm=[73, 0, 183, 255, 74, 0, 182, 255] WAV=/private/tmp/e5-t26h-clean.yORnS0/repo/crates/core/../../target/desktop-machine-audio-resume/envelope-true-rx-true-frames-480-clock-0-released-true-source.wav
envelope-true-rx-true-frames-480-clock-0-released-true: source PCM exact, saved control_used=5 tx_used=1 event_used=1 state=Released
PCM deadline: ordinal=0 queued=1 used=1 status=0x8000 sink_bytes=1920 first_pcm=[73, 0, 183, 255, 74, 0, 182, 255] WAV=/private/tmp/e5-t26h-clean.yORnS0/repo/crates/core/../../target/desktop-machine-audio-resume/envelope-false-rx-true-frames-480-clock-0-released-true-source.wav
envelope-false-rx-true-frames-480-clock-0-released-true: source PCM exact, saved control_used=5 tx_used=1 event_used=1 state=Released
truncated-layout-1: sound tag 16 refusal, unchanged machine/host
truncated-layout-2: sound tag 16 refusal, unchanged machine/host
truncated-layout-3: sound tag 16 refusal, unchanged machine/host
test old_or_unknown_sound_resume_layout_is_rejected_before_live_mutation ... ok
PCM deadline: ordinal=1 queued=1 used=2 status=0x8000 sink_bytes=1920 first_pcm=[165, 6, 91, 249, 166, 6, 90, 249] WAV=/private/tmp/e5-t26h-clean.yORnS0/repo/crates/core/../../target/desktop-machine-audio-resume/envelope-false-rx-false-frames-480-clock-0-released-true-fresh.wav
envelope-false-rx-false-frames-480-clock-0-released-true: source/fresh=480 PCM frames, control_used=9, tx_used=2 event_used=2, fresh_clock_ns=20000000, WAV=/private/tmp/e5-t26h-clean.yORnS0/repo/crates/core/../../target/desktop-machine-audio-resume/envelope-false-rx-false-frames-480-clock-0-released-true-fresh.wav
PCM deadline: ordinal=1 queued=1 used=2 status=0x8000 sink_bytes=1920 first_pcm=[165, 6, 91, 249, 166, 6, 90, 249] WAV=/private/tmp/e5-t26h-clean.yORnS0/repo/crates/core/../../target/desktop-machine-audio-resume/envelope-false-rx-true-frames-480-clock-0-released-true-fresh.wav
PCM deadline: ordinal=1 queued=1 used=2 status=0x8000 sink_bytes=1920 first_pcm=[165, 6, 91, 249, 166, 6, 90, 249] WAV=/private/tmp/e5-t26h-clean.yORnS0/repo/crates/core/../../target/desktop-machine-audio-resume/envelope-true-rx-false-frames-480-clock-0-released-true-fresh.wav
envelope-false-rx-true-frames-480-clock-0-released-true: source/fresh=480 PCM frames, control_used=9, tx_used=2 event_used=2, fresh_clock_ns=20000000, WAV=/private/tmp/e5-t26h-clean.yORnS0/repo/crates/core/../../target/desktop-machine-audio-resume/envelope-false-rx-true-frames-480-clock-0-released-true-fresh.wav
PCM deadline: ordinal=1 queued=1 used=2 status=0x8000 sink_bytes=1920 first_pcm=[165, 6, 91, 249, 166, 6, 90, 249] WAV=/private/tmp/e5-t26h-clean.yORnS0/repo/crates/core/../../target/desktop-machine-audio-resume/envelope-true-rx-true-frames-480-clock-0-released-true-fresh.wav
envelope-true-rx-false-frames-480-clock-0-released-true: source/fresh=480 PCM frames, control_used=9, tx_used=2 event_used=2, fresh_clock_ns=20000000, WAV=/private/tmp/e5-t26h-clean.yORnS0/repo/crates/core/../../target/desktop-machine-audio-resume/envelope-true-rx-false-frames-480-clock-0-released-true-fresh.wav
envelope-true-rx-true-frames-480-clock-0-released-true: source/fresh=480 PCM frames, control_used=9, tx_used=2 event_used=2, fresh_clock_ns=20000000, WAV=/private/tmp/e5-t26h-clean.yORnS0/repo/crates/core/../../target/desktop-machine-audio-resume/envelope-true-rx-true-frames-480-clock-0-released-true-fresh.wav
PCM deadline: ordinal=0 queued=1 used=1 status=0x8000 sink_bytes=1920 first_pcm=[73, 0, 183, 255, 74, 0, 182, 255] WAV=/private/tmp/e5-t26h-clean.yORnS0/repo/crates/core/../../target/desktop-machine-audio-resume/envelope-false-rx-true-frames-480-clock-3600000000000-released-false-source.wav
envelope-false-rx-true-frames-480-clock-3600000000000-released-false: source PCM exact, saved control_used=4 tx_used=1 event_used=1 state=Stopped
PCM deadline: ordinal=0 queued=1 used=1 status=0x8000 sink_bytes=1920 first_pcm=[73, 0, 183, 255, 74, 0, 182, 255] WAV=/private/tmp/e5-t26h-clean.yORnS0/repo/crates/core/../../target/desktop-machine-audio-resume/envelope-false-rx-false-frames-480-clock-3600000000000-released-false-source.wav
envelope-false-rx-false-frames-480-clock-3600000000000-released-false: source PCM exact, saved control_used=4 tx_used=1 event_used=1 state=Stopped
PCM deadline: ordinal=0 queued=1 used=1 status=0x8000 sink_bytes=1920 first_pcm=[73, 0, 183, 255, 74, 0, 182, 255] WAV=/private/tmp/e5-t26h-clean.yORnS0/repo/crates/core/../../target/desktop-machine-audio-resume/envelope-true-rx-false-frames-480-clock-3600000000000-released-false-source.wav
envelope-true-rx-false-frames-480-clock-3600000000000-released-false: source PCM exact, saved control_used=4 tx_used=1 event_used=1 state=Stopped
PCM deadline: ordinal=0 queued=1 used=1 status=0x8000 sink_bytes=1920 first_pcm=[73, 0, 183, 255, 74, 0, 182, 255] WAV=/private/tmp/e5-t26h-clean.yORnS0/repo/crates/core/../../target/desktop-machine-audio-resume/envelope-true-rx-true-frames-480-clock-3600000000000-released-false-source.wav
envelope-true-rx-true-frames-480-clock-3600000000000-released-false: source PCM exact, saved control_used=4 tx_used=1 event_used=1 state=Stopped
PCM deadline: ordinal=1 queued=1 used=2 status=0x8000 sink_bytes=1920 first_pcm=[165, 6, 91, 249, 166, 6, 90, 249] WAV=/private/tmp/e5-t26h-clean.yORnS0/repo/crates/core/../../target/desktop-machine-audio-resume/envelope-false-rx-true-frames-480-clock-3600000000000-released-false-fresh.wav
envelope-false-rx-true-frames-480-clock-3600000000000-released-false: source/fresh=480 PCM frames, control_used=9, tx_used=2 event_used=2, fresh_clock_ns=20000000, WAV=/private/tmp/e5-t26h-clean.yORnS0/repo/crates/core/../../target/desktop-machine-audio-resume/envelope-false-rx-true-frames-480-clock-3600000000000-released-false-fresh.wav
PCM deadline: ordinal=1 queued=1 used=2 status=0x8000 sink_bytes=1920 first_pcm=[165, 6, 91, 249, 166, 6, 90, 249] WAV=/private/tmp/e5-t26h-clean.yORnS0/repo/crates/core/../../target/desktop-machine-audio-resume/envelope-false-rx-false-frames-480-clock-3600000000000-released-false-fresh.wav
envelope-false-rx-false-frames-480-clock-3600000000000-released-false: source/fresh=480 PCM frames, control_used=9, tx_used=2 event_used=2, fresh_clock_ns=20000000, WAV=/private/tmp/e5-t26h-clean.yORnS0/repo/crates/core/../../target/desktop-machine-audio-resume/envelope-false-rx-false-frames-480-clock-3600000000000-released-false-fresh.wav
PCM deadline: ordinal=1 queued=1 used=2 status=0x8000 sink_bytes=1920 first_pcm=[165, 6, 91, 249, 166, 6, 90, 249] WAV=/private/tmp/e5-t26h-clean.yORnS0/repo/crates/core/../../target/desktop-machine-audio-resume/envelope-true-rx-false-frames-480-clock-3600000000000-released-false-fresh.wav
envelope-true-rx-false-frames-480-clock-3600000000000-released-false: source/fresh=480 PCM frames, control_used=9, tx_used=2 event_used=2, fresh_clock_ns=20000000, WAV=/private/tmp/e5-t26h-clean.yORnS0/repo/crates/core/../../target/desktop-machine-audio-resume/envelope-true-rx-false-frames-480-clock-3600000000000-released-false-fresh.wav
PCM deadline: ordinal=1 queued=1 used=2 status=0x8000 sink_bytes=1920 first_pcm=[165, 6, 91, 249, 166, 6, 90, 249] WAV=/private/tmp/e5-t26h-clean.yORnS0/repo/crates/core/../../target/desktop-machine-audio-resume/envelope-true-rx-true-frames-480-clock-3600000000000-released-false-fresh.wav
envelope-true-rx-true-frames-480-clock-3600000000000-released-false: source/fresh=480 PCM frames, control_used=9, tx_used=2 event_used=2, fresh_clock_ns=20000000, WAV=/private/tmp/e5-t26h-clean.yORnS0/repo/crates/core/../../target/desktop-machine-audio-resume/envelope-true-rx-true-frames-480-clock-3600000000000-released-false-fresh.wav
PCM deadline: ordinal=0 queued=1 used=1 status=0x8000 sink_bytes=1920 first_pcm=[73, 0, 183, 255, 74, 0, 182, 255] WAV=/private/tmp/e5-t26h-clean.yORnS0/repo/crates/core/../../target/desktop-machine-audio-resume/envelope-false-rx-false-frames-480-clock-3600000000000-released-true-source.wav
PCM deadline: ordinal=0 queued=1 used=1 status=0x8000 sink_bytes=1920 first_pcm=[73, 0, 183, 255, 74, 0, 182, 255] WAV=/private/tmp/e5-t26h-clean.yORnS0/repo/crates/core/../../target/desktop-machine-audio-resume/envelope-false-rx-true-frames-480-clock-3600000000000-released-true-source.wav
envelope-false-rx-false-frames-480-clock-3600000000000-released-true: source PCM exact, saved control_used=5 tx_used=1 event_used=1 state=Released
envelope-false-rx-true-frames-480-clock-3600000000000-released-true: source PCM exact, saved control_used=5 tx_used=1 event_used=1 state=Released
PCM deadline: ordinal=0 queued=1 used=1 status=0x8000 sink_bytes=1920 first_pcm=[73, 0, 183, 255, 74, 0, 182, 255] WAV=/private/tmp/e5-t26h-clean.yORnS0/repo/crates/core/../../target/desktop-machine-audio-resume/envelope-true-rx-false-frames-480-clock-3600000000000-released-true-source.wav
envelope-true-rx-false-frames-480-clock-3600000000000-released-true: source PCM exact, saved control_used=5 tx_used=1 event_used=1 state=Released
PCM deadline: ordinal=0 queued=1 used=1 status=0x8000 sink_bytes=1920 first_pcm=[73, 0, 183, 255, 74, 0, 182, 255] WAV=/private/tmp/e5-t26h-clean.yORnS0/repo/crates/core/../../target/desktop-machine-audio-resume/envelope-true-rx-true-frames-480-clock-3600000000000-released-true-source.wav
envelope-true-rx-true-frames-480-clock-3600000000000-released-true: source PCM exact, saved control_used=5 tx_used=1 event_used=1 state=Released
PCM deadline: ordinal=1 queued=1 used=2 status=0x8000 sink_bytes=1920 first_pcm=[165, 6, 91, 249, 166, 6, 90, 249] WAV=/private/tmp/e5-t26h-clean.yORnS0/repo/crates/core/../../target/desktop-machine-audio-resume/envelope-false-rx-true-frames-480-clock-3600000000000-released-true-fresh.wav
envelope-false-rx-true-frames-480-clock-3600000000000-released-true: source/fresh=480 PCM frames, control_used=9, tx_used=2 event_used=2, fresh_clock_ns=20000000, WAV=/private/tmp/e5-t26h-clean.yORnS0/repo/crates/core/../../target/desktop-machine-audio-resume/envelope-false-rx-true-frames-480-clock-3600000000000-released-true-fresh.wav
PCM deadline: ordinal=1 queued=1 used=2 status=0x8000 sink_bytes=1920 first_pcm=[165, 6, 91, 249, 166, 6, 90, 249] WAV=/private/tmp/e5-t26h-clean.yORnS0/repo/crates/core/../../target/desktop-machine-audio-resume/envelope-false-rx-false-frames-480-clock-3600000000000-released-true-fresh.wav
envelope-false-rx-false-frames-480-clock-3600000000000-released-true: source/fresh=480 PCM frames, control_used=9, tx_used=2 event_used=2, fresh_clock_ns=20000000, WAV=/private/tmp/e5-t26h-clean.yORnS0/repo/crates/core/../../target/desktop-machine-audio-resume/envelope-false-rx-false-frames-480-clock-3600000000000-released-true-fresh.wav
PCM deadline: ordinal=1 queued=1 used=2 status=0x8000 sink_bytes=1920 first_pcm=[165, 6, 91, 249, 166, 6, 90, 249] WAV=/private/tmp/e5-t26h-clean.yORnS0/repo/crates/core/../../target/desktop-machine-audio-resume/envelope-true-rx-false-frames-480-clock-3600000000000-released-true-fresh.wav
envelope-true-rx-false-frames-480-clock-3600000000000-released-true: source/fresh=480 PCM frames, control_used=9, tx_used=2 event_used=2, fresh_clock_ns=20000000, WAV=/private/tmp/e5-t26h-clean.yORnS0/repo/crates/core/../../target/desktop-machine-audio-resume/envelope-true-rx-false-frames-480-clock-3600000000000-released-true-fresh.wav
PCM deadline: ordinal=1 queued=1 used=2 status=0x8000 sink_bytes=1920 first_pcm=[165, 6, 91, 249, 166, 6, 90, 249] WAV=/private/tmp/e5-t26h-clean.yORnS0/repo/crates/core/../../target/desktop-machine-audio-resume/envelope-true-rx-true-frames-480-clock-3600000000000-released-true-fresh.wav
envelope-true-rx-true-frames-480-clock-3600000000000-released-true: source/fresh=480 PCM frames, control_used=9, tx_used=2 event_used=2, fresh_clock_ns=20000000, WAV=/private/tmp/e5-t26h-clean.yORnS0/repo/crates/core/../../target/desktop-machine-audio-resume/envelope-true-rx-true-frames-480-clock-3600000000000-released-true-fresh.wav
PCM deadline: ordinal=0 queued=1 used=1 status=0x8000 sink_bytes=8192 first_pcm=[73, 0, 183, 255, 74, 0, 182, 255] WAV=/private/tmp/e5-t26h-clean.yORnS0/repo/crates/core/../../target/desktop-machine-audio-resume/envelope-false-rx-true-frames-2048-clock-0-released-false-source.wav
PCM deadline: ordinal=0 queued=1 used=1 status=0x8000 sink_bytes=8192 first_pcm=[73, 0, 183, 255, 74, 0, 182, 255] WAV=/private/tmp/e5-t26h-clean.yORnS0/repo/crates/core/../../target/desktop-machine-audio-resume/envelope-false-rx-false-frames-2048-clock-0-released-false-source.wav
envelope-false-rx-true-frames-2048-clock-0-released-false: source PCM exact, saved control_used=4 tx_used=1 event_used=1 state=Stopped
envelope-false-rx-false-frames-2048-clock-0-released-false: source PCM exact, saved control_used=4 tx_used=1 event_used=1 state=Stopped
PCM deadline: ordinal=0 queued=1 used=1 status=0x8000 sink_bytes=8192 first_pcm=[73, 0, 183, 255, 74, 0, 182, 255] WAV=/private/tmp/e5-t26h-clean.yORnS0/repo/crates/core/../../target/desktop-machine-audio-resume/envelope-true-rx-false-frames-2048-clock-0-released-false-source.wav
envelope-true-rx-false-frames-2048-clock-0-released-false: source PCM exact, saved control_used=4 tx_used=1 event_used=1 state=Stopped
PCM deadline: ordinal=0 queued=1 used=1 status=0x8000 sink_bytes=8192 first_pcm=[73, 0, 183, 255, 74, 0, 182, 255] WAV=/private/tmp/e5-t26h-clean.yORnS0/repo/crates/core/../../target/desktop-machine-audio-resume/envelope-true-rx-true-frames-2048-clock-0-released-false-source.wav
envelope-true-rx-true-frames-2048-clock-0-released-false: source PCM exact, saved control_used=4 tx_used=1 event_used=1 state=Stopped
PCM deadline: ordinal=1 queued=1 used=2 status=0x8000 sink_bytes=8192 first_pcm=[165, 6, 91, 249, 166, 6, 90, 249] WAV=/private/tmp/e5-t26h-clean.yORnS0/repo/crates/core/../../target/desktop-machine-audio-resume/envelope-false-rx-true-frames-2048-clock-0-released-false-fresh.wav
PCM deadline: ordinal=1 queued=1 used=2 status=0x8000 sink_bytes=8192 first_pcm=[165, 6, 91, 249, 166, 6, 90, 249] WAV=/private/tmp/e5-t26h-clean.yORnS0/repo/crates/core/../../target/desktop-machine-audio-resume/envelope-false-rx-false-frames-2048-clock-0-released-false-fresh.wav
envelope-false-rx-true-frames-2048-clock-0-released-false: source/fresh=2048 PCM frames, control_used=9, tx_used=2 event_used=2, fresh_clock_ns=85333334, WAV=/private/tmp/e5-t26h-clean.yORnS0/repo/crates/core/../../target/desktop-machine-audio-resume/envelope-false-rx-true-frames-2048-clock-0-released-false-fresh.wav
envelope-false-rx-false-frames-2048-clock-0-released-false: source/fresh=2048 PCM frames, control_used=9, tx_used=2 event_used=2, fresh_clock_ns=85333334, WAV=/private/tmp/e5-t26h-clean.yORnS0/repo/crates/core/../../target/desktop-machine-audio-resume/envelope-false-rx-false-frames-2048-clock-0-released-false-fresh.wav
PCM deadline: ordinal=1 queued=1 used=2 status=0x8000 sink_bytes=8192 first_pcm=[165, 6, 91, 249, 166, 6, 90, 249] WAV=/private/tmp/e5-t26h-clean.yORnS0/repo/crates/core/../../target/desktop-machine-audio-resume/envelope-true-rx-false-frames-2048-clock-0-released-false-fresh.wav
PCM deadline: ordinal=1 queued=1 used=2 status=0x8000 sink_bytes=8192 first_pcm=[165, 6, 91, 249, 166, 6, 90, 249] WAV=/private/tmp/e5-t26h-clean.yORnS0/repo/crates/core/../../target/desktop-machine-audio-resume/envelope-true-rx-true-frames-2048-clock-0-released-false-fresh.wav
envelope-true-rx-false-frames-2048-clock-0-released-false: source/fresh=2048 PCM frames, control_used=9, tx_used=2 event_used=2, fresh_clock_ns=85333334, WAV=/private/tmp/e5-t26h-clean.yORnS0/repo/crates/core/../../target/desktop-machine-audio-resume/envelope-true-rx-false-frames-2048-clock-0-released-false-fresh.wav
envelope-true-rx-true-frames-2048-clock-0-released-false: source/fresh=2048 PCM frames, control_used=9, tx_used=2 event_used=2, fresh_clock_ns=85333334, WAV=/private/tmp/e5-t26h-clean.yORnS0/repo/crates/core/../../target/desktop-machine-audio-resume/envelope-true-rx-true-frames-2048-clock-0-released-false-fresh.wav
PCM deadline: ordinal=0 queued=1 used=1 status=0x8000 sink_bytes=8192 first_pcm=[73, 0, 183, 255, 74, 0, 182, 255] WAV=/private/tmp/e5-t26h-clean.yORnS0/repo/crates/core/../../target/desktop-machine-audio-resume/envelope-false-rx-true-frames-2048-clock-0-released-true-source.wav
envelope-false-rx-true-frames-2048-clock-0-released-true: source PCM exact, saved control_used=5 tx_used=1 event_used=1 state=Released
PCM deadline: ordinal=0 queued=1 used=1 status=0x8000 sink_bytes=8192 first_pcm=[73, 0, 183, 255, 74, 0, 182, 255] WAV=/private/tmp/e5-t26h-clean.yORnS0/repo/crates/core/../../target/desktop-machine-audio-resume/envelope-false-rx-false-frames-2048-clock-0-released-true-source.wav
envelope-false-rx-false-frames-2048-clock-0-released-true: source PCM exact, saved control_used=5 tx_used=1 event_used=1 state=Released
PCM deadline: ordinal=0 queued=1 used=1 status=0x8000 sink_bytes=8192 first_pcm=[73, 0, 183, 255, 74, 0, 182, 255] WAV=/private/tmp/e5-t26h-clean.yORnS0/repo/crates/core/../../target/desktop-machine-audio-resume/envelope-true-rx-true-frames-2048-clock-0-released-true-source.wav
envelope-true-rx-true-frames-2048-clock-0-released-true: source PCM exact, saved control_used=5 tx_used=1 event_used=1 state=Released
PCM deadline: ordinal=0 queued=1 used=1 status=0x8000 sink_bytes=8192 first_pcm=[73, 0, 183, 255, 74, 0, 182, 255] WAV=/private/tmp/e5-t26h-clean.yORnS0/repo/crates/core/../../target/desktop-machine-audio-resume/envelope-true-rx-false-frames-2048-clock-0-released-true-source.wav
envelope-true-rx-false-frames-2048-clock-0-released-true: source PCM exact, saved control_used=5 tx_used=1 event_used=1 state=Released
PCM deadline: ordinal=1 queued=1 used=2 status=0x8000 sink_bytes=8192 first_pcm=[165, 6, 91, 249, 166, 6, 90, 249] WAV=/private/tmp/e5-t26h-clean.yORnS0/repo/crates/core/../../target/desktop-machine-audio-resume/envelope-false-rx-true-frames-2048-clock-0-released-true-fresh.wav
envelope-false-rx-true-frames-2048-clock-0-released-true: source/fresh=2048 PCM frames, control_used=9, tx_used=2 event_used=2, fresh_clock_ns=85333334, WAV=/private/tmp/e5-t26h-clean.yORnS0/repo/crates/core/../../target/desktop-machine-audio-resume/envelope-false-rx-true-frames-2048-clock-0-released-true-fresh.wav
PCM deadline: ordinal=1 queued=1 used=2 status=0x8000 sink_bytes=8192 first_pcm=[165, 6, 91, 249, 166, 6, 90, 249] WAV=/private/tmp/e5-t26h-clean.yORnS0/repo/crates/core/../../target/desktop-machine-audio-resume/envelope-false-rx-false-frames-2048-clock-0-released-true-fresh.wav
envelope-false-rx-false-frames-2048-clock-0-released-true: source/fresh=2048 PCM frames, control_used=9, tx_used=2 event_used=2, fresh_clock_ns=85333334, WAV=/private/tmp/e5-t26h-clean.yORnS0/repo/crates/core/../../target/desktop-machine-audio-resume/envelope-false-rx-false-frames-2048-clock-0-released-true-fresh.wav
PCM deadline: ordinal=1 queued=1 used=2 status=0x8000 sink_bytes=8192 first_pcm=[165, 6, 91, 249, 166, 6, 90, 249] WAV=/private/tmp/e5-t26h-clean.yORnS0/repo/crates/core/../../target/desktop-machine-audio-resume/envelope-true-rx-true-frames-2048-clock-0-released-true-fresh.wav
envelope-true-rx-true-frames-2048-clock-0-released-true: source/fresh=2048 PCM frames, control_used=9, tx_used=2 event_used=2, fresh_clock_ns=85333334, WAV=/private/tmp/e5-t26h-clean.yORnS0/repo/crates/core/../../target/desktop-machine-audio-resume/envelope-true-rx-true-frames-2048-clock-0-released-true-fresh.wav
PCM deadline: ordinal=1 queued=1 used=2 status=0x8000 sink_bytes=8192 first_pcm=[165, 6, 91, 249, 166, 6, 90, 249] WAV=/private/tmp/e5-t26h-clean.yORnS0/repo/crates/core/../../target/desktop-machine-audio-resume/envelope-true-rx-false-frames-2048-clock-0-released-true-fresh.wav
envelope-true-rx-false-frames-2048-clock-0-released-true: source/fresh=2048 PCM frames, control_used=9, tx_used=2 event_used=2, fresh_clock_ns=85333334, WAV=/private/tmp/e5-t26h-clean.yORnS0/repo/crates/core/../../target/desktop-machine-audio-resume/envelope-true-rx-false-frames-2048-clock-0-released-true-fresh.wav
PCM deadline: ordinal=0 queued=1 used=1 status=0x8000 sink_bytes=8192 first_pcm=[73, 0, 183, 255, 74, 0, 182, 255] WAV=/private/tmp/e5-t26h-clean.yORnS0/repo/crates/core/../../target/desktop-machine-audio-resume/envelope-false-rx-true-frames-2048-clock-3600000000000-released-false-source.wav
envelope-false-rx-true-frames-2048-clock-3600000000000-released-false: source PCM exact, saved control_used=4 tx_used=1 event_used=1 state=Stopped
PCM deadline: ordinal=0 queued=1 used=1 status=0x8000 sink_bytes=8192 first_pcm=[73, 0, 183, 255, 74, 0, 182, 255] WAV=/private/tmp/e5-t26h-clean.yORnS0/repo/crates/core/../../target/desktop-machine-audio-resume/envelope-false-rx-false-frames-2048-clock-3600000000000-released-false-source.wav
envelope-false-rx-false-frames-2048-clock-3600000000000-released-false: source PCM exact, saved control_used=4 tx_used=1 event_used=1 state=Stopped
PCM deadline: ordinal=0 queued=1 used=1 status=0x8000 sink_bytes=8192 first_pcm=[73, 0, 183, 255, 74, 0, 182, 255] WAV=/private/tmp/e5-t26h-clean.yORnS0/repo/crates/core/../../target/desktop-machine-audio-resume/envelope-true-rx-true-frames-2048-clock-3600000000000-released-false-source.wav
envelope-true-rx-true-frames-2048-clock-3600000000000-released-false: source PCM exact, saved control_used=4 tx_used=1 event_used=1 state=Stopped
PCM deadline: ordinal=0 queued=1 used=1 status=0x8000 sink_bytes=8192 first_pcm=[73, 0, 183, 255, 74, 0, 182, 255] WAV=/private/tmp/e5-t26h-clean.yORnS0/repo/crates/core/../../target/desktop-machine-audio-resume/envelope-true-rx-false-frames-2048-clock-3600000000000-released-false-source.wav
envelope-true-rx-false-frames-2048-clock-3600000000000-released-false: source PCM exact, saved control_used=4 tx_used=1 event_used=1 state=Stopped
PCM deadline: ordinal=1 queued=1 used=2 status=0x8000 sink_bytes=8192 first_pcm=[165, 6, 91, 249, 166, 6, 90, 249] WAV=/private/tmp/e5-t26h-clean.yORnS0/repo/crates/core/../../target/desktop-machine-audio-resume/envelope-false-rx-true-frames-2048-clock-3600000000000-released-false-fresh.wav
PCM deadline: ordinal=1 queued=1 used=2 status=0x8000 sink_bytes=8192 first_pcm=[165, 6, 91, 249, 166, 6, 90, 249] WAV=/private/tmp/e5-t26h-clean.yORnS0/repo/crates/core/../../target/desktop-machine-audio-resume/envelope-false-rx-false-frames-2048-clock-3600000000000-released-false-fresh.wav
envelope-false-rx-true-frames-2048-clock-3600000000000-released-false: source/fresh=2048 PCM frames, control_used=9, tx_used=2 event_used=2, fresh_clock_ns=85333334, WAV=/private/tmp/e5-t26h-clean.yORnS0/repo/crates/core/../../target/desktop-machine-audio-resume/envelope-false-rx-true-frames-2048-clock-3600000000000-released-false-fresh.wav
envelope-false-rx-false-frames-2048-clock-3600000000000-released-false: source/fresh=2048 PCM frames, control_used=9, tx_used=2 event_used=2, fresh_clock_ns=85333334, WAV=/private/tmp/e5-t26h-clean.yORnS0/repo/crates/core/../../target/desktop-machine-audio-resume/envelope-false-rx-false-frames-2048-clock-3600000000000-released-false-fresh.wav
PCM deadline: ordinal=1 queued=1 used=2 status=0x8000 sink_bytes=8192 first_pcm=[165, 6, 91, 249, 166, 6, 90, 249] WAV=/private/tmp/e5-t26h-clean.yORnS0/repo/crates/core/../../target/desktop-machine-audio-resume/envelope-true-rx-true-frames-2048-clock-3600000000000-released-false-fresh.wav
envelope-true-rx-true-frames-2048-clock-3600000000000-released-false: source/fresh=2048 PCM frames, control_used=9, tx_used=2 event_used=2, fresh_clock_ns=85333334, WAV=/private/tmp/e5-t26h-clean.yORnS0/repo/crates/core/../../target/desktop-machine-audio-resume/envelope-true-rx-true-frames-2048-clock-3600000000000-released-false-fresh.wav
PCM deadline: ordinal=1 queued=1 used=2 status=0x8000 sink_bytes=8192 first_pcm=[165, 6, 91, 249, 166, 6, 90, 249] WAV=/private/tmp/e5-t26h-clean.yORnS0/repo/crates/core/../../target/desktop-machine-audio-resume/envelope-true-rx-false-frames-2048-clock-3600000000000-released-false-fresh.wav
envelope-true-rx-false-frames-2048-clock-3600000000000-released-false: source/fresh=2048 PCM frames, control_used=9, tx_used=2 event_used=2, fresh_clock_ns=85333334, WAV=/private/tmp/e5-t26h-clean.yORnS0/repo/crates/core/../../target/desktop-machine-audio-resume/envelope-true-rx-false-frames-2048-clock-3600000000000-released-false-fresh.wav
PCM deadline: ordinal=0 queued=1 used=1 status=0x8000 sink_bytes=8192 first_pcm=[73, 0, 183, 255, 74, 0, 182, 255] WAV=/private/tmp/e5-t26h-clean.yORnS0/repo/crates/core/../../target/desktop-machine-audio-resume/envelope-false-rx-true-frames-2048-clock-3600000000000-released-true-source.wav
envelope-false-rx-true-frames-2048-clock-3600000000000-released-true: source PCM exact, saved control_used=5 tx_used=1 event_used=1 state=Released
PCM deadline: ordinal=0 queued=1 used=1 status=0x8000 sink_bytes=8192 first_pcm=[73, 0, 183, 255, 74, 0, 182, 255] WAV=/private/tmp/e5-t26h-clean.yORnS0/repo/crates/core/../../target/desktop-machine-audio-resume/envelope-false-rx-false-frames-2048-clock-3600000000000-released-true-source.wav
envelope-false-rx-false-frames-2048-clock-3600000000000-released-true: source PCM exact, saved control_used=5 tx_used=1 event_used=1 state=Released
PCM deadline: ordinal=0 queued=1 used=1 status=0x8000 sink_bytes=8192 first_pcm=[73, 0, 183, 255, 74, 0, 182, 255] WAV=/private/tmp/e5-t26h-clean.yORnS0/repo/crates/core/../../target/desktop-machine-audio-resume/envelope-true-rx-true-frames-2048-clock-3600000000000-released-true-source.wav
envelope-true-rx-true-frames-2048-clock-3600000000000-released-true: source PCM exact, saved control_used=5 tx_used=1 event_used=1 state=Released
PCM deadline: ordinal=0 queued=1 used=1 status=0x8000 sink_bytes=8192 first_pcm=[73, 0, 183, 255, 74, 0, 182, 255] WAV=/private/tmp/e5-t26h-clean.yORnS0/repo/crates/core/../../target/desktop-machine-audio-resume/envelope-true-rx-false-frames-2048-clock-3600000000000-released-true-source.wav
envelope-true-rx-false-frames-2048-clock-3600000000000-released-true: source PCM exact, saved control_used=5 tx_used=1 event_used=1 state=Released
PCM deadline: ordinal=1 queued=1 used=2 status=0x8000 sink_bytes=8192 first_pcm=[165, 6, 91, 249, 166, 6, 90, 249] WAV=/private/tmp/e5-t26h-clean.yORnS0/repo/crates/core/../../target/desktop-machine-audio-resume/envelope-false-rx-true-frames-2048-clock-3600000000000-released-true-fresh.wav
PCM deadline: ordinal=1 queued=1 used=2 status=0x8000 sink_bytes=8192 first_pcm=[165, 6, 91, 249, 166, 6, 90, 249] WAV=/private/tmp/e5-t26h-clean.yORnS0/repo/crates/core/../../target/desktop-machine-audio-resume/envelope-false-rx-false-frames-2048-clock-3600000000000-released-true-fresh.wav
envelope-false-rx-true-frames-2048-clock-3600000000000-released-true: source/fresh=2048 PCM frames, control_used=9, tx_used=2 event_used=2, fresh_clock_ns=85333334, WAV=/private/tmp/e5-t26h-clean.yORnS0/repo/crates/core/../../target/desktop-machine-audio-resume/envelope-false-rx-true-frames-2048-clock-3600000000000-released-true-fresh.wav
test configured_unused_rx_preserves_tx_cursor_and_fresh_pcm ... ok
envelope-false-rx-false-frames-2048-clock-3600000000000-released-true: source/fresh=2048 PCM frames, control_used=9, tx_used=2 event_used=2, fresh_clock_ns=85333334, WAV=/private/tmp/e5-t26h-clean.yORnS0/repo/crates/core/../../target/desktop-machine-audio-resume/envelope-false-rx-false-frames-2048-clock-3600000000000-released-true-fresh.wav
test strict_fresh_machine_pcm_sink_after_whole_machine_resume ... ok
PCM deadline: ordinal=1 queued=1 used=2 status=0x8000 sink_bytes=8192 first_pcm=[165, 6, 91, 249, 166, 6, 90, 249] WAV=/private/tmp/e5-t26h-clean.yORnS0/repo/crates/core/../../target/desktop-machine-audio-resume/envelope-true-rx-true-frames-2048-clock-3600000000000-released-true-fresh.wav
envelope-true-rx-true-frames-2048-clock-3600000000000-released-true: source/fresh=2048 PCM frames, control_used=9, tx_used=2 event_used=2, fresh_clock_ns=85333334, WAV=/private/tmp/e5-t26h-clean.yORnS0/repo/crates/core/../../target/desktop-machine-audio-resume/envelope-true-rx-true-frames-2048-clock-3600000000000-released-true-fresh.wav
PCM deadline: ordinal=1 queued=1 used=2 status=0x8000 sink_bytes=8192 first_pcm=[165, 6, 91, 249, 166, 6, 90, 249] WAV=/private/tmp/e5-t26h-clean.yORnS0/repo/crates/core/../../target/desktop-machine-audio-resume/envelope-true-rx-false-frames-2048-clock-3600000000000-released-true-fresh.wav
test configured_unused_rx_preserves_pcm_through_desktop_envelope_too ... ok
envelope-true-rx-false-frames-2048-clock-3600000000000-released-true: source/fresh=2048 PCM frames, control_used=9, tx_used=2 event_used=2, fresh_clock_ns=85333334, WAV=/private/tmp/e5-t26h-clean.yORnS0/repo/crates/core/../../target/desktop-machine-audio-resume/envelope-true-rx-false-frames-2048-clock-3600000000000-released-true-fresh.wav
test fresh_pcm_sink_after_whole_machine_and_desktop_envelope_restore ... ok

test result: ok. 6 passed; 0 failed; 0 ignored; 0 measured; 0 filtered out; finished in 0.22s

     Running tests/desktop_machine_resume.rs (/private/tmp/e5-t26h-clean.yORnS0/target/debug/deps/desktop_machine_resume-a78ea839bc72b4db)

running 7 tests
test malformed_saved_agent_dma_blocks_tx_until_transport_reset ... ok
test headless_resume_remains_compatible_without_desktop_sections ... ok
test every_fallible_legacy_section_refuses_before_live_state_or_host_callbacks_change ... ok
test agent_resume_frontier_wraps_and_allows_fresh_tx_before_first_guest_step ... ok
desktop resume continuation: hash=9865e79b681ad970, retired=1
test desktop_devices_resume_with_ring_continuity_and_fresh_host_state ... ok
test pending_console_transmits_survive_while_stale_host_session_is_discarded ... ok
test malformed_desktop_section_and_missing_device_refuse_without_partial_restore ... ok

test result: ok. 7 passed; 0 failed; 0 ignored; 0 measured; 0 filtered out; finished in 0.41s

     Running tests/desktop_machine_resume_verifier.rs (/private/tmp/e5-t26h-clean.yORnS0/target/debug/deps/desktop_machine_resume_verifier-37cbdfd441e68e16)

running 9 tests
test console_control_request_kicked_before_save_completes_once_after_resume ... ok
test pending_old_session_agent_hello_cannot_attest_the_resumed_host ... ok
test sound_request_kicked_before_save_completes_once_after_resume ... ok
test malformed_later_machine_payload_must_not_partially_commit_desktop_state ... ok
test rng_cursor_wrap_preserves_one_pending_completion_exactly_once ... ok
test machine_save_reconciles_held_keyboard_tablet_and_mouse_state ... ok
test same_topology_in_alternate_assembly_order_restores ... ok
test source_target_topology_mismatch_is_atomic_both_directions ... ok
test every_new_section_corruption_missing_and_duplicate_are_atomic ... ok

test result: ok. 9 passed; 0 failed; 0 ignored; 0 measured; 0 filtered out; finished in 2.52s

     Running tests/desktop_snapshot_save.rs (/private/tmp/e5-t26h-clean.yORnS0/target/debug/deps/desktop_snapshot_save-4ef0a4aa7a795ba1)

running 2 tests
test save_refuses_a_malformed_live_input_component ... ok
test save_reports_each_missing_desktop_participant ... ok

test result: ok. 2 passed; 0 failed; 0 ignored; 0 measured; 0 filtered out; finished in 0.24s

     Running tests/snapshot_coherence.rs (/private/tmp/e5-t26h-clean.yORnS0/target/debug/deps/snapshot_coherence-1932df21462b55c0)

running 5 tests
test overlay_generation_is_monotonic ... ok
test changed_base_hash_is_refused_before_mutation ... ok
test same_snapshot_refused_after_overlay_advances ... ok
test bumped_overlay_generation_is_refused_before_mutation ... ok
test matching_base_and_generation_restores ... ok

test result: ok. 5 passed; 0 failed; 0 ignored; 0 measured; 0 filtered out; finished in 0.02s

     Running tests/virtio_blk_quiesce.rs (/private/tmp/e5-t26h-clean.yORnS0/target/debug/deps/virtio_blk_quiesce-9fe385d383dc4fa2)

running 3 tests
test quiesce_refuses_unresolvable_chunk_within_bounded_passes ... ok
test quiesce_is_a_noop_when_nothing_is_parked ... ok
test quiesce_drains_resolvable_flush_then_snapshots_coherently ... ok

test result: ok. 3 passed; 0 failed; 0 ignored; 0 measured; 0 filtered out; finished in 0.12s

     Running tests/virtio_console.rs (/private/tmp/e5-t26h-clean.yORnS0/target/debug/deps/virtio_console-0259a65cbd855805)

running 4 tests
test virtio_console_machine_registers_and_services_named_agent_port_without_uart_aliasing ... ok
test missing_agent_early_refusal_clears_dirty_presentation_and_restores_cold_devices ... ok
test desktop_restore_uses_live_agent_and_retains_host_reconciliation_state ... ok
test resume_restores_console_transport_and_restarts_the_host_application_generation ... ok

test result: ok. 4 passed; 0 failed; 0 ignored; 0 measured; 0 filtered out; finished in 0.11s

cargo test -p wasm-vm-core --lib --features gpu-trace resume
   Compiling wasm-vm-core v0.0.1 (/private/tmp/e5-t26h-clean.yORnS0/repo/crates/core)
    Finished `test` profile [unoptimized + debuginfo] target(s) in 2.66s
     Running unittests src/lib.rs (/private/tmp/e5-t26h-clean.yORnS0/target/debug/deps/wasm_vm_core-d41d3c5e347db272)

running 22 tests
test resume::resume_tests::a_too_short_blob_is_truncated_not_a_panic ... ok
test resume::resume_tests::a_version_mismatch_is_rejected ... ok
test resume::resume_tests::a_bad_magic_is_rejected ... ok
test resume::resume_tests::a_component_round_trips_through_the_container_format ... ok
test resume::resume_tests::a_huge_zero_run_length_is_rejected_without_allocating ... ok
test resume::resume_tests::decode_sparse_rejects_malformed_payloads ... ok
test resume::resume_tests::a_section_length_past_the_end_is_rejected_not_over_read ... ok
test ram::resume_snapshot_tests::a_malformed_payload_is_refused_without_mutating ... ok
test resume::resume_tests::restore_decision_rejects_a_truncated_final_section ... ok
test resume::resume_tests::the_coherence_guards_refuse_a_mismatch ... ok
test resume::resume_tests::a_partial_trailing_section_header_is_truncated ... ok
test resume::resume_tests::an_unknown_section_fails_loudly ... ok
test ram::resume_snapshot_tests::restoring_a_wrong_size_snapshot_is_refused_without_mutating ... ok
test resume::resume_tests::a_reserved_but_unimplemented_section_is_refused_as_unsupported ... ok
test resume::resume_tests::header_round_trips_and_sections_read_back_in_order ... ok
test resume::resume_tests::zero_elision_round_trips_for_every_shape ... ok
test ram::resume_snapshot_tests::ram_round_trips_completely ... ok
test resume::resume_tests::a_mostly_zero_buffer_compresses_far_under_ram_size ... ok
test resume::resume_tests::decode_sparse_never_panics_on_random_input ... ok
test ram::resume_snapshot_tests::a_mostly_zero_ram_snapshot_is_far_under_ram_size ... ok
test resume::resume_tests::the_parser_never_panics_on_any_truncation_or_flip ... ok
test ram::resume_snapshot_tests::a_mostly_zero_256_mib_ram_encodes_under_15_percent_and_restores_byte_identically ... ok

test result: ok. 22 passed; 0 failed; 0 ignored; 0 measured; 301 filtered out; finished in 3.00s

cargo test -p wasm-vm-core --lib --features gpu-trace snapshot
    Finished `test` profile [unoptimized + debuginfo] target(s) in 0.04s
     Running unittests src/lib.rs (/private/tmp/e5-t26h-clean.yORnS0/target/debug/deps/wasm_vm_core-d41d3c5e347db272)

running 49 tests
test desktop_snapshot::desktop_snapshot_tests::explicit_abort_is_idempotent_and_invalid_permits_are_rejected ... ok
test desktop_snapshot::desktop_snapshot_tests::in_flight_timeout_is_bounded_aborts_and_leaves_device_usable ... ok
test desktop_snapshot::desktop_snapshot_tests::quiesce_waits_for_one_boundary_and_releases_cleanly ... ok
test dev::clint::snapshot_tests::clint_restore_rejects_malformed_payloads_without_mutating ... ok
test dev::clint::snapshot_tests::clint_state_round_trips_completely ... ok
test dev::plic::snapshot_tests::plic_restore_rejects_wrong_length_without_mutating ... ok
test dev::rtc::snapshot_tests::rtc_state_round_trips_completely_and_keeps_the_host_clock ... ok
test dev::plic::snapshot_tests::plic_behavioural_state_round_trips_and_drops_the_diagnostic_counter ... ok
test dev::rtc::snapshot_tests::rtc_restore_rejects_malformed_without_mutating ... ok
test desktop_snapshot::desktop_snapshot_tests::empty_envelope_is_byte_exact_and_stably_digested ... ok
test desktop_snapshot::desktop_snapshot_tests::bad_magic_and_forward_envelope_version_are_machine_readable ... ok
test desktop_snapshot::desktop_snapshot_tests::builder_rejects_duplicate_unknown_and_forward_sections ... ok
test desktop_snapshot::desktop_snapshot_tests::parser_rejects_trailing_table_bytes_and_component_digest_tampering ... ok
test desktop_snapshot::desktop_snapshot_tests::populated_envelope_includes_versions_component_digests_and_stable_digest ... ok
test desktop_snapshot::desktop_snapshot_tests::malformed_sections_fail_closed_before_live_state_mutation ... ok
test dev::uart16550::snapshot_tests::uart_restore_rejects_malformed_payloads_without_mutating ... ok
test dev::uart16550::snapshot_tests::uart_state_round_trips_completely ... ok
test dev::virtio::input::keyboard::tests::keyboard_led_snapshot_round_trip_rejects_non_boolean_bytes ... ok
test dev::virtio::gpu::snapshot::tests::shadow_codec_reports_bounded_compression_and_rejects_forged_runs ... ok
test dev::virtio::input::snapshot::tests::direct_release_all_is_protected_from_budget_eviction ... ok
test dev::virtio::input::snapshot::tests::restore_discards_held_key_and_button_state_with_one_protected_release_frame ... ok
test dev::virtio::input::snapshot::tests::verifier_multiframe_order_indices_and_staged_work_are_byte_exact ... ok
test dev::virtio::input::snapshot::tests::verifier_empty_restore_accepts_fresh_keyboard_tablet_and_mouse_frames ... ok
test dev::virtio::gpu::snapshot::tests::missing_scanout_resource_and_bad_format_leave_live_state_unchanged ... ok
test dev::virtio::gpu::snapshot::tests::valid_restore_presents_one_full_repair_frame ... ok
test dev::virtio::input::snapshot::tests::three_input_devices_round_trip_pending_order_and_partial_indices ... ok
test dev::virtio::input::snapshot::tests::verifier_release_all_precedes_saved_work_and_survives_host_pressure ... ok
test dev::virtio::input::snapshot::tests::malformed_ring_lengths_duplicate_events_and_truncation_are_atomic ... ok
test dev::virtio::gpu::snapshot::tests::malformed_shadow_and_truncation_fail_closed ... ok
test dev::virtio::gpu::snapshot::tests::gpu_snapshot_round_trips_resource_scanout_cursor_damage_and_crc ... ok
test dev::virtio::gpu::snapshot::tests::malformed_resource_metadata_fails_closed_before_live_map_swap ... ok
test dev::virtio::input::snapshot::tests::verifier_malformed_headers_preserve_unserialized_delivered_ledger ... ok
test dev::virtio::mmio::tests::transport_snapshot_round_trips_and_rejects_malformed ... ok
test dev::virtio::snd::snapshot::tests::pending_period_metadata_is_exact_and_atomic_for_both_streams ... ok
test dev::virtio::snd::snapshot::tests::malformed_restore_is_atomic_and_rejects_bad_params ... ok
test dev::virtio::snd::snapshot::tests::running_restore_discards_ephemeral_rings_and_repairs_both_streams ... ok
test dev::virtio::snd::snapshot::tests::snapshot_header_has_stable_size_before_event_records ... ok
test dev::virtio::snd::snapshot::tests::running_repair_respects_the_event_budget_before_mutation ... ok
test dev::virtio::snd::snapshot::tests::stopped_stream_round_trip_preserves_configuration_without_xrun ... ok
test ram::resume_snapshot_tests::a_malformed_payload_is_refused_without_mutating ... ok
test ram::resume_snapshot_tests::restoring_a_wrong_size_snapshot_is_refused_without_mutating ... ok
test ram::resume_snapshot_tests::ram_round_trips_completely ... ok
test dev::uart16550::snapshot_tests::uart_restore_never_panics_on_random_input ... ok
test ram::resume_snapshot_tests::a_mostly_zero_ram_snapshot_is_far_under_ram_size ... ok
test dev::virtio::input::snapshot::tests::verifier_total_serialized_event_cap_is_atomic_on_encode_and_decode ... ok
test dev::virtio::input::snapshot::tests::verifier_release_growth_at_serialized_cap_is_atomic ... ok
test dev::virtio::input::snapshot::tests::verifier_fully_consumed_records_still_obey_total_serialized_cap ... ok
test dev::virtio::input::snapshot::tests::verifier_release_growth_that_exactly_reaches_serialized_cap_succeeds ... ok
test ram::resume_snapshot_tests::a_mostly_zero_256_mib_ram_encodes_under_15_percent_and_restores_byte_identically ... ok

test result: ok. 49 passed; 0 failed; 0 ignored; 0 measured; 274 filtered out; finished in 3.01s

cargo test -p wasm-vm-core --lib --features gpu-trace desktop_restore
    Finished `test` profile [unoptimized + debuginfo] target(s) in 0.04s
     Running unittests src/lib.rs (/private/tmp/e5-t26h-clean.yORnS0/target/debug/deps/wasm_vm_core-d41d3c5e347db272)

running 12 tests
test desktop_restore::desktop_restore_tests::component_refusal_clears_staging_and_cold_boots_without_commit ... ok
test desktop_restore::desktop_restore_tests::invalid_host_dimensions_are_rejected_before_callbacks ... ok
test desktop_restore::desktop_restore_tests::dropped_agent_channel_never_publishes_viewport_or_device_commit ... ok
test desktop_restore::desktop_restore_tests::changed_host_window_keeps_guest_scanout_and_selects_letterbox ... ok
test desktop_restore::desktop_restore_tests::commit_failure_after_publication_is_cold_booted ... ok
test desktop_restore::desktop_restore_tests::valid_composite_restore_stages_in_dependency_order_and_repairs ... ok
test desktop_restore::desktop_restore_tests::viewport_and_repair_failures_use_the_same_clean_fallback ... ok
test desktop_restore::desktop_restore_tests::missing_or_malformed_composite_never_enters_component_staging ... ok
test desktop_restore::desktop_restore_tests::concrete_backend_round_trips_the_t26b_to_d_codecs_and_host_state ... ok
test desktop_restore::desktop_restore_tests::rollback_clears_live_sink_and_uses_power_on_baseline ... ok
test desktop_restore::desktop_restore_tests::concrete_backend_refusals_leave_all_devices_in_the_cold_state ... ok
test desktop_restore::desktop_restore_tests::machine_refuses_restore_without_the_production_agent_channel ... ok

test result: ok. 12 passed; 0 failed; 0 ignored; 0 measured; 311 filtered out; finished in 0.06s

cargo build -p wasm-vm-core --no-default-features --target wasm32-unknown-unknown
   Compiling version_check v0.9.5
   Compiling typenum v1.20.1
   Compiling rustc_apfloat v0.2.3+llvm-462a31f5a5ab
   Compiling smallvec v1.15.2
   Compiling bitflags v2.13.0
   Compiling cfg-if v1.0.4
   Compiling log v0.4.33
   Compiling generic-array v0.14.7
   Compiling crypto-common v0.1.7
   Compiling block-buffer v0.10.4
   Compiling digest v0.10.7
   Compiling sha2 v0.10.9
   Compiling wasm-vm-core v0.0.1 (/private/tmp/e5-t26h-clean.yORnS0/repo/crates/core)
    Finished `dev` profile [unoptimized + debuginfo] target(s) in 2.51s
cargo check -p wasm-vm-wasm --lib --target wasm32-unknown-unknown
   Compiling proc-macro2 v1.0.106
   Compiling unicode-ident v1.0.24
   Compiling quote v1.0.46
   Compiling wasm-bindgen-shared v0.2.126
    Checking cfg-if v1.0.4
   Compiling rustversion v1.0.22
   Compiling bumpalo v3.20.3
    Checking typenum v1.20.1
    Checking once_cell v1.21.4
    Checking futures-core v0.3.32
    Checking slab v0.4.12
    Checking pin-project-lite v0.2.17
    Checking futures-task v0.3.32
   Compiling serde_core v1.0.228
    Checking smallvec v1.15.2
   Compiling zmij v1.0.21
   Compiling heapless v0.9.3
    Checking log v0.4.33
    Checking bitflags v2.13.0
    Checking byteorder v1.5.0
   Compiling serde v1.0.228
    Checking stable_deref_trait v1.2.1
    Checking futures-util v0.3.32
    Checking tinyvec_macros v0.1.1
   Compiling serde_json v1.0.150
   Compiling smoltcp v0.13.1
    Checking tinyvec v1.12.0
    Checking rustc_apfloat v0.2.3+llvm-462a31f5a5ab
    Checking hash32 v0.3.1
    Checking itoa v1.0.18
    Checking managed v0.8.0
    Checking memchr v2.8.2
    Checking bitflags v1.3.2
    Checking unicode-normalization v0.1.25
    Checking wasm-vm-wasm-emit v0.0.1 (/private/tmp/e5-t26h-clean.yORnS0/repo/crates/wasm-emit)
    Checking generic-array v0.14.7
    Checking crypto-common v0.1.7
    Checking block-buffer v0.10.4
    Checking digest v0.10.7
    Checking sha2 v0.10.9
    Checking wasm-vm-core v0.0.1 (/private/tmp/e5-t26h-clean.yORnS0/repo/crates/core)
   Compiling syn v2.0.118
   Compiling wasm-bindgen v0.2.126
    Checking wasm-vm-jit-translate v0.0.1 (/private/tmp/e5-t26h-clean.yORnS0/repo/crates/jit-translate)
   Compiling wasm-bindgen-macro-support v0.2.126
    Checking wasm-vm-slirp v0.0.0 (/private/tmp/e5-t26h-clean.yORnS0/repo/crates/slirp)
   Compiling serde_derive v1.0.228
   Compiling wasm-bindgen-macro v0.2.126
    Checking wasm-vm-storage v0.0.1 (/private/tmp/e5-t26h-clean.yORnS0/repo/crates/storage)
    Checking js-sys v0.3.103
    Checking console_error_panic_hook v0.1.7
    Checking web-sys v0.3.103
    Checking wasm-bindgen-futures v0.4.76
    Checking getrandom v0.2.17
    Checking console_log v1.0.0
    Checking wasm-vm-wasm v0.0.1 (/private/tmp/e5-t26h-clean.yORnS0/repo/crates/wasm)
    Finished `dev` profile [unoptimized + debuginfo] target(s) in 10.87s
verify-E5-T26h (whole-machine desktop transport and device resume): OK
