bridge.c:36:virgl_logv	0	static
bridge.c:41:vrend_debug	0	static
bridge.c:46:vrend_print_context_name	0	static
bridge.c:49:os_get_option	0	static
bridge.c:50:os_log_message	0	static
bridge.c:685:bridge_translate	160	dynamic
bridge.c:78:error	32	static
bridge.c:477:check_input	224	dynamic
bridge.c:546:convert	256	dynamic
bridge.c:52:append	160	dynamic
bridge.c:644:stage_result	208	static
bridge.c:455:cleanup	80	static
bridge.c:472:numeric_rejection	16	static
bridge.c:700:bridge_translate_pair	320	dynamic
bridge.c:66:json_string	112	static
bridge.c:87:space	112	static
bridge.c:88:punctuation	64	static
bridge.c:95:word	80	static
bridge.c:361:validate	512	dynamic
bridge.c:103:end	32	static
bridge.c:104:index_number	144	static
bridge.c:204:literal_float_bits	160	dynamic
bridge.c:188:literal_float	192	dynamic
bridge.c:127:register_name	144	static
bridge.c:423:io_metadata	320	dynamic
vendor/src/vrend/vrend_strbuf.h:223:strarray_free	112	static
bridge.c:__llvm_profile_runtime_user	0	static
bridge.c:asan.module_ctor	16	static
bridge.c:asan.module_dtor	16	static
