Cloning into '/private/tmp/wasm-vm-t03f-proof-r2.DYRZXL/repo'...
done.
HEAD is now at 2700400e test(omarchy): reject observer-induced crashes and seal runtime closure
COLD_PROOF_DIR=/private/tmp/wasm-vm-t03f-proof-r2.DYRZXL
node --check tools/verify/omarchy-software-renderer-measurement.mjs
node --test tools/verify/omarchy-software-renderer-measurement.test.mjs tools/verify/omarchy-softpipe-candidate.test.mjs
✔ plans exactly two bounded equal-length renderer substitutions (1.2985ms)
✔ parses the actual debugfs bmap bare-integer stdout strictly (0.182208ms)
✔ stream-independent diff oracle accepts only the planned ranges (0.895583ms)
✔ rejects an ambiguous renderer string (0.193333ms)
✔ rejects multi-block or out-of-bounds allocation (0.162792ms)
✔ rejects undeclared files, incomplete inspection sets, and a wrong base (0.275416ms)
✔ T03f harness pins the separate cold record configuration (1.492958ms)
✔ T03f replays every sent/result probe from its recorded serial offset (0.979791ms)
✔ T03f rejects a CoreDumping or generic Aquamarine observation as negative proof (0.584292ms)
✔ T03f does not accept self-asserted positive renderer/input evidence (0.1575ms)
✔ frozen receipt rejects duplicate files, moved ranges, and altered inode metadata (0.650542ms)
✔ actual negative needs unique environment, matching boot, successful probes, and terminal ordering (14.127209ms)
✔ offline Make acceptance never reseals or records its evidence (0.34ms)
✔ observer-issued ABRT with valid serial framing cannot establish a spontaneous crash (10.465916ms)
✔ observer whitelist rejects alternate mutators, shell composition, and unframed input (0.656125ms)
ℹ tests 15
ℹ suites 0
ℹ pass 15
ℹ fail 0
ℹ cancelled 0
ℹ skipped 0
ℹ todo 0
ℹ duration_ms 79.544417
node tools/verify/omarchy-software-renderer-measurement.mjs verify "evidence/omarchy-profile/softpipe-r1/cold-wasm"
E5T03F_VERIFY={"result":"verified","runId":"cold-wasm-d3c1a6b179ab5d93","outcome":{"kind":"same-pid-terminal-crash","pid":486},"probes":{"sent":62,"results":61,"outstanding":1},"imageSha256":"c8b59adc0f26e10a3de6f7dbeea8f0e4f1445087e47fbc6f6cc449869e43e6d5","manifestSha256":"a1fcff5b192b316a10d48c41397974ab4f561ea57caaf95e4f406b3d54b867eb","candidateChangedBytes":8}
