✔ prewarm sync proof rejects cross-TTY marker evidence (0.502167ms)
✔ prewarm clear proof requires a new real frame and focused Foot (0.106208ms)
✔ post-marker presentation helper rejects typing frames (99.641833ms)
✔ candidate mode is explicitly local-only and hash-bound (0.165958ms)
✔ renderer proof binds current Hyprland PID and instance before physical input (0.148917ms)
✔ LP0 is configuration-only evidence and is checked before physical input (0.0955ms)
✔ actual built recording covers served resources and pre-send RPCs, even timed-out ones (0.117125ms)
✔ renderer log parser accepts the real DEBUG suffix labels (0.467ms)
✔ renderer log parser rejects wrong, missing, ambiguous, and misleading records (0.624291ms)
✔ nonce readback caps every guest RPC by the remaining 120-second deadline (0.147667ms)
✔ unlogged baseline worker evidence is explicitly weaker than a GL label (0.233417ms)
✔ harness-only cold local HTTP selftest serves kernel/chunks and refuses snapshot routes without a browser (182.264875ms)
✔ harness-only actual cold orchestration inspects storage before app and returns after pair without input (2.942208ms)
✔ harness-only capture selects exact overlay when both overlay and snapshot databases exist (1.277625ms)
✔ harness-only cold progress TimeoutError is recorded before startup continues to mandatory desktop capture (0.300708ms)
✔ harness-only progress catch propagates non-Playwright errors and verify-mode timeouts (0.259959ms)
✔ harness-only final desktop TimeoutError remains fatal after a tolerated progress timeout (0.089458ms)
✔ harness-only screenshot helper forwards the supplied timeout and keeps the 20-second default (0.150666ms)
✔ actual direct-pair route fences before navigation and never enters physical input (0.6235ms)
OMARCHY_OPAQUE_PREPARATION {"at":"2026-09-16T07:34:32.528Z","brightPixels":100,"brightColors":20,"nonblank":true,"frames":4}
✔ direct preparation uses embedded active Foot and post-response fresh pixels before export (5.476667ms)
OMARCHY_OPAQUE_PREPARATION {"at":"2026-09-16T07:34:32.589Z","brightPixels":0,"brightColors":0,"nonblank":false,"frames":5}
✔ wrong properties/window, stale image, blank terminal and failed export cannot make a prepared pair (125.885958ms)
✔ native terminal ROI rejects bar-only pixels, wrong geometry and expired startup (3.284333ms)
✔ one synchronous direct batch contains only the specified writes then reads (1.943166ms)
✔ every property and acknowledgment is required; exit0 error strings never pass (3.676166ms)
✔ expired, late and rejected configuration cannot reach input or renew the deadline (0.542667ms)
✔ direct audit binds complete actual wire and rejects reordered, forged, duplicate and late evidence (2.784ms)
✔ prepared recycling has one fixed candidate differing from AK only in the existing boolean (2.200417ms)
✔ prepared recycling rejects drift in the actual runtime policy (0.491208ms)
✔ trial is local, explicit, fixed-budget and does not accept renderer/timeout tuning (0.288709ms)
✔ residency URLs differ only in the fixed module cap with recycling disabled (0.370083ms)
✔ residency checks the actual selected cap and rejects recycling or policy drift (0.265667ms)
✔ pair driver rejects unknown experiments before starting any arm (3.509125ms)
✔ arm URLs have exactly one policy difference and forbid inherited query tuning (0.2605ms)
✔ all four R3 source bindings and image layout must match (0.293083ms)
✔ actual runtime must match the selected arm with observer/timing off (2.0125ms)
✔ deadline accounts for queue delay and rejects late completion without starting expired work (6.016916ms)
✔ real recorder retains physical-only writing, fixed deadlines, fresh presentation and owned shutdown (1.239167ms)
✔ actual warm capture exports every exact-seed block while paused and binds both headers (79.582667ms)
✔ actual warm capture rejects a running guest, foreign overlay seed and stale restore decision (144.663792ms)
✔ preparation uses a distinct offline budget without altering physical-input deadlines (0.420291ms)
✔ offline preparation exports only after smaller focused visible frame and screenshot (2.720875ms)
✔ offline preparation preserves focus, image, export and startup failures without acceptance (1.303916ms)
✔ native-pixel Foot interior rejects black, bar-only and wrong-location content (3.929084ms)
✔ pair guard rejects foreign core/base/generation and incomplete or duplicate delta records (33.609334ms)
✔ fixed opaque rule requires all real properties and consumes the existing startup deadline (2.54425ms)
✔ an expired or late configuration cannot restart the original clock (0.464666ms)
✔ property audit binds to the wire and rejects missing, forged, duplicate, late and pre-configuration input (2.984333ms)
✔ actual original resource and frame dimensions are required, regardless of canvas size (0.116375ms)
✔ retained real negative input recording passes reusable audit; missing sync or fabricated success fails (35.4625ms)
OMARCHY_OPAQUE_PREPARATION {"at":"2026-09-16T07:34:32.531Z","brightPixels":100,"brightColors":20,"nonblank":true,"frames":4}
✔ opaque preparation uses confirmed window, post-query fresh native pixels and separate bounded export (5.84275ms)
OMARCHY_OPAQUE_PREPARATION {"at":"2026-09-16T07:34:32.591Z","brightPixels":0,"brightColors":0,"nonblank":false,"frames":5}
✔ wrong properties/window, stale image, blank terminal and failed export cannot make a prepared pair (126.956333ms)
✔ native terminal ROI rejects bar-only pixels, wrong geometry and expired startup (3.038875ms)
✔ preparation supplies a fixed extra read command to the wire audit; report text cannot authorize it (0.603958ms)
✔ owned watchdog caps setup and navigation once, and normal close cancels timers (0.831667ms)
✔ offline preparation is separately bounded and cannot extend a physical-input watchdog (1.754041ms)
✔ post-verdict capture has one fixed extra allowance and messages cannot rearm it (0.117291ms)
✔ stalled owned browser/recorder is killed and missing close settles as unconfirmed (0.102125ms)
✔ already exited browser is not killed; watchdog intervention never looks like a normal pass (0.107791ms)
✔ future/invalid navigation cannot extend setup (0.065834ms)
✔ recorder exit cannot orphan its browser or kill an already-exited recorder group (0.129417ms)
✔ exit before stdio close never sends a later watchdog signal to the exited recorder (0.082042ms)
✔ prepared selection accepts only the verified pair while original R3 guards stay exact (1.571791ms)
✔ one read-only batch checks eight saved properties and the exact restored Foot (0.969041ms)
✔ missing property, altered active Foot, write acknowledgment or exit0 error text fails closed (0.830875ms)
✔ expired or late property replies do not renew startup or admit input (0.514459ms)
✔ prepared audit rejects forged, duplicate, late and mutating raw property commands (3.499083ms)
✔ synthetic actual input-trial reaches physical keys without mapped-client/active-window RPCs (19.940916ms)
✔ synthetic actual opaque branch verifies properties before keys and fences after Enter (15.767917ms)
✔ synthetic actual direct-property branch reads all values before keys and fences after Enter (16.083084ms)
✔ synthetic prepared-pair path reads saved settings once and preserves physical-only nonce/deadlines (65.58125ms)
✔ synthetic prepared recycling reuses one post-Enter fence and retains the input deadline (81.044292ms)
✔ synthetic capture and verify retain actual mapped-Foot and active-window checks before keys (4.016959ms)
✔ synthetic missing application readiness or lost canvas focus forbids any key (1.109583ms)
✔ synthetic actual nonce reader rejects mismatched bytes in a successful RPC response (11.060333ms)
✔ synthetic late typing/readback and stale presentation cannot publish success (49.609958ms)
✔ synthetic timing observation uses same-page actual recorded event fields, not probe completion (12.419625ms)
✔ post-verdict audit rejects every ingress channel, including R1 tablet sends and acknowledgements (2.433542ms)
✔ profile validates exact worker, span, sample references and an unambiguous tree (3.020541ms)
✔ capture cannot attach before failed deadline or without the failure image (1.753916ms)
✔ synthetic capture preserves failed verdict and binds raw bytes; not a guest success fixture (3.626083ms)
✔ a profiler that mutates the verdict is rejected and closed without a usable profile (1.512666ms)
✔ cleanup timing annotations do not change the frozen input verdict (0.149333ms)
✔ an attachment completing after the fixed capture deadline cannot start sampling (1.032708ms)
✔ cold recycling omission/false never accesses the machine; invalid values are not coerced (1.390208ms)
✔ explicit recycling verifies the actual executor and enabled report without implicit JIT (0.472042ms)
✔ local-origin gate accepts only the requested loopback origins (0.130916ms)
✔ loader has a default-off strict selection gate before any asset fetch (1.516791ms)
✔ loader applies recycling after restore and before execution, with no controller mutation RPC (0.101ms)
✔ Omarchy selects recycling only for literal 1 on a loopback origin (1.61125ms)
ℹ tests 89
ℹ suites 0
ℹ pass 89
ℹ fail 0
ℹ cancelled 0
ℹ skipped 0
ℹ todo 0
ℹ duration_ms 5123.22525
