# Guest fixture/build boundary only, not F timing acceptance or an emulator change.
/bin/sh -n tools/guest/e5-t26f-resident-observer.sh
node tools/verify/e5-t26f-observer.test.mjs
$ "clang" "-std=c11" "-Wall" "-Wextra" "-Werror" "-pedantic" "-O1" "-g" "-fsanitize=address,undefined" "/private/tmp/e5-t26f-single-process-p13.j00WpJ/repo/tools/guest/e5-t26f-observer.c" "-o" "/var/folders/nr/cyvk1qc14jj5c081vj1xts000000gn/T/e5t26f-observer-build-LDzU85/observer"
$ "clang" "-std=c11" "-Wall" "-Wextra" "-Werror" "-pedantic" "-O1" "-g" "-fsanitize=address,undefined" "/private/tmp/e5-t26f-single-process-p13.j00WpJ/repo/tools/verify/e5-t26f-observer.test.c" "-o" "/var/folders/nr/cyvk1qc14jj5c081vj1xts000000gn/T/e5t26f-observer-build-LDzU85/observer-tests"
$ "/var/folders/nr/cyvk1qc14jj5c081vj1xts000000gn/T/e5t26f-observer-build-LDzU85/observer-tests"
observer: 10389 checks passed (controlled fixtures; not real hardware or browser evidence)
$ "/bin/sh" "-c" "set -eu\nexec 3>\"$2\"\nrecord=$(exec \"$1\" 111 \"$$\")\nprintf 'parent-writer-retained' >&3\nprintf '%s\\n' \"$record\"\n" "observer-transport" "/var/folders/nr/cyvk1qc14jj5c081vj1xts000000gn/T/e5t26f-observer-build-LDzU85/observer-tests" "/var/folders/nr/cyvk1qc14jj5c081vj1xts000000gn/T/e5t26f-observer-build-LDzU85/parent-fd3"
e5-observe-v1/111/777/4/0100000/5/0100002/|rchar:	100|wchar: 89 |syscr: 19|syscw: 5
$ "/bin/sh" "-c" "set -u\nexec 3>\"$2\"\nwrong=1; [ \"$$\" != 1 ] || wrong=2\nrecord=$(exec \"$1\" 111 \"$wrong\"); status=$?\n[ \"$status\" -eq 10 ] && [ -z \"$record\" ] || exit 92\nprintf 'parent-writer-retained' >&3\n" "observer-transport-refusal" "/var/folders/nr/cyvk1qc14jj5c081vj1xts000000gn/T/e5t26f-observer-build-LDzU85/observer-tests" "/var/folders/nr/cyvk1qc14jj5c081vj1xts000000gn/T/e5t26f-observer-build-LDzU85/parent-fd3"
PASS: real shell parent/getppid and retained FD3; wrong parent refuses without a record (fixture proc/devices).
$ "clang" "-std=c11" "-Wall" "-Wextra" "-Werror" "-pedantic" "-O1" "-g" "-fsanitize=address,undefined" "/var/folders/nr/cyvk1qc14jj5c081vj1xts000000gn/T/e5t26f-observer-build-LDzU85/tools/verify/e5-t26f-observer.test.c" "-o" "/var/folders/nr/cyvk1qc14jj5c081vj1xts000000gn/T/e5t26f-observer-build-LDzU85/observer-mutant-tests"
$ "/var/folders/nr/cyvk1qc14jj5c081vj1xts000000gn/T/e5t26f-observer-build-LDzU85/observer-mutant-tests"
PASS: sanitized C fixtures; zero-pointer mutant killed; source SHA256 {"observer":"4ce161e7c1d82c19d2bd924c5f93d3d097c93a1ab6c53cec397e8ec1d2ee30e9","tests":"c556321def54ca1155fcf192cf53796a87af0d34e1e8a62de2c66a61e70e4b09"}
node --check tools/verify/e5-t26f-browser-roundtrip.mjs
node --check tools/verify/e5-t26f-browser-single-process-observer.mjs
node --test tools/verify/e5-t26f-resident-observer.test.mjs tools/verify/e5-t26f-observer-build.test.mjs tools/verify/e5-t26f-observer-image.test.mjs tools/verify/e5-t26f-browser-single-process-observer.test.mjs tools/verify/e5-t26f-resident-proof.test.mjs tools/verify/e5-t26f-compile-queue-observation.test.mjs tools/verify/e5-t26f-physical-typing.test.mjs
✔ wrapper resolves the real held collector without launching a browser (4.10025ms)
✔ actual wrapper creates a new seal and only the unchanged default-policy reuse (1.531667ms)
✔ existing attempt refuses before seal creation, writes or child launch (0.501167ms)
✔ cold failure or signalled child retains transcript/exit and never launches reuse (1.646542ms)
✔ successful timing keeps non-acceptance and uses the success record (0.565417ms)
✔ non-cap failure, wrong recorded head, or source mutation cannot emit an observation (3.173208ms)
✔ actual observer record flows through discovery admission and exact compile-queue accounting (3.012875ms)
✔ coherent exact accounting splits both backpressure cases without subtracting discovery refusals (0.261875ms)
✔ negative resident-depth delta and lifetime drops with zero interval drops remain valid (0.1415ms)
✔ missing, unsafe and out-of-bound actual queue fields refuse (1.023833ms)
✔ impossible residuals, regressions, unsafe intermediate totals and mixed head/policy refuse (0.728458ms)
✔ actual success producer shape uses only its nested head and never verifies F (2.161583ms)
✔ CLI binds original bytes, preserves inputs/outputs and refuses bad accounting before output (108.822417ms)
✔ CLI pins only --out and --source-sha256 (1.551625ms)
✔ output guard refuses root, escape, nonempty, and symlink directories without writing (6.774334ms)
✔ ELF validator accepts bounded static RV64GC-compatible ET_EXEC and rejects dynamic/RVE/range variants (0.592833ms)
✔ injected compiler orchestration records exact provenance, sanitizes env, and hashes outputs (7.749625ms)
✔ source preflight rejects symlink/empty/hash drift before output ownership (6.526ms)
✔ compiler/validation/source failures retain owned failure records without success metadata (13.068291ms)
✔ validateOutput applies the same file-type, nonempty, and ELF checks used by the builder (2.489208ms)
✔ CLI is exact and has no source/base/compiler override (2.851167ms)
✔ guard runs before writes and refuses root, escape, nonempty, and symlink outputs (8.198708ms)
✔ observer install commands contain exactly two fixed root-owned inode installs (0.242417ms)
✔ Docker command is offline with three read-only source mounts and one owned RW output (0.271ms)
✔ ELF validator fixture is accepted and dynamic/RVE/range variants are refused (0.361625ms)
✔ observer stat validator enforces 0555, size, ownership, links, generation, and all fixed times (0.555917ms)
✔ successful mock overlay preserves manifests byte-for-byte and publishes exact observer provenance (10.760708ms)
✔ overlay script and output schema retain the two-file fixture contract (0.156042ms)
✔ pinned e2fs/readback/stat/size failures retain partial output but publish no success metadata (52.181083ms)
✔ failed Docker retains failure and rechecks every immutable input (5.710541ms)
✔ source and binary mutation after preflight refuse publication (12.992208ms)
✔ symlinked build input is refused before Docker or output ownership (2.404625ms)
✔ the existing uppercase and shifted-symbol map retains every base key and physical transition order (3.191ms)
✔ default 100ms setup pacing separates lowercase, modifier and shifted-symbol edges at exact times (0.569459ms)
✔ explicit zero keeps the identical key sequence with no additional waits (0.647959ms)
✔ unmapped controls and high characters retain type passthrough without fabricated Shift transitions (0.330666ms)
✔ typeCommand preserves command/marker and holds Enter for the selected delay with no extra trailing wait (1.047709ms)
✔ the actual 5ms post-restore command charges all 95ms to the original T0 and keeps the two-second cap (1.113375ms)
✔ the transition oracle kills the former burst helper even if its final elapsed time is padded to match (0.418625ms)
✔ arming, finite feed, same-child wait and three printed observations remain byte-identical (0.576792ms)
✔ successful versioned result populates exact old fields and printer bytes (287.928833ms)
✔ malformed observer response refuses before feed: missing version (119.548708ms)
✔ malformed observer response refuses before feed: wrong version (131.237417ms)
✔ malformed observer response refuses before feed: wrong PID (308.5335ms)
✔ malformed observer response refuses before feed: missing field (116.607166ms)
✔ malformed observer response refuses before feed: empty field (127.444292ms)
✔ malformed observer response refuses before feed: non-numeric field (264.247875ms)
✔ malformed observer response refuses before feed: writer child flags (124.836666ms)
✔ malformed observer response refuses before feed: read-only parent flags (119.478208ms)
✔ malformed observer response refuses before feed: non-octal flags (286.019667ms)
✔ malformed observer response refuses before feed: overbound flags (129.035042ms)
✔ malformed observer response refuses before feed: wrong IO tag (135.202125ms)
✔ malformed observer response refuses before feed: surplus slash (252.629708ms)
✔ malformed observer response refuses before feed: surplus line (125.071125ms)
✔ malformed observer response refuses before feed: overbound result (122.283417ms)
✔ observer failures discard even apparently successful partial output and preserve category (325.405416ms)
✔ unavailable optional accounting survives byte-exactly; changed observation cannot feed (138.153708ms)
✔ actual command-substitution exec preserves physical parent and parent's FD3 (374.902209ms)
✔ single-process fixture binds exact separate helper/source/binary/provenance without tuning policy changes (5.8145ms)
✔ resident fixture is exact opt-in; unmatched tuning overrides refuse (0.66125ms)
✔ resident repack-off requires isolated explicit JIT=1 reuse; actual URLs retain play/5ms (0.673542ms)
✔ resident cap-256 requires isolated explicit JIT=1 reuse; actual URLs retain play/5ms (0.543959ms)
✔ resident residency rejects missing counterparts and malformed/coerced labels in both admission layers (9.583375ms)
✔ resident residency refuses cold/normal/COMPLETE and every coexisting override, including empty (30.719458ms)
✔ actual quiet scratch selection remains stricter and rejects both newly admitted resident policies (1.009083ms)
✔ outside the paired opt-in, existing resident observation rules and nonresident policy selection stay intact (1.006917ms)
✔ admitted residency still requires actual executor/policy/cap and fresh before/after RPC state (4.213625ms)
✔ resident accounting presets use fixed 100-ms physical edges only for admitted reuse commands (10.99875ms)
✔ read-only resident profiling is exact reuse-only and can never enter cold, normal acceptance or COMPLETE (1.272459ms)
✔ actual runner keeps normal, cold, reuse and COMPLETE resident play at 5-ms edges (1.624708ms)
✔ the same command text without resident opt-in does not override existing diagnostic pacing (3.056375ms)
✔ resident image binding checks frozen helper, original base and actual install path (0.293375ms)
✔ actual envelope authenticates prepared stereo parameters and empty TX metadata (0.653583ms)
✔ fully rehashed sound-state and queue mutations fail, so valid hashes cannot stand in for empty prepared playback (1.036291ms)
✔ capture XRUN and unrelated kicks are retained without claiming they contain playback PCM (0.150709ms)
✔ queued playback XRUN refuses even with rehashed envelope, no scheduled XRUN and only event kick (0.198458ms)
✔ digest, format, missing/duplicate sections, bounds and malformed sound event lengths refuse (0.948583ms)
✔ fresh host ring requires actual zero indices, silence and suspended locked context (0.507084ms)
✔ resident pre-gesture checks execute inside original T0, twice before real down/up and refuse early PCM (1.498833ms)
✔ resident mode uses the protected output guard even without diagnostic completion (0.4775ms)
✔ actual preparation requires physical command acceptance and fresh green without red before snapshot (0.973667ms)
✔ reuse authenticates exact saved sound bytes and retained screenshot, not a worker's prepared summary (2.678791ms)
ℹ tests 82
ℹ suites 0
ℹ pass 82
ℹ fail 0
ℹ cancelled 0
ℹ skipped 0
ℹ todo 0
ℹ duration_ms 3534.910584
F single-process fixture gates: OK; actual pinned cross-build/image and new cold-browser evidence remain required
