✔ service-isolated startup failure is retained without claiming input acceptance (4.709583ms)
✔ rejects unsolicited agent frames, hidden Explorer and Docker calls (3.162125ms)
✔ does not accept a success label without physical input, timing and fresh frames (26.807167ms)
✔ trial is local, explicit, fixed-budget and does not accept renderer/timeout tuning (27.953125ms)
✔ arm URLs have exactly one policy difference and forbid inherited query tuning (1.400917ms)
✔ all four R3 source bindings and image layout must match (0.927291ms)
✔ actual runtime must match the selected arm with observer/timing off (46.889875ms)
✔ deadline accounts for queue delay and rejects late completion without starting expired work (23.886375ms)
✔ real recorder retains physical-only writing, fixed deadlines, fresh presentation and owned shutdown (137.893042ms)
✔ captured-real R2: diagnostic observations and both raw process samples validate (175.493875ms)
✔ captured-real mutation: untrusted physical input is rejected (12.309958ms)
✔ captured-real mutation: changed actual clock is rejected (14.242208ms)
✔ captured-real mutation: wrong R3 source hash is rejected (13.09625ms)
✔ captured-real mutation: modified raw process output disagrees with the wire (36.657375ms)
✔ captured-real mutation: extra explicit serial command is rejected (64.413667ms)
✔ captured-real mutation: a long completed RPC cannot fit a forged 1000ms sample envelope (35.731833ms)
✔ captured-real mutation: RPC remaining timeout cannot exceed the outer deadline (76.908333ms)
✔ verifier P7: forged 1000ms budget and early finish cannot hide unchanged 49488ms RPC (54.719125ms)
✔ owned watchdog caps setup and navigation once, and normal close cancels timers (70.261041ms)
✔ post-verdict capture has one fixed extra allowance and messages cannot rearm it (0.59475ms)
✔ stalled owned browser/recorder is killed and missing close settles as unconfirmed (23.891208ms)
✔ already exited browser is not killed; watchdog intervention never looks like a normal pass (0.479042ms)
✔ future/invalid navigation cannot extend setup (0.270792ms)
✔ recorder exit cannot orphan its browser or kill an already-exited recorder group (0.343875ms)
✔ exit before stdio close never sends a later watchdog signal to the exited recorder (0.206375ms)
✔ synthetic actual input-trial reaches physical keys without mapped-client/active-window RPCs (199.042958ms)
✔ synthetic capture and verify retain actual mapped-Foot and active-window checks before keys (45.612042ms)
✔ synthetic missing application readiness or lost canvas focus forbids any key (17.002834ms)
✔ synthetic actual nonce reader rejects mismatched bytes in a successful RPC response (82.611625ms)
✔ synthetic late typing/readback and stale presentation cannot publish success (346.896125ms)
✔ synthetic timing observation uses same-page actual recorded event fields, not probe completion (114.859708ms)
✔ cold recycling omission/false never accesses the machine; invalid values are not coerced (1.470458ms)
✔ explicit recycling verifies the actual executor and enabled report without implicit JIT (10.421ms)
✔ local-origin gate accepts only the requested loopback origins (2.856292ms)
✔ loader has a default-off strict selection gate before any asset fetch (4.415042ms)
✔ loader applies recycling after restore and before execution, with no controller mutation RPC (0.3005ms)
✔ Omarchy selects recycling only for literal 1 on a loopback origin (25.62625ms)
✔ lazy Omarchy discards pre-controller and dormant bytes; availability reads are passive (23.316667ms)
✔ CLI retains a bounded owned pre-controller queue and automatically starts exactly once (1.0015ms)
✔ retired lazy references cannot activate; old active transports cannot send into any owner (10.926208ms)
✔ explicit restore uses the real Channel fresh HELLO, not preloaded Omarchy output (104.329ms)
✔ actual main publishes the winning generation during early guest-ready, never query identity (7.975167ms)
✔ actual main supplied restore bypasses default; omitted channel activates one shared session (3.147375ms)
✔ actual main fences retirement immediately and ignores late callbacks/retained channels (24.141542ms)
✔ requires a mapped Omarchy bar and background, not a process or login banner (1.596459ms)
✔ a black or solid framebuffer is not rendered desktop evidence (114.8195ms)
✔ the actual ready lifecycle is once per authoritative generation and isolates Omarchy (13.758834ms)
✔ actual RPC gate rejects no-owner/retired work and fences late CLI completion (2.373083ms)
✔ the authoritative Omarchy key blocks service RPC even when the page is not marked desktop (1.115542ms)
✔ desktop control entry points remain wired to the existing production bridges (0.809167ms)
✔ host-only preboot Docker affordance remains available, but an Omarchy owner blocks it (0.643042ms)
✔ a retired CLI log refresh cannot create a stream for the Omarchy owner (32.24325ms)
✔ retired catalog/probe/snapshot/container completions cannot repaint a replacement owner (7.493667ms)
✔ retired container action completion cannot apply to the next session (54.8565ms)
ℹ tests 54
ℹ suites 0
ℹ pass 54
ℹ fail 0
ℹ cancelled 0
ℹ skipped 0
ℹ todo 0
ℹ duration_ms 1165.309791
