# Composite desktop restore: parse-before-mutate, GPU → input → sound staging, agent HELLO,
# deterministic T22 viewport planning, full repair publication, and cold fallback on refusal.
cargo fmt --check -p wasm-vm-core
cargo clippy -p wasm-vm-core --lib --features gpu-trace -- -D warnings
   Compiling version_check v0.9.5
    Checking typenum v1.20.1
   Compiling libc v0.2.186
   Compiling rustc_apfloat v0.2.3+llvm-462a31f5a5ab
    Checking bitflags v2.13.0
    Checking smallvec v1.15.2
    Checking cfg-if v1.0.4
    Checking log v0.4.33
   Compiling generic-array v0.14.7
    Checking cpufeatures v0.2.17
    Checking block-buffer v0.10.4
    Checking crypto-common v0.1.7
    Checking digest v0.10.7
    Checking sha2 v0.10.9
    Checking wasm-vm-core v0.0.1 (/private/tmp/e5-t26e-cold.zJnEd8/crates/core)
    Finished `dev` profile [unoptimized + debuginfo] target(s) in 2.10s
cargo clippy -p wasm-vm-core --lib --tests --features gpu-trace -- -D warnings
   Compiling libc v0.2.186
   Compiling proc-macro2 v1.0.106
   Compiling unicode-ident v1.0.24
   Compiling quote v1.0.46
   Compiling zerocopy v0.8.52
   Compiling getrandom v0.3.4
   Compiling serde_core v1.0.228
    Checking bitflags v2.13.0
   Compiling crossbeam-utils v0.8.21
   Compiling rustix v1.1.4
   Compiling getrandom v0.4.3
   Compiling zmij v1.0.21
   Compiling autocfg v1.5.1
   Compiling serde v1.0.228
    Checking once_cell v1.21.4
    Checking regex-syntax v0.8.11
    Checking either v1.16.0
   Compiling serde_json v1.0.150
    Checking fastrand v2.4.1
    Checking ciborium-io v0.2.2
    Checking clap_lex v1.1.0
    Checking anstyle v1.0.14
   Compiling rayon-core v1.13.0
   Compiling num-traits v0.2.19
    Checking memchr v2.8.2
    Checking itoa v1.0.18
    Checking clap_builder v4.6.0
    Checking itertools v0.10.5
    Checking regex-automata v0.4.14
    Checking same-file v1.0.6
    Checking cast v0.3.0
    Checking bit-vec v0.8.0
    Checking fnv v1.0.7
    Checking quick-error v1.2.3
    Checking rustc_apfloat v0.2.3+llvm-462a31f5a5ab
    Checking bit-set v0.8.0
   Compiling syn v2.0.118
    Checking criterion-plot v0.5.0
    Checking clap v4.6.1
    Checking walkdir v2.5.0
    Checking unarray v0.1.4
    Checking oorandom v11.1.5
    Checking anes v0.1.6
    Checking regex v1.12.4
    Checking crossbeam-epoch v0.9.18
    Checking crossbeam-deque v0.8.6
   Compiling zerocopy-derive v0.8.52
   Compiling serde_derive v1.0.228
    Checking errno v0.3.14
    Checking cpufeatures v0.2.17
    Checking wait-timeout v0.2.1
    Checking is-terminal v0.4.17
    Checking sha2 v0.10.9
    Checking rand_core v0.9.5
    Checking wasm-vm-core v0.0.1 (/private/tmp/e5-t26e-cold.zJnEd8/crates/core)
    Checking rand v0.9.4
    Checking rand_xorshift v0.4.0
    Checking rayon v1.12.0
    Checking tempfile v3.27.0
    Checking rusty-fork v0.3.1
    Checking tinytemplate v1.2.1
    Checking half v2.7.1
    Checking ppv-lite86 v0.2.21
    Checking rand_chacha v0.9.0
    Checking ciborium-ll v0.2.2
    Checking proptest v1.11.0
    Checking ciborium v0.2.2
    Checking criterion v0.5.1
    Finished `dev` profile [unoptimized + debuginfo] target(s) in 6.62s
cargo test -p wasm-vm-core --lib --features gpu-trace desktop_restore -- --nocapture
   Compiling cfg-if v1.0.4
   Compiling bitflags v2.13.0
   Compiling typenum v1.20.1
   Compiling libc v0.2.186
   Compiling serde_core v1.0.228
   Compiling crossbeam-utils v0.8.21
   Compiling either v1.16.0
   Compiling once_cell v1.21.4
   Compiling regex-syntax v0.8.11
   Compiling zmij v1.0.21
   Compiling anstyle v1.0.14
   Compiling fastrand v2.4.1
   Compiling ciborium-io v0.2.2
   Compiling clap_lex v1.1.0
   Compiling zerocopy v0.8.52
   Compiling itoa v1.0.18
   Compiling memchr v2.8.2
   Compiling num-traits v0.2.19
   Compiling itertools v0.10.5
   Compiling clap_builder v4.6.0
   Compiling quick-error v1.2.3
   Compiling fnv v1.0.7
   Compiling cast v0.3.0
   Compiling bit-vec v0.8.0
   Compiling same-file v1.0.6
   Compiling anes v0.1.6
   Compiling unarray v0.1.4
   Compiling oorandom v11.1.5
   Compiling crossbeam-epoch v0.9.18
   Compiling walkdir v2.5.0
   Compiling smallvec v1.15.2
   Compiling getrandom v0.3.4
   Compiling errno v0.3.14
   Compiling getrandom v0.4.3
   Compiling wait-timeout v0.2.1
   Compiling bit-set v0.8.0
   Compiling is-terminal v0.4.17
   Compiling rand_core v0.9.5
   Compiling rustix v1.1.4
   Compiling cpufeatures v0.2.17
   Compiling rustc_apfloat v0.2.3+llvm-462a31f5a5ab
   Compiling log v0.4.33
   Compiling crossbeam-deque v0.8.6
   Compiling generic-array v0.14.7
   Compiling rand v0.9.4
   Compiling rand_xorshift v0.4.0
   Compiling rayon-core v1.13.0
   Compiling rayon v1.12.0
   Compiling block-buffer v0.10.4
   Compiling crypto-common v0.1.7
   Compiling criterion-plot v0.5.0
   Compiling digest v0.10.7
   Compiling sha2 v0.10.9
   Compiling tempfile v3.27.0
   Compiling regex-automata v0.4.14
   Compiling clap v4.6.1
   Compiling rusty-fork v0.3.1
   Compiling serde v1.0.228
   Compiling serde_json v1.0.150
   Compiling tinytemplate v1.2.1
   Compiling regex v1.12.4
   Compiling half v2.7.1
   Compiling ppv-lite86 v0.2.21
   Compiling rand_chacha v0.9.0
   Compiling ciborium-ll v0.2.2
   Compiling proptest v1.11.0
   Compiling ciborium v0.2.2
   Compiling criterion v0.5.1
   Compiling wasm-vm-core v0.0.1 (/private/tmp/e5-t26e-cold.zJnEd8/crates/core)
    Finished `test` profile [unoptimized + debuginfo] target(s) in 4.96s
     Running unittests src/lib.rs (target/debug/deps/wasm_vm_core-d41d3c5e347db272)

running 7 tests
test desktop_restore::desktop_restore_tests::component_refusal_clears_staging_and_cold_boots_without_commit ... ok
test desktop_restore::desktop_restore_tests::dropped_agent_channel_never_publishes_viewport_or_device_commit ... ok
test desktop_restore::desktop_restore_tests::changed_host_window_keeps_guest_scanout_and_selects_letterbox ... ok
test desktop_restore::desktop_restore_tests::valid_composite_restore_stages_in_dependency_order_and_repairs ... ok
test desktop_restore::desktop_restore_tests::invalid_host_dimensions_are_rejected_before_callbacks ... ok
test desktop_restore::desktop_restore_tests::viewport_and_repair_failures_use_the_same_clean_fallback ... ok
test desktop_restore::desktop_restore_tests::missing_or_malformed_composite_never_enters_component_staging ... ok

test result: ok. 7 passed; 0 failed; 0 ignored; 0 measured; 310 filtered out; finished in 0.00s

# Carry the component-level atomicity gates forward at the cross-device boundary.
cargo test -p wasm-vm-core --lib --features gpu-trace desktop_snapshot -- --nocapture
    Finished `test` profile [unoptimized + debuginfo] target(s) in 0.05s
     Running unittests src/lib.rs (target/debug/deps/wasm_vm_core-d41d3c5e347db272)

running 9 tests
test desktop_snapshot::desktop_snapshot_tests::explicit_abort_is_idempotent_and_invalid_permits_are_rejected ... ok
test desktop_snapshot::desktop_snapshot_tests::quiesce_waits_for_one_boundary_and_releases_cleanly ... ok
test desktop_snapshot::desktop_snapshot_tests::builder_rejects_duplicate_unknown_and_forward_sections ... ok
test desktop_snapshot::desktop_snapshot_tests::in_flight_timeout_is_bounded_aborts_and_leaves_device_usable ... ok
test desktop_snapshot::desktop_snapshot_tests::empty_envelope_is_byte_exact_and_stably_digested ... ok
test desktop_snapshot::desktop_snapshot_tests::bad_magic_and_forward_envelope_version_are_machine_readable ... ok
test desktop_snapshot::desktop_snapshot_tests::parser_rejects_trailing_table_bytes_and_component_digest_tampering ... ok
test desktop_snapshot::desktop_snapshot_tests::malformed_sections_fail_closed_before_live_state_mutation ... ok
test desktop_snapshot::desktop_snapshot_tests::populated_envelope_includes_versions_component_digests_and_stable_digest ... ok

test result: ok. 9 passed; 0 failed; 0 ignored; 0 measured; 308 filtered out; finished in 0.00s

cargo test -p wasm-vm-core --lib --features gpu-trace dev::virtio::gpu::snapshot::tests -- --nocapture
    Finished `test` profile [unoptimized + debuginfo] target(s) in 0.04s
     Running unittests src/lib.rs (target/debug/deps/wasm_vm_core-d41d3c5e347db272)

running 6 tests
test dev::virtio::gpu::snapshot::tests::shadow_codec_reports_bounded_compression_and_rejects_forged_runs ... ok
test dev::virtio::gpu::snapshot::tests::valid_restore_presents_one_full_repair_frame ... ok
test dev::virtio::gpu::snapshot::tests::malformed_shadow_and_truncation_fail_closed ... ok
test dev::virtio::gpu::snapshot::tests::malformed_resource_metadata_fails_closed_before_live_map_swap ... ok
test dev::virtio::gpu::snapshot::tests::gpu_snapshot_round_trips_resource_scanout_cursor_damage_and_crc ... ok
test dev::virtio::gpu::snapshot::tests::missing_scanout_resource_and_bad_format_leave_live_state_unchanged ... ok

test result: ok. 6 passed; 0 failed; 0 ignored; 0 measured; 311 filtered out; finished in 0.00s

cargo test -p wasm-vm-core --lib --features gpu-trace dev::virtio::input::snapshot::tests -- --nocapture
    Finished `test` profile [unoptimized + debuginfo] target(s) in 0.04s
     Running unittests src/lib.rs (target/debug/deps/wasm_vm_core-d41d3c5e347db272)

running 12 tests
test dev::virtio::input::snapshot::tests::direct_release_all_is_protected_from_budget_eviction ... ok
test dev::virtio::input::snapshot::tests::verifier_empty_restore_accepts_fresh_keyboard_tablet_and_mouse_frames ... ok
test dev::virtio::input::snapshot::tests::restore_discards_held_key_and_button_state_with_one_protected_release_frame ... ok
test dev::virtio::input::snapshot::tests::verifier_multiframe_order_indices_and_staged_work_are_byte_exact ... ok
test dev::virtio::input::snapshot::tests::malformed_ring_lengths_duplicate_events_and_truncation_are_atomic ... ok
test dev::virtio::input::snapshot::tests::three_input_devices_round_trip_pending_order_and_partial_indices ... ok
test dev::virtio::input::snapshot::tests::verifier_release_all_precedes_saved_work_and_survives_host_pressure ... ok
test dev::virtio::input::snapshot::tests::verifier_malformed_headers_preserve_unserialized_delivered_ledger ... ok
test dev::virtio::input::snapshot::tests::verifier_total_serialized_event_cap_is_atomic_on_encode_and_decode ... ok
test dev::virtio::input::snapshot::tests::verifier_release_growth_at_serialized_cap_is_atomic ... ok
test dev::virtio::input::snapshot::tests::verifier_fully_consumed_records_still_obey_total_serialized_cap ... ok
test dev::virtio::input::snapshot::tests::verifier_release_growth_that_exactly_reaches_serialized_cap_succeeds ... ok

test result: ok. 12 passed; 0 failed; 0 ignored; 0 measured; 305 filtered out; finished in 0.25s

cargo test -p wasm-vm-core --lib --features gpu-trace dev::virtio::snd::snapshot::tests -- --nocapture
    Finished `test` profile [unoptimized + debuginfo] target(s) in 0.04s
     Running unittests src/lib.rs (target/debug/deps/wasm_vm_core-d41d3c5e347db272)

running 6 tests
test dev::virtio::snd::snapshot::tests::snapshot_header_has_stable_size_before_event_records ... ok
test dev::virtio::snd::snapshot::tests::pending_period_metadata_is_exact_and_atomic_for_both_streams ... ok
test dev::virtio::snd::snapshot::tests::malformed_restore_is_atomic_and_rejects_bad_params ... ok
test dev::virtio::snd::snapshot::tests::stopped_stream_round_trip_preserves_configuration_without_xrun ... ok
test dev::virtio::snd::snapshot::tests::running_restore_discards_ephemeral_rings_and_repairs_both_streams ... ok
test dev::virtio::snd::snapshot::tests::running_repair_respects_the_event_budget_before_mutation ... ok

test result: ok. 6 passed; 0 failed; 0 ignored; 0 measured; 311 filtered out; finished in 0.00s

# The coordinator and callback contract remain no_std/wasm-compatible.
cargo build -p wasm-vm-core --no-default-features --target wasm32-unknown-unknown
   Compiling version_check v0.9.5
   Compiling typenum v1.20.1
   Compiling rustc_apfloat v0.2.3+llvm-462a31f5a5ab
   Compiling smallvec v1.15.2
   Compiling cfg-if v1.0.4
   Compiling bitflags v2.13.0
   Compiling log v0.4.33
   Compiling generic-array v0.14.7
   Compiling block-buffer v0.10.4
   Compiling crypto-common v0.1.7
   Compiling digest v0.10.7
   Compiling sha2 v0.10.9
   Compiling wasm-vm-core v0.0.1 (/private/tmp/e5-t26e-cold.zJnEd8/crates/core)
    Finished `dev` profile [unoptimized + debuginfo] target(s) in 2.32s
verify-E5-T26e (desktop restore reconciliation and cold fallback): OK
