# Guest fixture and recording harness only; this is not F timing acceptance.
/bin/sh -n tools/guest/e5-t26f-resident-aplay.sh
node --check tools/verify/e5-t26f-browser-buffered-proc.mjs
node --test tools/verify/e5-t26f-resident-aplay.test.mjs tools/verify/e5-t26f-browser-buffered-proc.test.mjs tools/verify/e5-t26f-resident-image.test.mjs tools/verify/e5-t26f-resident-proof.test.mjs tools/verify/e5-t26f-compile-queue-observation.test.mjs tools/verify/e5-t26f-physical-typing.test.mjs
✔ wrapper resolves the real held collector without launching a browser (3.069541ms)
✔ actual wrapper creates a new seal and only the unchanged default-policy reuse (1.2585ms)
✔ existing attempt refuses before seal creation, writes or child launch (0.352541ms)
✔ cold failure or signalled child retains transcript/exit and never launches reuse (1.423583ms)
✔ successful timing keeps non-acceptance and uses the success record (0.66425ms)
✔ non-cap failure, wrong recorded head, or source mutation cannot emit an observation (2.519208ms)
✔ coherent exact accounting splits both backpressure cases without subtracting discovery refusals (1.049917ms)
✔ negative resident-depth delta and lifetime drops with zero interval drops remain valid (0.222209ms)
✔ missing, unsafe and out-of-bound actual queue fields refuse (1.27975ms)
✔ impossible residuals, regressions, unsafe intermediate totals and mixed head/policy refuse (0.792667ms)
✔ actual success producer shape uses only its nested head and never verifies F (1.829625ms)
✔ CLI binds original bytes, preserves inputs/outputs and refuses bad accounting before output (111.23075ms)
✔ the existing uppercase and shifted-symbol map retains every base key and physical transition order (3.214125ms)
✔ default 100ms setup pacing separates lowercase, modifier and shifted-symbol edges at exact times (0.532625ms)
✔ explicit zero keeps the identical key sequence with no additional waits (0.646583ms)
✔ unmapped controls and high characters retain type passthrough without fabricated Shift transitions (0.326916ms)
✔ typeCommand preserves command/marker and holds Enter for the selected delay with no extra trailing wait (1.027834ms)
✔ the actual 5ms post-restore command charges all 95ms to the original T0 and keeps the two-second cap (1.038792ms)
✔ the transition oracle kills the former burst helper even if its final elapsed time is padded to match (0.43175ms)
✔ actual play validates with buffered cat, feeds exact bytes, waits child zero; no PATH commands (63.556709ms)
✔ refuses wrong saved PID before feeding or green success (36.836209ms)
✔ refuses wrong actual stat PID before feeding or green success (42.092541ms)
✔ refuses changed starttime before feeding or green success (56.150625ms)
✔ refuses wrong parent shell before feeding or green success (40.478917ms)
✔ refuses malformed comm cannot shift starttime before feeding or green success (38.113458ms)
✔ refuses wrong executable inode before feeding or green success (37.090708ms)
✔ refuses not blocked in pipe_read before feeding or green success (41.494208ms)
✔ refuses missing actual FIFO descriptor before feeding or green success (50.197625ms)
✔ refuses wrong FIFO inode before feeding or green success (46.112333ms)
✔ refuses child inherited extra writer before feeding or green success (46.454708ms)
✔ refuses child FIFO descriptor is read-write before feeding or green success (40.42925ms)
✔ refuses malformed fd flags before feeding or green success (39.069792ms)
✔ refuses missing parent writer before feeding or green success (47.208125ms)
✔ refuses extra parent writer before feeding or green success (53.159709ms)
✔ refuses parent descriptor read-only before feeding or green success (42.049709ms)
✔ refuses missing PCM descriptor before feeding or green success (41.922792ms)
✔ refuses wrong PCM device inode before feeding or green success (43.045583ms)
✔ refuses wrong PCM owner before feeding or green success (41.735916ms)
✔ refuses OPEN is not PREPARED before feeding or green success (41.165125ms)
✔ refuses RUNNING is not PREPARED before feeding or green success (51.406458ms)
✔ refuses nonzero hardware pointer before feeding or green success (46.549041ms)
✔ refuses queued application data before feeding or green success (40.832375ms)
✔ refuses duplicate PCM status field before feeding or green success (42.116ms)
✔ refuses unreadable/missing PCM status before feeding or green success (50.311166ms)
✔ refuses child I/O changed after prepare before feeding or green success (53.104792ms)
✔ refuses available I/O accounting disappears before feeding or green success (62.478666ms)
✔ refuses not armed before feeding or green success (36.713084ms)
✔ refuses truncated stat field list before feeding or green success (34.836333ms)
✔ refuses surplus stat fields before feeding or green success (35.774958ms)
✔ refuses stat glob is not expanded before feeding or green success (34.165834ms)
✔ refuses negative starttime before feeding or green success (35.996166ms)
✔ refuses second stat record before feeding or green success (34.253333ms)
✔ refuses stat missing final newline before feeding or green success (36.063584ms)
✔ refuses wchan extra newline before feeding or green success (39.254416ms)
✔ refuses wchan extra record before feeding or green success (43.14625ms)
✔ refuses missing flags field before feeding or green success (40.448292ms)
✔ refuses duplicate child flags before feeding or green success (40.253208ms)
✔ refuses duplicate parent flags before feeding or green success (40.784083ms)
✔ refuses flags surplus token before feeding or green success (37.091917ms)
✔ refuses flags octal overflow before feeding or green success (36.671375ms)
✔ refuses flags missing final newline before feeding or green success (38.602458ms)
✔ refuses PCM missing application pointer before feeding or green success (44.469917ms)
✔ refuses PCM surplus value before feeding or green success (43.500042ms)
✔ refuses PCM malformed separator before feeding or green success (42.332041ms)
✔ refuses duplicate PCM owner before feeding or green success (44.175458ms)
✔ refuses readable empty I/O before feeding or green success (43.781292ms)
✔ refuses I/O missing mandatory field before feeding or green success (45.404667ms)
✔ refuses I/O duplicate field before feeding or green success (51.589917ms)
✔ refuses I/O negative counter before feeding or green success (52.630708ms)
✔ refuses I/O incomplete accounting group before feeding or green success (47.067916ms)
✔ refuses I/O extra token before feeding or green success (46.565875ms)
✔ refuses I/O missing final newline before feeding or green success (46.978541ms)
✔ refuses I/O unexpected blank record before feeding or green success (45.346291ms)
✔ refuses I/O shell metacharacters are data before feeding or green success (47.685ms)
✔ refuses overbound proc text before feeding or green success (48.745125ms)
✔ failed feed reports red and cannot print completion (47.2665ms)
✔ kernel without optional task I/O accounting still requires all actual PCM and FIFO guards (85.036333ms)
✔ nonzero original child exit refuses green even after a successful finite feed (43.980875ms)
✔ prepare requires two matching observations and retains the actual observation in parent RAM (263.951709ms)
✔ prepare bounds refused observations without green (153.919834ms)
✔ prepare bounds changing observations without green (298.096334ms)
✔ actual child launch closes inherited FD3 before exec, with fixed real PCM parameters (0.1775ms)
✔ three observation printf calls remain byte-identical to parent 7f15d766 (0.419792ms)
✔ capture preserves EOF and all trailing newlines at the exact small bound (42.486875ms)
✔ capture refuses overbound or embedded sentinel ("xxxxxxxxxxxxxxxxxxxxxxxxxxxxxxxxxxxxxxxx") (10.754917ms)
✔ capture refuses overbound or embedded sentinel (":e5t26f-capture-end:") (10.012708ms)
✔ capture refuses overbound or embedded sentinel ("prefix:e5t26f-capture-end:\n") (9.646292ms)
✔ capture refuses overbound or embedded sentinel (":e5t26f-capture-end::e5t26f-capture-end:") (8.741791ms)
✔ missing/truncated capture sentinel refuses even when cat succeeds (:) (9.082375ms)
✔ missing/truncated capture sentinel refuses even when cat succeeds (printf '%s' ':e5t26f-capture-en') (8.123791ms)
✔ cat failure cannot turn partial data into a successful capture (168.846709ms)
✔ missing/unreadable-as-file captures fail closed using real cat errors (18.912375ms)
✔ each actual capture subprocess has FD3 closed while parent feed descriptor stays open (353.463334ms)
✔ identity start change during capture refuses before feed (241.05725ms)
✔ identity pid change during capture refuses before feed (278.290583ms)
✔ identity parent change during capture refuses before feed (241.061292ms)
✔ identity exe change during capture refuses before feed (289.614792ms)
✔ identity exit change during capture refuses before feed (251.027291ms)
✔ readable optional io disappearing during cat is not silently unavailable (257.593875ms)
✔ in-memory io reconstruction preserves each original byte in |line serialization (30.562167ms)
✔ PCM ordinary timestamp/availability lines and delimiter retain required guards (55.472375ms)
✔ zero-pointer guard sabotage in a temporary helper is killed by the same refusal oracle (103.119666ms)
✔ capture/parser source uses fixed cat and memory parsing, never read/eval/heredoc (0.222667ms)
✔ CLI requires an explicit output and exact frozen helper digest; no base override (1.468958ms)
✔ output guard accepts only empty descendants and refuses nonempty, root, escape and symlinks without writes (5.850375ms)
✔ manifest preserves every original byte and appends exactly the one read-only helper (0.338875ms)
✔ debugfs adds one file, pins ownership/all inode times and never mounts or executes the guest helper (0.199125ms)
✔ Docker is local, offline/unprivileged, with exactly two file RO mounts and the owned output RW (0.218958ms)
✔ actual inode stat parser refuses wrong type, ownership, mode, size, links, generation or any timestamp (0.549917ms)
✔ streaming SHA256 computes actual bytes (2.19225ms)
✔ mocked build records verified provenance, exact lock/manifest and before+after source hashes (7.493834ms)
✔ base/helper hash and input symlink failures happen before Docker or output creation (22.935459ms)
✔ Docker failure propagates, rehashes immutable inputs and retains partial outputs without success metadata (14.27925ms)
✔ zero-exit Docker does not excuse corrupt readback/stat, tool drift, copy mismatch or unchanged image (32.720708ms)
✔ post-run base mutation refuses publication and retains both Docker and preservation errors (4.81325ms)
✔ resident fixture is exact opt-in; unmatched tuning overrides refuse (1.563ms)
✔ resident repack-off requires isolated explicit JIT=1 reuse; actual URLs retain play/5ms (1.289833ms)
✔ resident cap-256 requires isolated explicit JIT=1 reuse; actual URLs retain play/5ms (0.748542ms)
✔ resident residency rejects missing counterparts and malformed/coerced labels in both admission layers (8.9375ms)
✔ resident residency refuses cold/normal/COMPLETE and every coexisting override, including empty (28.242042ms)
✔ actual quiet scratch selection remains stricter and rejects both newly admitted resident policies (0.937875ms)
✔ outside the paired opt-in, existing resident observation rules and nonresident policy selection stay intact (0.853ms)
✔ admitted residency still requires actual executor/policy/cap and fresh before/after RPC state (3.854458ms)
✔ resident accounting presets use fixed 100-ms physical edges only for admitted reuse commands (10.143875ms)
✔ read-only resident profiling is exact reuse-only and can never enter cold, normal acceptance or COMPLETE (1.308959ms)
✔ actual runner keeps normal, cold, reuse and COMPLETE resident play at 5-ms edges (1.514458ms)
✔ the same command text without resident opt-in does not override existing diagnostic pacing (2.007375ms)
✔ resident image binding checks frozen helper, original base and actual install path (0.244834ms)
✔ actual envelope authenticates prepared stereo parameters and empty TX metadata (0.521583ms)
✔ fully rehashed sound-state and queue mutations fail, so valid hashes cannot stand in for empty prepared playback (1.73425ms)
✔ capture XRUN and unrelated kicks are retained without claiming they contain playback PCM (0.196708ms)
✔ queued playback XRUN refuses even with rehashed envelope, no scheduled XRUN and only event kick (0.204125ms)
✔ digest, format, missing/duplicate sections, bounds and malformed sound event lengths refuse (0.672667ms)
✔ fresh host ring requires actual zero indices, silence and suspended locked context (0.433584ms)
✔ resident pre-gesture checks execute inside original T0, twice before real down/up and refuse early PCM (2.799334ms)
✔ resident mode uses the protected output guard even without diagnostic completion (0.483ms)
✔ actual preparation requires physical command acceptance and fresh green without red before snapshot (0.925333ms)
✔ reuse authenticates exact saved sound bytes and retained screenshot, not a worker's prepared summary (3.262041ms)
ℹ tests 138
ℹ suites 0
ℹ pass 138
ℹ fail 0
ℹ cancelled 0
ℹ skipped 0
ℹ todo 0
ℹ duration_ms 5778.147917
F buffered-proc fixture gates: OK; new image and cold-browser evidence remain required
