✔ actual play validates with buffered cat, feeds exact bytes, waits child zero; no PATH commands (144.916416ms)
✔ refuses wrong saved PID before feeding or green success (105.512166ms)
✔ refuses wrong actual stat PID before feeding or green success (104.771125ms)
✔ refuses changed starttime before feeding or green success (107.341375ms)
✔ refuses wrong parent shell before feeding or green success (123.6035ms)
✔ refuses malformed comm cannot shift starttime before feeding or green success (102.166416ms)
✔ refuses wrong executable inode before feeding or green success (96.691333ms)
✔ refuses not blocked in pipe_read before feeding or green success (112.085542ms)
✔ refuses missing actual FIFO descriptor before feeding or green success (105.941166ms)
✔ refuses wrong FIFO inode before feeding or green success (119.125833ms)
✔ refuses child inherited extra writer before feeding or green success (120.539459ms)
✔ refuses child FIFO descriptor is read-write before feeding or green success (100.321416ms)
✔ refuses malformed fd flags before feeding or green success (109.687625ms)
✔ refuses missing parent writer before feeding or green success (101.563792ms)
✔ refuses extra parent writer before feeding or green success (104.688875ms)
✔ refuses parent descriptor read-only before feeding or green success (121.745333ms)
✔ refuses missing PCM descriptor before feeding or green success (94.054416ms)
✔ refuses wrong PCM device inode before feeding or green success (115.216208ms)
✔ refuses wrong PCM owner before feeding or green success (94.711916ms)
✔ refuses OPEN is not PREPARED before feeding or green success (94.915708ms)
✔ refuses RUNNING is not PREPARED before feeding or green success (112.36375ms)
✔ refuses nonzero hardware pointer before feeding or green success (93.53925ms)
✔ refuses queued application data before feeding or green success (95.111958ms)
✔ refuses duplicate PCM status field before feeding or green success (104.248792ms)
✔ refuses unreadable/missing PCM status before feeding or green success (98.5645ms)
✔ refuses child I/O changed after prepare before feeding or green success (93.80575ms)
✔ refuses available I/O accounting disappears before feeding or green success (102.602417ms)
✔ refuses not armed before feeding or green success (102.690916ms)
✔ refuses truncated stat field list before feeding or green success (100.716833ms)
✔ refuses surplus stat fields before feeding or green success (101.282291ms)
✔ refuses stat glob is not expanded before feeding or green success (95.0535ms)
✔ refuses negative starttime before feeding or green success (93.53575ms)
✔ refuses second stat record before feeding or green success (108.072458ms)
✔ refuses stat missing final newline before feeding or green success (118.630583ms)
✔ refuses wchan extra newline before feeding or green success (97.734875ms)
✔ refuses wchan extra record before feeding or green success (109.72275ms)
✔ refuses missing flags field before feeding or green success (95.329584ms)
✔ refuses duplicate child flags before feeding or green success (91.121584ms)
✔ refuses duplicate parent flags before feeding or green success (114.243041ms)
✔ refuses flags surplus token before feeding or green success (103.719958ms)
✔ refuses flags octal overflow before feeding or green success (92.06025ms)
✔ refuses flags missing final newline before feeding or green success (101.555083ms)
✔ refuses PCM missing application pointer before feeding or green success (104.7535ms)
✔ refuses PCM surplus value before feeding or green success (93.811459ms)
✔ refuses PCM malformed separator before feeding or green success (98.749875ms)
✔ refuses duplicate PCM owner before feeding or green success (93.882417ms)
✔ refuses readable empty I/O before feeding or green success (91.800125ms)
✔ refuses I/O missing mandatory field before feeding or green success (125.806584ms)
✔ refuses I/O duplicate field before feeding or green success (96.478583ms)
✔ refuses I/O negative counter before feeding or green success (99.855875ms)
✔ refuses I/O incomplete accounting group before feeding or green success (107.703333ms)
✔ refuses I/O extra token before feeding or green success (98.920167ms)
✔ refuses I/O missing final newline before feeding or green success (91.080167ms)
✔ refuses I/O unexpected blank record before feeding or green success (108.308416ms)
✔ refuses I/O shell metacharacters are data before feeding or green success (101.770125ms)
✔ refuses overbound proc text before feeding or green success (95.029667ms)
✔ failed feed reports red and cannot print completion (106.859167ms)
✔ kernel without optional task I/O accounting still requires all actual PCM and FIFO guards (193.096209ms)
✔ nonzero original child exit refuses green even after a successful finite feed (115.670208ms)
✔ prepare requires two matching observations and retains the actual observation in parent RAM (86.885958ms)
✔ prepare bounds refused observations without green (94.929792ms)
✔ prepare bounds changing observations without green (88.920708ms)
✔ actual child launch closes inherited FD3 before exec, with fixed real PCM parameters (0.176166ms)
✔ three observation printf calls remain byte-identical to parent 7f15d766 (0.288709ms)
✔ capture preserves EOF and all trailing newlines at the exact small bound (456.333375ms)
✔ capture refuses overbound or embedded sentinel ("xxxxxxxxxxxxxxxxxxxxxxxxxxxxxxxxxxxxxxxx") (87.143542ms)
✔ capture refuses overbound or embedded sentinel (":e5t26f-capture-end:") (103.337041ms)
✔ capture refuses overbound or embedded sentinel ("prefix:e5t26f-capture-end:\n") (92.130333ms)
✔ capture refuses overbound or embedded sentinel (":e5t26f-capture-end::e5t26f-capture-end:") (84.701917ms)
✔ missing/truncated capture sentinel refuses even when cat succeeds (:) (90.23825ms)
✔ missing/truncated capture sentinel refuses even when cat succeeds (printf '%s' ':e5t26f-capture-en') (81.548584ms)
✔ cat failure cannot turn partial data into a successful capture (83.986083ms)
✔ missing/unreadable-as-file captures fail closed using real cat errors (169.021625ms)
✔ each actual capture subprocess has FD3 closed while parent feed descriptor stays open (107.447666ms)
✔ identity start change during capture refuses before feed (103.467792ms)
✔ identity pid change during capture refuses before feed (109.935333ms)
✔ identity parent change during capture refuses before feed (108.968875ms)
✔ identity exe change during capture refuses before feed (115.815667ms)
✔ identity exit change during capture refuses before feed (111.964667ms)
✔ readable optional io disappearing during cat is not silently unavailable (100.83ms)
✔ in-memory io reconstruction preserves each original byte in |line serialization (114.440917ms)
✔ PCM ordinary timestamp/availability lines and delimiter retain required guards (103.814042ms)
✔ zero-pointer guard sabotage in a temporary helper is killed by the same refusal oracle (208.142708ms)
✔ capture/parser source uses fixed cat and memory parsing, never read/eval/heredoc (0.358292ms)
ℹ tests 84
ℹ suites 0
ℹ pass 84
ℹ fail 0
ℹ cancelled 0
ℹ skipped 0
ℹ todo 0
ℹ duration_ms 8983.855958
