{
  "schema": "wasm-vm.e5-t26f.desktop-image-info.v1",
  "task": "E5-T26f",
  "architecture": "riscv64",
  "image": {
    "path": "target/e5-t26f/resident-image-buffered-proc-v1/alpine-rootfs.ext4",
    "sha256": "4cb3424f637ba55d709171ce21a6b7b42a67e7bdfaef7848d7f1d7c02976ec18",
    "size": 1073741824
  },
  "packageManifest": {
    "path": "target/e5-t26f/resident-image-buffered-proc-v1/MANIFEST.txt",
    "sha256": "f578113d65a0be90635d8ad9a87630583f9e4cfa49e6f50e67f606301d8f752a"
  },
  "fileManifest": {
    "path": "target/e5-t26f/resident-image-buffered-proc-v1/FILE-MANIFEST.txt",
    "sha256": "38764055b598fd07f6466ed307e5594bb38c8d9548316271fb9b4edcbe4b7ea1"
  },
  "startup": {
    "boundedRecovery": true,
    "inPlaceDisplayResize": false,
    "backend": "drm",
    "renderer": "pixman",
    "autologinTty": "tty1",
    "desktopUser": "desktop",
    "seatdRunlevel": "default"
  },
  "fixture": {
    "kind": "resident-aplay-v1",
    "helperPath": "tools/guest/e5-t26f-resident-aplay.sh",
    "helperSha256": "324e0acddd88bd2d41b0310444e32e2262dedd3129132240134dac857d4eec2e",
    "helperSize": 10669,
    "guestPath": "/usr/libexec/wasm-vm/e5t26f-resident.sh",
    "mode": "0444",
    "uid": 0,
    "gid": 0,
    "epoch": 1731542400,
    "basePath": "target/e5-t26f/desktop-image-aplay-noresize/alpine-rootfs.ext4",
    "baseSha256": "5530d6585776cf61fcedb98f7a2e75b4293d5f805809e5107cc181fa5dc62550",
    "baseSize": 1073741824,
    "basePreserved": true,
    "baseInfoSha256": "563bc08d5113d14c46c31c80d32205a825bf615e8e89b6bdbab28c83f46d1844",
    "baseFileManifestSha256": "334bb3b98d2151b6f14358e023f288359255e62835a92f0eb853f6bc76918c93",
    "builder": {
      "tag": "wasm-vm-rootfs-build:local",
      "imageId": "sha256:0d1ead8c1106a838e478676dff113f21cdd91eb9456232ff9f6c24679a87d0eb",
      "e2fsprogs": "1.47.0-r5"
    },
    "readbackSha256": "324e0acddd88bd2d41b0310444e32e2262dedd3129132240134dac857d4eec2e"
  }
}
