# Guest fixture and recording harness only; this is not F timing acceptance.
/bin/sh -n tools/guest/e5-t26f-resident-aplay.sh
node --check tools/verify/e5-t26f-browser-buffered-proc.mjs
node --test tools/verify/e5-t26f-resident-aplay.test.mjs tools/verify/e5-t26f-browser-buffered-proc.test.mjs tools/verify/e5-t26f-resident-image.test.mjs tools/verify/e5-t26f-resident-proof.test.mjs tools/verify/e5-t26f-compile-queue-observation.test.mjs tools/verify/e5-t26f-physical-typing.test.mjs
✔ wrapper resolves the real held collector without launching a browser (3.3615ms)
✔ actual wrapper creates a new seal and only the unchanged default-policy reuse (1.662292ms)
✔ existing attempt refuses before seal creation, writes or child launch (0.366875ms)
✔ cold failure or signalled child retains transcript/exit and never launches reuse (1.423083ms)
✔ successful timing keeps non-acceptance and uses the success record (0.487708ms)
✔ non-cap failure, wrong recorded head, or source mutation cannot emit an observation (2.36725ms)
✔ coherent exact accounting splits both backpressure cases without subtracting discovery refusals (1.515291ms)
✔ negative resident-depth delta and lifetime drops with zero interval drops remain valid (0.226083ms)
✔ missing, unsafe and out-of-bound actual queue fields refuse (1.276292ms)
✔ impossible residuals, regressions, unsafe intermediate totals and mixed head/policy refuse (0.814084ms)
✔ actual success producer shape uses only its nested head and never verifies F (1.87775ms)
✔ CLI binds original bytes, preserves inputs/outputs and refuses bad accounting before output (111.346959ms)
✔ the existing uppercase and shifted-symbol map retains every base key and physical transition order (3.428ms)
✔ default 100ms setup pacing separates lowercase, modifier and shifted-symbol edges at exact times (0.583625ms)
✔ explicit zero keeps the identical key sequence with no additional waits (0.674416ms)
✔ unmapped controls and high characters retain type passthrough without fabricated Shift transitions (0.348375ms)
✔ typeCommand preserves command/marker and holds Enter for the selected delay with no extra trailing wait (1.042875ms)
✔ the actual 5ms post-restore command charges all 95ms to the original T0 and keeps the two-second cap (1.0935ms)
✔ the transition oracle kills the former burst helper even if its final elapsed time is padded to match (0.442625ms)
✔ actual play validates with buffered cat, feeds exact bytes, waits child zero; no PATH commands (66.519958ms)
✔ refuses wrong saved PID before feeding or green success (51.482709ms)
✔ refuses wrong actual stat PID before feeding or green success (36.048875ms)
✔ refuses changed starttime before feeding or green success (51.13325ms)
✔ refuses wrong parent shell before feeding or green success (34.287417ms)
✔ refuses malformed comm cannot shift starttime before feeding or green success (33.460958ms)
✔ refuses wrong executable inode before feeding or green success (34.879583ms)
✔ refuses not blocked in pipe_read before feeding or green success (37.218292ms)
✔ refuses missing actual FIFO descriptor before feeding or green success (40.284709ms)
✔ refuses wrong FIFO inode before feeding or green success (43.566333ms)
✔ refuses child inherited extra writer before feeding or green success (41.325708ms)
✔ refuses child FIFO descriptor is read-write before feeding or green success (37.87475ms)
✔ refuses malformed fd flags before feeding or green success (39.769ms)
✔ refuses missing parent writer before feeding or green success (39.22725ms)
✔ refuses extra parent writer before feeding or green success (40.845667ms)
✔ refuses parent descriptor read-only before feeding or green success (42.955625ms)
✔ refuses missing PCM descriptor before feeding or green success (47.998291ms)
✔ refuses wrong PCM device inode before feeding or green success (42.044417ms)
✔ refuses wrong PCM owner before feeding or green success (42.635833ms)
✔ refuses OPEN is not PREPARED before feeding or green success (43.21325ms)
✔ refuses RUNNING is not PREPARED before feeding or green success (43.035541ms)
✔ refuses nonzero hardware pointer before feeding or green success (42.362417ms)
✔ refuses queued application data before feeding or green success (44.74425ms)
✔ refuses duplicate PCM status field before feeding or green success (43.772417ms)
✔ refuses unreadable/missing PCM status before feeding or green success (48.993ms)
✔ refuses child I/O changed after prepare before feeding or green success (53.43425ms)
✔ refuses available I/O accounting disappears before feeding or green success (53.013ms)
✔ refuses not armed before feeding or green success (34.394875ms)
✔ refuses truncated stat field list before feeding or green success (36.327917ms)
✔ refuses surplus stat fields before feeding or green success (42.551584ms)
✔ refuses stat glob is not expanded before feeding or green success (34.876333ms)
✔ refuses negative starttime before feeding or green success (36.105458ms)
✔ refuses second stat record before feeding or green success (34.099625ms)
✔ refuses stat missing final newline before feeding or green success (34.797292ms)
✔ refuses wchan extra newline before feeding or green success (36.231166ms)
✔ refuses wchan extra record before feeding or green success (36.769541ms)
✔ refuses missing flags field before feeding or green success (44.006125ms)
✔ refuses duplicate child flags before feeding or green success (46.867833ms)
✔ refuses duplicate parent flags before feeding or green success (42.868167ms)
✔ refuses flags surplus token before feeding or green success (39.859167ms)
✔ refuses flags octal overflow before feeding or green success (40.949708ms)
✔ refuses flags missing final newline before feeding or green success (43.927834ms)
✔ refuses PCM missing application pointer before feeding or green success (49.8665ms)
✔ refuses PCM surplus value before feeding or green success (54.338708ms)
✔ refuses PCM malformed separator before feeding or green success (49.087125ms)
✔ refuses duplicate PCM owner before feeding or green success (50.849167ms)
✔ refuses readable empty I/O before feeding or green success (46.843ms)
✔ refuses I/O missing mandatory field before feeding or green success (48.815042ms)
✔ refuses I/O duplicate field before feeding or green success (49.196625ms)
✔ refuses I/O negative counter before feeding or green success (52.228792ms)
✔ refuses I/O incomplete accounting group before feeding or green success (48.90225ms)
✔ refuses I/O extra token before feeding or green success (49.253167ms)
✔ refuses I/O missing final newline before feeding or green success (50.556375ms)
✔ refuses I/O unexpected blank record before feeding or green success (49.184167ms)
✔ refuses I/O shell metacharacters are data before feeding or green success (47.473458ms)
✔ refuses overbound proc text before feeding or green success (58.056208ms)
✔ failed feed reports red and cannot print completion (50.351292ms)
✔ kernel without optional task I/O accounting still requires all actual PCM and FIFO guards (90.818375ms)
✔ nonzero original child exit refuses green even after a successful finite feed (52.605083ms)
✔ prepare requires two matching observations and retains the actual observation in parent RAM (286.634875ms)
✔ prepare bounds refused observations without green (142.589833ms)
✔ prepare bounds changing observations without green (136.335417ms)
✔ actual child launch closes inherited FD3 before exec, with fixed real PCM parameters (0.097792ms)
✔ three observation printf calls remain byte-identical to parent 7f15d766 (0.269666ms)
✔ capture preserves EOF and all trailing newlines at the exact small bound (34.256458ms)
✔ capture refuses overbound or embedded sentinel ("xxxxxxxxxxxxxxxxxxxxxxxxxxxxxxxxxxxxxxxx") (11.277041ms)
✔ capture refuses overbound or embedded sentinel (":e5t26f-capture-end:") (11.948542ms)
✔ capture refuses overbound or embedded sentinel ("prefix:e5t26f-capture-end:\n") (11.963541ms)
✔ capture refuses overbound or embedded sentinel (":e5t26f-capture-end::e5t26f-capture-end:") (13.210916ms)
✔ missing/truncated capture sentinel refuses even when cat succeeds (:) (17.667875ms)
✔ missing/truncated capture sentinel refuses even when cat succeeds (printf '%s' ':e5t26f-capture-en') (16.418833ms)
✔ cat failure cannot turn partial data into a successful capture (188.735375ms)
✔ missing/unreadable-as-file captures fail closed using real cat errors (19.682708ms)
✔ each actual capture subprocess has FD3 closed while parent feed descriptor stays open (217.422042ms)
✔ identity start change during capture refuses before feed (337.262584ms)
✔ identity pid change during capture refuses before feed (238.400084ms)
✔ identity parent change during capture refuses before feed (260.054917ms)
✔ identity exe change during capture refuses before feed (264.651958ms)
✔ identity exit change during capture refuses before feed (240.002208ms)
✔ readable optional io disappearing during cat is not silently unavailable (238.623125ms)
✔ in-memory io reconstruction preserves each original byte in |line serialization (24.392708ms)
✔ PCM ordinary timestamp/availability lines and delimiter retain required guards (55.497959ms)
✔ zero-pointer guard sabotage in a temporary helper is killed by the same refusal oracle (82.660208ms)
✔ capture/parser source uses fixed cat and memory parsing, never read/eval/heredoc (0.148833ms)
✔ CLI requires an explicit output and exact frozen helper digest; no base override (1.432708ms)
✔ output guard accepts only empty descendants and refuses nonempty, root, escape and symlinks without writes (6.212458ms)
✔ manifest preserves every original byte and appends exactly the one read-only helper (0.356167ms)
✔ debugfs adds one file, pins ownership/all inode times and never mounts or executes the guest helper (0.200583ms)
✔ Docker is local, offline/unprivileged, with exactly two file RO mounts and the owned output RW (0.221041ms)
✔ actual inode stat parser refuses wrong type, ownership, mode, size, links, generation or any timestamp (0.567458ms)
✔ streaming SHA256 computes actual bytes (2.1495ms)
✔ mocked build records verified provenance, exact lock/manifest and before+after source hashes (7.625666ms)
✔ base/helper hash and input symlink failures happen before Docker or output creation (12.773625ms)
✔ Docker failure propagates, rehashes immutable inputs and retains partial outputs without success metadata (5.383458ms)
✔ zero-exit Docker does not excuse corrupt readback/stat, tool drift, copy mismatch or unchanged image (40.146958ms)
✔ post-run base mutation refuses publication and retains both Docker and preservation errors (15.770834ms)
✔ resident fixture is exact opt-in; unmatched tuning overrides refuse (1.564958ms)
✔ resident repack-off requires isolated explicit JIT=1 reuse; actual URLs retain play/5ms (1.28225ms)
✔ resident cap-256 requires isolated explicit JIT=1 reuse; actual URLs retain play/5ms (0.596667ms)
✔ resident residency rejects missing counterparts and malformed/coerced labels in both admission layers (8.852667ms)
✔ resident residency refuses cold/normal/COMPLETE and every coexisting override, including empty (28.896083ms)
✔ actual quiet scratch selection remains stricter and rejects both newly admitted resident policies (0.926667ms)
✔ outside the paired opt-in, existing resident observation rules and nonresident policy selection stay intact (0.90975ms)
✔ admitted residency still requires actual executor/policy/cap and fresh before/after RPC state (3.990667ms)
✔ resident accounting presets use fixed 100-ms physical edges only for admitted reuse commands (10.604583ms)
✔ read-only resident profiling is exact reuse-only and can never enter cold, normal acceptance or COMPLETE (1.322791ms)
✔ actual runner keeps normal, cold, reuse and COMPLETE resident play at 5-ms edges (1.551208ms)
✔ the same command text without resident opt-in does not override existing diagnostic pacing (2.107625ms)
✔ resident image binding checks frozen helper, original base and actual install path (0.269375ms)
✔ actual envelope authenticates prepared stereo parameters and empty TX metadata (0.565166ms)
✔ fully rehashed sound-state and queue mutations fail, so valid hashes cannot stand in for empty prepared playback (1.715ms)
✔ capture XRUN and unrelated kicks are retained without claiming they contain playback PCM (0.25825ms)
✔ queued playback XRUN refuses even with rehashed envelope, no scheduled XRUN and only event kick (0.236833ms)
✔ digest, format, missing/duplicate sections, bounds and malformed sound event lengths refuse (0.806042ms)
✔ fresh host ring requires actual zero indices, silence and suspended locked context (0.51125ms)
✔ resident pre-gesture checks execute inside original T0, twice before real down/up and refuse early PCM (3.292833ms)
✔ resident mode uses the protected output guard even without diagnostic completion (0.519458ms)
✔ actual preparation requires physical command acceptance and fresh green without red before snapshot (0.940875ms)
✔ reuse authenticates exact saved sound bytes and retained screenshot, not a worker's prepared summary (2.893666ms)
ℹ tests 138
ℹ suites 0
ℹ pass 138
ℹ fail 0
ℹ cancelled 0
ℹ skipped 0
ℹ todo 0
ℹ duration_ms 5557.220875
F buffered-proc fixture gates: OK; new image and cold-browser evidence remain required
