wasm-vm: booting kernel=24208896 bytes @ 0x80200000 (footprint_end=0x8199e000), initrd=1151596 bytes @ 0x81a00000..0x81b1926c, dtb=2962 bytes @ 0x8fffb468, 256 MiB RAM

=== E2-T25 boot profile ===
phase              wall_ms   d_wall_ms   d_retired      phase_MIPS
console-up            4977        4977   272989614           54.85
init-handoff          5627         650    36999796           56.92
busybox-userland      5945         318    16598755           52.20
total: 5945 ms, 326588165 retired, overall 54.93 MIPS

per-device MMIO accesses:
  clint                     0  (@ 0x2000000)
  plic                    332  (@ 0xc000000)
  goldfish-rtc              9  (@ 0x101000)
  other                     0  (@ 0x100000)
  uart16550              4330  (@ 0x10000000)
  virtio-mmio               3  (@ 0x10001000)
  virtio-mmio               3  (@ 0x10002000)
  virtio-mmio               3  (@ 0x10003000)
  virtio-mmio             153  (@ 0x10004000)
  virtio-mmio               3  (@ 0x10005000)
  virtio-mmio               3  (@ 0x10006000)
  virtio-mmio              79  (@ 0x10007000)
  virtio-mmio               3  (@ 0x10008000)
  other                     3  (@ 0x10009000)

PROFILE_JSON {"total_ms":5945,"total_retired":326588165,"overall_mips":54.93,"phases":[{"phase":"console-up","wall_ms":4977,"retired":272989614,"phase_mips":54.85},{"phase":"init-handoff","wall_ms":5627,"retired":309989410,"phase_mips":56.92},{"phase":"busybox-userland","wall_ms":5945,"retired":326588165,"phase_mips":52.20}],"devices":[{"device":"clint","base":"0x2000000","accesses":0},{"device":"plic","base":"0xc000000","accesses":332},{"device":"goldfish-rtc","base":"0x101000","accesses":9},{"device":"other","base":"0x100000","accesses":0},{"device":"uart16550","base":"0x10000000","accesses":4330},{"device":"virtio-mmio","base":"0x10001000","accesses":3},{"device":"virtio-mmio","base":"0x10002000","accesses":3},{"device":"virtio-mmio","base":"0x10003000","accesses":3},{"device":"virtio-mmio","base":"0x10004000","accesses":153},{"device":"virtio-mmio","base":"0x10005000","accesses":3},{"device":"virtio-mmio","base":"0x10006000","accesses":3},{"device":"virtio-mmio","base":"0x10007000","accesses":79},{"device":"virtio-mmio","base":"0x10008000","accesses":3},{"device":"other","base":"0x10009000","accesses":3}]}
wasm-vm: profile complete (stopped at userland marker)
