[    0.000000] Linux version 6.6.63 (wasmvm@wasmvm) (riscv64-linux-gnu-gcc (Debian 12.2.0-13) 12.2.0, GNU ld (GNU Binutils for Debian) 2.40) #1 SMP Thu Nov 14 2024
[    0.000000] Machine model: riscv-virtio,qemu
[    0.000000] SBI specification v2.0 detected
[    0.000000] SBI implementation ID=0x574d Version=0x100
[    0.000000] SBI TIME extension detected
[    0.000000] SBI IPI extension detected
[    0.000000] SBI RFENCE extension detected
[    0.000000] SBI SRST extension detected
[    0.000000] earlycon: sbi0 at I/O port 0x0 (options '')
[    0.000000] printk: bootconsole [sbi0] enabled
WVB_KERNEL 6.6.63 #1 SMP Thu Nov 14 2024 riscv64
WVB_DEVICE name=wasm-vm virtio keyboard measured=3 state=4 major=13 minor=64 inode=621 event_bytes=24
WVM_KB_INJECT
WVB_SENTINEL B_DOWN separate_client=1
WVB_EVENT 0 457eaa6a00000000d44d0c000000000001001e0001000000
WVB_EVENT 1 457eaa6a00000000d44d0c00000000000000000000000000
WVB_EVENT 2 457eaa6a00000000fe4d0c000000000001001e0000000000
WVB_EVENT 3 457eaa6a00000000fe4d0c00000000000000000000000000
WVB_EVENT 4 457eaa6a000000002a4e0c000000000001001e0001000000
WVB_EVENT 5 457eaa6a000000002a4e0c00000000000000000000000000
WVB_EVENT 6 457eaa6a00000000544e0c000000000001001e0000000000
WVB_EVENT 7 457eaa6a00000000544e0c00000000000000000000000000
WVB_EVENT 8 457eaa6a000000007f4e0c000000000001001e0001000000
WVB_EVENT 9 457eaa6a000000007f4e0c00000000000000000000000000
WVB_EVENT 10 457eaa6a00000000a94e0c000000000001001e0000000000
WVB_EVENT 11 457eaa6a00000000a94e0c00000000000000000000000000
WVB_EVENT 12 457eaa6a00000000d54e0c000000000001001e0001000000
WVB_EVENT 13 457eaa6a00000000d54e0c00000000000000000000000000
WVB_EVENT 14 457eaa6a00000000ff4e0c000000000001001e0000000000
WVB_EVENT 15 457eaa6a00000000ff4e0c00000000000000000000000000
WVB_EVENT 16 457eaa6a000000002a4f0c000000000001001e0001000000
WVB_EVENT 17 457eaa6a000000002a4f0c00000000000000000000000000
WVB_EVENT 18 457eaa6a00000000554f0c000000000001001e0000000000
WVB_EVENT 19 457eaa6a00000000554f0c00000000000000000000000000
WVB_EVENT 20 457eaa6a00000000804f0c000000000001001e0001000000
WVB_EVENT 21 457eaa6a00000000804f0c00000000000000000000000000
WVB_EVENT 22 457eaa6a00000000aa4f0c000000000001001e0000000000
WVB_EVENT 23 457eaa6a00000000aa4f0c00000000000000000000000000
WVB_EVENT 24 457eaa6a00000000d64f0c000000000001001e0001000000
WVB_EVENT 25 457eaa6a00000000d64f0c00000000000000000000000000
WVB_EVENT 26 457eaa6a0000000000500c000000000001001e0000000000
WVB_EVENT 27 457eaa6a0000000000500c00000000000000000000000000
WVB_EVENT 28 457eaa6a000000002b500c000000000001001e0001000000
WVB_EVENT 29 457eaa6a000000002b500c00000000000000000000000000
WVB_EVENT 30 457eaa6a0000000056500c000000000001001e0000000000
WVB_EVENT 31 457eaa6a0000000056500c00000000000000000000000000
WVB_EVENT 32 457eaa6a0000000081500c000000000001001e0001000000
WVB_EVENT 33 457eaa6a0000000081500c00000000000000000000000000
WVB_EVENT 34 457eaa6a00000000ab500c000000000001001e0000000000
WVB_EVENT 35 457eaa6a00000000ab500c00000000000000000000000000
WVB_EVENT 36 457eaa6a00000000d7500c000000000001001e0001000000
WVB_EVENT 37 457eaa6a00000000d7500c00000000000000000000000000
WVB_EVENT 38 457eaa6a0000000001510c000000000001001e0000000000
WVB_EVENT 39 457eaa6a0000000001510c00000000000000000000000000
WVB_EVENT 40 457eaa6a000000002c510c000000000001001e0001000000
WVB_EVENT 41 457eaa6a000000002c510c00000000000000000000000000
WVB_EVENT 42 457eaa6a0000000057510c000000000001001e0000000000
WVB_EVENT 43 457eaa6a0000000057510c00000000000000000000000000
WVB_EVENT 44 457eaa6a0000000082510c000000000001001e0001000000
WVB_EVENT 45 457eaa6a0000000082510c00000000000000000000000000
WVB_EVENT 46 457eaa6a00000000ac510c000000000001001e0000000000
WVB_EVENT 47 457eaa6a00000000ac510c00000000000000000000000000
WVB_EVENT 48 457eaa6a00000000d8510c000000000001001e0001000000
WVB_EVENT 49 457eaa6a00000000d8510c00000000000000000000000000
WVB_EVENT 50 457eaa6a0000000002520c000000000001001e0000000000
WVB_EVENT 51 457eaa6a0000000002520c00000000000000000000000000
WVB_EVENT 52 457eaa6a000000002d520c000000000001001e0001000000
WVB_EVENT 53 457eaa6a000000002d520c00000000000000000000000000
WVB_EVENT 54 457eaa6a0000000058520c000000000001001e0000000000
WVB_EVENT 55 457eaa6a0000000058520c00000000000000000000000000
WVB_EVENT 56 457eaa6a0000000083520c000000000001001e0001000000
WVB_EVENT 57 457eaa6a0000000083520c00000000000000000000000000
WVB_EVENT 58 457eaa6a00000000ad520c000000000001001e0000000000
WVB_EVENT 59 457eaa6a00000000ad520c00000000000000000000000000
WVB_EVENT 60 457eaa6a00000000d9520c000000000001001e0001000000
WVB_EVENT 61 457eaa6a00000000d9520c00000000000000000000000000
WVB_EVENT 62 457eaa6a0000000003530c000000000001001e0000000000
WVB_EVENT 63 457eaa6a0000000003530c00000000000000000000000000
WVB_EVENT 64 457eaa6a000000002e530c000000000001001e0001000000
WVB_EVENT 65 457eaa6a000000002e530c00000000000000000000000000
WVB_EVENT 66 457eaa6a0000000058530c000000000001001e0000000000
WVB_EVENT 67 457eaa6a0000000058530c00000000000000000000000000
WVB_EVENT 68 457eaa6a0000000084530c000000000001001e0001000000
WVB_EVENT 69 457eaa6a0000000084530c00000000000000000000000000
WVB_EVENT 70 457eaa6a00000000ae530c000000000001001e0000000000
WVB_EVENT 71 457eaa6a00000000ae530c00000000000000000000000000
WVB_EVENT 72 457eaa6a00000000da530c000000000001001e0001000000
WVB_EVENT 73 457eaa6a00000000da530c00000000000000000000000000
WVB_EVENT 74 457eaa6a0000000004540c000000000001001e0000000000
WVB_EVENT 75 457eaa6a0000000004540c00000000000000000000000000
WVB_EVENT 76 457eaa6a000000002f540c000000000001001e0001000000
WVB_EVENT 77 457eaa6a000000002f540c00000000000000000000000000
WVB_EVENT 78 457eaa6a0000000059540c000000000001001e0000000000
WVB_EVENT 79 457eaa6a0000000059540c00000000000000000000000000
WVB_EVENT 80 457eaa6a0000000085540c000000000001001e0001000000
WVB_EVENT 81 457eaa6a0000000085540c00000000000000000000000000
WVB_EVENT 82 457eaa6a00000000af540c000000000001001e0000000000
WVB_EVENT 83 457eaa6a00000000af540c00000000000000000000000000
WVB_EVENT 84 457eaa6a00000000db540c000000000001001e0001000000
WVB_EVENT 85 457eaa6a00000000db540c00000000000000000000000000
WVB_EVENT 86 457eaa6a0000000005550c000000000001001e0000000000
WVB_EVENT 87 457eaa6a0000000005550c00000000000000000000000000
WVB_EVENT 88 457eaa6a0000000030550c000000000001001e0001000000
WVB_EVENT 89 457eaa6a0000000030550c00000000000000000000000000
WVB_EVENT 90 457eaa6a000000005a550c000000000001001e0000000000
WVB_EVENT 91 457eaa6a000000005a550c00000000000000000000000000
WVB_EVENT 92 457eaa6a0000000086550c000000000001001e0001000000
WVB_EVENT 93 457eaa6a0000000086550c00000000000000000000000000
WVB_EVENT 94 457eaa6a00000000b0550c000000000001001e0000000000
WVB_EVENT 95 457eaa6a00000000b0550c00000000000000000000000000
WVB_EVENT 96 457eaa6a00000000db550c000000000001001e0001000000
WVB_EVENT 97 457eaa6a00000000db550c00000000000000000000000000
WVB_EVENT 98 457eaa6a0000000006560c000000000001001e0000000000
WVB_EVENT 99 457eaa6a0000000006560c00000000000000000000000000
WVB_EVENT 100 457eaa6a0000000031560c000000000001001e0001000000
WVB_EVENT 101 457eaa6a0000000031560c00000000000000000000000000
WVB_EVENT 102 457eaa6a000000005b560c000000000001001e0000000000
WVB_EVENT 103 457eaa6a000000005b560c00000000000000000000000000
WVB_EVENT 104 457eaa6a0000000087560c000000000001001e0001000000
WVB_EVENT 105 457eaa6a0000000087560c00000000000000000000000000
WVB_EVENT 106 457eaa6a00000000b1560c000000000001001e0000000000
WVB_EVENT 107 457eaa6a00000000b1560c00000000000000000000000000
WVB_EVENT 108 457eaa6a00000000dc560c000000000001001e0001000000
WVB_EVENT 109 457eaa6a00000000dc560c00000000000000000000000000
WVB_EVENT 110 457eaa6a0000000007570c000000000001001e0000000000
WVB_EVENT 111 457eaa6a0000000007570c00000000000000000000000000
WVB_EVENT 112 457eaa6a0000000032570c000000000001001e0001000000
WVB_EVENT 113 457eaa6a0000000032570c00000000000000000000000000
WVB_EVENT 114 457eaa6a000000005c570c000000000001001e0000000000
WVB_EVENT 115 457eaa6a000000005c570c00000000000000000000000000
WVB_EVENT 116 457eaa6a0000000088570c000000000001001e0001000000
WVB_EVENT 117 457eaa6a0000000088570c00000000000000000000000000
WVB_EVENT 118 457eaa6a00000000b2570c000000000001001e0000000000
WVB_EVENT 119 457eaa6a00000000b2570c00000000000000000000000000
WVB_EVENT 120 457eaa6a00000000dd570c000000000001001e0001000000
WVB_EVENT 121 457eaa6a00000000dd570c00000000000000000000000000
WVB_EVENT 122 457eaa6a0000000008580c000000000001001e0000000000
WVB_EVENT 123 457eaa6a0000000008580c00000000000000000000000000
WVB_EVENT 124 457eaa6a0000000033580c000000000001001e0001000000
WVB_EVENT 125 457eaa6a0000000033580c00000000000000000000000000
WVB_EVENT 126 457eaa6a000000005d580c000000000001001e0000000000
WVB_EVENT 127 457eaa6a000000005d580c00000000000000000000000000
WVB_EVENT 128 457eaa6a0000000089580c000000000001001e0001000000
WVB_EVENT 129 457eaa6a0000000089580c00000000000000000000000000
WVB_EVENT 130 457eaa6a00000000b3580c000000000001001e0000000000
WVB_EVENT 131 457eaa6a00000000b3580c00000000000000000000000000
WVB_EVENT 132 457eaa6a00000000de580c000000000001001e0001000000
WVB_EVENT 133 457eaa6a00000000de580c00000000000000000000000000
WVB_EVENT 134 457eaa6a0000000009590c000000000001001e0000000000
WVB_EVENT 135 457eaa6a0000000009590c00000000000000000000000000
WVB_EVENT 136 457eaa6a0000000034590c000000000001001e0001000000
WVB_EVENT 137 457eaa6a0000000034590c00000000000000000000000000
WVB_EVENT 138 457eaa6a000000005e590c000000000001001e0000000000
WVB_EVENT 139 457eaa6a000000005e590c00000000000000000000000000
WVB_EVENT 140 457eaa6a000000008a590c000000000001001e0001000000
WVB_EVENT 141 457eaa6a000000008a590c00000000000000000000000000
WVB_EVENT 142 457eaa6a00000000b4590c000000000001001e0000000000
WVB_EVENT 143 457eaa6a00000000b4590c00000000000000000000000000
WVB_EVENT 144 457eaa6a00000000df590c000000000001001e0001000000
WVB_EVENT 145 457eaa6a00000000df590c00000000000000000000000000
WVB_EVENT 146 457eaa6a00000000095a0c000000000001001e0000000000
WVB_EVENT 147 457eaa6a00000000095a0c00000000000000000000000000
WVB_EVENT 148 457eaa6a00000000355a0c000000000001001e0001000000
WVB_EVENT 149 457eaa6a00000000355a0c00000000000000000000000000
WVB_EVENT 150 457eaa6a000000005f5a0c000000000001001e0000000000
WVB_EVENT 151 457eaa6a000000005f5a0c00000000000000000000000000
WVB_EVENT 152 457eaa6a000000008b5a0c000000000001001e0001000000
WVB_EVENT 153 457eaa6a000000008b5a0c00000000000000000000000000
WVB_EVENT 154 457eaa6a00000000b55a0c000000000001001e0000000000
WVB_EVENT 155 457eaa6a00000000b55a0c00000000000000000000000000
WVB_EVENT 156 457eaa6a00000000e05a0c000000000001001e0001000000
WVB_EVENT 157 457eaa6a00000000e05a0c00000000000000000000000000
WVB_EVENT 158 457eaa6a000000000a5b0c000000000001001e0000000000
WVB_EVENT 159 457eaa6a000000000a5b0c00000000000000000000000000
WVB_EVENT 160 457eaa6a00000000365b0c000000000001001e0001000000
WVB_EVENT 161 457eaa6a00000000365b0c00000000000000000000000000
WVB_EVENT 162 457eaa6a00000000605b0c000000000001001e0000000000
WVB_EVENT 163 457eaa6a00000000605b0c00000000000000000000000000
WVB_EVENT 164 457eaa6a000000008c5b0c000000000001001e0001000000
WVB_EVENT 165 457eaa6a000000008c5b0c00000000000000000000000000
WVB_EVENT 166 457eaa6a00000000b65b0c000000000001001e0000000000
WVB_EVENT 167 457eaa6a00000000b65b0c00000000000000000000000000
WVB_EVENT 168 457eaa6a00000000e15b0c000000000001001e0001000000
WVB_EVENT 169 457eaa6a00000000e15b0c00000000000000000000000000
WVB_EVENT 170 457eaa6a000000000b5c0c000000000001001e0000000000
WVB_EVENT 171 457eaa6a000000000b5c0c00000000000000000000000000
WVB_EVENT 172 457eaa6a00000000375c0c000000000001001e0001000000
WVB_EVENT 173 457eaa6a00000000375c0c00000000000000000000000000
WVB_EVENT 174 457eaa6a00000000615c0c000000000001001e0000000000
WVB_EVENT 175 457eaa6a00000000615c0c00000000000000000000000000
WVB_EVENT 176 457eaa6a000000008c5c0c000000000001001e0001000000
WVB_EVENT 177 457eaa6a000000008c5c0c00000000000000000000000000
WVB_EVENT 178 457eaa6a00000000b75c0c000000000001001e0000000000
WVB_EVENT 179 457eaa6a00000000b75c0c00000000000000000000000000
WVB_EVENT 180 457eaa6a00000000e25c0c000000000001001e0001000000
WVB_EVENT 181 457eaa6a00000000e25c0c00000000000000000000000000
WVB_EVENT 182 457eaa6a000000000c5d0c000000000001001e0000000000
WVB_EVENT 183 457eaa6a000000000c5d0c00000000000000000000000000
WVB_EVENT 184 457eaa6a00000000385d0c000000000001001e0001000000
WVB_EVENT 185 457eaa6a00000000385d0c00000000000000000000000000
WVB_EVENT 186 457eaa6a00000000625d0c000000000001001e0000000000
WVB_EVENT 187 457eaa6a00000000625d0c00000000000000000000000000
WVB_EVENT 188 457eaa6a000000008d5d0c000000000001001e0001000000
WVB_EVENT 189 457eaa6a000000008d5d0c00000000000000000000000000
WVB_EVENT 190 457eaa6a00000000b85d0c000000000001001e0000000000
WVB_EVENT 191 457eaa6a00000000b85d0c00000000000000000000000000
WVB_EVENT 192 457eaa6a00000000e35d0c000000000001001e0001000000
WVB_EVENT 193 457eaa6a00000000e35d0c00000000000000000000000000
WVB_EVENT 194 457eaa6a000000000d5e0c000000000001001e0000000000
WVB_EVENT 195 457eaa6a000000000d5e0c00000000000000000000000000
WVB_EVENT 196 457eaa6a00000000395e0c000000000001001e0001000000
WVB_EVENT 197 457eaa6a00000000395e0c00000000000000000000000000
WVB_EVENT 198 457eaa6a00000000635e0c000000000001001e0000000000
WVB_EVENT 199 457eaa6a00000000635e0c00000000000000000000000000
WVB_EVENT 200 457eaa6a000000008e5e0c000000000001001e0001000000
WVB_EVENT 201 457eaa6a000000008e5e0c00000000000000000000000000
WVB_EVENT 202 457eaa6a00000000b95e0c000000000001001e0000000000
WVB_EVENT 203 457eaa6a00000000b95e0c00000000000000000000000000
WVB_EVENT 204 457eaa6a00000000e45e0c000000000001001e0001000000
WVB_EVENT 205 457eaa6a00000000e45e0c00000000000000000000000000
WVB_EVENT 206 457eaa6a000000000e5f0c000000000001001e0000000000
WVB_EVENT 207 457eaa6a000000000e5f0c00000000000000000000000000
WVB_EVENT 208 457eaa6a000000003a5f0c000000000001001e0001000000
WVB_EVENT 209 457eaa6a000000003a5f0c00000000000000000000000000
WVB_EVENT 210 457eaa6a00000000645f0c000000000001001e0000000000
WVB_EVENT 211 457eaa6a00000000645f0c00000000000000000000000000
WVB_EVENT 212 457eaa6a000000008f5f0c000000000001001e0001000000
WVB_EVENT 213 457eaa6a000000008f5f0c00000000000000000000000000
WVB_EVENT 214 457eaa6a00000000ba5f0c000000000001001e0000000000
WVB_EVENT 215 457eaa6a00000000ba5f0c00000000000000000000000000
WVB_EVENT 216 457eaa6a00000000e55f0c000000000001001e0001000000
WVB_EVENT 217 457eaa6a00000000e55f0c00000000000000000000000000
WVB_EVENT 218 457eaa6a000000000f600c000000000001001e0000000000
WVB_EVENT 219 457eaa6a000000000f600c00000000000000000000000000
WVB_EVENT 220 457eaa6a000000003b600c000000000001001e0001000000
WVB_EVENT 221 457eaa6a000000003b600c00000000000000000000000000
WVB_EVENT 222 457eaa6a0000000065600c000000000001001e0000000000
WVB_EVENT 223 457eaa6a0000000065600c00000000000000000000000000
WVB_EVENT 224 457eaa6a0000000090600c000000000001001e0001000000
WVB_EVENT 225 457eaa6a0000000090600c00000000000000000000000000
WVB_EVENT 226 457eaa6a00000000ba600c000000000001001e0000000000
WVB_EVENT 227 457eaa6a00000000ba600c00000000000000000000000000
WVB_EVENT 228 457eaa6a00000000e6600c000000000001001e0001000000
WVB_EVENT 229 457eaa6a00000000e6600c00000000000000000000000000
WVB_EVENT 230 457eaa6a0000000010610c000000000001001e0000000000
WVB_EVENT 231 457eaa6a0000000010610c00000000000000000000000000
WVB_EVENT 232 457eaa6a000000003c610c000000000001001e0001000000
WVB_EVENT 233 457eaa6a000000003c610c00000000000000000000000000
WVB_EVENT 234 457eaa6a0000000066610c000000000001001e0000000000
WVB_EVENT 235 457eaa6a0000000066610c00000000000000000000000000
WVB_EVENT 236 457eaa6a0000000091610c000000000001001e0001000000
WVB_EVENT 237 457eaa6a0000000091610c00000000000000000000000000
WVB_EVENT 238 457eaa6a00000000bb610c000000000001001e0000000000
WVB_EVENT 239 457eaa6a00000000bb610c00000000000000000000000000
WVB_EVENT 240 457eaa6a00000000e7610c000000000001001e0001000000
WVB_EVENT 241 457eaa6a00000000e7610c00000000000000000000000000
WVB_EVENT 242 457eaa6a0000000011620c000000000001001e0000000000
WVB_EVENT 243 457eaa6a0000000011620c00000000000000000000000000
WVB_EVENT 244 457eaa6a000000003d620c000000000001001e0001000000
WVB_EVENT 245 457eaa6a000000003d620c00000000000000000000000000
WVB_EVENT 246 457eaa6a0000000067620c000000000001001e0000000000
WVB_EVENT 247 457eaa6a0000000067620c00000000000000000000000000
WVB_EVENT 248 457eaa6a0000000092620c000000000001001e0001000000
WVB_EVENT 249 457eaa6a0000000092620c00000000000000000000000000
WVB_EVENT 250 457eaa6a00000000bc620c000000000001001e0000000000
WVB_EVENT 251 457eaa6a00000000bc620c00000000000000000000000000
WVB_EVENT 252 457eaa6a00000000e8620c000000000001001e0001000000
WVB_EVENT 253 457eaa6a00000000e8620c00000000000000000000000000
WVB_EVENT 254 457eaa6a0000000012630c000000000001001e0000000000
WVB_EVENT 255 457eaa6a0000000012630c00000000000000000000000000
WVB_EVENT 256 457eaa6a000000003d630c000000000001001e0001000000
WVB_EVENT 257 457eaa6a000000003d630c00000000000000000000000000
WVB_EVENT 258 457eaa6a0000000068630c000000000001001e0000000000
WVB_EVENT 259 457eaa6a0000000068630c00000000000000000000000000
WVB_EVENT 260 457eaa6a0000000093630c000000000001001e0001000000
WVB_EVENT 261 457eaa6a0000000093630c00000000000000000000000000
WVB_EVENT 262 457eaa6a00000000bd630c000000000001001e0000000000
WVB_EVENT 263 457eaa6a00000000bd630c00000000000000000000000000
WVB_EVENT 264 457eaa6a00000000e9630c000000000001001e0001000000
WVB_EVENT 265 457eaa6a00000000e9630c00000000000000000000000000
WVB_EVENT 266 457eaa6a0000000013640c000000000001001e0000000000
WVB_EVENT 267 457eaa6a0000000013640c00000000000000000000000000
WVB_EVENT 268 457eaa6a000000003e640c000000000001001e0001000000
WVB_EVENT 269 457eaa6a000000003e640c00000000000000000000000000
WVB_EVENT 270 457eaa6a0000000069640c000000000001001e0000000000
WVB_EVENT 271 457eaa6a0000000069640c00000000000000000000000000
WVB_EVENT 272 457eaa6a0000000094640c000000000001001e0001000000
WVB_EVENT 273 457eaa6a0000000094640c00000000000000000000000000
WVB_EVENT 274 457eaa6a00000000be640c000000000001001e0000000000
WVB_EVENT 275 457eaa6a00000000be640c00000000000000000000000000
WVB_EVENT 276 457eaa6a00000000ea640c000000000001001e0001000000
WVB_EVENT 277 457eaa6a00000000ea640c00000000000000000000000000
WVB_EVENT 278 457eaa6a0000000014650c000000000001001e0000000000
WVB_EVENT 279 457eaa6a0000000014650c00000000000000000000000000
WVB_EVENT 280 457eaa6a000000003f650c000000000001001e0001000000
WVB_EVENT 281 457eaa6a000000003f650c00000000000000000000000000
WVB_EVENT 282 457eaa6a000000006a650c000000000001001e0000000000
WVB_EVENT 283 457eaa6a000000006a650c00000000000000000000000000
WVB_EVENT 284 457eaa6a0000000095650c000000000001001e0001000000
WVB_EVENT 285 457eaa6a0000000095650c00000000000000000000000000
WVB_EVENT 286 457eaa6a00000000bf650c000000000001001e0000000000
WVB_EVENT 287 457eaa6a00000000bf650c00000000000000000000000000
WVB_EVENT 288 457eaa6a00000000eb650c000000000001001e0001000000
WVB_EVENT 289 457eaa6a00000000eb650c00000000000000000000000000
WVB_EVENT 290 457eaa6a0000000015660c000000000001001e0000000000
WVB_EVENT 291 457eaa6a0000000015660c00000000000000000000000000
WVB_EVENT 292 457eaa6a0000000040660c000000000001001e0001000000
WVB_EVENT 293 457eaa6a0000000040660c00000000000000000000000000
WVB_EVENT 294 457eaa6a000000006b660c000000000001001e0000000000
WVB_EVENT 295 457eaa6a000000006b660c00000000000000000000000000
WVB_EVENT 296 457eaa6a0000000096660c000000000001001e0001000000
WVB_EVENT 297 457eaa6a0000000096660c00000000000000000000000000
WVB_EVENT 298 457eaa6a00000000c0660c000000000001001e0000000000
WVB_EVENT 299 457eaa6a00000000c0660c00000000000000000000000000
WVB_EVENT 300 457eaa6a00000000ec660c000000000001001e0001000000
WVB_EVENT 301 457eaa6a00000000ec660c00000000000000000000000000
WVB_EVENT 302 457eaa6a0000000016670c000000000001001e0000000000
WVB_EVENT 303 457eaa6a0000000016670c00000000000000000000000000
WVB_EVENT 304 457eaa6a0000000041670c000000000001001e0001000000
WVB_EVENT 305 457eaa6a0000000041670c00000000000000000000000000
WVB_EVENT 306 457eaa6a000000006b670c000000000001001e0000000000
WVB_EVENT 307 457eaa6a000000006b670c00000000000000000000000000
WVB_EVENT 308 457eaa6a0000000097670c000000000001001e0001000000
WVB_EVENT 309 457eaa6a0000000097670c00000000000000000000000000
WVB_EVENT 310 457eaa6a00000000c1670c000000000001001e0000000000
WVB_EVENT 311 457eaa6a00000000c1670c00000000000000000000000000
WVB_EVENT 312 457eaa6a00000000ed670c000000000001001e0001000000
WVB_EVENT 313 457eaa6a00000000ed670c00000000000000000000000000
WVB_EVENT 314 457eaa6a0000000017680c000000000001001e0000000000
WVB_EVENT 315 457eaa6a0000000017680c00000000000000000000000000
WVB_EVENT 316 457eaa6a0000000042680c000000000001001e0001000000
WVB_EVENT 317 457eaa6a0000000042680c00000000000000000000000000
WVB_EVENT 318 457eaa6a000000006c680c000000000001001e0000000000
WVB_EVENT 319 457eaa6a000000006c680c00000000000000000000000000
WVB_EVENT 320 457eaa6a0000000098680c000000000001001e0001000000
WVB_EVENT 321 457eaa6a0000000098680c00000000000000000000000000
WVB_EVENT 322 457eaa6a00000000c2680c000000000001001e0000000000
WVB_EVENT 323 457eaa6a00000000c2680c00000000000000000000000000
WVB_EVENT 324 457eaa6a00000000ee680c000000000001001e0001000000
WVB_EVENT 325 457eaa6a00000000ee680c00000000000000000000000000
WVB_EVENT 326 457eaa6a0000000018690c000000000001001e0000000000
WVB_EVENT 327 457eaa6a0000000018690c00000000000000000000000000
WVB_EVENT 328 457eaa6a0000000043690c000000000001001e0001000000
WVB_EVENT 329 457eaa6a0000000043690c00000000000000000000000000
WVB_EVENT 330 457eaa6a000000006d690c000000000001001e0000000000
WVB_EVENT 331 457eaa6a000000006d690c00000000000000000000000000
WVB_EVENT 332 457eaa6a0000000099690c000000000001001e0001000000
WVB_EVENT 333 457eaa6a0000000099690c00000000000000000000000000
WVB_EVENT 334 457eaa6a00000000c3690c000000000001001e0000000000
WVB_EVENT 335 457eaa6a00000000c3690c00000000000000000000000000
WVB_EVENT 336 457eaa6a00000000ee690c000000000001001e0001000000
WVB_EVENT 337 457eaa6a00000000ee690c00000000000000000000000000
WVB_EVENT 338 457eaa6a00000000196a0c000000000001001e0000000000
WVB_EVENT 339 457eaa6a00000000196a0c00000000000000000000000000
WVB_EVENT 340 457eaa6a00000000446a0c000000000001001e0001000000
WVB_EVENT 341 457eaa6a00000000446a0c00000000000000000000000000
WVB_EVENT 342 457eaa6a000000006e6a0c000000000001001e0000000000
WVB_EVENT 343 457eaa6a000000006e6a0c00000000000000000000000000
WVB_EVENT 344 457eaa6a000000009a6a0c000000000001001e0001000000
WVB_EVENT 345 457eaa6a000000009a6a0c00000000000000000000000000
WVB_EVENT 346 457eaa6a00000000c46a0c000000000001001e0000000000
WVB_EVENT 347 457eaa6a00000000c46a0c00000000000000000000000000
WVB_EVENT 348 457eaa6a00000000ef6a0c000000000001001e0001000000
WVB_EVENT 349 457eaa6a00000000ef6a0c00000000000000000000000000
WVB_EVENT 350 457eaa6a000000001a6b0c000000000001001e0000000000
WVB_EVENT 351 457eaa6a000000001a6b0c00000000000000000000000000
WVB_EVENT 352 457eaa6a00000000456b0c000000000001001e0001000000
WVB_EVENT 353 457eaa6a00000000456b0c00000000000000000000000000
WVB_EVENT 354 457eaa6a000000006f6b0c000000000001001e0000000000
WVB_EVENT 355 457eaa6a000000006f6b0c00000000000000000000000000
WVB_EVENT 356 457eaa6a000000009b6b0c000000000001001e0001000000
WVB_EVENT 357 457eaa6a000000009b6b0c00000000000000000000000000
WVB_EVENT 358 457eaa6a00000000c56b0c000000000001001e0000000000
WVB_EVENT 359 457eaa6a00000000c56b0c00000000000000000000000000
WVB_EVENT 360 457eaa6a00000000f06b0c000000000001001e0001000000
WVB_EVENT 361 457eaa6a00000000f06b0c00000000000000000000000000
WVB_EVENT 362 457eaa6a000000001b6c0c000000000001001e0000000000
WVB_EVENT 363 457eaa6a000000001b6c0c00000000000000000000000000
WVB_EVENT 364 457eaa6a00000000466c0c000000000001001e0001000000
WVB_EVENT 365 457eaa6a00000000466c0c00000000000000000000000000
WVB_EVENT 366 457eaa6a00000000706c0c000000000001001e0000000000
WVB_EVENT 367 457eaa6a00000000706c0c00000000000000000000000000
WVB_EVENT 368 457eaa6a000000009c6c0c000000000001001e0001000000
WVB_EVENT 369 457eaa6a000000009c6c0c00000000000000000000000000
WVB_EVENT 370 457eaa6a00000000c66c0c000000000001001e0000000000
WVB_EVENT 371 457eaa6a00000000c66c0c00000000000000000000000000
WVB_EVENT 372 457eaa6a00000000f16c0c000000000001001e0001000000
WVB_EVENT 373 457eaa6a00000000f16c0c00000000000000000000000000
WVB_EVENT 374 457eaa6a000000001c6d0c000000000001001e0000000000
WVB_EVENT 375 457eaa6a000000001c6d0c00000000000000000000000000
WVB_EVENT 376 457eaa6a00000000476d0c000000000001001e0001000000
WVB_EVENT 377 457eaa6a00000000476d0c00000000000000000000000000
WVB_EVENT 378 457eaa6a00000000716d0c000000000001001e0000000000
WVB_EVENT 379 457eaa6a00000000716d0c00000000000000000000000000
WVB_EVENT 380 457eaa6a000000009d6d0c000000000001001e0001000000
WVB_EVENT 381 457eaa6a000000009d6d0c00000000000000000000000000
WVB_EVENT 382 457eaa6a00000000c76d0c000000000001001e0000000000
WVB_EVENT 383 457eaa6a00000000c76d0c00000000000000000000000000
WVB_EVENT 384 457eaa6a00000000f26d0c000000000001001e0001000000
WVB_EVENT 385 457eaa6a00000000f26d0c00000000000000000000000000
WVB_EVENT 386 457eaa6a000000001c6e0c000000000001001e0000000000
WVB_EVENT 387 457eaa6a000000001c6e0c00000000000000000000000000
WVB_EVENT 388 457eaa6a00000000486e0c000000000001001e0001000000
WVB_EVENT 389 457eaa6a00000000486e0c00000000000000000000000000
WVB_EVENT 390 457eaa6a00000000726e0c000000000001001e0000000000
WVB_EVENT 391 457eaa6a00000000726e0c00000000000000000000000000
WVB_EVENT 392 457eaa6a000000009e6e0c000000000001001e0001000000
WVB_EVENT 393 457eaa6a000000009e6e0c00000000000000000000000000
WVB_EVENT 394 457eaa6a00000000c86e0c000000000001001e0000000000
WVB_EVENT 395 457eaa6a00000000c86e0c00000000000000000000000000
WVB_EVENT 396 457eaa6a00000000f36e0c000000000001001e0001000000
WVB_EVENT 397 457eaa6a00000000f36e0c00000000000000000000000000
WVB_EVENT 398 457eaa6a000000001d6f0c000000000001001e0000000000
WVB_EVENT 399 457eaa6a000000001d6f0c00000000000000000000000000
WVB_EVENT 400 457eaa6a00000000496f0c000000000001001e0001000000
WVB_EVENT 401 457eaa6a00000000496f0c00000000000000000000000000
WVB_EVENT 402 457eaa6a00000000736f0c000000000001001e0000000000
WVB_EVENT 403 457eaa6a00000000736f0c00000000000000000000000000
WVB_EVENT 404 457eaa6a000000009f6f0c000000000001001e0001000000
WVB_EVENT 405 457eaa6a000000009f6f0c00000000000000000000000000
WVB_EVENT 406 457eaa6a00000000c96f0c000000000001001e0000000000
WVB_EVENT 407 457eaa6a00000000c96f0c00000000000000000000000000
WVB_EVENT 408 457eaa6a00000000f46f0c000000000001001e0001000000
WVB_EVENT 409 457eaa6a00000000f46f0c00000000000000000000000000
WVB_EVENT 410 457eaa6a000000001e700c000000000001001e0000000000
WVB_EVENT 411 457eaa6a000000001e700c00000000000000000000000000
WVB_EVENT 412 457eaa6a000000004a700c000000000001001e0001000000
WVB_EVENT 413 457eaa6a000000004a700c00000000000000000000000000
WVB_EVENT 414 457eaa6a0000000074700c000000000001001e0000000000
WVB_EVENT 415 457eaa6a0000000074700c00000000000000000000000000
WVB_EVENT 416 457eaa6a000000009f700c000000000001001e0001000000
WVB_EVENT 417 457eaa6a000000009f700c00000000000000000000000000
WVB_EVENT 418 457eaa6a00000000ca700c000000000001001e0000000000
WVB_EVENT 419 457eaa6a00000000ca700c00000000000000000000000000
WVB_EVENT 420 457eaa6a00000000f5700c000000000001001e0001000000
WVB_EVENT 421 457eaa6a00000000f5700c00000000000000000000000000
WVB_EVENT 422 457eaa6a000000001f710c000000000001001e0000000000
WVB_EVENT 423 457eaa6a000000001f710c00000000000000000000000000
WVB_EVENT 424 457eaa6a000000004b710c000000000001001e0001000000
WVB_EVENT 425 457eaa6a000000004b710c00000000000000000000000000
WVB_EVENT 426 457eaa6a0000000075710c000000000001001e0000000000
WVB_EVENT 427 457eaa6a0000000075710c00000000000000000000000000
WVB_EVENT 428 457eaa6a00000000a0710c000000000001001e0001000000
WVB_EVENT 429 457eaa6a00000000a0710c00000000000000000000000000
WVB_EVENT 430 457eaa6a00000000cb710c000000000001001e0000000000
WVB_EVENT 431 457eaa6a00000000cb710c00000000000000000000000000
WVB_EVENT 432 457eaa6a00000000f6710c000000000001001e0001000000
WVB_EVENT 433 457eaa6a00000000f6710c00000000000000000000000000
WVB_EVENT 434 457eaa6a0000000020720c000000000001001e0000000000
WVB_EVENT 435 457eaa6a0000000020720c00000000000000000000000000
WVB_EVENT 436 457eaa6a000000004c720c000000000001001e0001000000
WVB_EVENT 437 457eaa6a000000004c720c00000000000000000000000000
WVB_EVENT 438 457eaa6a0000000076720c000000000001001e0000000000
WVB_EVENT 439 457eaa6a0000000076720c00000000000000000000000000
WVB_EVENT 440 457eaa6a00000000a1720c000000000001001e0001000000
WVB_EVENT 441 457eaa6a00000000a1720c00000000000000000000000000
WVB_EVENT 442 457eaa6a00000000cc720c000000000001001e0000000000
WVB_EVENT 443 457eaa6a00000000cc720c00000000000000000000000000
WVB_EVENT 444 457eaa6a00000000f7720c000000000001001e0001000000
WVB_EVENT 445 457eaa6a00000000f7720c00000000000000000000000000
WVB_EVENT 446 457eaa6a0000000021730c000000000001001e0000000000
WVB_EVENT 447 457eaa6a0000000021730c00000000000000000000000000
WVB_EVENT 448 457eaa6a000000004d730c000000000001001e0001000000
WVB_EVENT 449 457eaa6a000000004d730c00000000000000000000000000
WVB_EVENT 450 457eaa6a0000000077730c000000000001001e0000000000
WVB_EVENT 451 457eaa6a0000000077730c00000000000000000000000000
WVB_EVENT 452 457eaa6a00000000a2730c000000000001001e0001000000
WVB_EVENT 453 457eaa6a00000000a2730c00000000000000000000000000
WVB_EVENT 454 457eaa6a00000000cd730c000000000001001e0000000000
WVB_EVENT 455 457eaa6a00000000cd730c00000000000000000000000000
WVB_EVENT 456 457eaa6a00000000f8730c000000000001001e0001000000
WVB_EVENT 457 457eaa6a00000000f8730c00000000000000000000000000
WVB_EVENT 458 457eaa6a0000000022740c000000000001001e0000000000
WVB_EVENT 459 457eaa6a0000000022740c00000000000000000000000000
WVB_EVENT 460 457eaa6a000000004e740c000000000001001e0001000000
WVB_EVENT 461 457eaa6a000000004e740c00000000000000000000000000
WVB_EVENT 462 457eaa6a0000000078740c000000000001001e0000000000
WVB_EVENT 463 457eaa6a0000000078740c00000000000000000000000000
WVB_EVENT 464 457eaa6a00000000a3740c000000000001001e0001000000
WVB_EVENT 465 457eaa6a00000000a3740c00000000000000000000000000
WVB_EVENT 466 457eaa6a00000000cd740c000000000001001e0000000000
WVB_EVENT 467 457eaa6a00000000cd740c00000000000000000000000000
WVB_EVENT 468 457eaa6a00000000f9740c000000000001001e0001000000
WVB_EVENT 469 457eaa6a00000000f9740c00000000000000000000000000
WVB_EVENT 470 457eaa6a0000000023750c000000000001001e0000000000
WVB_EVENT 471 457eaa6a0000000023750c00000000000000000000000000
WVB_EVENT 472 457eaa6a000000004f750c000000000001001e0001000000
WVB_EVENT 473 457eaa6a000000004f750c00000000000000000000000000
WVB_EVENT 474 457eaa6a0000000079750c000000000001001e0000000000
WVB_EVENT 475 457eaa6a0000000079750c00000000000000000000000000
WVB_EVENT 476 457eaa6a00000000a4750c000000000001001e0001000000
WVB_EVENT 477 457eaa6a00000000a4750c00000000000000000000000000
WVB_EVENT 478 457eaa6a00000000ce750c000000000001001e0000000000
WVB_EVENT 479 457eaa6a00000000ce750c00000000000000000000000000
WVB_EVENT 480 457eaa6a00000000fa750c000000000001001e0001000000
WVB_EVENT 481 457eaa6a00000000fa750c00000000000000000000000000
WVB_EVENT 482 457eaa6a0000000024760c000000000001001e0000000000
WVB_EVENT 483 457eaa6a0000000024760c00000000000000000000000000
WVB_EVENT 484 457eaa6a0000000050760c000000000001001e0001000000
WVB_EVENT 485 457eaa6a0000000050760c00000000000000000000000000
WVB_EVENT 486 457eaa6a000000007a760c000000000001001e0000000000
WVB_EVENT 487 457eaa6a000000007a760c00000000000000000000000000
WVB_EVENT 488 457eaa6a00000000a5760c000000000001001e0001000000
WVB_EVENT 489 457eaa6a00000000a5760c00000000000000000000000000
WVB_EVENT 490 457eaa6a00000000cf760c000000000001001e0000000000
WVB_EVENT 491 457eaa6a00000000cf760c00000000000000000000000000
WVB_EVENT 492 457eaa6a00000000fb760c000000000001001e0001000000
WVB_EVENT 493 457eaa6a00000000fb760c00000000000000000000000000
WVB_EVENT 494 457eaa6a0000000025770c000000000001001e0000000000
WVB_EVENT 495 457eaa6a0000000025770c00000000000000000000000000
WVB_EVENT 496 457eaa6a0000000050770c000000000001001e0001000000
WVB_EVENT 497 457eaa6a0000000050770c00000000000000000000000000
WVB_EVENT 498 457eaa6a000000007b770c000000000001001e0000000000
WVB_EVENT 499 457eaa6a000000007b770c00000000000000000000000000
WVB_EVENT 500 457eaa6a00000000a6770c000000000001001e0001000000
WVB_EVENT 501 457eaa6a00000000a6770c00000000000000000000000000
WVB_EVENT 502 457eaa6a00000000d0770c000000000001001e0000000000
WVB_EVENT 503 457eaa6a00000000d0770c00000000000000000000000000
WVB_EVENT 504 457eaa6a00000000fc770c000000000001001e0001000000
WVB_EVENT 505 457eaa6a00000000fc770c00000000000000000000000000
WVB_EVENT 506 457eaa6a0000000026780c000000000001001e0000000000
WVB_EVENT 507 457eaa6a0000000026780c00000000000000000000000000
WVB_EVENT 508 457eaa6a0000000051780c000000000001001e0001000000
WVB_EVENT 509 457eaa6a0000000051780c00000000000000000000000000
WVB_EVENT 510 457eaa6a000000007c780c000000000001001e0000000000
WVB_EVENT 511 457eaa6a000000007c780c00000000000000000000000000
WVB_EVENT 512 457eaa6a00000000a7780c000000000001001e0001000000
WVB_EVENT 513 457eaa6a00000000a7780c00000000000000000000000000
WVB_EVENT 514 457eaa6a00000000d1780c000000000001001e0000000000
WVB_EVENT 515 457eaa6a00000000d1780c00000000000000000000000000
WVB_EVENT 516 457eaa6a00000000fd780c000000000001001e0001000000
WVB_EVENT 517 457eaa6a00000000fd780c00000000000000000000000000
WVB_EVENT 518 457eaa6a0000000027790c000000000001001e0000000000
WVB_EVENT 519 457eaa6a0000000027790c00000000000000000000000000
WVB_EVENT 520 457eaa6a0000000052790c000000000001001e0001000000
WVB_EVENT 521 457eaa6a0000000052790c00000000000000000000000000
WVB_EVENT 522 457eaa6a000000007d790c000000000001001e0000000000
WVB_EVENT 523 457eaa6a000000007d790c00000000000000000000000000
WVB_EVENT 524 457eaa6a00000000a8790c000000000001001e0001000000
WVB_EVENT 525 457eaa6a00000000a8790c00000000000000000000000000
WVB_EVENT 526 457eaa6a00000000d2790c000000000001001e0000000000
WVB_EVENT 527 457eaa6a00000000d2790c00000000000000000000000000
WVB_EVENT 528 457eaa6a00000000fe790c000000000001001e0001000000
WVB_EVENT 529 457eaa6a00000000fe790c00000000000000000000000000
WVB_EVENT 530 457eaa6a00000000287a0c000000000001001e0000000000
WVB_EVENT 531 457eaa6a00000000287a0c00000000000000000000000000
WVB_EVENT 532 457eaa6a00000000537a0c000000000001001e0001000000
WVB_EVENT 533 457eaa6a00000000537a0c00000000000000000000000000
WVB_EVENT 534 457eaa6a000000007e7a0c000000000001001e0000000000
WVB_EVENT 535 457eaa6a000000007e7a0c00000000000000000000000000
WVB_EVENT 536 457eaa6a00000000a97a0c000000000001001e0001000000
WVB_EVENT 537 457eaa6a00000000a97a0c00000000000000000000000000
WVB_EVENT 538 457eaa6a00000000d37a0c000000000001001e0000000000
WVB_EVENT 539 457eaa6a00000000d37a0c00000000000000000000000000
WVB_EVENT 540 457eaa6a00000000ff7a0c000000000001001e0001000000
WVB_EVENT 541 457eaa6a00000000ff7a0c00000000000000000000000000
WVB_EVENT 542 457eaa6a00000000297b0c000000000001001e0000000000
WVB_EVENT 543 457eaa6a00000000297b0c00000000000000000000000000
WVB_EVENT 544 457eaa6a00000000547b0c000000000001001e0001000000
WVB_EVENT 545 457eaa6a00000000547b0c00000000000000000000000000
WVB_EVENT 546 457eaa6a000000007e7b0c000000000001001e0000000000
WVB_EVENT 547 457eaa6a000000007e7b0c00000000000000000000000000
WVB_EVENT 548 457eaa6a00000000aa7b0c000000000001001e0001000000
WVB_EVENT 549 457eaa6a00000000aa7b0c00000000000000000000000000
WVB_EVENT 550 457eaa6a00000000d47b0c000000000001001e0000000000
WVB_EVENT 551 457eaa6a00000000d47b0c00000000000000000000000000
WVB_EVENT 552 457eaa6a00000000007c0c000000000001001e0001000000
WVB_EVENT 553 457eaa6a00000000007c0c00000000000000000000000000
WVB_EVENT 554 457eaa6a000000002a7c0c000000000001001e0000000000
WVB_EVENT 555 457eaa6a000000002a7c0c00000000000000000000000000
WVB_EVENT 556 457eaa6a00000000557c0c000000000001001e0001000000
WVB_EVENT 557 457eaa6a00000000557c0c00000000000000000000000000
WVB_EVENT 558 457eaa6a000000007f7c0c000000000001001e0000000000
WVB_EVENT 559 457eaa6a000000007f7c0c00000000000000000000000000
WVB_EVENT 560 457eaa6a00000000ab7c0c000000000001001e0001000000
WVB_EVENT 561 457eaa6a00000000ab7c0c00000000000000000000000000
WVB_EVENT 562 457eaa6a00000000d57c0c000000000001001e0000000000
WVB_EVENT 563 457eaa6a00000000d57c0c00000000000000000000000000
WVB_EVENT 564 457eaa6a00000000017d0c000000000001001e0001000000
WVB_EVENT 565 457eaa6a00000000017d0c00000000000000000000000000
WVB_EVENT 566 457eaa6a000000002b7d0c000000000001001e0000000000
WVB_EVENT 567 457eaa6a000000002b7d0c00000000000000000000000000
WVB_EVENT 568 457eaa6a00000000567d0c000000000001001e0001000000
WVB_EVENT 569 457eaa6a00000000567d0c00000000000000000000000000
WVB_EVENT 570 457eaa6a00000000807d0c000000000001001e0000000000
WVB_EVENT 571 457eaa6a00000000807d0c00000000000000000000000000
WVB_EVENT 572 457eaa6a00000000ac7d0c000000000001001e0001000000
WVB_EVENT 573 457eaa6a00000000ac7d0c00000000000000000000000000
WVB_EVENT 574 457eaa6a00000000d67d0c000000000001001e0000000000
WVB_EVENT 575 457eaa6a00000000d67d0c00000000000000000000000000
WVB_EVENT 576 457eaa6a00000000017e0c000000000001001e0001000000
WVB_EVENT 577 457eaa6a00000000017e0c00000000000000000000000000
WVB_EVENT 578 457eaa6a000000002c7e0c000000000001001e0000000000
WVB_EVENT 579 457eaa6a000000002c7e0c00000000000000000000000000
WVB_EVENT 580 457eaa6a00000000577e0c000000000001001e0001000000
WVB_EVENT 581 457eaa6a00000000577e0c00000000000000000000000000
WVB_EVENT 582 457eaa6a00000000817e0c000000000001001e0000000000
WVB_EVENT 583 457eaa6a00000000817e0c00000000000000000000000000
WVB_EVENT 584 457eaa6a00000000ad7e0c000000000001001e0001000000
WVB_EVENT 585 457eaa6a00000000ad7e0c00000000000000000000000000
WVB_EVENT 586 457eaa6a00000000d77e0c000000000001001e0000000000
WVB_EVENT 587 457eaa6a00000000d77e0c00000000000000000000000000
WVB_EVENT 588 457eaa6a00000000027f0c000000000001001e0001000000
WVB_EVENT 589 457eaa6a00000000027f0c00000000000000000000000000
WVB_EVENT 590 457eaa6a000000002d7f0c000000000001001e0000000000
WVB_EVENT 591 457eaa6a000000002d7f0c00000000000000000000000000
WVB_EVENT 592 457eaa6a00000000587f0c000000000001001e0001000000
WVB_EVENT 593 457eaa6a00000000587f0c00000000000000000000000000
WVB_EVENT 594 457eaa6a00000000827f0c000000000001001e0000000000
WVB_EVENT 595 457eaa6a00000000827f0c00000000000000000000000000
WVB_EVENT 596 457eaa6a00000000ae7f0c000000000001001e0001000000
WVB_EVENT 597 457eaa6a00000000ae7f0c00000000000000000000000000
WVB_EVENT 598 457eaa6a00000000d87f0c000000000001001e0000000000
WVB_EVENT 599 457eaa6a00000000d87f0c00000000000000000000000000
WVB_EVENT 600 457eaa6a0000000003800c000000000001001e0001000000
WVB_EVENT 601 457eaa6a0000000003800c00000000000000000000000000
WVB_EVENT 602 457eaa6a000000002e800c000000000001001e0000000000
WVB_EVENT 603 457eaa6a000000002e800c00000000000000000000000000
WVB_EVENT 604 457eaa6a0000000059800c000000000001001e0001000000
WVB_EVENT 605 457eaa6a0000000059800c00000000000000000000000000
WVB_EVENT 606 457eaa6a0000000083800c000000000001001e0000000000
WVB_EVENT 607 457eaa6a0000000083800c00000000000000000000000000
WVB_EVENT 608 457eaa6a00000000af800c000000000001001e0001000000
WVB_EVENT 609 457eaa6a00000000af800c00000000000000000000000000
WVB_EVENT 610 457eaa6a00000000d9800c000000000001001e0000000000
WVB_EVENT 611 457eaa6a00000000d9800c00000000000000000000000000
WVB_EVENT 612 457eaa6a0000000004810c000000000001001e0001000000
WVB_EVENT 613 457eaa6a0000000004810c00000000000000000000000000
WVB_EVENT 614 457eaa6a000000002f810c000000000001001e0000000000
WVB_EVENT 615 457eaa6a000000002f810c00000000000000000000000000
WVB_EVENT 616 457eaa6a000000005a810c000000000001001e0001000000
WVB_EVENT 617 457eaa6a000000005a810c00000000000000000000000000
WVB_EVENT 618 457eaa6a0000000084810c000000000001001e0000000000
WVB_EVENT 619 457eaa6a0000000084810c00000000000000000000000000
WVB_EVENT 620 457eaa6a00000000b0810c000000000001001e0001000000
WVB_EVENT 621 457eaa6a00000000b0810c00000000000000000000000000
WVB_EVENT 622 457eaa6a00000000da810c000000000001001e0000000000
WVB_EVENT 623 457eaa6a00000000da810c00000000000000000000000000
WVB_EVENT 624 457eaa6a0000000005820c000000000001001e0001000000
WVB_EVENT 625 457eaa6a0000000005820c00000000000000000000000000
WVB_EVENT 626 457eaa6a000000002f820c000000000001001e0000000000
WVB_EVENT 627 457eaa6a000000002f820c00000000000000000000000000
WVB_EVENT 628 457eaa6a000000005b820c000000000001001e0001000000
WVB_EVENT 629 457eaa6a000000005b820c00000000000000000000000000
WVB_EVENT 630 457eaa6a0000000085820c000000000001001e0000000000
WVB_EVENT 631 457eaa6a0000000085820c00000000000000000000000000
WVB_EVENT 632 457eaa6a00000000b1820c000000000001001e0001000000
WVB_EVENT 633 457eaa6a00000000b1820c00000000000000000000000000
WVB_EVENT 634 457eaa6a00000000db820c000000000001001e0000000000
WVB_EVENT 635 457eaa6a00000000db820c00000000000000000000000000
WVB_EVENT 636 457eaa6a0000000006830c000000000001001e0001000000
WVB_EVENT 637 457eaa6a0000000006830c00000000000000000000000000
WVB_EVENT 638 457eaa6a0000000030830c000000000001001e0000000000
WVB_EVENT 639 457eaa6a0000000030830c00000000000000000000000000
WVB_EVENT 640 457eaa6a000000005c830c000000000001001e0001000000
WVB_EVENT 641 457eaa6a000000005c830c00000000000000000000000000
WVB_EVENT 642 457eaa6a0000000086830c000000000001001e0000000000
WVB_EVENT 643 457eaa6a0000000086830c00000000000000000000000000
WVB_EVENT 644 457eaa6a00000000b2830c000000000001001e0001000000
WVB_EVENT 645 457eaa6a00000000b2830c00000000000000000000000000
WVB_EVENT 646 457eaa6a00000000dc830c000000000001001e0000000000
WVB_EVENT 647 457eaa6a00000000dc830c00000000000000000000000000
WVB_EVENT 648 457eaa6a0000000007840c000000000001001e0001000000
WVB_EVENT 649 457eaa6a0000000007840c00000000000000000000000000
WVB_EVENT 650 457eaa6a0000000031840c000000000001001e0000000000
WVB_EVENT 651 457eaa6a0000000031840c00000000000000000000000000
WVB_EVENT 652 457eaa6a000000005d840c000000000001001e0001000000
WVB_EVENT 653 457eaa6a000000005d840c00000000000000000000000000
WVB_EVENT 654 457eaa6a0000000087840c000000000001001e0000000000
WVB_EVENT 655 457eaa6a0000000087840c00000000000000000000000000
WVB_EVENT 656 457eaa6a00000000b2840c000000000001001e0001000000
WVB_EVENT 657 457eaa6a00000000b2840c00000000000000000000000000
WVB_EVENT 658 457eaa6a00000000dd840c000000000001001e0000000000
WVB_EVENT 659 457eaa6a00000000dd840c00000000000000000000000000
WVB_EVENT 660 457eaa6a0000000008850c000000000001001e0001000000
WVB_EVENT 661 457eaa6a0000000008850c00000000000000000000000000
WVB_EVENT 662 457eaa6a0000000032850c000000000001001e0000000000
WVB_EVENT 663 457eaa6a0000000032850c00000000000000000000000000
WVB_EVENT 664 457eaa6a000000005e850c000000000001001e0001000000
WVB_EVENT 665 457eaa6a000000005e850c00000000000000000000000000
WVB_EVENT 666 457eaa6a0000000088850c000000000001001e0000000000
WVB_EVENT 667 457eaa6a0000000088850c00000000000000000000000000
WVB_EVENT 668 457eaa6a00000000b3850c000000000001001e0001000000
WVB_EVENT 669 457eaa6a00000000b3850c00000000000000000000000000
WVB_EVENT 670 457eaa6a00000000de850c000000000001001e0000000000
WVB_EVENT 671 457eaa6a00000000de850c00000000000000000000000000
WVB_EVENT 672 457eaa6a0000000009860c000000000001001e0001000000
WVB_EVENT 673 457eaa6a0000000009860c00000000000000000000000000
WVB_EVENT 674 457eaa6a0000000033860c000000000001001e0000000000
WVB_EVENT 675 457eaa6a0000000033860c00000000000000000000000000
WVB_EVENT 676 457eaa6a000000005f860c000000000001001e0001000000
WVB_EVENT 677 457eaa6a000000005f860c00000000000000000000000000
WVB_EVENT 678 457eaa6a0000000089860c000000000001001e0000000000
WVB_EVENT 679 457eaa6a0000000089860c00000000000000000000000000
WVB_EVENT 680 457eaa6a00000000b4860c000000000001001e0001000000
WVB_EVENT 681 457eaa6a00000000b4860c00000000000000000000000000
WVB_EVENT 682 457eaa6a00000000df860c000000000001001e0000000000
WVB_EVENT 683 457eaa6a00000000df860c00000000000000000000000000
WVB_EVENT 684 457eaa6a000000000a870c000000000001001e0001000000
WVB_EVENT 685 457eaa6a000000000a870c00000000000000000000000000
WVB_EVENT 686 457eaa6a0000000034870c000000000001001e0000000000
WVB_EVENT 687 457eaa6a0000000034870c00000000000000000000000000
WVB_EVENT 688 457eaa6a0000000060870c000000000001001e0001000000
WVB_EVENT 689 457eaa6a0000000060870c00000000000000000000000000
WVB_EVENT 690 457eaa6a000000008a870c000000000001001e0000000000
WVB_EVENT 691 457eaa6a000000008a870c00000000000000000000000000
WVB_EVENT 692 457eaa6a00000000b5870c000000000001001e0001000000
WVB_EVENT 693 457eaa6a00000000b5870c00000000000000000000000000
WVB_EVENT 694 457eaa6a00000000e0870c000000000001001e0000000000
WVB_EVENT 695 457eaa6a00000000e0870c00000000000000000000000000
WVB_EVENT 696 457eaa6a000000000b880c000000000001001e0001000000
WVB_EVENT 697 457eaa6a000000000b880c00000000000000000000000000
WVB_EVENT 698 457eaa6a0000000035880c000000000001001e0000000000
WVB_EVENT 699 457eaa6a0000000035880c00000000000000000000000000
WVB_EVENT 700 457eaa6a0000000061880c000000000001001e0001000000
WVB_EVENT 701 457eaa6a0000000061880c00000000000000000000000000
WVB_EVENT 702 457eaa6a000000008b880c000000000001001e0000000000
WVB_EVENT 703 457eaa6a000000008b880c00000000000000000000000000
WVB_EVENT 704 457eaa6a00000000b6880c000000000001001e0001000000
WVB_EVENT 705 457eaa6a00000000b6880c00000000000000000000000000
WVB_EVENT 706 457eaa6a00000000e0880c000000000001001e0000000000
WVB_EVENT 707 457eaa6a00000000e0880c00000000000000000000000000
WVB_EVENT 708 457eaa6a000000000c890c000000000001001e0001000000
WVB_EVENT 709 457eaa6a000000000c890c00000000000000000000000000
WVB_EVENT 710 457eaa6a0000000036890c000000000001001e0000000000
WVB_EVENT 711 457eaa6a0000000036890c00000000000000000000000000
WVB_EVENT 712 457eaa6a0000000062890c000000000001001e0001000000
WVB_EVENT 713 457eaa6a0000000062890c00000000000000000000000000
WVB_EVENT 714 457eaa6a000000008c890c000000000001001e0000000000
WVB_EVENT 715 457eaa6a000000008c890c00000000000000000000000000
WVB_EVENT 716 457eaa6a00000000b7890c000000000001001e0001000000
WVB_EVENT 717 457eaa6a00000000b7890c00000000000000000000000000
WVB_EVENT 718 457eaa6a00000000e1890c000000000001001e0000000000
WVB_EVENT 719 457eaa6a00000000e1890c00000000000000000000000000
WVB_EVENT 720 457eaa6a000000000d8a0c000000000001001e0001000000
WVB_EVENT 721 457eaa6a000000000d8a0c00000000000000000000000000
WVB_EVENT 722 457eaa6a00000000378a0c000000000001001e0000000000
WVB_EVENT 723 457eaa6a00000000378a0c00000000000000000000000000
WVB_EVENT 724 457eaa6a00000000638a0c000000000001001e0001000000
WVB_EVENT 725 457eaa6a00000000638a0c00000000000000000000000000
WVB_EVENT 726 457eaa6a000000008d8a0c000000000001001e0000000000
WVB_EVENT 727 457eaa6a000000008d8a0c00000000000000000000000000
WVB_EVENT 728 457eaa6a00000000b88a0c000000000001001e0001000000
WVB_EVENT 729 457eaa6a00000000b88a0c00000000000000000000000000
WVB_EVENT 730 457eaa6a00000000e28a0c000000000001001e0000000000
WVB_EVENT 731 457eaa6a00000000e28a0c00000000000000000000000000
WVB_EVENT 732 457eaa6a000000000e8b0c000000000001001e0001000000
WVB_EVENT 733 457eaa6a000000000e8b0c00000000000000000000000000
WVB_EVENT 734 457eaa6a00000000388b0c000000000001001e0000000000
WVB_EVENT 735 457eaa6a00000000388b0c00000000000000000000000000
WVB_EVENT 736 457eaa6a00000000638b0c000000000001001e0001000000
WVB_EVENT 737 457eaa6a00000000638b0c00000000000000000000000000
WVB_EVENT 738 457eaa6a000000008e8b0c000000000001001e0000000000
WVB_EVENT 739 457eaa6a000000008e8b0c00000000000000000000000000
WVB_EVENT 740 457eaa6a00000000b98b0c000000000001001e0001000000
WVB_EVENT 741 457eaa6a00000000b98b0c00000000000000000000000000
WVB_EVENT 742 457eaa6a00000000e38b0c000000000001001e0000000000
WVB_EVENT 743 457eaa6a00000000e38b0c00000000000000000000000000
WVB_EVENT 744 457eaa6a000000000f8c0c000000000001001e0001000000
WVB_EVENT 745 457eaa6a000000000f8c0c00000000000000000000000000
WVB_EVENT 746 457eaa6a00000000398c0c000000000001001e0000000000
WVB_EVENT 747 457eaa6a00000000398c0c00000000000000000000000000
WVB_EVENT 748 457eaa6a00000000648c0c000000000001001e0001000000
WVB_EVENT 749 457eaa6a00000000648c0c00000000000000000000000000
WVB_EVENT 750 457eaa6a000000008f8c0c000000000001001e0000000000
WVB_EVENT 751 457eaa6a000000008f8c0c00000000000000000000000000
WVB_EVENT 752 457eaa6a00000000ba8c0c000000000001001e0001000000
WVB_EVENT 753 457eaa6a00000000ba8c0c00000000000000000000000000
WVB_EVENT 754 457eaa6a00000000e48c0c000000000001001e0000000000
WVB_EVENT 755 457eaa6a00000000e48c0c00000000000000000000000000
WVB_EVENT 756 457eaa6a00000000108d0c000000000001001e0001000000
WVB_EVENT 757 457eaa6a00000000108d0c00000000000000000000000000
WVB_EVENT 758 457eaa6a000000003a8d0c000000000001001e0000000000
WVB_EVENT 759 457eaa6a000000003a8d0c00000000000000000000000000
WVB_EVENT 760 457eaa6a00000000658d0c000000000001001e0001000000
WVB_EVENT 761 457eaa6a00000000658d0c00000000000000000000000000
WVB_EVENT 762 457eaa6a00000000908d0c000000000001001e0000000000
WVB_EVENT 763 457eaa6a00000000908d0c00000000000000000000000000
WVB_EVENT 764 457eaa6a00000000bb8d0c000000000001001e0001000000
WVB_EVENT 765 457eaa6a00000000bb8d0c00000000000000000000000000
WVB_EVENT 766 457eaa6a00000000e58d0c000000000001001e0000000000
WVB_EVENT 767 457eaa6a00000000e58d0c00000000000000000000000000
WVB_EVENT 768 457eaa6a00000000118e0c000000000001001e0001000000
WVB_EVENT 769 457eaa6a00000000118e0c00000000000000000000000000
WVB_EVENT 770 457eaa6a000000003b8e0c000000000001001e0000000000
WVB_EVENT 771 457eaa6a000000003b8e0c00000000000000000000000000
WVB_EVENT 772 457eaa6a00000000668e0c000000000001001e0001000000
WVB_EVENT 773 457eaa6a00000000668e0c00000000000000000000000000
WVB_EVENT 774 457eaa6a00000000918e0c000000000001001e0000000000
WVB_EVENT 775 457eaa6a00000000918e0c00000000000000000000000000
WVB_EVENT 776 457eaa6a00000000bc8e0c000000000001001e0001000000
WVB_EVENT 777 457eaa6a00000000bc8e0c00000000000000000000000000
WVB_EVENT 778 457eaa6a00000000e68e0c000000000001001e0000000000
WVB_EVENT 779 457eaa6a00000000e68e0c00000000000000000000000000
WVB_EVENT 780 457eaa6a00000000128f0c000000000001001e0001000000
WVB_EVENT 781 457eaa6a00000000128f0c00000000000000000000000000
WVB_EVENT 782 457eaa6a000000003c8f0c000000000001001e0000000000
WVB_EVENT 783 457eaa6a000000003c8f0c00000000000000000000000000
WVB_EVENT 784 457eaa6a00000000678f0c000000000001001e0001000000
WVB_EVENT 785 457eaa6a00000000678f0c00000000000000000000000000
WVB_EVENT 786 457eaa6a00000000918f0c000000000001001e0000000000
WVB_EVENT 787 457eaa6a00000000918f0c00000000000000000000000000
WVB_EVENT 788 457eaa6a00000000bd8f0c000000000001001e0001000000
WVB_EVENT 789 457eaa6a00000000bd8f0c00000000000000000000000000
WVB_EVENT 790 457eaa6a00000000e78f0c000000000001001e0000000000
WVB_EVENT 791 457eaa6a00000000e78f0c00000000000000000000000000
WVB_EVENT 792 457eaa6a0000000013900c000000000001001e0001000000
WVB_EVENT 793 457eaa6a0000000013900c00000000000000000000000000
WVB_EVENT 794 457eaa6a000000003d900c000000000001001e0000000000
WVB_EVENT 795 457eaa6a000000003d900c00000000000000000000000000
WVB_EVENT 796 457eaa6a0000000068900c000000000001001e0001000000
WVB_EVENT 797 457eaa6a0000000068900c00000000000000000000000000
WVB_EVENT 798 457eaa6a0000000092900c000000000001001e0000000000
WVB_EVENT 799 457eaa6a0000000092900c00000000000000000000000000
WVB_EVENT 800 457eaa6a00000000be900c000000000001001e0001000000
WVB_EVENT 801 457eaa6a00000000be900c00000000000000000000000000
WVB_EVENT 802 457eaa6a00000000e8900c000000000001001e0000000000
WVB_EVENT 803 457eaa6a00000000e8900c00000000000000000000000000
WVB_EVENT 804 457eaa6a0000000014910c000000000001001e0001000000
WVB_EVENT 805 457eaa6a0000000014910c00000000000000000000000000
WVB_EVENT 806 457eaa6a000000003e910c000000000001001e0000000000
WVB_EVENT 807 457eaa6a000000003e910c00000000000000000000000000
WVB_EVENT 808 457eaa6a0000000069910c000000000001001e0001000000
WVB_EVENT 809 457eaa6a0000000069910c00000000000000000000000000
WVB_EVENT 810 457eaa6a0000000093910c000000000001001e0000000000
WVB_EVENT 811 457eaa6a0000000093910c00000000000000000000000000
WVB_EVENT 812 457eaa6a00000000bf910c000000000001001e0001000000
WVB_EVENT 813 457eaa6a00000000bf910c00000000000000000000000000
WVB_EVENT 814 457eaa6a00000000e9910c000000000001001e0000000000
WVB_EVENT 815 457eaa6a00000000e9910c00000000000000000000000000
WVB_EVENT 816 457eaa6a0000000014920c000000000001001e0001000000
WVB_EVENT 817 457eaa6a0000000014920c00000000000000000000000000
WVB_EVENT 818 457eaa6a000000003f920c000000000001001e0000000000
WVB_EVENT 819 457eaa6a000000003f920c00000000000000000000000000
WVB_EVENT 820 457eaa6a000000006a920c000000000001001e0001000000
WVB_EVENT 821 457eaa6a000000006a920c00000000000000000000000000
WVB_EVENT 822 457eaa6a0000000094920c000000000001001e0000000000
WVB_EVENT 823 457eaa6a0000000094920c00000000000000000000000000
WVB_EVENT 824 457eaa6a00000000c0920c000000000001001e0001000000
WVB_EVENT 825 457eaa6a00000000c0920c00000000000000000000000000
WVB_EVENT 826 457eaa6a00000000ea920c000000000001001e0000000000
WVB_EVENT 827 457eaa6a00000000ea920c00000000000000000000000000
WVB_EVENT 828 457eaa6a0000000015930c000000000001001e0001000000
WVB_EVENT 829 457eaa6a0000000015930c00000000000000000000000000
WVB_EVENT 830 457eaa6a0000000040930c000000000001001e0000000000
WVB_EVENT 831 457eaa6a0000000040930c00000000000000000000000000
WVB_EVENT 832 457eaa6a000000006b930c000000000001001e0001000000
WVB_EVENT 833 457eaa6a000000006b930c00000000000000000000000000
WVB_EVENT 834 457eaa6a0000000095930c000000000001001e0000000000
WVB_EVENT 835 457eaa6a0000000095930c00000000000000000000000000
WVB_EVENT 836 457eaa6a00000000c1930c000000000001001e0001000000
WVB_EVENT 837 457eaa6a00000000c1930c00000000000000000000000000
WVB_EVENT 838 457eaa6a00000000eb930c000000000001001e0000000000
WVB_EVENT 839 457eaa6a00000000eb930c00000000000000000000000000
WVB_EVENT 840 457eaa6a0000000016940c000000000001001e0001000000
WVB_EVENT 841 457eaa6a0000000016940c00000000000000000000000000
WVB_EVENT 842 457eaa6a0000000041940c000000000001001e0000000000
WVB_EVENT 843 457eaa6a0000000041940c00000000000000000000000000
WVB_EVENT 844 457eaa6a000000006c940c000000000001001e0001000000
WVB_EVENT 845 457eaa6a000000006c940c00000000000000000000000000
WVB_EVENT 846 457eaa6a0000000096940c000000000001001e0000000000
WVB_EVENT 847 457eaa6a0000000096940c00000000000000000000000000
WVB_EVENT 848 457eaa6a00000000c2940c000000000001001e0001000000
WVB_EVENT 849 457eaa6a00000000c2940c00000000000000000000000000
WVB_EVENT 850 457eaa6a00000000ec940c000000000001001e0000000000
WVB_EVENT 851 457eaa6a00000000ec940c00000000000000000000000000
WVB_EVENT 852 457eaa6a0000000017950c000000000001001e0001000000
WVB_EVENT 853 457eaa6a0000000017950c00000000000000000000000000
WVB_EVENT 854 457eaa6a0000000042950c000000000001001e0000000000
WVB_EVENT 855 457eaa6a0000000042950c00000000000000000000000000
WVB_EVENT 856 457eaa6a000000006d950c000000000001001e0001000000
WVB_EVENT 857 457eaa6a000000006d950c00000000000000000000000000
WVB_EVENT 858 457eaa6a0000000097950c000000000001001e0000000000
WVB_EVENT 859 457eaa6a0000000097950c00000000000000000000000000
WVB_EVENT 860 457eaa6a00000000c3950c000000000001001e0001000000
WVB_EVENT 861 457eaa6a00000000c3950c00000000000000000000000000
WVB_EVENT 862 457eaa6a00000000ed950c000000000001001e0000000000
WVB_EVENT 863 457eaa6a00000000ed950c00000000000000000000000000
WVB_EVENT 864 457eaa6a0000000018960c000000000001001e0001000000
WVB_EVENT 865 457eaa6a0000000018960c00000000000000000000000000
WVB_EVENT 866 457eaa6a0000000042960c000000000001001e0000000000
WVB_EVENT 867 457eaa6a0000000042960c00000000000000000000000000
WVB_EVENT 868 457eaa6a000000006e960c000000000001001e0001000000
WVB_EVENT 869 457eaa6a000000006e960c00000000000000000000000000
WVB_EVENT 870 457eaa6a0000000098960c000000000001001e0000000000
WVB_EVENT 871 457eaa6a0000000098960c00000000000000000000000000
WVB_EVENT 872 457eaa6a00000000c4960c000000000001001e0001000000
WVB_EVENT 873 457eaa6a00000000c4960c00000000000000000000000000
WVB_EVENT 874 457eaa6a00000000ee960c000000000001001e0000000000
WVB_EVENT 875 457eaa6a00000000ee960c00000000000000000000000000
WVB_EVENT 876 457eaa6a0000000019970c000000000001001e0001000000
WVB_EVENT 877 457eaa6a0000000019970c00000000000000000000000000
WVB_EVENT 878 457eaa6a0000000043970c000000000001001e0000000000
WVB_EVENT 879 457eaa6a0000000043970c00000000000000000000000000
WVB_EVENT 880 457eaa6a000000006f970c000000000001001e0001000000
WVB_EVENT 881 457eaa6a000000006f970c00000000000000000000000000
WVB_EVENT 882 457eaa6a0000000099970c000000000001001e0000000000
WVB_EVENT 883 457eaa6a0000000099970c00000000000000000000000000
WVB_EVENT 884 457eaa6a00000000c5970c000000000001001e0001000000
WVB_EVENT 885 457eaa6a00000000c5970c00000000000000000000000000
WVB_EVENT 886 457eaa6a00000000ef970c000000000001001e0000000000
WVB_EVENT 887 457eaa6a00000000ef970c00000000000000000000000000
WVB_EVENT 888 457eaa6a000000001a980c000000000001001e0001000000
WVB_EVENT 889 457eaa6a000000001a980c00000000000000000000000000
WVB_EVENT 890 457eaa6a0000000044980c000000000001001e0000000000
WVB_EVENT 891 457eaa6a0000000044980c00000000000000000000000000
WVB_EVENT 892 457eaa6a0000000070980c000000000001001e0001000000
WVB_EVENT 893 457eaa6a0000000070980c00000000000000000000000000
WVB_EVENT 894 457eaa6a000000009a980c000000000001001e0000000000
WVB_EVENT 895 457eaa6a000000009a980c00000000000000000000000000
WVB_EVENT 896 457eaa6a00000000c5980c000000000001001e0001000000
WVB_EVENT 897 457eaa6a00000000c5980c00000000000000000000000000
WVB_EVENT 898 457eaa6a00000000f0980c000000000001001e0000000000
WVB_EVENT 899 457eaa6a00000000f0980c00000000000000000000000000
WVB_EVENT 900 457eaa6a000000001b990c000000000001001e0001000000
WVB_EVENT 901 457eaa6a000000001b990c00000000000000000000000000
WVB_EVENT 902 457eaa6a0000000045990c000000000001001e0000000000
WVB_EVENT 903 457eaa6a0000000045990c00000000000000000000000000
WVB_EVENT 904 457eaa6a0000000071990c000000000001001e0001000000
WVB_EVENT 905 457eaa6a0000000071990c00000000000000000000000000
WVB_EVENT 906 457eaa6a000000009b990c000000000001001e0000000000
WVB_EVENT 907 457eaa6a000000009b990c00000000000000000000000000
WVB_EVENT 908 457eaa6a00000000c6990c000000000001001e0001000000
WVB_EVENT 909 457eaa6a00000000c6990c00000000000000000000000000
WVB_EVENT 910 457eaa6a00000000f1990c000000000001001e0000000000
WVB_EVENT 911 457eaa6a00000000f1990c00000000000000000000000000
WVB_EVENT 912 457eaa6a000000001c9a0c000000000001001e0001000000
WVB_EVENT 913 457eaa6a000000001c9a0c00000000000000000000000000
WVB_EVENT 914 457eaa6a00000000469a0c000000000001001e0000000000
WVB_EVENT 915 457eaa6a00000000469a0c00000000000000000000000000
WVB_EVENT 916 457eaa6a00000000729a0c000000000001001e0001000000
WVB_EVENT 917 457eaa6a00000000729a0c00000000000000000000000000
WVB_EVENT 918 457eaa6a000000009c9a0c000000000001001e0000000000
WVB_EVENT 919 457eaa6a000000009c9a0c00000000000000000000000000
WVB_EVENT 920 457eaa6a00000000c79a0c000000000001001e0001000000
WVB_EVENT 921 457eaa6a00000000c79a0c00000000000000000000000000
WVB_EVENT 922 457eaa6a00000000f29a0c000000000001001e0000000000
WVB_EVENT 923 457eaa6a00000000f29a0c00000000000000000000000000
WVB_EVENT 924 457eaa6a000000001d9b0c000000000001001e0001000000
WVB_EVENT 925 457eaa6a000000001d9b0c00000000000000000000000000
WVB_EVENT 926 457eaa6a00000000479b0c000000000001001e0000000000
WVB_EVENT 927 457eaa6a00000000479b0c00000000000000000000000000
WVB_EVENT 928 457eaa6a00000000739b0c000000000001001e0001000000
WVB_EVENT 929 457eaa6a00000000739b0c00000000000000000000000000
WVB_EVENT 930 457eaa6a000000009d9b0c000000000001001e0000000000
WVB_EVENT 931 457eaa6a000000009d9b0c00000000000000000000000000
WVB_EVENT 932 457eaa6a00000000c89b0c000000000001001e0001000000
WVB_EVENT 933 457eaa6a00000000c89b0c00000000000000000000000000
WVB_EVENT 934 457eaa6a00000000f39b0c000000000001001e0000000000
WVB_EVENT 935 457eaa6a00000000f39b0c00000000000000000000000000
WVB_EVENT 936 457eaa6a000000001e9c0c000000000001001e0001000000
WVB_EVENT 937 457eaa6a000000001e9c0c00000000000000000000000000
WVB_EVENT 938 457eaa6a00000000489c0c000000000001001e0000000000
WVB_EVENT 939 457eaa6a00000000489c0c00000000000000000000000000
WVB_EVENT 940 457eaa6a00000000749c0c000000000001001e0001000000
WVB_EVENT 941 457eaa6a00000000749c0c00000000000000000000000000
WVB_EVENT 942 457eaa6a000000009e9c0c000000000001001e0000000000
WVB_EVENT 943 457eaa6a000000009e9c0c00000000000000000000000000
WVB_EVENT 944 457eaa6a00000000c99c0c000000000001001e0001000000
WVB_EVENT 945 457eaa6a00000000c99c0c00000000000000000000000000
WVB_EVENT 946 457eaa6a00000000f39c0c000000000001001e0000000000
WVB_EVENT 947 457eaa6a00000000f39c0c00000000000000000000000000
WVB_EVENT 948 457eaa6a000000001f9d0c000000000001001e0001000000
WVB_EVENT 949 457eaa6a000000001f9d0c00000000000000000000000000
WVB_EVENT 950 457eaa6a00000000499d0c000000000001001e0000000000
WVB_EVENT 951 457eaa6a00000000499d0c00000000000000000000000000
WVB_EVENT 952 457eaa6a00000000759d0c000000000001001e0001000000
WVB_EVENT 953 457eaa6a00000000759d0c00000000000000000000000000
WVB_EVENT 954 457eaa6a000000009f9d0c000000000001001e0000000000
WVB_EVENT 955 457eaa6a000000009f9d0c00000000000000000000000000
WVB_EVENT 956 457eaa6a00000000ca9d0c000000000001001e0001000000
WVB_EVENT 957 457eaa6a00000000ca9d0c00000000000000000000000000
WVB_EVENT 958 457eaa6a00000000f49d0c000000000001001e0000000000
WVB_EVENT 959 457eaa6a00000000f49d0c00000000000000000000000000
WVB_EVENT 960 457eaa6a00000000209e0c000000000001001e0001000000
WVB_EVENT 961 457eaa6a00000000209e0c00000000000000000000000000
WVB_EVENT 962 457eaa6a000000004a9e0c000000000001001e0000000000
WVB_EVENT 963 457eaa6a000000004a9e0c00000000000000000000000000
WVB_EVENT 964 457eaa6a00000000769e0c000000000001001e0001000000
WVB_EVENT 965 457eaa6a00000000769e0c00000000000000000000000000
WVB_EVENT 966 457eaa6a00000000a09e0c000000000001001e0000000000
WVB_EVENT 967 457eaa6a00000000a09e0c00000000000000000000000000
WVB_EVENT 968 457eaa6a00000000cb9e0c000000000001001e0001000000
WVB_EVENT 969 457eaa6a00000000cb9e0c00000000000000000000000000
WVB_EVENT 970 457eaa6a00000000f59e0c000000000001001e0000000000
WVB_EVENT 971 457eaa6a00000000f59e0c00000000000000000000000000
WVB_EVENT 972 457eaa6a00000000219f0c000000000001001e0001000000
WVB_EVENT 973 457eaa6a00000000219f0c00000000000000000000000000
WVB_EVENT 974 457eaa6a000000004b9f0c000000000001001e0000000000
WVB_EVENT 975 457eaa6a000000004b9f0c00000000000000000000000000
WVB_EVENT 976 457eaa6a00000000769f0c000000000001001e0001000000
WVB_EVENT 977 457eaa6a00000000769f0c00000000000000000000000000
WVB_EVENT 978 457eaa6a00000000a19f0c000000000001001e0000000000
WVB_EVENT 979 457eaa6a00000000a19f0c00000000000000000000000000
WVB_EVENT 980 457eaa6a00000000cc9f0c000000000001001e0001000000
WVB_EVENT 981 457eaa6a00000000cc9f0c00000000000000000000000000
WVB_EVENT 982 457eaa6a00000000f69f0c000000000001001e0000000000
WVB_EVENT 983 457eaa6a00000000f69f0c00000000000000000000000000
WVB_EVENT 984 457eaa6a0000000022a00c000000000001001e0001000000
WVB_EVENT 985 457eaa6a0000000022a00c00000000000000000000000000
WVB_EVENT 986 457eaa6a000000004ca00c000000000001001e0000000000
WVB_EVENT 987 457eaa6a000000004ca00c00000000000000000000000000
WVB_EVENT 988 457eaa6a0000000077a00c000000000001001e0001000000
WVB_EVENT 989 457eaa6a0000000077a00c00000000000000000000000000
WVB_EVENT 990 457eaa6a00000000a2a00c000000000001001e0000000000
WVB_EVENT 991 457eaa6a00000000a2a00c00000000000000000000000000
WVB_EVENT 992 457eaa6a00000000cda00c000000000001001e0001000000
WVB_EVENT 993 457eaa6a00000000cda00c00000000000000000000000000
WVB_EVENT 994 457eaa6a00000000f7a00c000000000001001e0000000000
WVB_EVENT 995 457eaa6a00000000f7a00c00000000000000000000000000
WVB_EVENT 996 457eaa6a0000000023a10c000000000001001e0001000000
WVB_EVENT 997 457eaa6a0000000023a10c00000000000000000000000000
WVB_EVENT 998 457eaa6a000000004da10c000000000001001e0000000000
WVB_EVENT 999 457eaa6a000000004da10c00000000000000000000000000
WVB_EVENT 1000 457eaa6a0000000078a10c000000000001001e0001000000
WVB_EVENT 1001 457eaa6a0000000078a10c00000000000000000000000000
WVB_EVENT 1002 457eaa6a00000000a3a10c000000000001001e0000000000
WVB_EVENT 1003 457eaa6a00000000a3a10c00000000000000000000000000
WVB_EVENT 1004 457eaa6a00000000cea10c000000000001001e0001000000
WVB_EVENT 1005 457eaa6a00000000cea10c00000000000000000000000000
WVB_EVENT 1006 457eaa6a00000000f8a10c000000000001001e0000000000
WVB_EVENT 1007 457eaa6a00000000f8a10c00000000000000000000000000
WVB_EVENT 1008 457eaa6a0000000024a20c000000000001001e0001000000
WVB_EVENT 1009 457eaa6a0000000024a20c00000000000000000000000000
WVB_EVENT 1010 457eaa6a000000004ea20c000000000001001e0000000000
WVB_EVENT 1011 457eaa6a000000004ea20c00000000000000000000000000
WVB_EVENT 1012 457eaa6a0000000079a20c000000000001001e0001000000
WVB_EVENT 1013 457eaa6a0000000079a20c00000000000000000000000000
WVB_EVENT 1014 457eaa6a00000000a4a20c000000000001001e0000000000
WVB_EVENT 1015 457eaa6a00000000a4a20c00000000000000000000000000
WVB_EVENT 1016 457eaa6a00000000cfa20c000000000001001e0001000000
WVB_EVENT 1017 457eaa6a00000000cfa20c00000000000000000000000000
WVB_EVENT 1018 457eaa6a00000000f9a20c000000000001001e0000000000
WVB_EVENT 1019 457eaa6a00000000f9a20c00000000000000000000000000
WVB_EVENT 1020 457eaa6a0000000025a30c00000000000100300001000000
WVB_EVENT 1021 457eaa6a0000000025a30c00000000000000000000000000
WVB_DONE count=1022 eagain=1
[    4.902682] reboot: Power down
