[    0.000000] Linux version 6.6.63 (wasmvm@wasmvm) (riscv64-linux-gnu-gcc (Debian 12.2.0-13) 12.2.0, GNU ld (GNU Binutils for Debian) 2.40) #1 SMP Thu Nov 14 2024
[    0.000000] Machine model: riscv-virtio,qemu
[    0.000000] SBI specification v2.0 detected
[    0.000000] SBI implementation ID=0x574d Version=0x100
[    0.000000] SBI TIME extension detected
[    0.000000] SBI IPI extension detected
[    0.000000] SBI RFENCE extension detected
[    0.000000] SBI SRST extension detected
[    0.000000] earlycon: sbi0 at I/O port 0x0 (options '')
[    0.000000] printk: bootconsole [sbi0] enabled
[    0.000000] efi: UEFI not found.
[    0.000000] Zone ranges:
[    0.000000]   DMA32    [mem 0x0000000080000000-0x000000008fffffff]
[    0.000000]   Normal   empty
[    0.000000] Movable zone start for each node
[    0.000000] Early memory node ranges
[    0.000000]   node   0: [mem 0x0000000080000000-0x000000008fffffff]
[    0.000000] Initmem setup node 0 [mem 0x0000000080000000-0x000000008fffffff]
[    0.000000] SBI HSM extension detected
[    0.000000] Falling back to deprecated "riscv,isa"
[    0.000000] riscv: base ISA extensions acdfim
[    0.000000] riscv: ELF capabilities acdfim
[    0.000000] percpu: Embedded 18 pages/cpu s42104 r0 d31624 u73728
[    0.000000] Kernel command line: console=ttyS0 earlycon=sbi rdinit=/init -- burst
[    0.000000] Dentry cache hash table entries: 32768 (order: 6, 262144 bytes, linear)
[    0.000000] Inode-cache hash table entries: 16384 (order: 5, 131072 bytes, linear)
[    0.000000] Built 1 zonelists, mobility grouping on.  Total pages: 64512
[    0.000000] mem auto-init: stack:all(zero), heap alloc:off, heap free:off
[    0.000000] Virtual kernel memory layout:
[    0.000000]       fixmap : 0xff1bfffffea00000 - 0xff1bffffff000000   (6144 kB)
[    0.000000]       pci io : 0xff1bffffff000000 - 0xff1c000000000000   (  16 MB)
[    0.000000]      vmemmap : 0xff1c000000000000 - 0xff20000000000000   (1024 TB)
[    0.000000]      vmalloc : 0xff20000000000000 - 0xff60000000000000   (16384 TB)
[    0.000000]      modules : 0xffffffff0179e000 - 0xffffffff80000000   (2024 MB)
[    0.000000]       lowmem : 0xff60000000000000 - 0xff60000010000000   ( 256 MB)
[    0.000000]       kernel : 0xffffffff80000000 - 0xffffffffffffffff   (2047 MB)
[    0.000000] Memory: 216540K/262144K available (10367K kernel code, 5056K rwdata, 4096K rodata, 2201K init, 539K bss, 45604K reserved, 0K cma-reserved)
[    0.000000] SLUB: HWalign=64, Order=0-3, MinObjects=0, CPUs=1, Nodes=1
[    0.000000] rcu: Hierarchical RCU implementation.
[    0.000000] rcu: 	RCU restricting CPUs from NR_CPUS=64 to nr_cpu_ids=1.
[    0.000000] rcu: 	RCU debug extended QS entry/exit.
[    0.000000] 	Tracing variant of Tasks RCU enabled.
[    0.000000] rcu: RCU calculated value of scheduler-enlistment delay is 25 jiffies.
[    0.000000] rcu: Adjusting geometry for rcu_fanout_leaf=16, nr_cpu_ids=1
[    0.000000] NR_IRQS: 64, nr_irqs: 64, preallocated irqs: 0
[    0.000000] riscv-intc: 64 local interrupts mapped
[    0.000000] plic: plic@c000000: mapped 95 interrupts with 1 handlers for 2 contexts.
[    0.000000] riscv: providing IPIs using SBI IPI extension
[    0.000000] rcu: srcu_init: Setting srcu_struct sizes based on contention.
[    0.000000] clocksource: riscv_clocksource: mask: 0xffffffffffffffff max_cycles: 0x24e6a1710, max_idle_ns: 440795202120 ns
[    0.000002] sched_clock: 64 bits at 10MHz, resolution 100ns, wraps every 4398046511100ns
[    0.001300] Console: colour dummy device 80x25
[    0.001500] Calibrating delay loop (skipped), value calculated using timer frequency.. 20.00 BogoMIPS (lpj=40000)
[    0.001657] pid_max: default: 32768 minimum: 301
[    0.002165] LSM: initializing lsm=capability,integrity
[    0.002892] Mount-cache hash table entries: 512 (order: 0, 4096 bytes, linear)
[    0.003026] Mountpoint-cache hash table entries: 512 (order: 0, 4096 bytes, linear)
[    0.014896] RCU Tasks Trace: Setting shift to 0 and lim to 1 rcu_task_cb_adjust=1 rcu_task_cpu_ids=1.
[    0.015595] riscv: ELF compat mode unsupported
[    0.015676] ASID allocator using 16 bits (65536 entries)
[    0.016581] rcu: Hierarchical SRCU implementation.
[    0.016655] rcu: 	Max phase no-delay instances is 1000.
[    0.018232] EFI services will not be available.
[    0.019072] smp: Bringing up secondary CPUs ...
[    0.019180] smp: Brought up 1 node, 1 CPU
[    0.021674] devtmpfs: initialized
[    0.032489] clocksource: jiffies: mask: 0xffffffff max_cycles: 0xffffffff, max_idle_ns: 7645041785100000 ns
[    0.032642] futex hash table entries: 256 (order: 2, 16384 bytes, linear)
[    0.033649] pinctrl core: initialized pinctrl subsystem
[    0.043266] NET: Registered PF_NETLINK/PF_ROUTE protocol family
[    0.047642] DMA: preallocated 128 KiB GFP_KERNEL pool for atomic allocations
[    0.047854] DMA: preallocated 128 KiB GFP_KERNEL|GFP_DMA32 pool for atomic allocations
[    0.048140] audit: initializing netlink subsys (disabled)
[    0.051467] thermal_sys: Registered thermal governor 'step_wise'
[    0.051637] audit: type=2000 audit(0.048:1): state=initialized audit_enabled=0 res=1
[    0.051875] cpuidle: using governor menu
[    0.077020] cpu0: Ratio of byte access time to unaligned word access is 7.98, unaligned accesses are fast
[    0.098905] HugeTLB: registered 2.00 MiB page size, pre-allocated 0 pages
[    0.099003] HugeTLB: 28 KiB vmemmap can be freed for a 2.00 MiB page
[    0.169930] raid6: int64x8  gen()    42 MB/s
[    0.238501] raid6: int64x4  gen()    57 MB/s
[    0.306840] raid6: int64x2  gen()    58 MB/s
[    0.375436] raid6: int64x1  gen()    52 MB/s
[    0.375518] raid6: using algorithm int64x2 gen() 58 MB/s
[    0.444105] raid6: .... xor() 32 MB/s, rmw enabled
[    0.444185] raid6: using intx1 recovery algorithm
[    0.445140] ACPI: Interpreter disabled.
[    0.445936] iommu: Default domain type: Translated
[    0.446018] iommu: DMA domain TLB invalidation policy: strict mode
[    0.449579] SCSI subsystem initialized
[    0.452971] Advanced Linux Sound Architecture Driver Initialized.
[    0.459010] clocksource: Switched to clocksource riscv_clocksource
[    0.461250] pnp: PnP ACPI: disabled
[    0.523169] NET: Registered PF_INET protocol family
[    0.524571] IP idents hash table entries: 4096 (order: 3, 32768 bytes, linear)
[    0.533798] tcp_listen_portaddr_hash hash table entries: 128 (order: 0, 4096 bytes, linear)
[    0.533990] Table-perturb hash table entries: 65536 (order: 6, 262144 bytes, linear)
[    0.534145] TCP established hash table entries: 2048 (order: 2, 16384 bytes, linear)
[    0.534519] TCP bind hash table entries: 2048 (order: 5, 131072 bytes, linear)
[    0.535745] TCP: Hash tables configured (established 2048 bind 2048)
[    0.536123] UDP hash table entries: 256 (order: 2, 24576 bytes, linear)
[    0.536458] UDP-Lite hash table entries: 256 (order: 2, 24576 bytes, linear)
[    0.537459] NET: Registered PF_UNIX/PF_LOCAL protocol family
[    0.540444] RPC: Registered named UNIX socket transport module.
[    0.540532] RPC: Registered udp transport module.
[    0.540612] RPC: Registered tcp transport module.
[    0.540691] RPC: Registered tcp-with-tls transport module.
[    0.540776] RPC: Registered tcp NFSv4.1 backchannel transport module.
[    0.541037] kvm [1]: hypervisor extension not available
[    0.546222] Unpacking initramfs...
[    0.554064] Freeing initrd memory: 16K
[    0.554416] workingset: timestamp_bits=46 max_order=16 bucket_order=0
[    0.557990] NFS: Registering the id_resolver key type
[    0.558433] Key type id_resolver registered
[    0.558510] Key type id_legacy registered
[    0.558714] nfs4filelayout_init: NFSv4 File Layout Driver Registering...
[    0.558845] nfs4flexfilelayout_init: NFSv4 Flexfile Layout Driver Registering...
[    0.560113] 9p: Installing v9fs 9p2000 file system support
[    1.713014] NET: Registered PF_ALG protocol family
[    1.713116] xor: measuring software checksum speed
[    1.732014]    8regs           :   174 MB/sec
[    1.750904]    8regs_prefetch  :   174 MB/sec
[    1.769812]    32regs          :   174 MB/sec
[    1.788757]    32regs_prefetch :   173 MB/sec
[    1.788841] xor: using function: 32regs (174 MB/sec)
[    1.789155] Block layer SCSI generic (bsg) driver version 0.4 loaded (major 246)
[    1.789259] io scheduler mq-deadline registered
[    1.789343] io scheduler kyber registered
[    1.789495] io scheduler bfq registered
[    1.807994] input: wasm-vm virtio keyboard as /devices/platform/soc/10004000.virtio_mmio/virtio0/input/input0
[    2.195112] Serial: 8250/16550 driver, 4 ports, IRQ sharing disabled
[    2.208762] printk: console [ttyS0] disabled
[    2.211036] 10000000.serial: ttyS0 at MMIO 0x10000000 (irq = 13, base_baud = 230400) is a 16550A
[    2.211249] printk: console [ttyS0] enabled
[    2.211422] printk: bootconsole [sbi0] disabled
[    2.211249] printk: console [ttyS0] enabled
[    2.211422] printk: bootconsole [sbi0] disabled
[    2.214023] SuperH (H)SCI(F) driver initialized
[    2.260237] loop: module loaded
[    2.278115] mousedev: PS/2 mouse device common for all mice
[    2.281980] goldfish_rtc 101000.rtc: registered as rtc0
[    2.282189] goldfish_rtc 101000.rtc: setting system clock to 2026-09-16T11:30:07 UTC (1789558207)
[    2.285384] syscon-poweroff poweroff: pm_power_off already claimed for sbi_srst_power_off
[    2.285631] syscon-poweroff: probe of poweroff failed with error -16
[    2.288186] device-mapper: ioctl: 4.48.0-ioctl (2023-03-01) initialised: dm-devel@redhat.com
[    2.291145] sdhci: Secure Digital Host Controller Interface driver
[    2.291295] sdhci: Copyright(c) Pierre Ossman
[    2.292398] sdhci-pltfm: SDHCI platform and OF driver helper
[    2.303418] IPVS: Registered protocols (TCP, UDP)
[    2.303593] IPVS: Connection hash table configured (size=4096, memory=32Kbytes)
[    2.304806] IPVS: ipvs loaded.
[    2.304936] IPVS: [rr] scheduler registered.
[    2.306645] Initializing XFRM netlink socket
[    2.307090] NET: Registered PF_INET6 protocol family
[    2.314022] Segment Routing with IPv6
[    2.314642] In-situ OAM (IOAM) with IPv6
[    2.315730] sit: IPv6, IPv4 and MPLS over IPv4 tunneling driver
[    2.319902] NET: Registered PF_PACKET protocol family
[    2.320244] Bridge firewalling registered
[    2.320638] 8021q: 802.1Q VLAN Support v1.8
[    2.321215] 9pnet: Installing 9P2000 support
[    2.322257] Key type dns_resolver registered
[    2.562155] debug_vm_pgtable: [debug_vm_pgtable         ]: Validating architecture page table helpers
[    2.574410] Btrfs loaded, zoned=no, fsverity=no
[    2.583660] Legacy PMU implementation is available
[    2.584899] clk: Disabling unused clocks
[    2.585067] ALSA device list:
[    2.585163]   #0: VirtIO SoundCard at platform/10007000.virtio_mmio/virtio1
[    2.593456] Freeing unused kernel image (initmem) memory: 2200K
[    2.593616] Run /init as init process
WVB_KERNEL 6.6.63 #1 SMP Thu Nov 14 2024 riscv64
WVB_DEVICE name=wasm-vm virtio keyboard measured=3 state=4 major=13 minor=64 inode=621 event_bytes=24
WVM_KB_INJECT
WVB_SENTINEL B_DOWN separate_client=1
WVB_EVENT 0 bf7daa6a00000000c6970c000000000001001e0001000000
WVB_EVENT 1 bf7daa6a00000000c6970c00000000000000000000000000
WVB_EVENT 2 bf7daa6a00000000f1970c000000000001001e0000000000
WVB_EVENT 3 bf7daa6a00000000f1970c00000000000000000000000000
WVB_EVENT 4 bf7daa6a000000001c980c000000000001001e0001000000
WVB_EVENT 5 bf7daa6a000000001c980c00000000000000000000000000
WVB_EVENT 6 bf7daa6a0000000046980c000000000001001e0000000000
WVB_EVENT 7 bf7daa6a0000000046980c00000000000000000000000000
WVB_EVENT 8 bf7daa6a0000000072980c000000000001001e0001000000
WVB_EVENT 9 bf7daa6a0000000072980c00000000000000000000000000
WVB_EVENT 10 bf7daa6a000000009c980c000000000001001e0000000000
WVB_EVENT 11 bf7daa6a000000009c980c00000000000000000000000000
WVB_EVENT 12 bf7daa6a00000000c7980c000000000001001e0001000000
WVB_EVENT 13 bf7daa6a00000000c7980c00000000000000000000000000
WVB_EVENT 14 bf7daa6a00000000f2980c000000000001001e0000000000
WVB_EVENT 15 bf7daa6a00000000f2980c00000000000000000000000000
WVB_EVENT 16 bf7daa6a000000001d990c000000000001001e0001000000
WVB_EVENT 17 bf7daa6a000000001d990c00000000000000000000000000
WVB_EVENT 18 bf7daa6a0000000047990c000000000001001e0000000000
WVB_EVENT 19 bf7daa6a0000000047990c00000000000000000000000000
WVB_EVENT 20 bf7daa6a0000000073990c000000000001001e0001000000
WVB_EVENT 21 bf7daa6a0000000073990c00000000000000000000000000
WVB_EVENT 22 bf7daa6a000000009d990c000000000001001e0000000000
WVB_EVENT 23 bf7daa6a000000009d990c00000000000000000000000000
WVB_EVENT 24 bf7daa6a00000000c8990c000000000001001e0001000000
WVB_EVENT 25 bf7daa6a00000000c8990c00000000000000000000000000
WVB_EVENT 26 bf7daa6a00000000f3990c000000000001001e0000000000
WVB_EVENT 27 bf7daa6a00000000f3990c00000000000000000000000000
WVB_EVENT 28 bf7daa6a000000001e9a0c000000000001001e0001000000
WVB_EVENT 29 bf7daa6a000000001e9a0c00000000000000000000000000
WVB_EVENT 30 bf7daa6a00000000489a0c000000000001001e0000000000
WVB_EVENT 31 bf7daa6a00000000489a0c00000000000000000000000000
WVB_EVENT 32 bf7daa6a00000000749a0c000000000001001e0001000000
WVB_EVENT 33 bf7daa6a00000000749a0c00000000000000000000000000
WVB_EVENT 34 bf7daa6a000000009e9a0c000000000001001e0000000000
WVB_EVENT 35 bf7daa6a000000009e9a0c00000000000000000000000000
WVB_EVENT 36 bf7daa6a00000000c99a0c000000000001001e0001000000
WVB_EVENT 37 bf7daa6a00000000c99a0c00000000000000000000000000
WVB_EVENT 38 bf7daa6a00000000f49a0c000000000001001e0000000000
WVB_EVENT 39 bf7daa6a00000000f49a0c00000000000000000000000000
WVB_EVENT 40 bf7daa6a000000001f9b0c000000000001001e0001000000
WVB_EVENT 41 bf7daa6a000000001f9b0c00000000000000000000000000
WVB_EVENT 42 bf7daa6a00000000499b0c000000000001001e0000000000
WVB_EVENT 43 bf7daa6a00000000499b0c00000000000000000000000000
WVB_EVENT 44 bf7daa6a00000000759b0c000000000001001e0001000000
WVB_EVENT 45 bf7daa6a00000000759b0c00000000000000000000000000
WVB_EVENT 46 bf7daa6a000000009f9b0c000000000001001e0000000000
WVB_EVENT 47 bf7daa6a000000009f9b0c00000000000000000000000000
WVB_EVENT 48 bf7daa6a00000000ca9b0c000000000001001e0001000000
WVB_EVENT 49 bf7daa6a00000000ca9b0c00000000000000000000000000
WVB_EVENT 50 bf7daa6a00000000f49b0c000000000001001e0000000000
WVB_EVENT 51 bf7daa6a00000000f49b0c00000000000000000000000000
WVB_EVENT 52 bf7daa6a00000000209c0c000000000001001e0001000000
WVB_EVENT 53 bf7daa6a00000000209c0c00000000000000000000000000
WVB_EVENT 54 bf7daa6a000000004a9c0c000000000001001e0000000000
WVB_EVENT 55 bf7daa6a000000004a9c0c00000000000000000000000000
WVB_EVENT 56 bf7daa6a00000000769c0c000000000001001e0001000000
WVB_EVENT 57 bf7daa6a00000000769c0c00000000000000000000000000
WVB_EVENT 58 bf7daa6a00000000a09c0c000000000001001e0000000000
WVB_EVENT 59 bf7daa6a00000000a09c0c00000000000000000000000000
WVB_EVENT 60 bf7daa6a00000000cb9c0c000000000001001e0001000000
WVB_EVENT 61 bf7daa6a00000000cb9c0c00000000000000000000000000
WVB_EVENT 62 bf7daa6a00000000f59c0c000000000001001e0000000000
WVB_EVENT 63 bf7daa6a00000000f59c0c00000000000000000000000000
WVB_EVENT 64 bf7daa6a00000000219d0c000000000001001e0001000000
WVB_EVENT 65 bf7daa6a00000000219d0c00000000000000000000000000
WVB_EVENT 66 bf7daa6a000000004b9d0c000000000001001e0000000000
WVB_EVENT 67 bf7daa6a000000004b9d0c00000000000000000000000000
WVB_EVENT 68 bf7daa6a00000000769d0c000000000001001e0001000000
WVB_EVENT 69 bf7daa6a00000000769d0c00000000000000000000000000
WVB_EVENT 70 bf7daa6a00000000a19d0c000000000001001e0000000000
WVB_EVENT 71 bf7daa6a00000000a19d0c00000000000000000000000000
WVB_EVENT 72 bf7daa6a00000000cc9d0c000000000001001e0001000000
WVB_EVENT 73 bf7daa6a00000000cc9d0c00000000000000000000000000
WVB_EVENT 74 bf7daa6a00000000f69d0c000000000001001e0000000000
WVB_EVENT 75 bf7daa6a00000000f69d0c00000000000000000000000000
WVB_EVENT 76 bf7daa6a00000000229e0c000000000001001e0001000000
WVB_EVENT 77 bf7daa6a00000000229e0c00000000000000000000000000
WVB_EVENT 78 bf7daa6a000000004c9e0c000000000001001e0000000000
WVB_EVENT 79 bf7daa6a000000004c9e0c00000000000000000000000000
WVB_EVENT 80 bf7daa6a00000000779e0c000000000001001e0001000000
WVB_EVENT 81 bf7daa6a00000000779e0c00000000000000000000000000
WVB_EVENT 82 bf7daa6a00000000a29e0c000000000001001e0000000000
WVB_EVENT 83 bf7daa6a00000000a29e0c00000000000000000000000000
WVB_EVENT 84 bf7daa6a00000000cd9e0c000000000001001e0001000000
WVB_EVENT 85 bf7daa6a00000000cd9e0c00000000000000000000000000
WVB_EVENT 86 bf7daa6a00000000f79e0c000000000001001e0000000000
WVB_EVENT 87 bf7daa6a00000000f79e0c00000000000000000000000000
WVB_EVENT 88 bf7daa6a00000000239f0c000000000001001e0001000000
WVB_EVENT 89 bf7daa6a00000000239f0c00000000000000000000000000
WVB_EVENT 90 bf7daa6a000000004d9f0c000000000001001e0000000000
WVB_EVENT 91 bf7daa6a000000004d9f0c00000000000000000000000000
WVB_EVENT 92 bf7daa6a00000000789f0c000000000001001e0001000000
WVB_EVENT 93 bf7daa6a00000000789f0c00000000000000000000000000
WVB_EVENT 94 bf7daa6a00000000a39f0c000000000001001e0000000000
WVB_EVENT 95 bf7daa6a00000000a39f0c00000000000000000000000000
WVB_EVENT 96 bf7daa6a00000000ce9f0c000000000001001e0001000000
WVB_EVENT 97 bf7daa6a00000000ce9f0c00000000000000000000000000
WVB_EVENT 98 bf7daa6a00000000f89f0c000000000001001e0000000000
WVB_EVENT 99 bf7daa6a00000000f89f0c00000000000000000000000000
WVB_EVENT 100 bf7daa6a0000000024a00c000000000001001e0001000000
WVB_EVENT 101 bf7daa6a0000000024a00c00000000000000000000000000
WVB_EVENT 102 bf7daa6a000000004ea00c000000000001001e0000000000
WVB_EVENT 103 bf7daa6a000000004ea00c00000000000000000000000000
WVB_EVENT 104 bf7daa6a0000000079a00c000000000001001e0001000000
WVB_EVENT 105 bf7daa6a0000000079a00c00000000000000000000000000
WVB_EVENT 106 bf7daa6a00000000a4a00c000000000001001e0000000000
WVB_EVENT 107 bf7daa6a00000000a4a00c00000000000000000000000000
WVB_EVENT 108 bf7daa6a00000000cfa00c000000000001001e0001000000
WVB_EVENT 109 bf7daa6a00000000cfa00c00000000000000000000000000
WVB_EVENT 110 bf7daa6a00000000f9a00c000000000001001e0000000000
WVB_EVENT 111 bf7daa6a00000000f9a00c00000000000000000000000000
WVB_EVENT 112 bf7daa6a0000000025a10c000000000001001e0001000000
WVB_EVENT 113 bf7daa6a0000000025a10c00000000000000000000000000
WVB_EVENT 114 bf7daa6a000000004fa10c000000000001001e0000000000
WVB_EVENT 115 bf7daa6a000000004fa10c00000000000000000000000000
WVB_EVENT 116 bf7daa6a000000007aa10c000000000001001e0001000000
WVB_EVENT 117 bf7daa6a000000007aa10c00000000000000000000000000
WVB_EVENT 118 bf7daa6a00000000a5a10c000000000001001e0000000000
WVB_EVENT 119 bf7daa6a00000000a5a10c00000000000000000000000000
WVB_EVENT 120 bf7daa6a00000000d0a10c000000000001001e0001000000
WVB_EVENT 121 bf7daa6a00000000d0a10c00000000000000000000000000
WVB_EVENT 122 bf7daa6a00000000faa10c000000000001001e0000000000
WVB_EVENT 123 bf7daa6a00000000faa10c00000000000000000000000000
WVB_EVENT 124 bf7daa6a0000000026a20c000000000001001e0001000000
WVB_EVENT 125 bf7daa6a0000000026a20c00000000000000000000000000
WVB_EVENT 126 bf7daa6a0000000050a20c000000000001001e0000000000
WVB_EVENT 127 bf7daa6a0000000050a20c00000000000000000000000000
WVB_EVENT 128 bf7daa6a000000007ba20c000000000001001e0001000000
WVB_EVENT 129 bf7daa6a000000007ba20c00000000000000000000000000
WVB_EVENT 130 bf7daa6a00000000a5a20c000000000001001e0000000000
WVB_EVENT 131 bf7daa6a00000000a5a20c00000000000000000000000000
WVB_EVENT 132 bf7daa6a00000000d1a20c000000000001001e0001000000
WVB_EVENT 133 bf7daa6a00000000d1a20c00000000000000000000000000
WVB_EVENT 134 bf7daa6a00000000fba20c000000000001001e0000000000
WVB_EVENT 135 bf7daa6a00000000fba20c00000000000000000000000000
WVB_EVENT 136 bf7daa6a0000000027a30c000000000001001e0001000000
WVB_EVENT 137 bf7daa6a0000000027a30c00000000000000000000000000
WVB_EVENT 138 bf7daa6a0000000051a30c000000000001001e0000000000
WVB_EVENT 139 bf7daa6a0000000051a30c00000000000000000000000000
WVB_EVENT 140 bf7daa6a000000007ca30c000000000001001e0001000000
WVB_EVENT 141 bf7daa6a000000007ca30c00000000000000000000000000
WVB_EVENT 142 bf7daa6a00000000a6a30c000000000001001e0000000000
WVB_EVENT 143 bf7daa6a00000000a6a30c00000000000000000000000000
WVB_EVENT 144 bf7daa6a00000000d2a30c000000000001001e0001000000
WVB_EVENT 145 bf7daa6a00000000d2a30c00000000000000000000000000
WVB_EVENT 146 bf7daa6a00000000fca30c000000000001001e0000000000
WVB_EVENT 147 bf7daa6a00000000fca30c00000000000000000000000000
WVB_EVENT 148 bf7daa6a0000000027a40c000000000001001e0001000000
WVB_EVENT 149 bf7daa6a0000000027a40c00000000000000000000000000
WVB_EVENT 150 bf7daa6a0000000052a40c000000000001001e0000000000
WVB_EVENT 151 bf7daa6a0000000052a40c00000000000000000000000000
WVB_EVENT 152 bf7daa6a000000007da40c000000000001001e0001000000
WVB_EVENT 153 bf7daa6a000000007da40c00000000000000000000000000
WVB_EVENT 154 bf7daa6a00000000a7a40c000000000001001e0000000000
WVB_EVENT 155 bf7daa6a00000000a7a40c00000000000000000000000000
WVB_EVENT 156 bf7daa6a00000000d3a40c000000000001001e0001000000
WVB_EVENT 157 bf7daa6a00000000d3a40c00000000000000000000000000
WVB_EVENT 158 bf7daa6a00000000fda40c000000000001001e0000000000
WVB_EVENT 159 bf7daa6a00000000fda40c00000000000000000000000000
WVB_EVENT 160 bf7daa6a0000000028a50c000000000001001e0001000000
WVB_EVENT 161 bf7daa6a0000000028a50c00000000000000000000000000
WVB_EVENT 162 bf7daa6a0000000053a50c000000000001001e0000000000
WVB_EVENT 163 bf7daa6a0000000053a50c00000000000000000000000000
WVB_EVENT 164 bf7daa6a000000007ea50c000000000001001e0001000000
WVB_EVENT 165 bf7daa6a000000007ea50c00000000000000000000000000
WVB_EVENT 166 bf7daa6a00000000a8a50c000000000001001e0000000000
WVB_EVENT 167 bf7daa6a00000000a8a50c00000000000000000000000000
WVB_EVENT 168 bf7daa6a00000000d4a50c000000000001001e0001000000
WVB_EVENT 169 bf7daa6a00000000d4a50c00000000000000000000000000
WVB_EVENT 170 bf7daa6a00000000fea50c000000000001001e0000000000
WVB_EVENT 171 bf7daa6a00000000fea50c00000000000000000000000000
WVB_EVENT 172 bf7daa6a0000000029a60c000000000001001e0001000000
WVB_EVENT 173 bf7daa6a0000000029a60c00000000000000000000000000
WVB_EVENT 174 bf7daa6a0000000054a60c000000000001001e0000000000
WVB_EVENT 175 bf7daa6a0000000054a60c00000000000000000000000000
WVB_EVENT 176 bf7daa6a000000007fa60c000000000001001e0001000000
WVB_EVENT 177 bf7daa6a000000007fa60c00000000000000000000000000
WVB_EVENT 178 bf7daa6a00000000a9a60c000000000001001e0000000000
WVB_EVENT 179 bf7daa6a00000000a9a60c00000000000000000000000000
WVB_EVENT 180 bf7daa6a00000000d5a60c000000000001001e0001000000
WVB_EVENT 181 bf7daa6a00000000d5a60c00000000000000000000000000
WVB_EVENT 182 bf7daa6a00000000ffa60c000000000001001e0000000000
WVB_EVENT 183 bf7daa6a00000000ffa60c00000000000000000000000000
WVB_EVENT 184 bf7daa6a000000002aa70c000000000001001e0001000000
WVB_EVENT 185 bf7daa6a000000002aa70c00000000000000000000000000
WVB_EVENT 186 bf7daa6a0000000055a70c000000000001001e0000000000
WVB_EVENT 187 bf7daa6a0000000055a70c00000000000000000000000000
WVB_EVENT 188 bf7daa6a0000000080a70c000000000001001e0001000000
WVB_EVENT 189 bf7daa6a0000000080a70c00000000000000000000000000
WVB_EVENT 190 bf7daa6a00000000aaa70c000000000001001e0000000000
WVB_EVENT 191 bf7daa6a00000000aaa70c00000000000000000000000000
WVB_EVENT 192 bf7daa6a00000000d6a70c000000000001001e0001000000
WVB_EVENT 193 bf7daa6a00000000d6a70c00000000000000000000000000
WVB_EVENT 194 bf7daa6a0000000000a80c000000000001001e0000000000
WVB_EVENT 195 bf7daa6a0000000000a80c00000000000000000000000000
WVB_EVENT 196 bf7daa6a000000002ba80c000000000001001e0001000000
WVB_EVENT 197 bf7daa6a000000002ba80c00000000000000000000000000
WVB_EVENT 198 bf7daa6a0000000056a80c000000000001001e0000000000
WVB_EVENT 199 bf7daa6a0000000056a80c00000000000000000000000000
WVB_EVENT 200 bf7daa6a0000000081a80c000000000001001e0001000000
WVB_EVENT 201 bf7daa6a0000000081a80c00000000000000000000000000
WVB_EVENT 202 bf7daa6a00000000aba80c000000000001001e0000000000
WVB_EVENT 203 bf7daa6a00000000aba80c00000000000000000000000000
WVB_EVENT 204 bf7daa6a00000000d7a80c000000000001001e0001000000
WVB_EVENT 205 bf7daa6a00000000d7a80c00000000000000000000000000
WVB_EVENT 206 bf7daa6a0000000001a90c000000000001001e0000000000
WVB_EVENT 207 bf7daa6a0000000001a90c00000000000000000000000000
WVB_EVENT 208 bf7daa6a000000002ca90c000000000001001e0001000000
WVB_EVENT 209 bf7daa6a000000002ca90c00000000000000000000000000
WVB_EVENT 210 bf7daa6a0000000056a90c000000000001001e0000000000
WVB_EVENT 211 bf7daa6a0000000056a90c00000000000000000000000000
WVB_EVENT 212 bf7daa6a0000000082a90c000000000001001e0001000000
WVB_EVENT 213 bf7daa6a0000000082a90c00000000000000000000000000
WVB_EVENT 214 bf7daa6a00000000aca90c000000000001001e0000000000
WVB_EVENT 215 bf7daa6a00000000aca90c00000000000000000000000000
WVB_EVENT 216 bf7daa6a00000000d8a90c000000000001001e0001000000
WVB_EVENT 217 bf7daa6a00000000d8a90c00000000000000000000000000
WVB_EVENT 218 bf7daa6a0000000002aa0c000000000001001e0000000000
WVB_EVENT 219 bf7daa6a0000000002aa0c00000000000000000000000000
WVB_EVENT 220 bf7daa6a000000002daa0c000000000001001e0001000000
WVB_EVENT 221 bf7daa6a000000002daa0c00000000000000000000000000
WVB_EVENT 222 bf7daa6a0000000057aa0c000000000001001e0000000000
WVB_EVENT 223 bf7daa6a0000000057aa0c00000000000000000000000000
WVB_EVENT 224 bf7daa6a0000000083aa0c000000000001001e0001000000
WVB_EVENT 225 bf7daa6a0000000083aa0c00000000000000000000000000
WVB_EVENT 226 bf7daa6a00000000adaa0c000000000001001e0000000000
WVB_EVENT 227 bf7daa6a00000000adaa0c00000000000000000000000000
WVB_EVENT 228 bf7daa6a00000000d8aa0c000000000001001e0001000000
WVB_EVENT 229 bf7daa6a00000000d8aa0c00000000000000000000000000
WVB_EVENT 230 bf7daa6a0000000003ab0c000000000001001e0000000000
WVB_EVENT 231 bf7daa6a0000000003ab0c00000000000000000000000000
WVB_EVENT 232 bf7daa6a000000002eab0c000000000001001e0001000000
WVB_EVENT 233 bf7daa6a000000002eab0c00000000000000000000000000
WVB_EVENT 234 bf7daa6a0000000058ab0c000000000001001e0000000000
WVB_EVENT 235 bf7daa6a0000000058ab0c00000000000000000000000000
WVB_EVENT 236 bf7daa6a0000000084ab0c000000000001001e0001000000
WVB_EVENT 237 bf7daa6a0000000084ab0c00000000000000000000000000
WVB_EVENT 238 bf7daa6a00000000aeab0c000000000001001e0000000000
WVB_EVENT 239 bf7daa6a00000000aeab0c00000000000000000000000000
WVB_EVENT 240 bf7daa6a00000000d9ab0c000000000001001e0001000000
WVB_EVENT 241 bf7daa6a00000000d9ab0c00000000000000000000000000
WVB_EVENT 242 bf7daa6a0000000004ac0c000000000001001e0000000000
WVB_EVENT 243 bf7daa6a0000000004ac0c00000000000000000000000000
WVB_EVENT 244 bf7daa6a000000002fac0c000000000001001e0001000000
WVB_EVENT 245 bf7daa6a000000002fac0c00000000000000000000000000
WVB_EVENT 246 bf7daa6a0000000059ac0c000000000001001e0000000000
WVB_EVENT 247 bf7daa6a0000000059ac0c00000000000000000000000000
WVB_EVENT 248 bf7daa6a0000000085ac0c000000000001001e0001000000
WVB_EVENT 249 bf7daa6a0000000085ac0c00000000000000000000000000
WVB_EVENT 250 bf7daa6a00000000afac0c000000000001001e0000000000
WVB_EVENT 251 bf7daa6a00000000afac0c00000000000000000000000000
WVB_EVENT 252 bf7daa6a00000000daac0c000000000001001e0001000000
WVB_EVENT 253 bf7daa6a00000000daac0c00000000000000000000000000
WVB_EVENT 254 bf7daa6a0000000005ad0c000000000001001e0000000000
WVB_EVENT 255 bf7daa6a0000000005ad0c00000000000000000000000000
WVB_EVENT 256 bf7daa6a0000000030ad0c000000000001001e0001000000
WVB_EVENT 257 bf7daa6a0000000030ad0c00000000000000000000000000
WVB_EVENT 258 bf7daa6a000000005aad0c000000000001001e0000000000
WVB_EVENT 259 bf7daa6a000000005aad0c00000000000000000000000000
WVB_EVENT 260 bf7daa6a0000000086ad0c000000000001001e0001000000
WVB_EVENT 261 bf7daa6a0000000086ad0c00000000000000000000000000
WVB_EVENT 262 bf7daa6a00000000b0ad0c000000000001001e0000000000
WVB_EVENT 263 bf7daa6a00000000b0ad0c00000000000000000000000000
WVB_EVENT 264 bf7daa6a00000000dbad0c000000000001001e0001000000
WVB_EVENT 265 bf7daa6a00000000dbad0c00000000000000000000000000
WVB_EVENT 266 bf7daa6a0000000006ae0c000000000001001e0000000000
WVB_EVENT 267 bf7daa6a0000000006ae0c00000000000000000000000000
WVB_EVENT 268 bf7daa6a0000000031ae0c000000000001001e0001000000
WVB_EVENT 269 bf7daa6a0000000031ae0c00000000000000000000000000
WVB_EVENT 270 bf7daa6a000000005bae0c000000000001001e0000000000
WVB_EVENT 271 bf7daa6a000000005bae0c00000000000000000000000000
WVB_EVENT 272 bf7daa6a0000000087ae0c000000000001001e0001000000
WVB_EVENT 273 bf7daa6a0000000087ae0c00000000000000000000000000
WVB_EVENT 274 bf7daa6a00000000b1ae0c000000000001001e0000000000
WVB_EVENT 275 bf7daa6a00000000b1ae0c00000000000000000000000000
WVB_EVENT 276 bf7daa6a00000000dcae0c000000000001001e0001000000
WVB_EVENT 277 bf7daa6a00000000dcae0c00000000000000000000000000
WVB_EVENT 278 bf7daa6a0000000007af0c000000000001001e0000000000
WVB_EVENT 279 bf7daa6a0000000007af0c00000000000000000000000000
WVB_EVENT 280 bf7daa6a0000000032af0c000000000001001e0001000000
WVB_EVENT 281 bf7daa6a0000000032af0c00000000000000000000000000
WVB_EVENT 282 bf7daa6a000000005caf0c000000000001001e0000000000
WVB_EVENT 283 bf7daa6a000000005caf0c00000000000000000000000000
WVB_EVENT 284 bf7daa6a0000000088af0c000000000001001e0001000000
WVB_EVENT 285 bf7daa6a0000000088af0c00000000000000000000000000
WVB_EVENT 286 bf7daa6a00000000b2af0c000000000001001e0000000000
WVB_EVENT 287 bf7daa6a00000000b2af0c00000000000000000000000000
WVB_EVENT 288 bf7daa6a00000000ddaf0c000000000001001e0001000000
WVB_EVENT 289 bf7daa6a00000000ddaf0c00000000000000000000000000
WVB_EVENT 290 bf7daa6a0000000007b00c000000000001001e0000000000
WVB_EVENT 291 bf7daa6a0000000007b00c00000000000000000000000000
WVB_EVENT 292 bf7daa6a0000000033b00c000000000001001e0001000000
WVB_EVENT 293 bf7daa6a0000000033b00c00000000000000000000000000
WVB_EVENT 294 bf7daa6a000000005db00c000000000001001e0000000000
WVB_EVENT 295 bf7daa6a000000005db00c00000000000000000000000000
WVB_EVENT 296 bf7daa6a0000000089b00c000000000001001e0001000000
WVB_EVENT 297 bf7daa6a0000000089b00c00000000000000000000000000
WVB_EVENT 298 bf7daa6a00000000b3b00c000000000001001e0000000000
WVB_EVENT 299 bf7daa6a00000000b3b00c00000000000000000000000000
WVB_EVENT 300 bf7daa6a00000000deb00c000000000001001e0001000000
WVB_EVENT 301 bf7daa6a00000000deb00c00000000000000000000000000
WVB_EVENT 302 bf7daa6a0000000008b10c000000000001001e0000000000
WVB_EVENT 303 bf7daa6a0000000008b10c00000000000000000000000000
WVB_EVENT 304 bf7daa6a0000000034b10c000000000001001e0001000000
WVB_EVENT 305 bf7daa6a0000000034b10c00000000000000000000000000
WVB_EVENT 306 bf7daa6a000000005eb10c000000000001001e0000000000
WVB_EVENT 307 bf7daa6a000000005eb10c00000000000000000000000000
WVB_EVENT 308 bf7daa6a0000000089b10c000000000001001e0001000000
WVB_EVENT 309 bf7daa6a0000000089b10c00000000000000000000000000
WVB_EVENT 310 bf7daa6a00000000b4b10c000000000001001e0000000000
WVB_EVENT 311 bf7daa6a00000000b4b10c00000000000000000000000000
WVB_EVENT 312 bf7daa6a00000000dfb10c000000000001001e0001000000
WVB_EVENT 313 bf7daa6a00000000dfb10c00000000000000000000000000
WVB_EVENT 314 bf7daa6a0000000009b20c000000000001001e0000000000
WVB_EVENT 315 bf7daa6a0000000009b20c00000000000000000000000000
WVB_EVENT 316 bf7daa6a0000000035b20c000000000001001e0001000000
WVB_EVENT 317 bf7daa6a0000000035b20c00000000000000000000000000
WVB_EVENT 318 bf7daa6a000000005fb20c000000000001001e0000000000
WVB_EVENT 319 bf7daa6a000000005fb20c00000000000000000000000000
WVB_EVENT 320 bf7daa6a000000008ab20c000000000001001e0001000000
WVB_EVENT 321 bf7daa6a000000008ab20c00000000000000000000000000
WVB_EVENT 322 bf7daa6a00000000b5b20c000000000001001e0000000000
WVB_EVENT 323 bf7daa6a00000000b5b20c00000000000000000000000000
WVB_EVENT 324 bf7daa6a00000000e0b20c000000000001001e0001000000
WVB_EVENT 325 bf7daa6a00000000e0b20c00000000000000000000000000
WVB_EVENT 326 bf7daa6a000000000ab30c000000000001001e0000000000
WVB_EVENT 327 bf7daa6a000000000ab30c00000000000000000000000000
WVB_EVENT 328 bf7daa6a0000000036b30c000000000001001e0001000000
WVB_EVENT 329 bf7daa6a0000000036b30c00000000000000000000000000
WVB_EVENT 330 bf7daa6a0000000060b30c000000000001001e0000000000
WVB_EVENT 331 bf7daa6a0000000060b30c00000000000000000000000000
WVB_EVENT 332 bf7daa6a000000008bb30c000000000001001e0001000000
WVB_EVENT 333 bf7daa6a000000008bb30c00000000000000000000000000
WVB_EVENT 334 bf7daa6a00000000b6b30c000000000001001e0000000000
WVB_EVENT 335 bf7daa6a00000000b6b30c00000000000000000000000000
WVB_EVENT 336 bf7daa6a00000000e1b30c000000000001001e0001000000
WVB_EVENT 337 bf7daa6a00000000e1b30c00000000000000000000000000
WVB_EVENT 338 bf7daa6a000000000bb40c000000000001001e0000000000
WVB_EVENT 339 bf7daa6a000000000bb40c00000000000000000000000000
WVB_EVENT 340 bf7daa6a0000000037b40c000000000001001e0001000000
WVB_EVENT 341 bf7daa6a0000000037b40c00000000000000000000000000
WVB_EVENT 342 bf7daa6a0000000061b40c000000000001001e0000000000
WVB_EVENT 343 bf7daa6a0000000061b40c00000000000000000000000000
WVB_EVENT 344 bf7daa6a000000008cb40c000000000001001e0001000000
WVB_EVENT 345 bf7daa6a000000008cb40c00000000000000000000000000
WVB_EVENT 346 bf7daa6a00000000b7b40c000000000001001e0000000000
WVB_EVENT 347 bf7daa6a00000000b7b40c00000000000000000000000000
WVB_EVENT 348 bf7daa6a00000000e2b40c000000000001001e0001000000
WVB_EVENT 349 bf7daa6a00000000e2b40c00000000000000000000000000
WVB_EVENT 350 bf7daa6a000000000cb50c000000000001001e0000000000
WVB_EVENT 351 bf7daa6a000000000cb50c00000000000000000000000000
WVB_EVENT 352 bf7daa6a0000000038b50c000000000001001e0001000000
WVB_EVENT 353 bf7daa6a0000000038b50c00000000000000000000000000
WVB_EVENT 354 bf7daa6a0000000062b50c000000000001001e0000000000
WVB_EVENT 355 bf7daa6a0000000062b50c00000000000000000000000000
WVB_EVENT 356 bf7daa6a000000008db50c000000000001001e0001000000
WVB_EVENT 357 bf7daa6a000000008db50c00000000000000000000000000
WVB_EVENT 358 bf7daa6a00000000b8b50c000000000001001e0000000000
WVB_EVENT 359 bf7daa6a00000000b8b50c00000000000000000000000000
WVB_EVENT 360 bf7daa6a00000000e3b50c000000000001001e0001000000
WVB_EVENT 361 bf7daa6a00000000e3b50c00000000000000000000000000
WVB_EVENT 362 bf7daa6a000000000db60c000000000001001e0000000000
WVB_EVENT 363 bf7daa6a000000000db60c00000000000000000000000000
WVB_EVENT 364 bf7daa6a0000000039b60c000000000001001e0001000000
WVB_EVENT 365 bf7daa6a0000000039b60c00000000000000000000000000
WVB_EVENT 366 bf7daa6a0000000063b60c000000000001001e0000000000
WVB_EVENT 367 bf7daa6a0000000063b60c00000000000000000000000000
WVB_EVENT 368 bf7daa6a000000008eb60c000000000001001e0001000000
WVB_EVENT 369 bf7daa6a000000008eb60c00000000000000000000000000
WVB_EVENT 370 bf7daa6a00000000b8b60c000000000001001e0000000000
WVB_EVENT 371 bf7daa6a00000000b8b60c00000000000000000000000000
WVB_EVENT 372 bf7daa6a00000000e4b60c000000000001001e0001000000
WVB_EVENT 373 bf7daa6a00000000e4b60c00000000000000000000000000
WVB_EVENT 374 bf7daa6a000000000eb70c000000000001001e0000000000
WVB_EVENT 375 bf7daa6a000000000eb70c00000000000000000000000000
WVB_EVENT 376 bf7daa6a000000003ab70c000000000001001e0001000000
WVB_EVENT 377 bf7daa6a000000003ab70c00000000000000000000000000
WVB_EVENT 378 bf7daa6a0000000064b70c000000000001001e0000000000
WVB_EVENT 379 bf7daa6a0000000064b70c00000000000000000000000000
WVB_EVENT 380 bf7daa6a000000008fb70c000000000001001e0001000000
WVB_EVENT 381 bf7daa6a000000008fb70c00000000000000000000000000
WVB_EVENT 382 bf7daa6a00000000b9b70c000000000001001e0000000000
WVB_EVENT 383 bf7daa6a00000000b9b70c00000000000000000000000000
WVB_EVENT 384 bf7daa6a00000000e5b70c000000000001001e0001000000
WVB_EVENT 385 bf7daa6a00000000e5b70c00000000000000000000000000
WVB_EVENT 386 bf7daa6a000000000fb80c000000000001001e0000000000
WVB_EVENT 387 bf7daa6a000000000fb80c00000000000000000000000000
WVB_EVENT 388 bf7daa6a000000003ab80c000000000001001e0001000000
WVB_EVENT 389 bf7daa6a000000003ab80c00000000000000000000000000
WVB_EVENT 390 bf7daa6a0000000065b80c000000000001001e0000000000
WVB_EVENT 391 bf7daa6a0000000065b80c00000000000000000000000000
WVB_EVENT 392 bf7daa6a0000000090b80c000000000001001e0001000000
WVB_EVENT 393 bf7daa6a0000000090b80c00000000000000000000000000
WVB_EVENT 394 bf7daa6a00000000bab80c000000000001001e0000000000
WVB_EVENT 395 bf7daa6a00000000bab80c00000000000000000000000000
WVB_EVENT 396 bf7daa6a00000000e6b80c000000000001001e0001000000
WVB_EVENT 397 bf7daa6a00000000e6b80c00000000000000000000000000
WVB_EVENT 398 bf7daa6a0000000010b90c000000000001001e0000000000
WVB_EVENT 399 bf7daa6a0000000010b90c00000000000000000000000000
WVB_EVENT 400 bf7daa6a000000003bb90c000000000001001e0001000000
WVB_EVENT 401 bf7daa6a000000003bb90c00000000000000000000000000
WVB_EVENT 402 bf7daa6a0000000066b90c000000000001001e0000000000
WVB_EVENT 403 bf7daa6a0000000066b90c00000000000000000000000000
WVB_EVENT 404 bf7daa6a0000000091b90c000000000001001e0001000000
WVB_EVENT 405 bf7daa6a0000000091b90c00000000000000000000000000
WVB_EVENT 406 bf7daa6a00000000bbb90c000000000001001e0000000000
WVB_EVENT 407 bf7daa6a00000000bbb90c00000000000000000000000000
WVB_EVENT 408 bf7daa6a00000000e7b90c000000000001001e0001000000
WVB_EVENT 409 bf7daa6a00000000e7b90c00000000000000000000000000
WVB_EVENT 410 bf7daa6a0000000011ba0c000000000001001e0000000000
WVB_EVENT 411 bf7daa6a0000000011ba0c00000000000000000000000000
WVB_EVENT 412 bf7daa6a000000003cba0c000000000001001e0001000000
WVB_EVENT 413 bf7daa6a000000003cba0c00000000000000000000000000
WVB_EVENT 414 bf7daa6a0000000067ba0c000000000001001e0000000000
WVB_EVENT 415 bf7daa6a0000000067ba0c00000000000000000000000000
WVB_EVENT 416 bf7daa6a0000000092ba0c000000000001001e0001000000
WVB_EVENT 417 bf7daa6a0000000092ba0c00000000000000000000000000
WVB_EVENT 418 bf7daa6a00000000bcba0c000000000001001e0000000000
WVB_EVENT 419 bf7daa6a00000000bcba0c00000000000000000000000000
WVB_EVENT 420 bf7daa6a00000000e8ba0c000000000001001e0001000000
WVB_EVENT 421 bf7daa6a00000000e8ba0c00000000000000000000000000
WVB_EVENT 422 bf7daa6a0000000012bb0c000000000001001e0000000000
WVB_EVENT 423 bf7daa6a0000000012bb0c00000000000000000000000000
WVB_EVENT 424 bf7daa6a000000003dbb0c000000000001001e0001000000
WVB_EVENT 425 bf7daa6a000000003dbb0c00000000000000000000000000
WVB_EVENT 426 bf7daa6a0000000068bb0c000000000001001e0000000000
WVB_EVENT 427 bf7daa6a0000000068bb0c00000000000000000000000000
WVB_EVENT 428 bf7daa6a0000000093bb0c000000000001001e0001000000
WVB_EVENT 429 bf7daa6a0000000093bb0c00000000000000000000000000
WVB_EVENT 430 bf7daa6a00000000bdbb0c000000000001001e0000000000
WVB_EVENT 431 bf7daa6a00000000bdbb0c00000000000000000000000000
WVB_EVENT 432 bf7daa6a00000000e9bb0c000000000001001e0001000000
WVB_EVENT 433 bf7daa6a00000000e9bb0c00000000000000000000000000
WVB_EVENT 434 bf7daa6a0000000013bc0c000000000001001e0000000000
WVB_EVENT 435 bf7daa6a0000000013bc0c00000000000000000000000000
WVB_EVENT 436 bf7daa6a000000003ebc0c000000000001001e0001000000
WVB_EVENT 437 bf7daa6a000000003ebc0c00000000000000000000000000
WVB_EVENT 438 bf7daa6a0000000069bc0c000000000001001e0000000000
WVB_EVENT 439 bf7daa6a0000000069bc0c00000000000000000000000000
WVB_EVENT 440 bf7daa6a0000000094bc0c000000000001001e0001000000
WVB_EVENT 441 bf7daa6a0000000094bc0c00000000000000000000000000
WVB_EVENT 442 bf7daa6a00000000bebc0c000000000001001e0000000000
WVB_EVENT 443 bf7daa6a00000000bebc0c00000000000000000000000000
WVB_EVENT 444 bf7daa6a00000000eabc0c000000000001001e0001000000
WVB_EVENT 445 bf7daa6a00000000eabc0c00000000000000000000000000
WVB_EVENT 446 bf7daa6a0000000014bd0c000000000001001e0000000000
WVB_EVENT 447 bf7daa6a0000000014bd0c00000000000000000000000000
WVB_EVENT 448 bf7daa6a000000003fbd0c000000000001001e0001000000
WVB_EVENT 449 bf7daa6a000000003fbd0c00000000000000000000000000
WVB_EVENT 450 bf7daa6a0000000069bd0c000000000001001e0000000000
WVB_EVENT 451 bf7daa6a0000000069bd0c00000000000000000000000000
WVB_EVENT 452 bf7daa6a0000000095bd0c000000000001001e0001000000
WVB_EVENT 453 bf7daa6a0000000095bd0c00000000000000000000000000
WVB_EVENT 454 bf7daa6a00000000bfbd0c000000000001001e0000000000
WVB_EVENT 455 bf7daa6a00000000bfbd0c00000000000000000000000000
WVB_EVENT 456 bf7daa6a00000000ebbd0c000000000001001e0001000000
WVB_EVENT 457 bf7daa6a00000000ebbd0c00000000000000000000000000
WVB_EVENT 458 bf7daa6a0000000015be0c000000000001001e0000000000
WVB_EVENT 459 bf7daa6a0000000015be0c00000000000000000000000000
WVB_EVENT 460 bf7daa6a0000000040be0c000000000001001e0001000000
WVB_EVENT 461 bf7daa6a0000000040be0c00000000000000000000000000
WVB_EVENT 462 bf7daa6a000000006abe0c000000000001001e0000000000
WVB_EVENT 463 bf7daa6a000000006abe0c00000000000000000000000000
WVB_EVENT 464 bf7daa6a0000000096be0c000000000001001e0001000000
WVB_EVENT 465 bf7daa6a0000000096be0c00000000000000000000000000
WVB_EVENT 466 bf7daa6a00000000c0be0c000000000001001e0000000000
WVB_EVENT 467 bf7daa6a00000000c0be0c00000000000000000000000000
WVB_EVENT 468 bf7daa6a00000000ebbe0c000000000001001e0001000000
WVB_EVENT 469 bf7daa6a00000000ebbe0c00000000000000000000000000
WVB_EVENT 470 bf7daa6a0000000016bf0c000000000001001e0000000000
WVB_EVENT 471 bf7daa6a0000000016bf0c00000000000000000000000000
WVB_EVENT 472 bf7daa6a0000000041bf0c000000000001001e0001000000
WVB_EVENT 473 bf7daa6a0000000041bf0c00000000000000000000000000
WVB_EVENT 474 bf7daa6a000000006bbf0c000000000001001e0000000000
WVB_EVENT 475 bf7daa6a000000006bbf0c00000000000000000000000000
WVB_EVENT 476 bf7daa6a0000000097bf0c000000000001001e0001000000
WVB_EVENT 477 bf7daa6a0000000097bf0c00000000000000000000000000
WVB_EVENT 478 bf7daa6a00000000c1bf0c000000000001001e0000000000
WVB_EVENT 479 bf7daa6a00000000c1bf0c00000000000000000000000000
WVB_EVENT 480 bf7daa6a00000000ecbf0c000000000001001e0001000000
WVB_EVENT 481 bf7daa6a00000000ecbf0c00000000000000000000000000
WVB_EVENT 482 bf7daa6a0000000017c00c000000000001001e0000000000
WVB_EVENT 483 bf7daa6a0000000017c00c00000000000000000000000000
WVB_EVENT 484 bf7daa6a0000000042c00c000000000001001e0001000000
WVB_EVENT 485 bf7daa6a0000000042c00c00000000000000000000000000
WVB_EVENT 486 bf7daa6a000000006cc00c000000000001001e0000000000
WVB_EVENT 487 bf7daa6a000000006cc00c00000000000000000000000000
WVB_EVENT 488 bf7daa6a0000000098c00c000000000001001e0001000000
WVB_EVENT 489 bf7daa6a0000000098c00c00000000000000000000000000
WVB_EVENT 490 bf7daa6a00000000c2c00c000000000001001e0000000000
WVB_EVENT 491 bf7daa6a00000000c2c00c00000000000000000000000000
WVB_EVENT 492 bf7daa6a00000000edc00c000000000001001e0001000000
WVB_EVENT 493 bf7daa6a00000000edc00c00000000000000000000000000
WVB_EVENT 494 bf7daa6a0000000018c10c000000000001001e0000000000
WVB_EVENT 495 bf7daa6a0000000018c10c00000000000000000000000000
WVB_EVENT 496 bf7daa6a0000000043c10c000000000001001e0001000000
WVB_EVENT 497 bf7daa6a0000000043c10c00000000000000000000000000
WVB_EVENT 498 bf7daa6a000000006dc10c000000000001001e0000000000
WVB_EVENT 499 bf7daa6a000000006dc10c00000000000000000000000000
WVB_EVENT 500 bf7daa6a0000000099c10c000000000001001e0001000000
WVB_EVENT 501 bf7daa6a0000000099c10c00000000000000000000000000
WVB_EVENT 502 bf7daa6a00000000c3c10c000000000001001e0000000000
WVB_EVENT 503 bf7daa6a00000000c3c10c00000000000000000000000000
WVB_EVENT 504 bf7daa6a00000000eec10c000000000001001e0001000000
WVB_EVENT 505 bf7daa6a00000000eec10c00000000000000000000000000
WVB_EVENT 506 bf7daa6a0000000019c20c000000000001001e0000000000
WVB_EVENT 507 bf7daa6a0000000019c20c00000000000000000000000000
WVB_EVENT 508 bf7daa6a0000000044c20c000000000001001e0001000000
WVB_EVENT 509 bf7daa6a0000000044c20c00000000000000000000000000
WVB_EVENT 510 bf7daa6a000000006ec20c000000000001001e0000000000
WVB_EVENT 511 bf7daa6a000000006ec20c00000000000000000000000000
WVB_EVENT 512 bf7daa6a000000009ac20c000000000001001e0001000000
WVB_EVENT 513 bf7daa6a000000009ac20c00000000000000000000000000
WVB_EVENT 514 bf7daa6a00000000c4c20c000000000001001e0000000000
WVB_EVENT 515 bf7daa6a00000000c4c20c00000000000000000000000000
WVB_EVENT 516 bf7daa6a00000000efc20c000000000001001e0001000000
WVB_EVENT 517 bf7daa6a00000000efc20c00000000000000000000000000
WVB_EVENT 518 bf7daa6a000000001ac30c000000000001001e0000000000
WVB_EVENT 519 bf7daa6a000000001ac30c00000000000000000000000000
WVB_EVENT 520 bf7daa6a0000000045c30c000000000001001e0001000000
WVB_EVENT 521 bf7daa6a0000000045c30c00000000000000000000000000
WVB_EVENT 522 bf7daa6a000000006fc30c000000000001001e0000000000
WVB_EVENT 523 bf7daa6a000000006fc30c00000000000000000000000000
WVB_EVENT 524 bf7daa6a000000009bc30c000000000001001e0001000000
WVB_EVENT 525 bf7daa6a000000009bc30c00000000000000000000000000
WVB_EVENT 526 bf7daa6a00000000c5c30c000000000001001e0000000000
WVB_EVENT 527 bf7daa6a00000000c5c30c00000000000000000000000000
WVB_EVENT 528 bf7daa6a00000000f0c30c000000000001001e0001000000
WVB_EVENT 529 bf7daa6a00000000f0c30c00000000000000000000000000
WVB_EVENT 530 bf7daa6a000000001ac40c000000000001001e0000000000
WVB_EVENT 531 bf7daa6a000000001ac40c00000000000000000000000000
WVB_EVENT 532 bf7daa6a0000000046c40c000000000001001e0001000000
WVB_EVENT 533 bf7daa6a0000000046c40c00000000000000000000000000
WVB_EVENT 534 bf7daa6a0000000070c40c000000000001001e0000000000
WVB_EVENT 535 bf7daa6a0000000070c40c00000000000000000000000000
WVB_EVENT 536 bf7daa6a000000009cc40c000000000001001e0001000000
WVB_EVENT 537 bf7daa6a000000009cc40c00000000000000000000000000
WVB_EVENT 538 bf7daa6a00000000c6c40c000000000001001e0000000000
WVB_EVENT 539 bf7daa6a00000000c6c40c00000000000000000000000000
WVB_EVENT 540 bf7daa6a00000000f1c40c000000000001001e0001000000
WVB_EVENT 541 bf7daa6a00000000f1c40c00000000000000000000000000
WVB_EVENT 542 bf7daa6a000000001bc50c000000000001001e0000000000
WVB_EVENT 543 bf7daa6a000000001bc50c00000000000000000000000000
WVB_EVENT 544 bf7daa6a0000000047c50c000000000001001e0001000000
WVB_EVENT 545 bf7daa6a0000000047c50c00000000000000000000000000
WVB_EVENT 546 bf7daa6a0000000071c50c000000000001001e0000000000
WVB_EVENT 547 bf7daa6a0000000071c50c00000000000000000000000000
WVB_EVENT 548 bf7daa6a000000009cc50c000000000001001e0001000000
WVB_EVENT 549 bf7daa6a000000009cc50c00000000000000000000000000
WVB_EVENT 550 bf7daa6a00000000c7c50c000000000001001e0000000000
WVB_EVENT 551 bf7daa6a00000000c7c50c00000000000000000000000000
WVB_EVENT 552 bf7daa6a00000000f2c50c000000000001001e0001000000
WVB_EVENT 553 bf7daa6a00000000f2c50c00000000000000000000000000
WVB_EVENT 554 bf7daa6a000000001cc60c000000000001001e0000000000
WVB_EVENT 555 bf7daa6a000000001cc60c00000000000000000000000000
WVB_EVENT 556 bf7daa6a0000000048c60c000000000001001e0001000000
WVB_EVENT 557 bf7daa6a0000000048c60c00000000000000000000000000
WVB_EVENT 558 bf7daa6a0000000072c60c000000000001001e0000000000
WVB_EVENT 559 bf7daa6a0000000072c60c00000000000000000000000000
WVB_EVENT 560 bf7daa6a000000009dc60c000000000001001e0001000000
WVB_EVENT 561 bf7daa6a000000009dc60c00000000000000000000000000
WVB_EVENT 562 bf7daa6a00000000c8c60c000000000001001e0000000000
WVB_EVENT 563 bf7daa6a00000000c8c60c00000000000000000000000000
WVB_EVENT 564 bf7daa6a00000000f3c60c000000000001001e0001000000
WVB_EVENT 565 bf7daa6a00000000f3c60c00000000000000000000000000
WVB_EVENT 566 bf7daa6a000000001dc70c000000000001001e0000000000
WVB_EVENT 567 bf7daa6a000000001dc70c00000000000000000000000000
WVB_EVENT 568 bf7daa6a0000000049c70c000000000001001e0001000000
WVB_EVENT 569 bf7daa6a0000000049c70c00000000000000000000000000
WVB_EVENT 570 bf7daa6a0000000073c70c000000000001001e0000000000
WVB_EVENT 571 bf7daa6a0000000073c70c00000000000000000000000000
WVB_EVENT 572 bf7daa6a000000009ec70c000000000001001e0001000000
WVB_EVENT 573 bf7daa6a000000009ec70c00000000000000000000000000
WVB_EVENT 574 bf7daa6a00000000c9c70c000000000001001e0000000000
WVB_EVENT 575 bf7daa6a00000000c9c70c00000000000000000000000000
WVB_EVENT 576 bf7daa6a00000000f4c70c000000000001001e0001000000
WVB_EVENT 577 bf7daa6a00000000f4c70c00000000000000000000000000
WVB_EVENT 578 bf7daa6a000000001ec80c000000000001001e0000000000
WVB_EVENT 579 bf7daa6a000000001ec80c00000000000000000000000000
WVB_EVENT 580 bf7daa6a000000004ac80c000000000001001e0001000000
WVB_EVENT 581 bf7daa6a000000004ac80c00000000000000000000000000
WVB_EVENT 582 bf7daa6a0000000074c80c000000000001001e0000000000
WVB_EVENT 583 bf7daa6a0000000074c80c00000000000000000000000000
WVB_EVENT 584 bf7daa6a000000009fc80c000000000001001e0001000000
WVB_EVENT 585 bf7daa6a000000009fc80c00000000000000000000000000
WVB_EVENT 586 bf7daa6a00000000cac80c000000000001001e0000000000
WVB_EVENT 587 bf7daa6a00000000cac80c00000000000000000000000000
WVB_EVENT 588 bf7daa6a00000000f5c80c000000000001001e0001000000
WVB_EVENT 589 bf7daa6a00000000f5c80c00000000000000000000000000
WVB_EVENT 590 bf7daa6a000000001fc90c000000000001001e0000000000
WVB_EVENT 591 bf7daa6a000000001fc90c00000000000000000000000000
WVB_EVENT 592 bf7daa6a000000004bc90c000000000001001e0001000000
WVB_EVENT 593 bf7daa6a000000004bc90c00000000000000000000000000
WVB_EVENT 594 bf7daa6a0000000075c90c000000000001001e0000000000
WVB_EVENT 595 bf7daa6a0000000075c90c00000000000000000000000000
WVB_EVENT 596 bf7daa6a00000000a0c90c000000000001001e0001000000
WVB_EVENT 597 bf7daa6a00000000a0c90c00000000000000000000000000
WVB_EVENT 598 bf7daa6a00000000cbc90c000000000001001e0000000000
WVB_EVENT 599 bf7daa6a00000000cbc90c00000000000000000000000000
WVB_EVENT 600 bf7daa6a00000000f6c90c000000000001001e0001000000
WVB_EVENT 601 bf7daa6a00000000f6c90c00000000000000000000000000
WVB_EVENT 602 bf7daa6a0000000020ca0c000000000001001e0000000000
WVB_EVENT 603 bf7daa6a0000000020ca0c00000000000000000000000000
WVB_EVENT 604 bf7daa6a000000004cca0c000000000001001e0001000000
WVB_EVENT 605 bf7daa6a000000004cca0c00000000000000000000000000
WVB_EVENT 606 bf7daa6a0000000076ca0c000000000001001e0000000000
WVB_EVENT 607 bf7daa6a0000000076ca0c00000000000000000000000000
WVB_EVENT 608 bf7daa6a00000000a1ca0c000000000001001e0001000000
WVB_EVENT 609 bf7daa6a00000000a1ca0c00000000000000000000000000
WVB_EVENT 610 bf7daa6a00000000cbca0c000000000001001e0000000000
WVB_EVENT 611 bf7daa6a00000000cbca0c00000000000000000000000000
WVB_EVENT 612 bf7daa6a00000000f7ca0c000000000001001e0001000000
WVB_EVENT 613 bf7daa6a00000000f7ca0c00000000000000000000000000
WVB_EVENT 614 bf7daa6a0000000021cb0c000000000001001e0000000000
WVB_EVENT 615 bf7daa6a0000000021cb0c00000000000000000000000000
WVB_EVENT 616 bf7daa6a000000004dcb0c000000000001001e0001000000
WVB_EVENT 617 bf7daa6a000000004dcb0c000000000000[    3.999226] random: crng init done
00000000000000
WVB_EVENT 618 bf7daa6a0000000077cb0c000000000001001e0000000000
WVB_EVENT 619 bf7daa6a0000000077cb0c00000000000000000000000000
WVB_EVENT 620 bf7daa6a00000000a2cb0c000000000001001e0001000000
WVB_EVENT 621 bf7daa6a00000000a2cb0c00000000000000000000000000
WVB_EVENT 622 bf7daa6a00000000cccb0c000000000001001e0000000000
WVB_EVENT 623 bf7daa6a00000000cccb0c00000000000000000000000000
WVB_EVENT 624 bf7daa6a00000000f8cb0c000000000001001e0001000000
WVB_EVENT 625 bf7daa6a00000000f8cb0c00000000000000000000000000
WVB_EVENT 626 bf7daa6a0000000022cc0c000000000001001e0000000000
WVB_EVENT 627 bf7daa6a0000000022cc0c00000000000000000000000000
WVB_EVENT 628 bf7daa6a000000004dcc0c000000000001001e0001000000
WVB_EVENT 629 bf7daa6a000000004dcc0c00000000000000000000000000
WVB_EVENT 630 bf7daa6a0000000078cc0c000000000001001e0000000000
WVB_EVENT 631 bf7daa6a0000000078cc0c00000000000000000000000000
WVB_EVENT 632 bf7daa6a00000000a3cc0c000000000001001e0001000000
WVB_EVENT 633 bf7daa6a00000000a3cc0c00000000000000000000000000
WVB_EVENT 634 bf7daa6a00000000cdcc0c000000000001001e0000000000
WVB_EVENT 635 bf7daa6a00000000cdcc0c00000000000000000000000000
WVB_EVENT 636 bf7daa6a00000000f9cc0c000000000001001e0001000000
WVB_EVENT 637 bf7daa6a00000000f9cc0c00000000000000000000000000
WVB_EVENT 638 bf7daa6a0000000023cd0c000000000001001e0000000000
WVB_EVENT 639 bf7daa6a0000000023cd0c00000000000000000000000000
WVB_EVENT 640 bf7daa6a000000004ecd0c000000000001001e0001000000
WVB_EVENT 641 bf7daa6a000000004ecd0c00000000000000000000000000
WVB_EVENT 642 bf7daa6a0000000079cd0c000000000001001e0000000000
WVB_EVENT 643 bf7daa6a0000000079cd0c00000000000000000000000000
WVB_EVENT 644 bf7daa6a00000000a4cd0c000000000001001e0001000000
WVB_EVENT 645 bf7daa6a00000000a4cd0c00000000000000000000000000
WVB_EVENT 646 bf7daa6a00000000cecd0c000000000001001e0000000000
WVB_EVENT 647 bf7daa6a00000000cecd0c00000000000000000000000000
WVB_EVENT 648 bf7daa6a00000000facd0c000000000001001e0001000000
WVB_EVENT 649 bf7daa6a00000000facd0c00000000000000000000000000
WVB_EVENT 650 bf7daa6a0000000024ce0c000000000001001e0000000000
WVB_EVENT 651 bf7daa6a0000000024ce0c00000000000000000000000000
WVB_EVENT 652 bf7daa6a000000004fce0c000000000001001e0001000000
WVB_EVENT 653 bf7daa6a000000004fce0c00000000000000000000000000
WVB_EVENT 654 bf7daa6a000000007ace0c000000000001001e0000000000
WVB_EVENT 655 bf7daa6a000000007ace0c00000000000000000000000000
WVB_EVENT 656 bf7daa6a00000000a5ce0c000000000001001e0001000000
WVB_EVENT 657 bf7daa6a00000000a5ce0c00000000000000000000000000
WVB_EVENT 658 bf7daa6a00000000cfce0c000000000001001e0000000000
WVB_EVENT 659 bf7daa6a00000000cfce0c00000000000000000000000000
WVB_EVENT 660 bf7daa6a00000000fbce0c000000000001001e0001000000
WVB_EVENT 661 bf7daa6a00000000fbce0c00000000000000000000000000
WVB_EVENT 662 bf7daa6a0000000025cf0c000000000001001e0000000000
WVB_EVENT 663 bf7daa6a0000000025cf0c00000000000000000000000000
WVB_EVENT 664 bf7daa6a0000000050cf0c000000000001001e0001000000
WVB_EVENT 665 bf7daa6a0000000050cf0c00000000000000000000000000
WVB_EVENT 666 bf7daa6a000000007bcf0c000000000001001e0000000000
WVB_EVENT 667 bf7daa6a000000007bcf0c00000000000000000000000000
WVB_EVENT 668 bf7daa6a00000000a6cf0c000000000001001e0001000000
WVB_EVENT 669 bf7daa6a00000000a6cf0c00000000000000000000000000
WVB_EVENT 670 bf7daa6a00000000d0cf0c000000000001001e0000000000
WVB_EVENT 671 bf7daa6a00000000d0cf0c00000000000000000000000000
WVB_EVENT 672 bf7daa6a00000000fccf0c000000000001001e0001000000
WVB_EVENT 673 bf7daa6a00000000fccf0c00000000000000000000000000
WVB_EVENT 674 bf7daa6a0000000026d00c000000000001001e0000000000
WVB_EVENT 675 bf7daa6a0000000026d00c00000000000000000000000000
WVB_EVENT 676 bf7daa6a0000000051d00c000000000001001e0001000000
WVB_EVENT 677 bf7daa6a0000000051d00c00000000000000000000000000
WVB_EVENT 678 bf7daa6a000000007cd00c000000000001001e0000000000
WVB_EVENT 679 bf7daa6a000000007cd00c00000000000000000000000000
WVB_EVENT 680 bf7daa6a00000000a7d00c000000000001001e0001000000
WVB_EVENT 681 bf7daa6a00000000a7d00c00000000000000000000000000
WVB_EVENT 682 bf7daa6a00000000d1d00c000000000001001e0000000000
WVB_EVENT 683 bf7daa6a00000000d1d00c00000000000000000000000000
WVB_EVENT 684 bf7daa6a00000000fdd00c000000000001001e0001000000
WVB_EVENT 685 bf7daa6a00000000fdd00c00000000000000000000000000
WVB_EVENT 686 bf7daa6a0000000027d10c000000000001001e0000000000
WVB_EVENT 687 bf7daa6a0000000027d10c00000000000000000000000000
WVB_EVENT 688 bf7daa6a0000000052d10c000000000001001e0001000000
WVB_EVENT 689 bf7daa6a0000000052d10c00000000000000000000000000
WVB_EVENT 690 bf7daa6a000000007cd10c000000000001001e0000000000
WVB_EVENT 691 bf7daa6a000000007cd10c00000000000000000000000000
WVB_EVENT 692 bf7daa6a00000000a8d10c000000000001001e0001000000
WVB_EVENT 693 bf7daa6a00000000a8d10c00000000000000000000000000
WVB_EVENT 694 bf7daa6a00000000d2d10c000000000001001e0000000000
WVB_EVENT 695 bf7daa6a00000000d2d10c00000000000000000000000000
WVB_EVENT 696 bf7daa6a00000000fed10c000000000001001e0001000000
WVB_EVENT 697 bf7daa6a00000000fed10c00000000000000000000000000
WVB_EVENT 698 bf7daa6a0000000028d20c000000000001001e0000000000
WVB_EVENT 699 bf7daa6a0000000028d20c00000000000000000000000000
WVB_EVENT 700 bf7daa6a0000000053d20c000000000001001e0001000000
WVB_EVENT 701 bf7daa6a0000000053d20c00000000000000000000000000
WVB_EVENT 702 bf7daa6a000000007dd20c000000000001001e0000000000
WVB_EVENT 703 bf7daa6a000000007dd20c00000000000000000000000000
WVB_EVENT 704 bf7daa6a00000000a9d20c000000000001001e0001000000
WVB_EVENT 705 bf7daa6a00000000a9d20c00000000000000000000000000
WVB_EVENT 706 bf7daa6a00000000d3d20c000000000001001e0000000000
WVB_EVENT 707 bf7daa6a00000000d3d20c00000000000000000000000000
WVB_EVENT 708 bf7daa6a00000000fed20c000000000001001e0001000000
WVB_EVENT 709 bf7daa6a00000000fed20c00000000000000000000000000
WVB_EVENT 710 bf7daa6a0000000029d30c000000000001001e0000000000
WVB_EVENT 711 bf7daa6a0000000029d30c00000000000000000000000000
WVB_EVENT 712 bf7daa6a0000000054d30c000000000001001e0001000000
WVB_EVENT 713 bf7daa6a0000000054d30c00000000000000000000000000
WVB_EVENT 714 bf7daa6a000000007ed30c000000000001001e0000000000
WVB_EVENT 715 bf7daa6a000000007ed30c00000000000000000000000000
WVB_EVENT 716 bf7daa6a00000000aad30c000000000001001e0001000000
WVB_EVENT 717 bf7daa6a00000000aad30c00000000000000000000000000
WVB_EVENT 718 bf7daa6a00000000d4d30c000000000001001e0000000000
WVB_EVENT 719 bf7daa6a00000000d4d30c00000000000000000000000000
WVB_EVENT 720 bf7daa6a00000000ffd30c000000000001001e0001000000
WVB_EVENT 721 bf7daa6a00000000ffd30c00000000000000000000000000
WVB_EVENT 722 bf7daa6a000000002ad40c000000000001001e0000000000
WVB_EVENT 723 bf7daa6a000000002ad40c00000000000000000000000000
WVB_EVENT 724 bf7daa6a0000000055d40c000000000001001e0001000000
WVB_EVENT 725 bf7daa6a0000000055d40c00000000000000000000000000
WVB_EVENT 726 bf7daa6a000000007fd40c000000000001001e0000000000
WVB_EVENT 727 bf7daa6a000000007fd40c00000000000000000000000000
WVB_EVENT 728 bf7daa6a00000000abd40c000000000001001e0001000000
WVB_EVENT 729 bf7daa6a00000000abd40c00000000000000000000000000
WVB_EVENT 730 bf7daa6a00000000d5d40c000000000001001e0000000000
WVB_EVENT 731 bf7daa6a00000000d5d40c00000000000000000000000000
WVB_EVENT 732 bf7daa6a0000000000d50c000000000001001e0001000000
WVB_EVENT 733 bf7daa6a0000000000d50c00000000000000000000000000
WVB_EVENT 734 bf7daa6a000000002bd50c000000000001001e0000000000
WVB_EVENT 735 bf7daa6a000000002bd50c00000000000000000000000000
WVB_EVENT 736 bf7daa6a0000000056d50c000000000001001e0001000000
WVB_EVENT 737 bf7daa6a0000000056d50c00000000000000000000000000
WVB_EVENT 738 bf7daa6a0000000080d50c000000000001001e0000000000
WVB_EVENT 739 bf7daa6a0000000080d50c00000000000000000000000000
WVB_EVENT 740 bf7daa6a00000000acd50c000000000001001e0001000000
WVB_EVENT 741 bf7daa6a00000000acd50c00000000000000000000000000
WVB_EVENT 742 bf7daa6a00000000d6d50c000000000001001e0000000000
WVB_EVENT 743 bf7daa6a00000000d6d50c00000000000000000000000000
WVB_EVENT 744 bf7daa6a0000000001d60c000000000001001e0001000000
WVB_EVENT 745 bf7daa6a0000000001d60c00000000000000000000000000
WVB_EVENT 746 bf7daa6a000000002cd60c000000000001001e0000000000
WVB_EVENT 747 bf7daa6a000000002cd60c00000000000000000000000000
WVB_EVENT 748 bf7daa6a0000000057d60c000000000001001e0001000000
WVB_EVENT 749 bf7daa6a0000000057d60c00000000000000000000000000
WVB_EVENT 750 bf7daa6a0000000081d60c000000000001001e0000000000
WVB_EVENT 751 bf7daa6a0000000081d60c00000000000000000000000000
WVB_EVENT 752 bf7daa6a00000000add60c000000000001001e0001000000
WVB_EVENT 753 bf7daa6a00000000add60c00000000000000000000000000
WVB_EVENT 754 bf7daa6a00000000d7d60c000000000001001e0000000000
WVB_EVENT 755 bf7daa6a00000000d7d60c00000000000000000000000000
WVB_EVENT 756 bf7daa6a0000000002d70c000000000001001e0001000000
WVB_EVENT 757 bf7daa6a0000000002d70c00000000000000000000000000
WVB_EVENT 758 bf7daa6a000000002dd70c000000000001001e0000000000
WVB_EVENT 759 bf7daa6a000000002dd70c00000000000000000000000000
WVB_EVENT 760 bf7daa6a0000000058d70c000000000001001e0001000000
WVB_EVENT 761 bf7daa6a0000000058d70c00000000000000000000000000
WVB_EVENT 762 bf7daa6a0000000082d70c000000000001001e0000000000
WVB_EVENT 763 bf7daa6a0000000082d70c00000000000000000000000000
WVB_EVENT 764 bf7daa6a00000000aed70c000000000001001e0001000000
WVB_EVENT 765 bf7daa6a00000000aed70c00000000000000000000000000
WVB_EVENT 766 bf7daa6a00000000d8d70c000000000001001e0000000000
WVB_EVENT 767 bf7daa6a00000000d8d70c00000000000000000000000000
WVB_EVENT 768 bf7daa6a0000000003d80c000000000001001e0001000000
WVB_EVENT 769 bf7daa6a0000000003d80c00000000000000000000000000
WVB_EVENT 770 bf7daa6a000000002dd80c000000000001001e0000000000
WVB_EVENT 771 bf7daa6a000000002dd80c00000000000000000000000000
WVB_EVENT 772 bf7daa6a0000000059d80c000000000001001e0001000000
WVB_EVENT 773 bf7daa6a0000000059d80c00000000000000000000000000
WVB_EVENT 774 bf7daa6a0000000083d80c000000000001001e0000000000
WVB_EVENT 775 bf7daa6a0000000083d80c00000000000000000000000000
WVB_EVENT 776 bf7daa6a00000000afd80c000000000001001e0001000000
WVB_EVENT 777 bf7daa6a00000000afd80c00000000000000000000000000
WVB_EVENT 778 bf7daa6a00000000d9d80c000000000001001e0000000000
WVB_EVENT 779 bf7daa6a00000000d9d80c00000000000000000000000000
WVB_EVENT 780 bf7daa6a0000000004d90c000000000001001e0001000000
WVB_EVENT 781 bf7daa6a0000000004d90c00000000000000000000000000
WVB_EVENT 782 bf7daa6a000000002ed90c000000000001001e0000000000
WVB_EVENT 783 bf7daa6a000000002ed90c00000000000000000000000000
WVB_EVENT 784 bf7daa6a000000005ad90c000000000001001e0001000000
WVB_EVENT 785 bf7daa6a000000005ad90c00000000000000000000000000
WVB_EVENT 786 bf7daa6a0000000084d90c000000000001001e0000000000
WVB_EVENT 787 bf7daa6a0000000084d90c00000000000000000000000000
WVB_EVENT 788 bf7daa6a00000000afd90c000000000001001e0001000000
WVB_EVENT 789 bf7daa6a00000000afd90c00000000000000000000000000
WVB_EVENT 790 bf7daa6a00000000dad90c000000000001001e0000000000
WVB_EVENT 791 bf7daa6a00000000dad90c00000000000000000000000000
WVB_EVENT 792 bf7daa6a0000000005da0c000000000001001e0001000000
WVB_EVENT 793 bf7daa6a0000000005da0c00000000000000000000000000
WVB_EVENT 794 bf7daa6a000000002fda0c000000000001001e0000000000
WVB_EVENT 795 bf7daa6a000000002fda0c00000000000000000000000000
WVB_EVENT 796 bf7daa6a000000005bda0c000000000001001e0001000000
WVB_EVENT 797 bf7daa6a000000005bda0c00000000000000000000000000
WVB_EVENT 798 bf7daa6a0000000085da0c000000000001001e0000000000
WVB_EVENT 799 bf7daa6a0000000085da0c00000000000000000000000000
WVB_EVENT 800 bf7daa6a00000000b0da0c000000000001001e0001000000
WVB_EVENT 801 bf7daa6a00000000b0da0c00000000000000000000000000
WVB_EVENT 802 bf7daa6a00000000dbda0c000000000001001e0000000000
WVB_EVENT 803 bf7daa6a00000000dbda0c00000000000000000000000000
WVB_EVENT 804 bf7daa6a0000000006db0c000000000001001e0001000000
WVB_EVENT 805 bf7daa6a0000000006db0c00000000000000000000000000
WVB_EVENT 806 bf7daa6a0000000030db0c000000000001001e0000000000
WVB_EVENT 807 bf7daa6a0000000030db0c00000000000000000000000000
WVB_EVENT 808 bf7daa6a000000005cdb0c000000000001001e0001000000
WVB_EVENT 809 bf7daa6a000000005cdb0c00000000000000000000000000
WVB_EVENT 810 bf7daa6a0000000086db0c000000000001001e0000000000
WVB_EVENT 811 bf7daa6a0000000086db0c00000000000000000000000000
WVB_EVENT 812 bf7daa6a00000000b1db0c000000000001001e0001000000
WVB_EVENT 813 bf7daa6a00000000b1db0c00000000000000000000000000
WVB_EVENT 814 bf7daa6a00000000dcdb0c000000000001001e0000000000
WVB_EVENT 815 bf7daa6a00000000dcdb0c00000000000000000000000000
WVB_EVENT 816 bf7daa6a0000000007dc0c000000000001001e0001000000
WVB_EVENT 817 bf7daa6a0000000007dc0c00000000000000000000000000
WVB_EVENT 818 bf7daa6a0000000031dc0c000000000001001e0000000000
WVB_EVENT 819 bf7daa6a0000000031dc0c00000000000000000000000000
WVB_EVENT 820 bf7daa6a000000005ddc0c000000000001001e0001000000
WVB_EVENT 821 bf7daa6a000000005ddc0c00000000000000000000000000
WVB_EVENT 822 bf7daa6a0000000087dc0c000000000001001e0000000000
WVB_EVENT 823 bf7daa6a0000000087dc0c00000000000000000000000000
WVB_EVENT 824 bf7daa6a00000000b2dc0c000000000001001e0001000000
WVB_EVENT 825 bf7daa6a00000000b2dc0c00000000000000000000000000
WVB_EVENT 826 bf7daa6a00000000dddc0c000000000001001e0000000000
WVB_EVENT 827 bf7daa6a00000000dddc0c00000000000000000000000000
WVB_EVENT 828 bf7daa6a0000000008dd0c000000000001001e0001000000
WVB_EVENT 829 bf7daa6a0000000008dd0c00000000000000000000000000
WVB_EVENT 830 bf7daa6a0000000032dd0c000000000001001e0000000000
WVB_EVENT 831 bf7daa6a0000000032dd0c00000000000000000000000000
WVB_EVENT 832 bf7daa6a000000005edd0c000000000001001e0001000000
WVB_EVENT 833 bf7daa6a000000005edd0c00000000000000000000000000
WVB_EVENT 834 bf7daa6a0000000088dd0c000000000001001e0000000000
WVB_EVENT 835 bf7daa6a0000000088dd0c00000000000000000000000000
WVB_EVENT 836 bf7daa6a00000000b3dd0c000000000001001e0001000000
WVB_EVENT 837 bf7daa6a00000000b3dd0c00000000000000000000000000
WVB_EVENT 838 bf7daa6a00000000dedd0c000000000001001e0000000000
WVB_EVENT 839 bf7daa6a00000000dedd0c00000000000000000000000000
WVB_EVENT 840 bf7daa6a0000000009de0c000000000001001e0001000000
WVB_EVENT 841 bf7daa6a0000000009de0c00000000000000000000000000
WVB_EVENT 842 bf7daa6a0000000033de0c000000000001001e0000000000
WVB_EVENT 843 bf7daa6a0000000033de0c00000000000000000000000000
WVB_EVENT 844 bf7daa6a000000005fde0c000000000001001e0001000000
WVB_EVENT 845 bf7daa6a000000005fde0c00000000000000000000000000
WVB_EVENT 846 bf7daa6a0000000089de0c000000000001001e0000000000
WVB_EVENT 847 bf7daa6a0000000089de0c00000000000000000000000000
WVB_EVENT 848 bf7daa6a00000000b4de0c000000000001001e0001000000
WVB_EVENT 849 bf7daa6a00000000b4de0c00000000000000000000000000
WVB_EVENT 850 bf7daa6a00000000dede0c000000000001001e0000000000
WVB_EVENT 851 bf7daa6a00000000dede0c00000000000000000000000000
WVB_EVENT 852 bf7daa6a000000000adf0c000000000001001e0001000000
WVB_EVENT 853 bf7daa6a000000000adf0c00000000000000000000000000
WVB_EVENT 854 bf7daa6a0000000034df0c000000000001001e0000000000
WVB_EVENT 855 bf7daa6a0000000034df0c00000000000000000000000000
WVB_EVENT 856 bf7daa6a0000000060df0c000000000001001e0001000000
WVB_EVENT 857 bf7daa6a0000000060df0c00000000000000000000000000
WVB_EVENT 858 bf7daa6a000000008adf0c000000000001001e0000000000
WVB_EVENT 859 bf7daa6a000000008adf0c00000000000000000000000000
WVB_EVENT 860 bf7daa6a00000000b5df0c000000000001001e0001000000
WVB_EVENT 861 bf7daa6a00000000b5df0c00000000000000000000000000
WVB_EVENT 862 bf7daa6a00000000dfdf0c000000000001001e0000000000
WVB_EVENT 863 bf7daa6a00000000dfdf0c00000000000000000000000000
WVB_EVENT 864 bf7daa6a000000000be00c000000000001001e0001000000
WVB_EVENT 865 bf7daa6a000000000be00c00000000000000000000000000
WVB_EVENT 866 bf7daa6a0000000035e00c000000000001001e0000000000
WVB_EVENT 867 bf7daa6a0000000035e00c00000000000000000000000000
WVB_EVENT 868 bf7daa6a0000000060e00c000000000001001e0001000000
WVB_EVENT 869 bf7daa6a0000000060e00c00000000000000000000000000
WVB_EVENT 870 bf7daa6a000000008be00c000000000001001e0000000000
WVB_EVENT 871 bf7daa6a000000008be00c00000000000000000000000000
WVB_EVENT 872 bf7daa6a00000000b6e00c000000000001001e0001000000
WVB_EVENT 873 bf7daa6a00000000b6e00c00000000000000000000000000
WVB_EVENT 874 bf7daa6a00000000e0e00c000000000001001e0000000000
WVB_EVENT 875 bf7daa6a00000000e0e00c00000000000000000000000000
WVB_EVENT 876 bf7daa6a000000000ce10c000000000001001e0001000000
WVB_EVENT 877 bf7daa6a000000000ce10c00000000000000000000000000
WVB_EVENT 878 bf7daa6a0000000036e10c000000000001001e0000000000
WVB_EVENT 879 bf7daa6a0000000036e10c00000000000000000000000000
WVB_EVENT 880 bf7daa6a0000000061e10c000000000001001e0001000000
WVB_EVENT 881 bf7daa6a0000000061e10c00000000000000000000000000
WVB_EVENT 882 bf7daa6a000000008ce10c000000000001001e0000000000
WVB_EVENT 883 bf7daa6a000000008ce10c00000000000000000000000000
WVB_EVENT 884 bf7daa6a00000000b7e10c000000000001001e0001000000
WVB_EVENT 885 bf7daa6a00000000b7e10c00000000000000000000000000
WVB_EVENT 886 bf7daa6a00000000e1e10c000000000001001e0000000000
WVB_EVENT 887 bf7daa6a00000000e1e10c00000000000000000000000000
WVB_EVENT 888 bf7daa6a000000000de20c000000000001001e0001000000
WVB_EVENT 889 bf7daa6a000000000de20c00000000000000000000000000
WVB_EVENT 890 bf7daa6a0000000037e20c000000000001001e0000000000
WVB_EVENT 891 bf7daa6a0000000037e20c00000000000000000000000000
WVB_EVENT 892 bf7daa6a0000000062e20c000000000001001e0001000000
WVB_EVENT 893 bf7daa6a0000000062e20c00000000000000000000000000
WVB_EVENT 894 bf7daa6a000000008de20c000000000001001e0000000000
WVB_EVENT 895 bf7daa6a000000008de20c00000000000000000000000000
WVB_EVENT 896 bf7daa6a00000000b8e20c000000000001001e0001000000
WVB_EVENT 897 bf7daa6a00000000b8e20c00000000000000000000000000
WVB_EVENT 898 bf7daa6a00000000e2e20c000000000001001e0000000000
WVB_EVENT 899 bf7daa6a00000000e2e20c00000000000000000000000000
WVB_EVENT 900 bf7daa6a000000000ee30c000000000001001e0001000000
WVB_EVENT 901 bf7daa6a000000000ee30c00000000000000000000000000
WVB_EVENT 902 bf7daa6a0000000038e30c000000000001001e0000000000
WVB_EVENT 903 bf7daa6a0000000038e30c00000000000000000000000000
WVB_EVENT 904 bf7daa6a0000000063e30c000000000001001e0001000000
WVB_EVENT 905 bf7daa6a0000000063e30c00000000000000000000000000
WVB_EVENT 906 bf7daa6a000000008ee30c000000000001001e0000000000
WVB_EVENT 907 bf7daa6a000000008ee30c00000000000000000000000000
WVB_EVENT 908 bf7daa6a00000000b9e30c000000000001001e0001000000
WVB_EVENT 909 bf7daa6a00000000b9e30c00000000000000000000000000
WVB_EVENT 910 bf7daa6a00000000e3e30c000000000001001e0000000000
WVB_EVENT 911 bf7daa6a00000000e3e30c00000000000000000000000000
WVB_EVENT 912 bf7daa6a000000000fe40c000000000001001e0001000000
WVB_EVENT 913 bf7daa6a000000000fe40c00000000000000000000000000
WVB_EVENT 914 bf7daa6a0000000039e40c000000000001001e0000000000
WVB_EVENT 915 bf7daa6a0000000039e40c00000000000000000000000000
WVB_EVENT 916 bf7daa6a0000000064e40c000000000001001e0001000000
WVB_EVENT 917 bf7daa6a0000000064e40c00000000000000000000000000
WVB_EVENT 918 bf7daa6a000000008fe40c000000000001001e0000000000
WVB_EVENT 919 bf7daa6a000000008fe40c00000000000000000000000000
WVB_EVENT 920 bf7daa6a00000000bae40c000000000001001e0001000000
WVB_EVENT 921 bf7daa6a00000000bae40c00000000000000000000000000
WVB_EVENT 922 bf7daa6a00000000e4e40c000000000001001e0000000000
WVB_EVENT 923 bf7daa6a00000000e4e40c00000000000000000000000000
WVB_EVENT 924 bf7daa6a0000000010e50c000000000001001e0001000000
WVB_EVENT 925 bf7daa6a0000000010e50c00000000000000000000000000
WVB_EVENT 926 bf7daa6a000000003ae50c000000000001001e0000000000
WVB_EVENT 927 bf7daa6a000000003ae50c00000000000000000000000000
WVB_EVENT 928 bf7daa6a0000000065e50c000000000001001e0001000000
WVB_EVENT 929 bf7daa6a0000000065e50c00000000000000000000000000
WVB_EVENT 930 bf7daa6a000000008fe50c000000000001001e0000000000
WVB_EVENT 931 bf7daa6a000000008fe50c00000000000000000000000000
WVB_EVENT 932 bf7daa6a00000000bbe50c000000000001001e0001000000
WVB_EVENT 933 bf7daa6a00000000bbe50c00000000000000000000000000
WVB_EVENT 934 bf7daa6a00000000e5e50c000000000001001e0000000000
WVB_EVENT 935 bf7daa6a00000000e5e50c00000000000000000000000000
WVB_EVENT 936 bf7daa6a0000000011e60c000000000001001e0001000000
WVB_EVENT 937 bf7daa6a0000000011e60c00000000000000000000000000
WVB_EVENT 938 bf7daa6a000000003be60c000000000001001e0000000000
WVB_EVENT 939 bf7daa6a000000003be60c00000000000000000000000000
WVB_EVENT 940 bf7daa6a0000000066e60c000000000001001e0001000000
WVB_EVENT 941 bf7daa6a0000000066e60c00000000000000000000000000
WVB_EVENT 942 bf7daa6a0000000090e60c000000000001001e0000000000
WVB_EVENT 943 bf7daa6a0000000090e60c00000000000000000000000000
WVB_EVENT 944 bf7daa6a00000000bce60c000000000001001e0001000000
WVB_EVENT 945 bf7daa6a00000000bce60c00000000000000000000000000
WVB_EVENT 946 bf7daa6a00000000e6e60c000000000001001e0000000000
WVB_EVENT 947 bf7daa6a00000000e6e60c00000000000000000000000000
WVB_EVENT 948 bf7daa6a0000000011e70c000000000001001e0001000000
WVB_EVENT 949 bf7daa6a0000000011e70c00000000000000000000000000
WVB_EVENT 950 bf7daa6a000000003ce70c000000000001001e0000000000
WVB_EVENT 951 bf7daa6a000000003ce70c00000000000000000000000000
WVB_EVENT 952 bf7daa6a0000000067e70c000000000001001e0001000000
WVB_EVENT 953 bf7daa6a0000000067e70c00000000000000000000000000
WVB_EVENT 954 bf7daa6a0000000091e70c000000000001001e0000000000
WVB_EVENT 955 bf7daa6a0000000091e70c00000000000000000000000000
WVB_EVENT 956 bf7daa6a00000000bde70c000000000001001e0001000000
WVB_EVENT 957 bf7daa6a00000000bde70c00000000000000000000000000
WVB_EVENT 958 bf7daa6a00000000e7e70c000000000001001e0000000000
WVB_EVENT 959 bf7daa6a00000000e7e70c00000000000000000000000000
WVB_EVENT 960 bf7daa6a0000000012e80c000000000001001e0001000000
WVB_EVENT 961 bf7daa6a0000000012e80c00000000000000000000000000
WVB_EVENT 962 bf7daa6a000000003de80c000000000001001e0000000000
WVB_EVENT 963 bf7daa6a000000003de80c00000000000000000000000000
WVB_EVENT 964 bf7daa6a0000000068e80c000000000001001e0001000000
WVB_EVENT 965 bf7daa6a0000000068e80c00000000000000000000000000
WVB_EVENT 966 bf7daa6a0000000092e80c000000000001001e0000000000
WVB_EVENT 967 bf7daa6a0000000092e80c00000000000000000000000000
WVB_EVENT 968 bf7daa6a00000000bee80c000000000001001e0001000000
WVB_EVENT 969 bf7daa6a00000000bee80c00000000000000000000000000
WVB_EVENT 970 bf7daa6a00000000e8e80c000000000001001e0000000000
WVB_EVENT 971 bf7daa6a00000000e8e80c00000000000000000000000000
WVB_EVENT 972 bf7daa6a0000000013e90c000000000001001e0001000000
WVB_EVENT 973 bf7daa6a0000000013e90c00000000000000000000000000
WVB_EVENT 974 bf7daa6a000000003ee90c000000000001001e0000000000
WVB_EVENT 975 bf7daa6a000000003ee90c00000000000000000000000000
WVB_EVENT 976 bf7daa6a0000000069e90c000000000001001e0001000000
WVB_EVENT 977 bf7daa6a0000000069e90c00000000000000000000000000
WVB_EVENT 978 bf7daa6a0000000093e90c000000000001001e0000000000
WVB_EVENT 979 bf7daa6a0000000093e90c00000000000000000000000000
WVB_EVENT 980 bf7daa6a00000000bfe90c000000000001001e0001000000
WVB_EVENT 981 bf7daa6a00000000bfe90c00000000000000000000000000
WVB_EVENT 982 bf7daa6a00000000e9e90c000000000001001e0000000000
WVB_EVENT 983 bf7daa6a00000000e9e90c00000000000000000000000000
WVB_EVENT 984 bf7daa6a0000000014ea0c000000000001001e0001000000
WVB_EVENT 985 bf7daa6a0000000014ea0c00000000000000000000000000
WVB_EVENT 986 bf7daa6a000000003fea0c000000000001001e0000000000
WVB_EVENT 987 bf7daa6a000000003fea0c00000000000000000000000000
WVB_EVENT 988 bf7daa6a000000006aea0c000000000001001e0001000000
WVB_EVENT 989 bf7daa6a000000006aea0c00000000000000000000000000
WVB_EVENT 990 bf7daa6a0000000094ea0c000000000001001e0000000000
WVB_EVENT 991 bf7daa6a0000000094ea0c00000000000000000000000000
WVB_EVENT 992 bf7daa6a00000000c0ea0c000000000001001e0001000000
WVB_EVENT 993 bf7daa6a00000000c0ea0c00000000000000000000000000
WVB_EVENT 994 bf7daa6a00000000eaea0c000000000001001e0000000000
WVB_EVENT 995 bf7daa6a00000000eaea0c00000000000000000000000000
WVB_EVENT 996 bf7daa6a0000000015eb0c000000000001001e0001000000
WVB_EVENT 997 bf7daa6a0000000015eb0c00000000000000000000000000
WVB_EVENT 998 bf7daa6a0000000040eb0c000000000001001e0000000000
WVB_EVENT 999 bf7daa6a0000000040eb0c00000000000000000000000000
WVB_EVENT 1000 bf7daa6a000000006beb0c000000000001001e0001000000
WVB_EVENT 1001 bf7daa6a000000006beb0c00000000000000000000000000
WVB_EVENT 1002 bf7daa6a0000000095eb0c000000000001001e0000000000
WVB_EVENT 1003 bf7daa6a0000000095eb0c00000000000000000000000000
WVB_EVENT 1004 bf7daa6a00000000c1eb0c000000000001001e0001000000
WVB_EVENT 1005 bf7daa6a00000000c1eb0c00000000000000000000000000
WVB_EVENT 1006 bf7daa6a00000000ebeb0c000000000001001e0000000000
WVB_EVENT 1007 bf7daa6a00000000ebeb0c00000000000000000000000000
WVB_EVENT 1008 bf7daa6a0000000016ec0c000000000001001e0001000000
WVB_EVENT 1009 bf7daa6a0000000016ec0c00000000000000000000000000
WVB_EVENT 1010 bf7daa6a0000000040ec0c000000000001001e0000000000
WVB_EVENT 1011 bf7daa6a0000000040ec0c00000000000000000000000000
WVB_EVENT 1012 bf7daa6a000000006cec0c000000000001001e0001000000
WVB_EVENT 1013 bf7daa6a000000006cec0c00000000000000000000000000
WVB_EVENT 1014 bf7daa6a0000000096ec0c000000000001001e0000000000
WVB_EVENT 1015 bf7daa6a0000000096ec0c00000000000000000000000000
WVB_EVENT 1016 bf7daa6a00000000c2ec0c000000000001001e0001000000
WVB_EVENT 1017 bf7daa6a00000000c2ec0c00000000000000000000000000
WVB_EVENT 1018 bf7daa6a00000000ecec0c000000000001001e0000000000
WVB_EVENT 1019 bf7daa6a00000000ecec0c00000000000000000000000000
WVB_EVENT 1020 bf7daa6a0000000017ed0c00000000000100300001000000
WVB_EVENT 1021 bf7daa6a0000000017ed0c00000000000000000000000000
WVB_DONE count=1022 eagain=1
[    4.930666] reboot: Power down
