✔ prewarm sync proof rejects cross-TTY marker evidence (0.553291ms)
✔ prewarm clear proof requires a new real frame and focused Foot (0.119375ms)
✔ post-marker presentation helper rejects typing frames (119.014208ms)
✔ candidate mode is explicitly local-only and hash-bound (0.166209ms)
✔ renderer proof binds current Hyprland PID and instance before physical input (0.157958ms)
✔ LP0 is configuration-only evidence and is checked before physical input (0.111125ms)
✔ actual built recording covers served resources and pre-send RPCs, even timed-out ones (0.145084ms)
✔ renderer log parser accepts the real DEBUG suffix labels (0.551708ms)
✔ renderer log parser rejects wrong, missing, ambiguous, and misleading records (0.707334ms)
✔ nonce readback caps every guest RPC by the remaining 120-second deadline (0.186166ms)
✔ unlogged baseline worker evidence is explicitly weaker than a GL label (0.287042ms)
✔ harness-only cold local HTTP selftest serves kernel/chunks and refuses snapshot routes without a browser (214.262208ms)
✔ harness-only actual cold orchestration inspects storage before app and returns after pair without input (3.424ms)
✔ harness-only capture selects exact overlay when both overlay and snapshot databases exist (1.369791ms)
✔ harness-only cold progress TimeoutError is recorded before startup continues to mandatory desktop capture (0.312917ms)
✔ harness-only progress catch propagates non-Playwright errors and verify-mode timeouts (0.285125ms)
✔ harness-only final desktop TimeoutError remains fatal after a tolerated progress timeout (0.092166ms)
✔ harness-only screenshot helper forwards the supplied timeout and keeps the 20-second default (0.152542ms)
✔ actual direct-pair route fences before navigation and never enters physical input (0.689958ms)
✔ input-kernel preparation rejects old running notes before properties and syncs before export (2.040791ms)
✔ AT runtime selection binds both corrected sources and the exact built WASM (3.479083ms)
✔ AS admits only verified AR bytes and leaves old AJ source guards intact (0.449458ms)
✔ AR properties must name its exact restored Foot; the AJ default stays unchanged (1.316166ms)
✔ prepared recycling has one fixed candidate differing from AK only in the existing boolean (1.807667ms)
✔ prepared recycling rejects drift in the actual runtime policy (0.452875ms)
✔ prepared cap-1024 selects only the existing larger residency policy (0.224083ms)
✔ prepared cap-1024 decoded-cache candidate selects only the existing 16384-entry cache (0.231792ms)
✔ prepared cap-1024 decoded-cache JALR-off candidate changes only jalr (0.364ms)
✔ code-page index candidate keeps the exact T03az runtime settings (0.590084ms)
✔ disabled dynamic-publication candidate keeps the exact JALR-off runtime settings (0.175167ms)
✔ trial is local, explicit, fixed-budget and does not accept renderer/timeout tuning (0.245416ms)
✔ residency URLs differ only in the fixed module cap with recycling disabled (0.312084ms)
✔ residency checks the actual selected cap and rejects recycling or policy drift (0.28025ms)
✔ pair driver rejects unknown experiments before starting any arm (2.841666ms)
✔ arm URLs have exactly one policy difference and forbid inherited query tuning (0.264125ms)
✔ all four R3 source bindings and image layout must match (0.318125ms)
✔ actual runtime must match the selected arm with observer/timing off (2.265625ms)
✔ deadline accounts for queue delay and rejects late completion without starting expired work (7.068917ms)
✔ real recorder retains physical-only writing, fixed deadlines, fresh presentation and owned shutdown (1.435667ms)
✔ owned watchdog caps setup and navigation once, and normal close cancels timers (0.832834ms)
✔ offline preparation is separately bounded and cannot extend a physical-input watchdog (1.482833ms)
✔ post-verdict capture has one fixed extra allowance and messages cannot rearm it (0.119625ms)
✔ stalled owned browser/recorder is killed and missing close settles as unconfirmed (0.105666ms)
✔ already exited browser is not killed; watchdog intervention never looks like a normal pass (0.114375ms)
✔ future/invalid navigation cannot extend setup (0.068792ms)
✔ recorder exit cannot orphan its browser or kill an already-exited recorder group (0.109333ms)
✔ exit before stdio close never sends a later watchdog signal to the exited recorder (0.086583ms)
✔ synthetic actual input-trial reaches physical keys without mapped-client/active-window RPCs (26.463625ms)
✔ synthetic actual opaque branch verifies properties before keys and fences after Enter (20.788709ms)
✔ synthetic actual direct-property branch reads all values before keys and fences after Enter (20.659125ms)
✔ synthetic prepared-pair path reads saved settings once and preserves physical-only nonce/deadlines (73.076959ms)
✔ synthetic prepared recycling reuses one post-Enter fence and retains the input deadline (82.548708ms)
✔ synthetic AR input checks loaded kernel before properties and keeps uninstrumented original deadlines (59.051958ms)
✔ synthetic capture and verify retain actual mapped-Foot and active-window checks before keys (3.96175ms)
✔ synthetic missing application readiness or lost canvas focus forbids any key (1.104666ms)
✔ synthetic actual nonce reader rejects mismatched bytes in a successful RPC response (11.692375ms)
✔ synthetic late typing/readback and stale presentation cannot publish success (51.917625ms)
✔ synthetic timing observation uses same-page actual recorded event fields, not probe completion (12.92475ms)
ℹ tests 58
ℹ suites 0
ℹ pass 58
ℹ fail 0
ℹ cancelled 0
ℹ skipped 0
ℹ todo 0
ℹ duration_ms 484.046083
