FAKE_FORWARD init
FAKE_FORWARD context
FAKE_FORWARD context_flags
FAKE_FORWARD create
FAKE_FORWARD write
FAKE_FORWARD write
FAKE_FORWARD read
FAKE_FORWARD read
FAKE_FORWARD submit
FAKE_FORWARD detach
FAKE_FORWARD submit
FAKE_FORWARD attach
FAKE_FORWARD submit
FAKE_FORWARD ctx_attach
FAKE_FORWARD ctx_detach
FAKE_FORWARD unref
FAKE_FORWARD create
FAKE_FORWARD submit
FAKE_FORWARD reset
FAKE_FORWARD submit
FAKE_FORWARD create
FAKE_FORWARD submit
FAKE_FORWARD unref
FAKE_FORWARD fence
FAKE_FORWARD context_fence
FAKE_FORWARD caps
FAKE_FORWARD fill_caps
FAKE_FORWARD caps
FAKE_FORWARD context_destroy
FAKE_FORWARD cleanup
HARNESS_FORWARDING_PASS scenario=happy calls=30
