Cloning into '/private/var/folders/nr/cyvk1qc14jj5c081vj1xts000000gn/T/wasm-vm-original-corpuss-cold-lomtq_rl/wasm-vm'...
done.
HEAD is now at f19544c6 Record original shader closure with independent GPU observations
bash tools/verify-virgl-original-corpus.sh

added 7 packages in 500ms
npm warn install-scripts 1 package has install scripts not yet covered by allowScripts:
npm warn install-scripts   fsevents@2.3.2 (install: (install scripts present))
npm warn install-scripts
npm warn install-scripts Run `npm install-scripts ls` to review, or `npm install-scripts approve <pkg>` to allow.
Resolving SDK version '4.0.22' to 'sdk-releases-bebaf7e50e31865b0724f17eaa52e161e2dfef5a-64bit'
Installing SDK 'sdk-releases-bebaf7e50e31865b0724f17eaa52e161e2dfef5a-64bit'..
Skipped installing node-22.16.0-64bit, already installed.
Skipped installing python-3.13.3-64bit, already installed.
Skipped installing releases-bebaf7e50e31865b0724f17eaa52e161e2dfef5a-64bit, already installed.
All SDK components already installed: 'sdk-releases-bebaf7e50e31865b0724f17eaa52e161e2dfef5a-64bit'.
Resolving SDK version '4.0.22' to 'sdk-releases-bebaf7e50e31865b0724f17eaa52e161e2dfef5a-64bit'
Setting the following tools as active:
   node-22.16.0-64bit
   python-3.13.3-64bit
   releases-bebaf7e50e31865b0724f17eaa52e161e2dfef5a-64bit

Next steps:
- To conveniently access emsdk tools from the command line,
  consider adding the following directories to your PATH:
    /Users/blamy/.cache/wasm-vm/emsdk/4.0.22
    /Users/blamy/.cache/wasm-vm/emsdk/4.0.22/upstream/emscripten
- This can be done for the current shell by running:
    source "/Users/blamy/.cache/wasm-vm/emsdk/4.0.22/emsdk_env.sh"
- Configure emsdk in your shell startup scripts by running:
    echo 'source "/Users/blamy/.cache/wasm-vm/emsdk/4.0.22/emsdk_env.sh"' >> $HOME/.zprofile
emcc (Emscripten gcc/clang-like replacement + linker emulating GNU ld) 4.0.22 (0f3d2e62bccf8e14497ff19e05a1202c51eb0c65)
Copyright (C) 2025 the Emscripten authors (see AUTHORS.txt)
This is free and open source software under the MIT license.
There is NO warranty; not even for MERCHANTABILITY or FITNESS FOR A PARTICULAR PURPOSE.

+ git rev-parse HEAD
f19544c691c7ada4182a81517210188488d5c151
+ python3 tools/virgl-original-corpus/toolchain.py
+ python3 -m py_compile tools/virgl-original-corpus/cold.py tools/virgl-original-corpus/faults.py tools/virgl-original-corpus/native.py tools/virgl-original-corpus/receipt.py tools/virgl-original-corpus/shared.py tools/virgl-original-corpus/toolchain.py
+ for file in renderer/virgl-shader/tests/original-corpus.mjs renderer/virgl-shader/tests/captured-textured-scene.mjs 'tools/virgl-original-corpus/*.mjs'
+ node --check renderer/virgl-shader/tests/original-corpus.mjs
+ for file in renderer/virgl-shader/tests/original-corpus.mjs renderer/virgl-shader/tests/captured-textured-scene.mjs 'tools/virgl-original-corpus/*.mjs'
+ node --check renderer/virgl-shader/tests/captured-textured-scene.mjs
+ for file in renderer/virgl-shader/tests/original-corpus.mjs renderer/virgl-shader/tests/captured-textured-scene.mjs 'tools/virgl-original-corpus/*.mjs'
+ node --check tools/virgl-original-corpus/browser.mjs
+ for file in renderer/virgl-shader/tests/original-corpus.mjs renderer/virgl-shader/tests/captured-textured-scene.mjs 'tools/virgl-original-corpus/*.mjs'
+ node --check tools/virgl-original-corpus/consumer.mjs
+ for file in renderer/virgl-shader/tests/original-corpus.mjs renderer/virgl-shader/tests/captured-textured-scene.mjs 'tools/virgl-original-corpus/*.mjs'
+ node --check tools/virgl-original-corpus/oracle.mjs
+ for file in renderer/virgl-shader/tests/original-corpus.mjs renderer/virgl-shader/tests/captured-textured-scene.mjs 'tools/virgl-original-corpus/*.mjs'
+ node --check tools/virgl-original-corpus/reference.mjs
+ for file in renderer/virgl-shader/tests/original-corpus.mjs renderer/virgl-shader/tests/captured-textured-scene.mjs 'tools/virgl-original-corpus/*.mjs'
+ node --check tools/virgl-original-corpus/wasm.mjs
+ bash renderer/virgl-shader/build.sh guard-check
Pinned virglrenderer 1.3.0: 70 source/generated SHA-256 hashes match
+ bash renderer/virgl-shader/build.sh original-corpus-sanitize
Pinned virglrenderer 1.3.0: 70 source/generated SHA-256 hashes match
In file included from checked_upstream.c:102:
./vendor/src/vrend/vrend_shader.c:4717:13: warning: 'sprintf' is deprecated: This function is provided for compatibility reasons only.  Due to security concerns inherent in the design of sprintf(3), it is highly recommended that you use snprintf(3) instead. [-Wdeprecated-declarations]
 4717 |             sprintf(arrayname, "[addr%d]", src->DimIndirect.Index);
      |             ^
/Applications/Xcode.app/Contents/Developer/Platforms/MacOSX.platform/Developer/SDKs/MacOSX.sdk/usr/include/_stdio.h:278:1: note: 'sprintf' has been explicitly marked deprecated here
  278 | __deprecated_msg("This function is provided for compatibility reasons only.  Due to security concerns inherent in the design of sprintf(3), it is highly recommended that you use snprintf(3) instead.")
      | ^
/Applications/Xcode.app/Contents/Developer/Platforms/MacOSX.platform/Developer/SDKs/MacOSX.sdk/usr/include/sys/cdefs.h:227:48: note: expanded from macro '__deprecated_msg'
  227 |         #define __deprecated_msg(_msg) __attribute__((__deprecated__(_msg)))
      |                                                       ^
In file included from checked_upstream.c:102:
./vendor/src/vrend/vrend_shader.c:4719:13: warning: 'sprintf' is deprecated: This function is provided for compatibility reasons only.  Due to security concerns inherent in the design of sprintf(3), it is highly recommended that you use snprintf(3) instead. [-Wdeprecated-declarations]
 4719 |             sprintf(arrayname, "[%d]", src->Dimension.Index);
      |             ^
/Applications/Xcode.app/Contents/Developer/Platforms/MacOSX.platform/Developer/SDKs/MacOSX.sdk/usr/include/_stdio.h:278:1: note: 'sprintf' has been explicitly marked deprecated here
  278 | __deprecated_msg("This function is provided for compatibility reasons only.  Due to security concerns inherent in the design of sprintf(3), it is highly recommended that you use snprintf(3) instead.")
      | ^
/Applications/Xcode.app/Contents/Developer/Platforms/MacOSX.platform/Developer/SDKs/MacOSX.sdk/usr/include/sys/cdefs.h:227:48: note: expanded from macro '__deprecated_msg'
  227 |         #define __deprecated_msg(_msg) __attribute__((__deprecated__(_msg)))
      |                                                       ^
In file included from checked_upstream.c:102:
./vendor/src/vrend/vrend_shader.c:7349:16: warning: 'sprintf' is deprecated: This function is provided for compatibility reasons only.  Due to security concerns inherent in the design of sprintf(3), it is highly recommended that you use snprintf(3) instead. [-Wdeprecated-declarations]
 7349 |                sprintf(prefix, "layout(location = %d)", ctx->outputs[i].sid);
      |                ^
/Applications/Xcode.app/Contents/Developer/Platforms/MacOSX.platform/Developer/SDKs/MacOSX.sdk/usr/include/_stdio.h:278:1: note: 'sprintf' has been explicitly marked deprecated here
  278 | __deprecated_msg("This function is provided for compatibility reasons only.  Due to security concerns inherent in the design of sprintf(3), it is highly recommended that you use snprintf(3) instead.")
      | ^
/Applications/Xcode.app/Contents/Developer/Platforms/MacOSX.platform/Developer/SDKs/MacOSX.sdk/usr/include/sys/cdefs.h:227:48: note: expanded from macro '__deprecated_msg'
  227 |         #define __deprecated_msg(_msg) __attribute__((__deprecated__(_msg)))
      |                                                       ^
3 warnings generated.
+ python3 tools/virgl-original-corpus/native.py --binary renderer/virgl-shader/build/original-corpus-sanitize/original-corpus-test --output /private/var/folders/nr/cyvk1qc14jj5c081vj1xts000000gn/T/wasm-vm-original-corpuss-cold-lomtq_rl/wasm-vm/target/evidence/virgl-original-corpus-cold/native
{"status": "passed", "stats": {"originals": 19, "pairs": 88, "attacks": 361, "calls": 2046, "recoveries": 1578, "rounds": 8}}
+ bash renderer/virgl-shader/build.sh wasm
Pinned virglrenderer 1.3.0: 70 source/generated SHA-256 hashes match
+ node tools/virgl-original-corpus/wasm.mjs --native /private/var/folders/nr/cyvk1qc14jj5c081vj1xts000000gn/T/wasm-vm-original-corpuss-cold-lomtq_rl/wasm-vm/target/evidence/virgl-original-corpus-cold/native/report.json --output /private/var/folders/nr/cyvk1qc14jj5c081vj1xts000000gn/T/wasm-vm-original-corpuss-cold-lomtq_rl/wasm-vm/target/evidence/virgl-original-corpus-cold/wasm
{"status":"passed","calls":2198}
+ node tools/virgl-original-corpus/consumer.mjs
+ node tools/virgl-original-corpus/reference.mjs
+ node tools/virgl-original-corpus/browser.mjs --output /private/var/folders/nr/cyvk1qc14jj5c081vj1xts000000gn/T/wasm-vm-original-corpuss-cold-lomtq_rl/wasm-vm/target/evidence/virgl-original-corpus-cold/gpu
19 unchanged bodies, 57 native programs; 1536 vertex words, 155648 actual pixels.
+ for seed in 430670705 2480340481
+ node tools/virgl-original-corpus/reference.mjs 430670705
+ node tools/virgl-original-corpus/browser.mjs --output /private/var/folders/nr/cyvk1qc14jj5c081vj1xts000000gn/T/wasm-vm-original-corpuss-cold-lomtq_rl/wasm-vm/target/evidence/virgl-original-corpus-cold/gpu-430670705 --seed 430670705
19 unchanged bodies, 57 native programs; 1536 vertex words, 155648 actual pixels.
+ for seed in 430670705 2480340481
+ node tools/virgl-original-corpus/reference.mjs 2480340481
+ node tools/virgl-original-corpus/browser.mjs --output /private/var/folders/nr/cyvk1qc14jj5c081vj1xts000000gn/T/wasm-vm-original-corpuss-cold-lomtq_rl/wasm-vm/target/evidence/virgl-original-corpus-cold/gpu-2480340481 --seed 2480340481
19 unchanged bodies, 57 native programs; 1536 vertex words, 155648 actual pixels.
+ python3 tools/virgl-original-corpus/faults.py --output /private/var/folders/nr/cyvk1qc14jj5c081vj1xts000000gn/T/wasm-vm-original-corpuss-cold-lomtq_rl/wasm-vm/target/evidence/virgl-original-corpus-cold/fault
Original lighting refutes an actual inverted MAX selector
+ node tools/verify-virgl-shader.mjs --output /private/var/folders/nr/cyvk1qc14jj5c081vj1xts000000gn/T/wasm-vm-original-corpuss-cold-lomtq_rl/wasm-vm/target/evidence/virgl-original-corpus-cold/retained-literal
E6-T10a: 9 hardware WebGL2 draws, 4336 exact pixels; 13 rejection cases and 416 recoveries passed.
+ node tools/verify-virgl-captured-shaders.mjs --output /private/var/folders/nr/cyvk1qc14jj5c081vj1xts000000gn/T/wasm-vm-original-corpuss-cold-lomtq_rl/wasm-vm/target/evidence/virgl-original-corpus-cold/retained-scene
E6-T10d: 2 unmodified captured shaders, 3 indexed hardware draws, 768 exact pixels; 112 grammar attacks and 1792 valid recoveries passed. Guest 3D remains disabled.
+ node tools/virgl-ordered-masks/browser.mjs --output /private/var/folders/nr/cyvk1qc14jj5c081vj1xts000000gn/T/wasm-vm-original-corpuss-cold-lomtq_rl/wasm-vm/target/evidence/virgl-original-corpus-cold/retained-mask
2168 exact GPU words; 2220032 checked pixels.
+ node tools/virgl-precise-word/browser.mjs --output /private/var/folders/nr/cyvk1qc14jj5c081vj1xts000000gn/T/wasm-vm-original-corpuss-cold-lomtq_rl/wasm-vm/target/evidence/virgl-original-corpus-cold/retained-precise
3320 exact GPU words; 3399680 checked pixels.
+ node tools/virgl-raw-equality/browser.mjs --output /private/var/folders/nr/cyvk1qc14jj5c081vj1xts000000gn/T/wasm-vm-original-corpuss-cold-lomtq_rl/wasm-vm/target/evidence/virgl-original-corpus-cold/retained-equality
640 exact equality words; 8 unchanged migrated shader bodies rendered.
+ node tools/virgl-selected-lanes/browser.mjs --output /private/var/folders/nr/cyvk1qc14jj5c081vj1xts000000gn/T/wasm-vm-original-corpuss-cold-lomtq_rl/wasm-vm/target/evidence/virgl-original-corpus-cold/retained-selected
1216 exact words; 1245184 pixels; 196608 observed demand pixels.
+ node tools/virgl-radial-domain/browser.mjs --output /private/var/folders/nr/cyvk1qc14jj5c081vj1xts000000gn/T/wasm-vm-original-corpuss-cold-lomtq_rl/wasm-vm/target/evidence/virgl-original-corpus-cold/retained-radial
138 admitted hardware draws; 565248 checked pixels.
+ node tools/virgl-raster-bank/browser.mjs --output /private/var/folders/nr/cyvk1qc14jj5c081vj1xts000000gn/T/wasm-vm-original-corpuss-cold-lomtq_rl/wasm-vm/target/evidence/virgl-original-corpus-cold/retained-raster
400 exact copied words; 786432 checked pixels.
+ node tools/virgl-precise-arithmetic/browser.mjs --output /private/var/folders/nr/cyvk1qc14jj5c081vj1xts000000gn/T/wasm-vm-original-corpuss-cold-lomtq_rl/wasm-vm/target/evidence/virgl-original-corpus-cold/retained-arithmetic
11760 exactly rounded words; 378240 physical pixels.
+ node renderer/virgl-command/tests/precise-arithmetic-verifier-regressions.mjs
+ node renderer/virgl-command/tests/raster-bank-verifier-regressions.mjs
+ python3 tools/virgl-original-corpus/receipt.py /private/var/folders/nr/cyvk1qc14jj5c081vj1xts000000gn/T/wasm-vm-original-corpuss-cold-lomtq_rl/wasm-vm/target/evidence/virgl-original-corpus-cold
Traceback (most recent call last):
  File "/private/var/folders/nr/cyvk1qc14jj5c081vj1xts000000gn/T/wasm-vm-original-corpuss-cold-lomtq_rl/wasm-vm/tools/virgl-original-corpus/receipt.py", line 169, in <module>
    if __name__=='__main__':main()
  File "/private/var/folders/nr/cyvk1qc14jj5c081vj1xts000000gn/T/wasm-vm-original-corpuss-cold-lomtq_rl/wasm-vm/tools/virgl-original-corpus/receipt.py", line 154, in main
    n=native(out,frozen);w=wasm(out,frozen,n);ref=reference(out);gpu=physical(out/'gpu',frozen,n,ref);chaos={str(seed):physical(out/f'gpu-{seed}',frozen,n,reference(out,seed)) for seed in (0x19ab8371,0x93d6fe01)}
  File "/private/var/folders/nr/cyvk1qc14jj5c081vj1xts000000gn/T/wasm-vm-original-corpuss-cold-lomtq_rl/wasm-vm/tools/virgl-original-corpus/receipt.py", line 132, in physical
    require(same(x['vector'],p['vector']) and same(x['expected'],p['expected']),'independent vertex prediction precedes GPU');expected=p['expected'];length=8 if expected['generic'] is not None else 4;ints(x['observed'],length);ints(x['bytes'],length*4,255)
KeyError: 'generic'
make: *** [verify-E6-T12f6] Error 1
