{
  "profileSha256": "24a461f002de9a6a22c22088a6162599546793889f7a5652690b796e0fcf4256",
  "nonCustomSections": 11,
  "names": 1912,
  "spanUs": 30022968,
  "totalUs": 30022150,
  "samples": 19977,
  "self": [
    {
      "name": "wasm_vm_core::dispatch::BlockCache::flush_page::h7e4f5a8e39056cfd",
      "us": 2624829,
      "percent": 8.7429747702946
    },
    {
      "name": "wasm_vm_core::Machine::run::hb3a70af4514667f1",
      "us": 2592270,
      "percent": 8.634524842491293
    },
    {
      "name": "wasm_vm_core::Machine::try_jit_block::h95922160ac631d34",
      "us": 1475717,
      "percent": 4.915427442738111
    },
    {
      "name": "<wasm_vm_wasm::jit_browser::BrowserExecutor as wasm_vm_core::jit::CompiledBlockExecutor>::execute_with_budget::h1c6b17789b9d53e7",
      "us": 1089859,
      "percent": 3.6301830481827584
    },
    {
      "name": "wasm_vm_core::hart::Hart::execute::hd1da7e6748700a68",
      "us": 1080083,
      "percent": 3.5976204235872515
    },
    {
      "name": "wasm_vm_core::mmu::translate_cached::hf2b93220145a733d",
      "us": 1055527,
      "percent": 3.5158274807100756
    },
    {
      "name": "js-to-wasm:iil:i wasm://wasm/bd0a3552",
      "us": 1032964,
      "percent": 3.4406729697906377
    },
    {
      "name": "<rustc_apfloat::ieee::IeeeFloat<S> as rustc_apfloat::Float>::mul_r::ha9b0486279c76e53",
      "us": 825061,
      "percent": 2.74817426466792
    }
  ],
  "inclusive": [
    {
      "name": "(root)",
      "us": 30022150,
      "percent": 100.0
    },
    {
      "name": "runTick http://127.0.0.1:50034/loader.js",
      "us": 28391211,
      "percent": 94.56754762733514
    },
    {
      "name": "runChunk http://127.0.0.1:50034/pkg/wasm_vm_wasm.js",
      "us": 28364082,
      "percent": 94.4771843455582
    },
    {
      "name": "js-to-wasm:iid:iii http://127.0.0.1:50034/pkg/wasm_vm_wasm_bg.wasm",
      "us": 28363816,
      "percent": 94.4762983330641
    },
    {
      "name": "wasmlinux_runChunk multivalue shim",
      "us": 28362313,
      "percent": 94.47129202938497
    },
    {
      "name": "wasm_vm_wasm::WasmLinux::run_chunk::h07405c1400974665",
      "us": 28357788,
      "percent": 94.45621982436302
    },
    {
      "name": "wasm_vm_core::Machine::run::hb3a70af4514667f1",
      "us": 28190608,
      "percent": 93.89936430268985
    },
    {
      "name": "wasm_vm_core::Machine::try_jit_block::h95922160ac631d34",
      "us": 19557443,
      "percent": 65.1433791384028
    },
    {
      "name": "<wasm_vm_wasm::jit_browser::BrowserExecutor as wasm_vm_core::jit::CompiledBlockExecutor>::execute_with_budget::h1c6b17789b9d53e7",
      "us": 13720900,
      "percent": 45.70258958802084
    },
    {
      "name": "wasm-to-js",
      "us": 11565620,
      "percent": 38.52362339139602
    },
    {
      "name": "__wbg_invokeJitBlock_99121dda606f7308 http://127.0.0.1:50034/pkg/wasm_vm_wasm.js",
      "us": 11340003,
      "percent": 37.772121583564136
    },
    {
      "name": "js-to-wasm:iil:i wasm://wasm/bd0a3552",
      "us": 10145874,
      "percent": 33.79462829943891
    }
  ]
}
