✔ prewarm sync proof rejects cross-TTY marker evidence (0.520667ms)
✔ prewarm clear proof requires a new real frame and focused Foot (0.109375ms)
✔ post-marker presentation helper rejects typing frames (100.346875ms)
✔ candidate mode is explicitly local-only and hash-bound (0.161583ms)
✔ renderer proof binds current Hyprland PID and instance before physical input (0.140291ms)
✔ LP0 is configuration-only evidence and is checked before physical input (0.095666ms)
✔ actual built recording covers served resources and pre-send RPCs, even timed-out ones (0.115584ms)
✔ renderer log parser accepts the real DEBUG suffix labels (0.473ms)
✔ renderer log parser rejects wrong, missing, ambiguous, and misleading records (0.622708ms)
✔ nonce readback caps every guest RPC by the remaining 120-second deadline (0.147083ms)
✔ unlogged baseline worker evidence is explicitly weaker than a GL label (0.263792ms)
✔ harness-only cold local HTTP selftest serves kernel/chunks and refuses snapshot routes without a browser (181.121333ms)
✔ harness-only actual cold orchestration inspects storage before app and returns after pair without input (2.732417ms)
✔ harness-only capture selects exact overlay when both overlay and snapshot databases exist (1.168875ms)
✔ harness-only cold progress TimeoutError is recorded before startup continues to mandatory desktop capture (0.284792ms)
✔ harness-only progress catch propagates non-Playwright errors and verify-mode timeouts (0.240833ms)
✔ harness-only final desktop TimeoutError remains fatal after a tolerated progress timeout (0.076916ms)
✔ harness-only screenshot helper forwards the supplied timeout and keeps the 20-second default (0.129791ms)
✔ actual direct-pair route fences before navigation and never enters physical input (0.569083ms)
OMARCHY_OPAQUE_PREPARATION {"at":"2026-09-16T07:11:28.328Z","brightPixels":100,"brightColors":20,"nonblank":true,"frames":4}
✔ direct preparation uses embedded active Foot and post-response fresh pixels before export (5.428417ms)
OMARCHY_OPAQUE_PREPARATION {"at":"2026-09-16T07:11:28.388Z","brightPixels":0,"brightColors":0,"nonblank":false,"frames":5}
✔ wrong properties/window, stale image, blank terminal and failed export cannot make a prepared pair (125.117208ms)
✔ native terminal ROI rejects bar-only pixels, wrong geometry and expired startup (3.382125ms)
✔ one synchronous direct batch contains only the specified writes then reads (1.745708ms)
✔ every property and acknowledgment is required; exit0 error strings never pass (3.837791ms)
✔ expired, late and rejected configuration cannot reach input or renew the deadline (0.579208ms)
✔ direct audit binds complete actual wire and rejects reordered, forged, duplicate and late evidence (2.544833ms)
✔ trial is local, explicit, fixed-budget and does not accept renderer/timeout tuning (1.824083ms)
✔ residency URLs differ only in the fixed module cap with recycling disabled (0.530334ms)
✔ residency checks the actual selected cap and rejects recycling or policy drift (0.434291ms)
✔ pair driver rejects unknown experiments before starting any arm (3.090541ms)
✔ arm URLs have exactly one policy difference and forbid inherited query tuning (0.268625ms)
✔ all four R3 source bindings and image layout must match (0.310542ms)
✔ actual runtime must match the selected arm with observer/timing off (1.984917ms)
✔ deadline accounts for queue delay and rejects late completion without starting expired work (5.702958ms)
✔ real recorder retains physical-only writing, fixed deadlines, fresh presentation and owned shutdown (1.208458ms)
✔ actual warm capture exports every exact-seed block while paused and binds both headers (79.350042ms)
✔ actual warm capture rejects a running guest, foreign overlay seed and stale restore decision (142.959334ms)
✔ preparation uses a distinct offline budget without altering physical-input deadlines (0.423083ms)
✔ offline preparation exports only after smaller focused visible frame and screenshot (2.296ms)
✔ offline preparation preserves focus, image, export and startup failures without acceptance (1.262ms)
✔ native-pixel Foot interior rejects black, bar-only and wrong-location content (3.488625ms)
✔ pair guard rejects foreign core/base/generation and incomplete or duplicate delta records (33.062916ms)
✔ fixed opaque rule requires all real properties and consumes the existing startup deadline (2.305125ms)
✔ an expired or late configuration cannot restart the original clock (0.472584ms)
✔ property audit binds to the wire and rejects missing, forged, duplicate, late and pre-configuration input (3.278917ms)
✔ actual original resource and frame dimensions are required, regardless of canvas size (0.128042ms)
✔ retained real negative input recording passes reusable audit; missing sync or fabricated success fails (34.401166ms)
OMARCHY_OPAQUE_PREPARATION {"at":"2026-09-16T07:11:28.332Z","brightPixels":100,"brightColors":20,"nonblank":true,"frames":4}
✔ opaque preparation uses confirmed window, post-query fresh native pixels and separate bounded export (5.084166ms)
OMARCHY_OPAQUE_PREPARATION {"at":"2026-09-16T07:11:28.393Z","brightPixels":0,"brightColors":0,"nonblank":false,"frames":5}
✔ wrong properties/window, stale image, blank terminal and failed export cannot make a prepared pair (126.094083ms)
✔ native terminal ROI rejects bar-only pixels, wrong geometry and expired startup (3.361291ms)
✔ preparation supplies a fixed extra read command to the wire audit; report text cannot authorize it (0.654042ms)
✔ owned watchdog caps setup and navigation once, and normal close cancels timers (0.802667ms)
✔ offline preparation is separately bounded and cannot extend a physical-input watchdog (1.406875ms)
✔ post-verdict capture has one fixed extra allowance and messages cannot rearm it (0.118959ms)
✔ stalled owned browser/recorder is killed and missing close settles as unconfirmed (0.10775ms)
✔ already exited browser is not killed; watchdog intervention never looks like a normal pass (0.109042ms)
✔ future/invalid navigation cannot extend setup (0.069584ms)
✔ recorder exit cannot orphan its browser or kill an already-exited recorder group (0.118291ms)
✔ exit before stdio close never sends a later watchdog signal to the exited recorder (0.08425ms)
✔ prepared selection accepts only the verified pair while original R3 guards stay exact (1.571584ms)
✔ one read-only batch checks eight saved properties and the exact restored Foot (1.11375ms)
✔ missing property, altered active Foot, write acknowledgment or exit0 error text fails closed (0.8375ms)
✔ expired or late property replies do not renew startup or admit input (0.524542ms)
✔ prepared audit rejects forged, duplicate, late and mutating raw property commands (3.723791ms)
✔ synthetic actual input-trial reaches physical keys without mapped-client/active-window RPCs (16.915709ms)
✔ synthetic actual opaque branch verifies properties before keys and fences after Enter (15.177792ms)
✔ synthetic actual direct-property branch reads all values before keys and fences after Enter (18.748083ms)
✔ synthetic prepared-pair path reads saved settings once and preserves physical-only nonce/deadlines (66.147292ms)
✔ synthetic capture and verify retain actual mapped-Foot and active-window checks before keys (3.96475ms)
✔ synthetic missing application readiness or lost canvas focus forbids any key (1.280833ms)
✔ synthetic actual nonce reader rejects mismatched bytes in a successful RPC response (14.238916ms)
✔ synthetic late typing/readback and stale presentation cannot publish success (50.897417ms)
✔ synthetic timing observation uses same-page actual recorded event fields, not probe completion (11.999667ms)
ℹ tests 73
ℹ suites 0
ℹ pass 73
ℹ fail 0
ℹ cancelled 0
ℹ skipped 0
ℹ todo 0
ℹ duration_ms 5121.403541
