{
  "head": "9cc377180921be98f904c3689a1d7c48b9df3947",
  "frozenAt": "2026-09-16T07:11:33Z",
  "runtimeUnchangedFrom": "39c1441e",
  "wasmSha256": "8230800b2ed4fe92ed0647d871d6c548fe824f3a550b09ca4a9b4941bc220ca4",
  "pairPins": {
    "omarchy-ready.snap.gz": [
      207172408,
      "989dff1cad261ab6e53e1dea8f57cb12866d2a236b5366f114102744553d4e75"
    ],
    "omarchy-overlay-delta.bin.gz": [
      1232847,
      "4fde816771e4fcfe085b492b6321302e945c58145c5c16f0c91e02ac94d10972"
    ]
  },
  "carried": [
    {
      "path": "evidence/omarchy-profile/prepared-direct-opaque-gates-r2/sha256.txt",
      "sha256": "3a0f9c5dda2451270754cf3df8a23461d1710c8d95eb17376aa642d08476b1c6",
      "files": 12
    },
    {
      "path": "evidence/omarchy-profile/prepared-direct-opaque-verifier-r2/sha256.txt",
      "sha256": "756b8d41ade51334946fbd6da5d382f679921a53c6664e2ec73242da4b4749f2",
      "files": 19
    },
    {
      "path": "evidence/omarchy-profile/snapshot-allocation-gates/sha256.txt",
      "sha256": "01786a6b6a15415c7977b4dc23fde07a2e1d82cb1b775340aefe8c888cb42632",
      "files": 33
    },
    {
      "path": "evidence/omarchy-profile/snapshot-allocation-verifier/sha256.txt",
      "sha256": "beb56a096ced5f60cbac0c5b1c3d0304046addf599011be2f3812935944a496f",
      "files": 25
    }
  ],
  "files": [
    {
      "path": "tools/verify/e5-t22c-cpu-profile.mjs",
      "sha256": "d80ef3a26e4c40eea023205e10bf0356c55938c1772fd8d502aa7c871e82c88b"
    },
    {
      "path": "tools/verify/omarchy-browser-session.mjs",
      "sha256": "f9967cc75edceae78d0e3cf65d8b8fbc7bcb8f5fa34173d8065d8bee8c9fe1f8"
    },
    {
      "path": "tools/verify/omarchy-cold-pair.mjs",
      "sha256": "57efc19279733d5b00629795db2d9313721940fa92317173be7c53d7088633f3"
    },
    {
      "path": "tools/verify/omarchy-compositor-command.mjs",
      "sha256": "03618e89cca383e0f9d775c35a1587beccbbb8a9556c0f4b7de73d44b88de366"
    },
    {
      "path": "tools/verify/omarchy-desktop-live.mjs",
      "sha256": "1b61db24a6f8abbfac3d3b0e0410cd261a6900a3b585e3033dc2e1c01fa6f826"
    },
    {
      "path": "tools/verify/omarchy-direct-opaque-command.mjs",
      "sha256": "a2705da081a74c8c41fdba67d7062eb675bd2f0feb846c13c5333e8f6919eb88"
    },
    {
      "path": "tools/verify/omarchy-direct-opaque-preparation.mjs",
      "sha256": "7f0b758be12f06353b3053295e6892700bf8d2c984d731723881772a7244332b"
    },
    {
      "path": "tools/verify/omarchy-failure-checkpoint.mjs",
      "sha256": "14f3aeec604386fa15e4748f56986a4104660f046f9c0b323de4004003860a54"
    },
    {
      "path": "tools/verify/omarchy-input-audit.mjs",
      "sha256": "3a5655ebb752926c0185d18d421a5b632a7c5fbd1312d9290a988369d94c666b"
    },
    {
      "path": "tools/verify/omarchy-input-trial.mjs",
      "sha256": "d255b57b497e35275458d48a63fd064af7fc6083d0b8618a53ed3895c2a74301"
    },
    {
      "path": "tools/verify/omarchy-latency-receipt.mjs",
      "sha256": "79f97639b99c2a9c3b42917ecbdc9bb85b7d6c079abe3791d6bc088655d1b395"
    },
    {
      "path": "tools/verify/omarchy-live-recording.mjs",
      "sha256": "e69245f453e7ec4ca8ba821075f0c5500ed0e736e102c58010e118de2925d8db"
    },
    {
      "path": "tools/verify/omarchy-mode-preparation.mjs",
      "sha256": "a9a622f5b7a220334af14bff94b19b770bb2b99207723edbeb0d32b3f6d2bc73"
    },
    {
      "path": "tools/verify/omarchy-opaque-foot-command.mjs",
      "sha256": "1bb836ac9706f8d0af041770a997a1ac421632cc65f759a979f77668525c0a67"
    },
    {
      "path": "tools/verify/omarchy-opaque-preparation.mjs",
      "sha256": "7cbc9f3deaa19517052d813d94eb28f1820a7480e6882b9511f2f78c79e84f83"
    },
    {
      "path": "tools/verify/omarchy-owned-trial.mjs",
      "sha256": "6904fd446adef5b247ea9fd1338ddad36b67f3c4836880872bdde46b8f7faec8"
    },
    {
      "path": "tools/verify/omarchy-prepared-direct-input.mjs",
      "sha256": "e828961f7cdb03205873d71565345b3f99c397116003c07ffd6e0bd876b9ebe3"
    },
    {
      "path": "tools/verify/omarchy-prepared-direct-state.mjs",
      "sha256": "786bd9f7c29b5281a2c78ee137060a85916a3412d0c66e1ec8cef79377ca1c98"
    },
    {
      "path": "tools/verify/omarchy-process-sample.mjs",
      "sha256": "8743d35e481f21291ce346cbe297a0193f80ff1d9ed84ada892fe23078751a9e"
    },
    {
      "path": "tools/verify/omarchy-render-mode.mjs",
      "sha256": "2c168dcbc9ca92584e104bec4e65998d43ad844ee0c06654d4695707d1edab80"
    },
    {
      "path": "tools/verify/omarchy-renderer-log.mjs",
      "sha256": "dff6ff9d534efbb6afa3b0fd549d7b903f38ce999f2e6981673ec7efccad8bbc"
    },
    {
      "path": "tools/verify/omarchy-thread-setting.mjs",
      "sha256": "a0e82ca953f0fc06cb94475443c28f76cc7c1a4a0e1da83e0e2da8af267667c4"
    },
    {
      "path": "tools/verify/omarchy-worker-cost-capture.mjs",
      "sha256": "7a112cb87376910a49b4a17c6d281f87cd70655dcd8223e794dfa2260030a520"
    },
    {
      "path": "web/guest-rpc.js",
      "sha256": "4851b80caaa3e40cf139064f3a548875626114457ff80d6fda2657b43e6f5a9c"
    },
    {
      "path": "web/omarchy-desktop-readiness.js",
      "sha256": "8c534fe9093db5945f5bec0d6fc06ec4a92a4b8342c6d6f47543e9f2355aaa56"
    },
    {
      "path": "web/src/input/keymap.js",
      "sha256": "e6a3e893fadd7d288b6eabd4d59c01930498cee7923a682e9ae5d614ec939ada"
    }
  ]
}
