bash tools/build-web-dist.sh
[web-dist] building wasm + installing pinned deps (make web-build)…
wasm-pack build crates/wasm --target web
[INFO]: 🎯  Checking for the Wasm target...
[INFO]: 🌀  Compiling to Wasm...
   Compiling unicode-ident v1.0.24
   Compiling proc-macro2 v1.0.106
   Compiling quote v1.0.46
   Compiling wasm-bindgen-shared v0.2.126
   Compiling cfg-if v1.0.4
   Compiling version_check v0.9.5
   Compiling rustversion v1.0.22
   Compiling bumpalo v3.20.3
   Compiling typenum v1.20.1
   Compiling once_cell v1.21.4
   Compiling futures-task v0.3.32
   Compiling pin-project-lite v0.2.17
   Compiling futures-core v0.3.32
   Compiling slab v0.4.12
   Compiling serde_core v1.0.228
   Compiling rustc_apfloat v0.2.3+llvm-462a31f5a5ab
   Compiling zmij v1.0.21
   Compiling log v0.4.33
   Compiling byteorder v1.5.0
   Compiling heapless v0.9.3
   Compiling bitflags v2.13.0
   Compiling smallvec v1.15.2
   Compiling futures-util v0.3.32
   Compiling hash32 v0.3.1
   Compiling tinyvec_macros v0.1.1
   Compiling serde v1.0.228
   Compiling serde_json v1.0.150
   Compiling stable_deref_trait v1.2.1
   Compiling smoltcp v0.13.1
   Compiling generic-array v0.14.7
   Compiling tinyvec v1.12.0
   Compiling managed v0.8.0
   Compiling memchr v2.8.2
   Compiling itoa v1.0.18
   Compiling bitflags v1.3.2
   Compiling wasm-vm-wasm-emit v0.0.1 (/private/tmp/wasm-vm-fp-from-integer-cold-u7q5211i/repo/crates/wasm-emit)
   Compiling wasm-bindgen v0.2.126
   Compiling unicode-normalization v0.1.25
   Compiling syn v2.0.118
   Compiling block-buffer v0.10.4
   Compiling crypto-common v0.1.7
   Compiling digest v0.10.7
   Compiling sha2 v0.10.9
   Compiling wasm-vm-core v0.0.1 (/private/tmp/wasm-vm-fp-from-integer-cold-u7q5211i/repo/crates/core)
   Compiling wasm-bindgen-macro-support v0.2.126
   Compiling serde_derive v1.0.228
   Compiling wasm-vm-slirp v0.0.0 (/private/tmp/wasm-vm-fp-from-integer-cold-u7q5211i/repo/crates/slirp)
   Compiling wasm-vm-jit-translate v0.0.1 (/private/tmp/wasm-vm-fp-from-integer-cold-u7q5211i/repo/crates/jit-translate)
   Compiling wasm-bindgen-macro v0.2.126
   Compiling wasm-vm-storage v0.0.1 (/private/tmp/wasm-vm-fp-from-integer-cold-u7q5211i/repo/crates/storage)
   Compiling js-sys v0.3.103
   Compiling console_error_panic_hook v0.1.7
   Compiling web-sys v0.3.103
   Compiling getrandom v0.2.17
   Compiling wasm-bindgen-futures v0.4.76
   Compiling console_log v1.0.0
   Compiling wasm-vm-wasm v0.0.1 (/private/tmp/wasm-vm-fp-from-integer-cold-u7q5211i/repo/crates/wasm)
    Finished `release` profile [optimized + debuginfo] target(s) in 1m 48s
[INFO]: ⬇️  Installing wasm-bindgen...
[INFO]: Optimizing wasm binaries with `wasm-opt`...
[INFO]: License key is set in Cargo.toml but no LICENSE file(s) were found; Please add the LICENSE file(s) to your project directory
[INFO]: ✨   Done in 1m 58s
[INFO]: 📦   Your wasm pkg is ready to publish at crates/wasm/pkg.
cd web && npm ci --no-audit --no-fund

added 7 packages in 1s
npm warn install-scripts 1 package has install scripts not yet covered by allowScripts:
npm warn install-scripts   fsevents@2.3.2 (install: (install scripts present))
npm warn install-scripts
npm warn install-scripts Run `npm install-scripts ls` to review, or `npm install-scripts approve <pkg>` to allow.
mkdir -p web/pkg web/assets/riscv-tests
cp -R crates/wasm/pkg/. web/pkg/
cp guest/prebuilt/hello.elf guest/prebuilt/loops.elf web/assets/
cp tests/riscv-tests-bin/* web/assets/riscv-tests/
# Boot artifacts must live UNDER web/ (the Pages publish_dir) so they deploy with the site.
# Paths mirror the relative URLs in web/artifacts.json (regenerated by tools/gen-web-manifest.sh).
mkdir -p web/releases/kernel/6.6.63 web/releases/initramfs
cp releases/kernel/6.6.63/Image web/releases/kernel/6.6.63/Image
cp releases/initramfs/initramfs.cpio.gz web/releases/initramfs/initramfs.cpio.gz
# E4 restore-on-first-load: the (optional) compressed busybox boot snapshot, if built. Small
# enough to ship on Pages (deploy-cloudflare.sh keeps its URL relative, unlike kernel/initramfs).
bash tools/gen-web-manifest.sh
wrote web/artifacts.json:
{
  "generated": "content-hashed; regenerate with tools/gen-web-manifest.sh",
  "artifacts": {
    "kernel": { "url": "releases/kernel/6.6.63/Image", "sha256": "af7c4e471ed4dabdbe5a2717d81cc034b511d2b0f7706de66ad9e84e078c7cce", "size": 24208896 },
    "initramfs": { "url": "releases/initramfs/initramfs.cpio.gz", "sha256": "35a74c93b8a14afd2a1e75a6b8d7d5feaf925ced33e17e80e9197a696649c563", "size": 1151596 },
    "bootSnapshot": { "url": "releases/boot-snapshot/busybox-ready.snap.gz", "sha256": "4263563b0d04342dc052c019cd6e3ab265e9e3234f8f7e7086755533e85a3098", "size": 11530215 }
  }
}
[web-dist] assembling web/dist …
[web-dist] deploy root: / = landing, /app.html = app
[web-dist] stamped sw.js app-shell version=9677a995ed3c
[web-dist] done —  35M in web/dist (boot artifacts added at deploy time)
