✔ prewarm sync proof rejects cross-TTY marker evidence (0.499334ms)
✔ prewarm clear proof requires a new real frame and focused Foot (0.107625ms)
✔ post-marker presentation helper rejects typing frames (104.808459ms)
✔ candidate mode is explicitly local-only and hash-bound (1.421292ms)
✔ renderer proof binds current Hyprland PID and instance before physical input (0.173792ms)
✔ LP0 is configuration-only evidence and is checked before physical input (0.086083ms)
✔ actual built recording covers served resources and pre-send RPCs, even timed-out ones (0.122667ms)
✔ renderer log parser accepts the real DEBUG suffix labels (0.502542ms)
✔ renderer log parser rejects wrong, missing, ambiguous, and misleading records (0.638375ms)
✔ nonce readback caps every guest RPC by the remaining 120-second deadline (0.1515ms)
✔ unlogged baseline worker evidence is explicitly weaker than a GL label (0.25575ms)
✔ harness-only cold local HTTP selftest serves kernel/chunks and refuses snapshot routes without a browser (192.012333ms)
✔ harness-only actual cold orchestration inspects storage before app and returns after pair without input (2.80775ms)
✔ harness-only capture selects exact overlay when both overlay and snapshot databases exist (1.259ms)
✔ harness-only cold progress TimeoutError is recorded before startup continues to mandatory desktop capture (0.315458ms)
✔ harness-only progress catch propagates non-Playwright errors and verify-mode timeouts (0.301041ms)
✔ harness-only final desktop TimeoutError remains fatal after a tolerated progress timeout (0.09625ms)
✔ harness-only screenshot helper forwards the supplied timeout and keeps the 20-second default (0.163375ms)
✔ one synchronous direct batch contains only the specified writes then reads (1.686542ms)
✔ every property and acknowledgment is required; exit0 error strings never pass (3.620041ms)
✔ expired, late and rejected configuration cannot reach input or renew the deadline (0.556208ms)
✔ direct audit binds complete actual wire and rejects reordered, forged, duplicate and late evidence (2.541458ms)
✔ trial is local, explicit, fixed-budget and does not accept renderer/timeout tuning (1.597375ms)
✔ residency URLs differ only in the fixed module cap with recycling disabled (0.483625ms)
✔ residency checks the actual selected cap and rejects recycling or policy drift (0.419167ms)
✔ pair driver rejects unknown experiments before starting any arm (3.020708ms)
✔ arm URLs have exactly one policy difference and forbid inherited query tuning (0.286084ms)
✔ all four R3 source bindings and image layout must match (0.319834ms)
✔ actual runtime must match the selected arm with observer/timing off (1.978458ms)
✔ deadline accounts for queue delay and rejects late completion without starting expired work (5.679125ms)
✔ real recorder retains physical-only writing, fixed deadlines, fresh presentation and owned shutdown (1.339834ms)
✔ fixed opaque rule requires all real properties and consumes the existing startup deadline (2.065584ms)
✔ an expired or late configuration cannot restart the original clock (0.407833ms)
✔ property audit binds to the wire and rejects missing, forged, duplicate, late and pre-configuration input (2.834917ms)
✔ actual original resource and frame dimensions are required, regardless of canvas size (0.109ms)
✔ retained real negative input recording passes reusable audit; missing sync or fabricated success fails (34.902834ms)
✔ owned watchdog caps setup and navigation once, and normal close cancels timers (0.773625ms)
✔ offline preparation is separately bounded and cannot extend a physical-input watchdog (1.3355ms)
✔ post-verdict capture has one fixed extra allowance and messages cannot rearm it (0.111875ms)
✔ stalled owned browser/recorder is killed and missing close settles as unconfirmed (0.097625ms)
✔ already exited browser is not killed; watchdog intervention never looks like a normal pass (0.104583ms)
✔ future/invalid navigation cannot extend setup (0.064708ms)
✔ recorder exit cannot orphan its browser or kill an already-exited recorder group (0.097125ms)
✔ exit before stdio close never sends a later watchdog signal to the exited recorder (0.091375ms)
✔ synthetic actual input-trial reaches physical keys without mapped-client/active-window RPCs (17.342541ms)
✔ synthetic actual opaque branch verifies properties before keys and fences after Enter (15.826042ms)
✔ synthetic actual direct-property branch reads all values before keys and fences after Enter (15.608541ms)
✔ synthetic capture and verify retain actual mapped-Foot and active-window checks before keys (3.839333ms)
✔ synthetic missing application readiness or lost canvas focus forbids any key (1.157292ms)
✔ synthetic actual nonce reader rejects mismatched bytes in a successful RPC response (12.709542ms)
✔ synthetic late typing/readback and stale presentation cannot publish success (53.315166ms)
✔ synthetic timing observation uses same-page actual recorded event fields, not probe completion (12.858458ms)
ℹ tests 52
ℹ suites 0
ℹ pass 52
ℹ fail 0
ℹ cancelled 0
ℹ skipped 0
ℹ todo 0
ℹ duration_ms 417.92775
