✔ one fixed compositor request preserves remaining startup time and checks real response (1.987709ms)
✔ expired or late compositor work cannot obtain a new deadline (0.409208ms)
✔ compositor callback runs after the display ack and before actual guest-frame observation (0.933958ms)
✔ synthetic classifier binds compositor result to actual wire and rejects forged success (2.940375ms)
✔ negative command, absent frame and physical input failures retain distinct outcomes (0.193875ms)
✔ prewarm sync proof rejects cross-TTY marker evidence (0.48425ms)
✔ prewarm clear proof requires a new real frame and focused Foot (0.093875ms)
✔ post-marker presentation helper rejects typing frames (100.404625ms)
✔ candidate mode is explicitly local-only and hash-bound (1.248208ms)
✔ renderer proof binds current Hyprland PID and instance before physical input (0.160791ms)
✔ LP0 is configuration-only evidence and is checked before physical input (0.09375ms)
✔ actual built recording covers served resources and pre-send RPCs, even timed-out ones (0.125ms)
✔ renderer log parser accepts the real DEBUG suffix labels (0.513042ms)
✔ renderer log parser rejects wrong, missing, ambiguous, and misleading records (0.646583ms)
✔ nonce readback caps every guest RPC by the remaining 120-second deadline (0.146875ms)
✔ unlogged baseline worker evidence is explicitly weaker than a GL label (0.236083ms)
✔ harness-only cold local HTTP selftest serves kernel/chunks and refuses snapshot routes without a browser (183.147ms)
✔ harness-only actual cold orchestration inspects storage before app and returns after pair without input (2.724291ms)
✔ harness-only capture selects exact overlay when both overlay and snapshot databases exist (1.184042ms)
✔ harness-only cold progress TimeoutError is recorded before startup continues to mandatory desktop capture (0.277708ms)
✔ harness-only progress catch propagates non-Playwright errors and verify-mode timeouts (0.239ms)
✔ harness-only final desktop TimeoutError remains fatal after a tolerated progress timeout (0.082583ms)
✔ harness-only screenshot helper forwards the supplied timeout and keeps the 20-second default (0.139083ms)
✔ preparation uses a distinct offline budget without altering physical-input deadlines (0.4065ms)
✔ offline preparation exports only after smaller focused visible frame and screenshot (1.829375ms)
✔ offline preparation preserves focus, image, export and startup failures without acceptance (1.252167ms)
✔ native-pixel Foot interior rejects black, bar-only and wrong-location content (3.501084ms)
✔ pair guard rejects foreign core/base/generation and incomplete or duplicate delta records (32.835666ms)
✔ owned watchdog caps setup and navigation once, and normal close cancels timers (0.840166ms)
✔ offline preparation is separately bounded and cannot extend a physical-input watchdog (1.297125ms)
✔ post-verdict capture has one fixed extra allowance and messages cannot rearm it (0.129792ms)
✔ stalled owned browser/recorder is killed and missing close settles as unconfirmed (0.106916ms)
✔ already exited browser is not killed; watchdog intervention never looks like a normal pass (0.106792ms)
✔ future/invalid navigation cannot extend setup (0.05775ms)
✔ recorder exit cannot orphan its browser or kill an already-exited recorder group (0.12475ms)
✔ exit before stdio close never sends a later watchdog signal to the exited recorder (0.092333ms)
✔ advertised mode, CSS resize, stale frames and mismatched scanout never prove guest adoption (1.351666ms)
✔ expired original startup deadline cannot send a modeset (0.857959ms)
✔ acknowledgement without a guest frame records failure and sends exactly one request (0.5235ms)
✔ mode wire proof rejects a superseding resize or mismatched acknowledgement (0.292583ms)
✔ synthetic positive orchestration and classification reject late or stale adoption (3.43875ms)
✔ final classifier preserves the recorded negative modeset outcome (1.077458ms)
✔ synthetic actual input-trial reaches physical keys without mapped-client/active-window RPCs (16.289958ms)
✔ synthetic capture and verify retain actual mapped-Foot and active-window checks before keys (4.767583ms)
✔ synthetic missing application readiness or lost canvas focus forbids any key (1.225ms)
✔ synthetic actual nonce reader rejects mismatched bytes in a successful RPC response (12.606167ms)
✔ synthetic late typing/readback and stale presentation cannot publish success (53.139375ms)
✔ synthetic timing observation uses same-page actual recorded event fields, not probe completion (12.410708ms)
ℹ tests 48
ℹ suites 0
ℹ pass 48
ℹ fail 0
ℹ cancelled 0
ℹ skipped 0
ℹ todo 0
ℹ duration_ms 398.968334
