

__WVEND_mu511f560_0
]3008;end=2c59a913-1bbb-4ba3-8359-47d74760dade;exit=success\]3008;start=7f12dea0-a834-4ff2-95ce-4235dd1f5101;machineid=455fe413946b4a55a4bfc5f819dcc6d6;user=omarchy;hostname=omarchy-demo;bootid=9a5fad90-09ed-41a8-9309-7c396c980f14;pid=00000000000000000175;type=shell;cwd=/home/omarchy\[?2004h[omarchy@omarchy-demo ~]$ 
__WVEND_mu5120e61_0

__WVEND_mu5121zu2_0
]3008;end=be29b9f8-e59a-4d77-8efd-a84001fde39c;exit=success\]3008;start=7f12dea0-a834-4ff2-95ce-4235dd1f5101;machineid=455fe413946b4a55a4bfc5f819dcc6d6;user=omarchy;hostname=omarchy-demo;bootid=9a5fad90-09ed-41a8-9309-7c396c980f14;pid=00000000000000000175;type=shell;cwd=/home/omarchy\[?2004h[omarchy@omarchy-demo ~]$ 
__WVEND_mu512bl23_75
]3008;end=e891a853-ee08-4b40-8a6b-b3fd1d5a2790;exit=success\
__WVEND_mu512dkf4_75
]3008;end=cc76f4e5-8261-4701-982a-4beabda416fa;exit=success\
__WVEND_mu512fof5_75
]3008;end=1fc3fdbe-fa6d-4d58-b251-6ce1fb369e63;exit=success\
__WVEND_mu512i0y6_75
]3008;end=38d41271-2d2e-4f76-983c-2c5cef5cfa10;exit=success\
__WVEND_mu512k907_75
]3008;end=194346e3-aab2-44f7-9dd8-936efa980290;exit=success\
__WVEND_mu512m8a8_75
]3008;end=64d588f1-3510-4c17-ade6-a7dc3c3d98b9;exit=success\
__WVEND_mu512o9w9_75
]3008;end=344b8c7f-c720-4679-9507-6daae34e41e0;exit=success\
__WVEND_mu512qwz10_75
]3008;end=6808f953-e081-4a45-8534-d8597fb5b359;exit=success\
__WVEND_mu512tjl11_75
]3008;end=f93b2e45-9b68-47d4-a2e7-11330db2e49c;exit=success\
__WVEND_mu512vow12_75
]3008;end=26e9f9ef-a49e-48e1-afd9-26c66fe173b1;exit=success\
__WVEND_mu512xui13_75
]3008;end=83718c54-d2f2-4d4a-a84e-dc96ce2b0c1d;exit=success\__WVEND_mu51304614_75
]3008;end=e52fd33d-f3c2-4528-aaca-0d71efe18289;exit=success\
__WVEND_mu5132im15_75
]3008;end=d9550867-3c60-4590-a8ae-b637bfb631e9;exit=success\
__WVEND_mu5134pi16_75
]3008;end=b157b80a-2888-4f23-b844-93571427106b;exit=success\
__WVEND_mu5136tg17_75
]3008;end=c5508318-be53-413c-87f3-a147799648ed;exit=success\
__WVEND_mu5138wd18_75
]3008;end=e6797a1f-6acc-48b9-8def-b5589cd2d0ff;exit=success\
__WVEND_mu513b0e19_75
]3008;end=e22d692e-3b26-4c1c-881e-7cfa20360cb3;exit=success\
__WVEND_mu513d8i20_75
]3008;end=af20f328-d4c5-455b-a8ca-ff70cf0919e4;exit=success\__WVEND_mu513fej21_75
]3008;end=4f9182b6-329f-4657-8b3a-b18d1e7c7d9d;exit=success\
__WVEND_mu513hih22_75
]3008;end=99798ff2-1309-4eb9-b61b-3ada93369a4b;exit=success\
__WVEND_mu513jnd23_75
]3008;end=af0bdf52-5dce-4eae-a140-fd260307881a;exit=success\
__WVEND_mu513ltb24_75
]3008;end=d06d0087-6381-4c78-8a0c-113d950b5b9f;exit=success\
__WVEND_mu513o5725_75
]3008;end=f3b66c00-04db-46b8-ad3d-0573b58617c9;exit=success\
__WVEND_mu513qch26_75
]3008;end=2d1d180f-d7c9-4efb-8cf6-6b14a9b8d610;exit=success\
__WVEND_mu513snn27_75
]3008;end=b388fa05-3a4f-4d41-9811-f163dca901df;exit=success\
__WVEND_mu513vkp28_75
]3008;end=d6c8ea2f-509c-4f61-99ba-868790e8bc61;exit=success\
__WVEND_mu513y3x29_75
]3008;end=a4214054-fb3b-4cb6-9343-b778337b4a57;exit=success\
__WVEND_mu5140pa30_75
]3008;end=adecee1d-62b9-4895-a9b7-680c7ec76479;exit=success\
__WVEND_mu5142vp31_75
]3008;end=901c368d-a6f1-4947-9ae6-9d3123d2df6a;exit=success\
__WVEND_mu51454332_75
]3008;end=6ba9c4c1-a379-4df8-8ccf-1fb83f330c2b;exit=success\
__WVEND_mu5147e433_75
]3008;end=ed9130b8-f6a6-4084-a79f-343c909dd00b;exit=success\
__WVEND_mu5149lz34_75
]3008;end=4e02dd62-3d2d-497d-8777-9f09ae0e3cca;exit=success\
__WVEND_mu514bva35_75
]3008;end=60e97b2a-d119-429e-9ebb-58e95f0554f4;exit=success\
__WVEND_mu514e2236_75
]3008;end=6004e652-b6a5-42a2-8112-18b73e6a445d;exit=success\
__WVEND_mu514gmn37_75
]3008;end=6da5c217-0dff-46fd-b4bd-08258e74f2af;exit=success\
__WVEND_mu514jbb38_75
]3008;end=8654b463-7f83-4dc8-a488-1523bd86ec70;exit=success\
__WVEND_mu514lo739_75
]3008;end=e082431b-f670-4124-bdfc-48907320224a;exit=success\
__WVEND_mu514nzp40_75
]3008;end=5ddabb63-e8e1-4573-82a7-02583b43d3a8;exit=success\
__WVEND_mu514qap41_75
]3008;end=21a7886c-88b5-4770-920f-5e17d598f22b;exit=success\
__WVEND_mu514sid42_75
]3008;end=3f7664e4-14e3-46af-884e-c2c90d358425;exit=success\