]3008;end=d3474562-5c8c-4a2f-bfb6-815d01da0d1b;exit=success\
__WVEND_mtvldxj70_2

__WVEND_mtvle5js1_0
]3008;end=b477822f-042a-4e93-823d-8f3f75996ed5;exit=success\]3008;start=f3d5acc2-ac06-4c6e-9ba5-6583adc47fcc;machineid=5abb4fe4a18644f197581438bd6ee2c7;user=omarchy;hostname=omarchy-demo;bootid=450d9a5f-1fc8-440a-9d2a-21bff69195d1;pid=00000000000000000174;type=shell;cwd=/home/omarchy\[?2004h[omarchy@omarchy-demo ~]$ 
__WVEND_mtvlfu0g2_0
]3008;end=f142a228-7f01-4d5b-8272-2c57a3314d97;exit=success\
__WVEND_mtvlggy43_0

__WVEND_mtvlgmpg4_0
__WVEND_mtvlgssp5_0
]3008;end=7e3cc824-45a9-46d7-9143-625e8a38e843;exit=success\
__WVEND_mtvlgyg16_0

__WVEND_mtvlh3r37_0
]3008;end=2d634d69-76ba-43ff-b38b-3493edc15e68;exit=success\]3008;start=f3d5acc2-ac06-4c6e-9ba5-6583adc47fcc;machineid=5abb4fe4a18644f197581438bd6ee2c7;user=omarchy;hostname=omarchy-demo;bootid=450d9a5f-1fc8-440a-9d2a-21bff69195d1;pid=00000000000000000174;type=shell;cwd=/home/omarchy\[?2004h[omarchy@omarchy-demo ~]$ 
__WVEND_mtvlib9w8_75
]3008;end=1a3b90d6-34c0-477a-90d0-135cdd8ee438;exit=success\
__WVEND_mtvliemv9_75
]3008;end=aaea5fcf-5c9c-4460-a8bf-c40c347a41bd;exit=success\
__WVEND_mtvlij3z10_75
]3008;end=24353274-3768-462b-a5ee-eab45d812f03;exit=success\
__WVEND_mtvlini511_75
]3008;end=6a6941f1-57cf-45fb-9973-65555de9eca0;exit=success\
__WVEND_mtvlirym12_75
]3008;end=ca0ab45e-33c6-4ff5-a63b-668d3746fd65;exit=success\
__WVEND_mtvliwfr13_75
]3008;end=0f99deeb-bc65-487a-b90a-227917133219;exit=success\
__WVEND_mtvlj0rd14_75
]3008;end=1d008020-9094-43b3-bdd5-cfd0a4c06860;exit=success\
__WVEND_mtvlj52k15_75
]3008;end=75ea54cc-3eb3-44ac-941e-c10a4f21ddaa;exit=success\
__WVEND_mtvlj9ay16_75
]3008;end=40936dd0-c27e-4998-8915-7d5d02e54ba4;exit=success\
__WVEND_mtvljdsg17_75
]3008;end=e96e9849-df2f-4ea9-9262-6dfbc1200bb6;exit=success\
__WVEND_mtvlji1i18_75
]3008;end=a473fbc3-122d-4519-b5c3-fb33a137b08c;exit=success\
__WVEND_mtvljmb519_75
]3008;end=6fecebbc-ae05-4322-9098-3f3e65050ba1;exit=success\
__WVEND_mtvljqjj20_75
]3008;end=58adf345-b5c9-46a5-a8da-f55b565ded01;exit=success\
__WVEND_mtvljuta21_75
]3008;end=d3b26b01-902c-4320-b6be-6e5b03e3641e;exit=success\
__WVEND_mtvljz5v22_75
]3008;end=2a29021e-cbc7-470c-a7bc-8cf21255d980;exit=success\
__WVEND_mtvlk3iz23_75
]3008;end=f4750e32-ae4c-4cfe-a321-7a497e182651;exit=success\
__WVEND_mtvlk7r224_75
]3008;end=1c412a7d-d402-406f-ae26-893c77936406;exit=success\
__WVEND_mtvlkc4425_75
]3008;end=86ea3fab-d26a-468e-b5f4-e60760ede8af;exit=success\
__WVEND_mtvlkgq226_75
]3008;end=4cadf0a7-d0fc-4e1b-82b3-8cac73be3e27;exit=success\
__WVEND_mtvlkl0n27_75
]3008;end=a9eef101-4e33-4842-8470-f90ba65539c0;exit=success\
__WVEND_mtvlkph828_75
]3008;end=2b9b84a9-ab1a-414a-ad24-97284404a6a5;exit=success\