Cloning into '/var/folders/nr/cyvk1qc14jj5c081vj1xts000000gn/T/wasm-vm-indirect-constants-cold-bzr7uqca/wasm-vm'...
done.
HEAD is now at b4ee940d gpu: prove bounded indirect constant addresses and immutable draw banks
bash tools/verify-virgl-indirect-constants.sh

added 7 packages in 445ms
npm warn install-scripts 1 package has install scripts not yet covered by allowScripts:
npm warn install-scripts   fsevents@2.3.2 (install: (install scripts present))
npm warn install-scripts
npm warn install-scripts Run `npm install-scripts ls` to review, or `npm install-scripts approve <pkg>` to allow.
Resolving SDK version '4.0.22' to 'sdk-releases-bebaf7e50e31865b0724f17eaa52e161e2dfef5a-64bit'
Installing SDK 'sdk-releases-bebaf7e50e31865b0724f17eaa52e161e2dfef5a-64bit'..
Skipped installing node-22.16.0-64bit, already installed.
Skipped installing python-3.13.3-64bit, already installed.
Skipped installing releases-bebaf7e50e31865b0724f17eaa52e161e2dfef5a-64bit, already installed.
All SDK components already installed: 'sdk-releases-bebaf7e50e31865b0724f17eaa52e161e2dfef5a-64bit'.
Resolving SDK version '4.0.22' to 'sdk-releases-bebaf7e50e31865b0724f17eaa52e161e2dfef5a-64bit'
Setting the following tools as active:
   node-22.16.0-64bit
   python-3.13.3-64bit
   releases-bebaf7e50e31865b0724f17eaa52e161e2dfef5a-64bit

Next steps:
- To conveniently access emsdk tools from the command line,
  consider adding the following directories to your PATH:
    /Users/blamy/.cache/wasm-vm/emsdk/4.0.22
    /Users/blamy/.cache/wasm-vm/emsdk/4.0.22/upstream/emscripten
- This can be done for the current shell by running:
    source "/Users/blamy/.cache/wasm-vm/emsdk/4.0.22/emsdk_env.sh"
- Configure emsdk in your shell startup scripts by running:
    echo 'source "/Users/blamy/.cache/wasm-vm/emsdk/4.0.22/emsdk_env.sh"' >> $HOME/.zprofile
emcc (Emscripten gcc/clang-like replacement + linker emulating GNU ld) 4.0.22 (0f3d2e62bccf8e14497ff19e05a1202c51eb0c65)
Copyright (C) 2025 the Emscripten authors (see AUTHORS.txt)
This is free and open source software under the MIT license.
There is NO warranty; not even for MERCHANTABILITY or FITNESS FOR A PARTICULAR PURPOSE.

+ git rev-parse HEAD
b4ee940d78f651553c2b900be95f8b083085cdf9
+ python3 -m py_compile tools/virgl-indirect-constants/browser_receipt.py tools/virgl-indirect-constants/cold.py tools/virgl-indirect-constants/compat_common.py tools/virgl-indirect-constants/constant_compat.py tools/virgl-indirect-constants/consumer_compat.py tools/virgl-indirect-constants/consumer_native_compat.py tools/virgl-indirect-constants/consumer_receipt.py tools/virgl-indirect-constants/faults.py tools/virgl-indirect-constants/generate_cases.py tools/virgl-indirect-constants/legacy_compat.py tools/virgl-indirect-constants/native.py tools/virgl-indirect-constants/native_receipt.py tools/virgl-indirect-constants/oracle.py tools/virgl-indirect-constants/profile_receipt.py tools/virgl-indirect-constants/receipt.py tools/virgl-indirect-constants/regressions.py tools/virgl-indirect-constants/shader_compat.py tools/virgl-indirect-constants/structured_compat.py tools/virgl-indirect-constants/unit_compat.py tools/virgl-indirect-constants/wasm_receipt.py
+ node --check renderer/virgl-command/constant-domain.mjs
+ node --check renderer/virgl-command/tests/indirect-constants.mjs
+ node --check renderer/virgl-command/tests/indirect-constants-oracle.mjs
+ node --check tools/verify-virgl-indirect-constants.mjs
+ node --check tools/virgl-indirect-constants/consumer_compat.mjs
+ node --check tools/virgl-indirect-constants/wasm.mjs
+ node --check tools/virgl-indirect-constants/fault_wasm.mjs
+ node --check tools/virgl-indirect-constants/profiles.mjs
+ node --check tools/virgl-indirect-constants/consumer-unit.mjs
+ bash renderer/virgl-shader/build.sh guard-check
Pinned virglrenderer 1.3.0: 70 source/generated SHA-256 hashes match
+ bash renderer/virgl-shader/build.sh indirect-constant-sanitize
Pinned virglrenderer 1.3.0: 70 source/generated SHA-256 hashes match
vendor/src/vrend/vrend_shader.c:4717:13: warning: 'sprintf' is deprecated: This function is provided for compatibility reasons only.  Due to security concerns inherent in the design of sprintf(3), it is highly recommended that you use snprintf(3) instead. [-Wdeprecated-declarations]
 4717 |             sprintf(arrayname, "[addr%d]", src->DimIndirect.Index);
      |             ^
/Applications/Xcode.app/Contents/Developer/Platforms/MacOSX.platform/Developer/SDKs/MacOSX.sdk/usr/include/_stdio.h:278:1: note: 'sprintf' has been explicitly marked deprecated here
  278 | __deprecated_msg("This function is provided for compatibility reasons only.  Due to security concerns inherent in the design of sprintf(3), it is highly recommended that you use snprintf(3) instead.")
      | ^
/Applications/Xcode.app/Contents/Developer/Platforms/MacOSX.platform/Developer/SDKs/MacOSX.sdk/usr/include/sys/cdefs.h:227:48: note: expanded from macro '__deprecated_msg'
  227 |         #define __deprecated_msg(_msg) __attribute__((__deprecated__(_msg)))
      |                                                       ^
vendor/src/vrend/vrend_shader.c:4719:13: warning: 'sprintf' is deprecated: This function is provided for compatibility reasons only.  Due to security concerns inherent in the design of sprintf(3), it is highly recommended that you use snprintf(3) instead. [-Wdeprecated-declarations]
 4719 |             sprintf(arrayname, "[%d]", src->Dimension.Index);
      |             ^
/Applications/Xcode.app/Contents/Developer/Platforms/MacOSX.platform/Developer/SDKs/MacOSX.sdk/usr/include/_stdio.h:278:1: note: 'sprintf' has been explicitly marked deprecated here
  278 | __deprecated_msg("This function is provided for compatibility reasons only.  Due to security concerns inherent in the design of sprintf(3), it is highly recommended that you use snprintf(3) instead.")
      | ^
/Applications/Xcode.app/Contents/Developer/Platforms/MacOSX.platform/Developer/SDKs/MacOSX.sdk/usr/include/sys/cdefs.h:227:48: note: expanded from macro '__deprecated_msg'
  227 |         #define __deprecated_msg(_msg) __attribute__((__deprecated__(_msg)))
      |                                                       ^
vendor/src/vrend/vrend_shader.c:7349:16: warning: 'sprintf' is deprecated: This function is provided for compatibility reasons only.  Due to security concerns inherent in the design of sprintf(3), it is highly recommended that you use snprintf(3) instead. [-Wdeprecated-declarations]
 7349 |                sprintf(prefix, "layout(location = %d)", ctx->outputs[i].sid);
      |                ^
/Applications/Xcode.app/Contents/Developer/Platforms/MacOSX.platform/Developer/SDKs/MacOSX.sdk/usr/include/_stdio.h:278:1: note: 'sprintf' has been explicitly marked deprecated here
  278 | __deprecated_msg("This function is provided for compatibility reasons only.  Due to security concerns inherent in the design of sprintf(3), it is highly recommended that you use snprintf(3) instead.")
      | ^
/Applications/Xcode.app/Contents/Developer/Platforms/MacOSX.platform/Developer/SDKs/MacOSX.sdk/usr/include/sys/cdefs.h:227:48: note: expanded from macro '__deprecated_msg'
  227 |         #define __deprecated_msg(_msg) __attribute__((__deprecated__(_msg)))
      |                                                       ^
3 warnings generated.
+ python3 tools/virgl-indirect-constants/native.py --binary renderer/virgl-shader/build/indirect-constant-sanitize/indirect-constant-test --output /var/folders/nr/cyvk1qc14jj5c081vj1xts000000gn/T/wasm-vm-indirect-constants-cold-bzr7uqca/wasm-vm/target/evidence/virgl-indirect-constants-cold/native
{"status": "passed", "originals": 19, "acceptedOriginals": 12, "cases": 3814, "pairs": 252, "calls": 603728, "standaloneRecoveries": 308136, "pairRecoveries": 282458, "truncations": 4579, "hostileCases": 324, "mutations": 4096, "allocationFaults": 26, "maxSingleResultBytes": 63369, "maxPairResultBytes": 109235, "report": "/var/folders/nr/cyvk1qc14jj5c081vj1xts000000gn/T/wasm-vm-indirect-constants-cold-bzr7uqca/wasm-vm/target/evidence/virgl-indirect-constants-cold/native/native-report.json"}
+ bash renderer/virgl-shader/build.sh native
Pinned virglrenderer 1.3.0: 70 source/generated SHA-256 hashes match
+ bash renderer/virgl-shader/build.sh wasm
Pinned virglrenderer 1.3.0: 70 source/generated SHA-256 hashes match
+ node tools/virgl-indirect-constants/wasm.mjs --native /var/folders/nr/cyvk1qc14jj5c081vj1xts000000gn/T/wasm-vm-indirect-constants-cold-bzr7uqca/wasm-vm/target/evidence/virgl-indirect-constants-cold/native/native-report.json --output /var/folders/nr/cyvk1qc14jj5c081vj1xts000000gn/T/wasm-vm-indirect-constants-cold-bzr7uqca/wasm-vm/target/evidence/virgl-indirect-constants-cold/wasm
{"status":"passed","counts":{"calls":21165,"originals":19,"singles":3814,"pairs":252,"recoverySingles":8856,"recoveryPairs":8118,"stress":64,"pressure":33},"report":"/var/folders/nr/cyvk1qc14jj5c081vj1xts000000gn/T/wasm-vm-indirect-constants-cold-bzr7uqca/wasm-vm/target/evidence/virgl-indirect-constants-cold/wasm/report.json"}
+ node tools/virgl-indirect-constants/profiles.mjs --output /var/folders/nr/cyvk1qc14jj5c081vj1xts000000gn/T/wasm-vm-indirect-constants-cold-bzr7uqca/wasm-vm/target/evidence/virgl-indirect-constants-cold/profiles
E8 retained profiles passed: 50 complete public cases; four explicitly inventoried v10 rejection diagnostics.
+ node tools/virgl-indirect-constants/consumer-unit.mjs --output /var/folders/nr/cyvk1qc14jj5c081vj1xts000000gn/T/wasm-vm-indirect-constants-cold-bzr7uqca/wasm-vm/target/evidence/virgl-indirect-constants-cold/consumer-unit
{"status":"passed","schemas":206,"banks":290,"ownership":3,"output":"/var/folders/nr/cyvk1qc14jj5c081vj1xts000000gn/T/wasm-vm-indirect-constants-cold-bzr7uqca/wasm-vm/target/evidence/virgl-indirect-constants-cold/consumer-unit"}
+ node tools/verify-virgl-raw-bits.mjs --output /var/folders/nr/cyvk1qc14jj5c081vj1xts000000gn/T/wasm-vm-indirect-constants-cold-bzr7uqca/wasm-vm/target/evidence/virgl-indirect-constants-cold/shader-regression/raw
E6-T12e4a: 235 authored cases;12/19 unchanged originals;480 exact raw words;15 mixed backend pixel draws;fixed16MiB stress passed.
+ node tools/verify-virgl-integer-masks.mjs --output /var/folders/nr/cyvk1qc14jj5c081vj1xts000000gn/T/wasm-vm-indirect-constants-cold-bzr7uqca/wasm-vm/target/evidence/virgl-indirect-constants-cold/shader-regression/integer
E6-T12e4b: 377 authored cases;12/19 unchanged originals;704 exact words;direct finite UCMP;18 mixed backend pixel draws;fixed16MiB stress passed.
+ node tools/verify-virgl-float-masks.mjs --output /var/folders/nr/cyvk1qc14jj5c081vj1xts000000gn/T/wasm-vm-indirect-constants-cold-bzr7uqca/wasm-vm/target/evidence/virgl-indirect-constants-cold/shader-regression/float
E6-T12e4c1: 396 authored cases;12/19 unchanged originals;768 exact words;finite ordered selections;38 mixed backend pixel draws;fixed16MiB stress passed.
+ node tools/verify-virgl-numeric-floats.mjs --output /var/folders/nr/cyvk1qc14jj5c081vj1xts000000gn/T/wasm-vm-indirect-constants-cold-bzr7uqca/wasm-vm/target/evidence/virgl-indirect-constants-cold/shader-regression/numeric
E6-T12e4c2: 285 authored cases; 12/19 unchanged originals; 352 exact words; 4,096 sampled pixels; 26 mixed backend draws; fixed 16 MiB stress passed.
+ node tools/verify-virgl-component-floats.mjs --output /var/folders/nr/cyvk1qc14jj5c081vj1xts000000gn/T/wasm-vm-indirect-constants-cold-bzr7uqca/wasm-vm/target/evidence/virgl-indirect-constants-cold/shader-regression/component
E6-T12e5: 497 authored cases; 12/19 unchanged originals; 448 exact or bounded words; 4,096 sampled pixels; 30 mixed backend draws; fixed 16 MiB stress passed.
+ node tools/verify-virgl-dot-reciprocals.mjs --output /var/folders/nr/cyvk1qc14jj5c081vj1xts000000gn/T/wasm-vm-indirect-constants-cold-bzr7uqca/wasm-vm/target/evidence/virgl-indirect-constants-cold/shader-regression/dot
E6-T12e6: 518 authored cases; 12/19 unchanged originals; 488 exact or bounded words; 6,144 sampled pixels; 34 mixed backend draws; fixed 16 MiB stress passed.
+ constant_dir=/var/folders/nr/cyvk1qc14jj5c081vj1xts000000gn/T/wasm-vm-indirect-constants-cold-bzr7uqca/wasm-vm/target/evidence/virgl-indirect-constants-cold/constant-regression
+ python3 tools/virgl-constant-compiler/faults.py --output /var/folders/nr/cyvk1qc14jj5c081vj1xts000000gn/T/wasm-vm-indirect-constants-cold-bzr7uqca/wasm-vm/target/evidence/virgl-indirect-constants-cold/constant-regression/fault-artifacts
Built both isolated compiler faults from individually bound source copies.
+ node tools/verify-virgl-constant-compiler.mjs --output /var/folders/nr/cyvk1qc14jj5c081vj1xts000000gn/T/wasm-vm-indirect-constants-cold-bzr7uqca/wasm-vm/target/evidence/virgl-indirect-constants-cold/constant-regression/hardware
E6-T12e6b normal: 27 draws; 1152 independently checked words; 110592 full-frame pixels; complete cleanup.
+ node tools/verify-virgl-constant-compiler.mjs --output /var/folders/nr/cyvk1qc14jj5c081vj1xts000000gn/T/wasm-vm-indirect-constants-cold-bzr7uqca/wasm-vm/target/evidence/virgl-indirect-constants-cold/constant-regression/decoder-bypass --mode decoder-bypass
E6-T12e6b decoder-bypass: 2 draws; 0 independently checked words; 8192 full-frame pixels; complete cleanup.
+ for attack in missing-contract numeric-index
+ node tools/verify-virgl-constant-compiler.mjs --output /var/folders/nr/cyvk1qc14jj5c081vj1xts000000gn/T/wasm-vm-indirect-constants-cold-bzr7uqca/wasm-vm/target/evidence/virgl-indirect-constants-cold/constant-regression/sabotage-missing-contract --mode missing-contract --fault-artifacts /var/folders/nr/cyvk1qc14jj5c081vj1xts000000gn/T/wasm-vm-indirect-constants-cold-bzr7uqca/wasm-vm/target/evidence/virgl-indirect-constants-cold/constant-regression/fault-artifacts
page.evaluate: Error: missing-contract source fault rejected by shared renderer
    at runAcceptance (http://127.0.0.1:56873/renderer/virgl-command/tests/constant-compiler.mjs:151:703)
    at async eval (eval at evaluate (:234:30), <anonymous>:3:14)
    at async <anonymous>:260:30
    at runVirglBrowser (/private/var/folders/nr/cyvk1qc14jj5c081vj1xts000000gn/T/wasm-vm-indirect-constants-cold-bzr7uqca/wasm-vm/tools/verify-virgl-constant-compiler.mjs:146:58)
    at /private/var/folders/nr/cyvk1qc14jj5c081vj1xts000000gn/T/wasm-vm-indirect-constants-cold-bzr7uqca/wasm-vm/async file:/private/var/folders/nr/cyvk1qc14jj5c081vj1xts000000gn/T/wasm-vm-indirect-constants-cold-bzr7uqca/wasm-vm/tools/verify-virgl-constant-compiler.mjs:239:1
+ for attack in missing-contract numeric-index
+ node tools/verify-virgl-constant-compiler.mjs --output /var/folders/nr/cyvk1qc14jj5c081vj1xts000000gn/T/wasm-vm-indirect-constants-cold-bzr7uqca/wasm-vm/target/evidence/virgl-indirect-constants-cold/constant-regression/sabotage-numeric-index --mode numeric-index --fault-artifacts /var/folders/nr/cyvk1qc14jj5c081vj1xts000000gn/T/wasm-vm-indirect-constants-cold-bzr7uqca/wasm-vm/target/evidence/virgl-indirect-constants-cold/constant-regression/fault-artifacts
page.evaluate: Error: actual atlas numerical word differs from independent oracle
    at require (http://127.0.0.1:56897/renderer/virgl-command/tests/constant-compiler.mjs:9:63)
    at atlas (http://127.0.0.1:56897/renderer/virgl-command/tests/constant-compiler.mjs:127:97)
    at async runAcceptance (http://127.0.0.1:56897/renderer/virgl-command/tests/constant-compiler.mjs:152:465)
    at async eval (eval at evaluate (:234:30), <anonymous>:3:14)
    at async <anonymous>:260:30
    at runVirglBrowser (/private/var/folders/nr/cyvk1qc14jj5c081vj1xts000000gn/T/wasm-vm-indirect-constants-cold-bzr7uqca/wasm-vm/tools/verify-virgl-constant-compiler.mjs:146:58)
    at /private/var/folders/nr/cyvk1qc14jj5c081vj1xts000000gn/T/wasm-vm-indirect-constants-cold-bzr7uqca/wasm-vm/async file:/private/var/folders/nr/cyvk1qc14jj5c081vj1xts000000gn/T/wasm-vm-indirect-constants-cold-bzr7uqca/wasm-vm/tools/verify-virgl-constant-compiler.mjs:239:1
+ structured_dir=/var/folders/nr/cyvk1qc14jj5c081vj1xts000000gn/T/wasm-vm-indirect-constants-cold-bzr7uqca/wasm-vm/target/evidence/virgl-indirect-constants-cold/structured-regression
+ python3 tools/virgl-structured-conditionals/faults.py --output /var/folders/nr/cyvk1qc14jj5c081vj1xts000000gn/T/wasm-vm-indirect-constants-cold-bzr7uqca/wasm-vm/target/evidence/virgl-indirect-constants-cold/structured-regression/fault-artifacts
branch-polarity: 16 actual Wasm fault results match native.
join-union: 16 actual Wasm fault results match native.
Built actual branch-polarity and join-union native/Wasm faults from individually bound source copies.
+ node tools/verify-virgl-structured-conditionals.mjs --output /var/folders/nr/cyvk1qc14jj5c081vj1xts000000gn/T/wasm-vm-indirect-constants-cold-bzr7uqca/wasm-vm/target/evidence/virgl-indirect-constants-cold/structured-regression/hardware
E6-T12e7 normal: 39 draws; 1088 literal branch words; 159744 full-frame pixels; complete cleanup.
+ node tools/verify-virgl-structured-conditionals.mjs --output /var/folders/nr/cyvk1qc14jj5c081vj1xts000000gn/T/wasm-vm-indirect-constants-cold-bzr7uqca/wasm-vm/target/evidence/virgl-indirect-constants-cold/structured-regression/sabotage-branch-polarity --mode branch-polarity --fault-artifacts /var/folders/nr/cyvk1qc14jj5c081vj1xts000000gn/T/wasm-vm-indirect-constants-cold-bzr7uqca/wasm-vm/target/evidence/virgl-indirect-constants-cold/structured-regression/fault-artifacts
page.evaluate: Error: actual branch atlas differs from independent literal oracle
    at require (http://127.0.0.1:56968/renderer/virgl-command/tests/structured-conditionals.mjs:9:63)
    at atlas (http://127.0.0.1:56968/renderer/virgl-command/tests/structured-conditionals.mjs:115:88)
    at async runAcceptance (http://127.0.0.1:56968/renderer/virgl-command/tests/structured-conditionals.mjs:131:412)
    at async eval (eval at evaluate (:234:30), <anonymous>:3:14)
    at async <anonymous>:260:30
    at runVirglBrowser (/private/var/folders/nr/cyvk1qc14jj5c081vj1xts000000gn/T/wasm-vm-indirect-constants-cold-bzr7uqca/wasm-vm/tools/verify-virgl-structured-conditionals.mjs:146:58)
    at /private/var/folders/nr/cyvk1qc14jj5c081vj1xts000000gn/T/wasm-vm-indirect-constants-cold-bzr7uqca/wasm-vm/async file:/private/var/folders/nr/cyvk1qc14jj5c081vj1xts000000gn/T/wasm-vm-indirect-constants-cold-bzr7uqca/wasm-vm/tools/verify-virgl-structured-conditionals.mjs:234:1
+ consumer_dir=/var/folders/nr/cyvk1qc14jj5c081vj1xts000000gn/T/wasm-vm-indirect-constants-cold-bzr7uqca/wasm-vm/target/evidence/virgl-indirect-constants-cold/consumer-regression
+ node tools/virgl-constant-domains/unit.mjs --output /var/folders/nr/cyvk1qc14jj5c081vj1xts000000gn/T/wasm-vm-indirect-constants-cold-bzr7uqca/wasm-vm/target/evidence/virgl-indirect-constants-cold/consumer-regression/unit
{"status":"passed","predicates":1549,"schemas":95,"banks":109,"ownership":4,"output":"/var/folders/nr/cyvk1qc14jj5c081vj1xts000000gn/T/wasm-vm-indirect-constants-cold-bzr7uqca/wasm-vm/target/evidence/virgl-indirect-constants-cold/consumer-regression/unit"}
+ python3 tools/virgl-indirect-constants/consumer_native_compat.py --binary renderer/virgl-shader/build/native/virgl-shader --output /var/folders/nr/cyvk1qc14jj5c081vj1xts000000gn/T/wasm-vm-indirect-constants-cold-bzr7uqca/wasm-vm/target/evidence/virgl-indirect-constants-cold/consumer-regression/native
E8 consumer compatibility: 14 full native results equal verified E6a.
+ python3 tools/virgl-constants/native.py --binary renderer/virgl-shader/build/native/virgl-shader --output /var/folders/nr/cyvk1qc14jj5c081vj1xts000000gn/T/wasm-vm-indirect-constants-cold-bzr7uqca/wasm-vm/target/evidence/virgl-indirect-constants-cold/consumer-regression/legacy/native
{"status": "passed", "originals": 19, "acceptedOriginals": 12, "cases": 8, "calls": 27, "report": "/var/folders/nr/cyvk1qc14jj5c081vj1xts000000gn/T/wasm-vm-indirect-constants-cold-bzr7uqca/wasm-vm/target/evidence/virgl-indirect-constants-cold/consumer-regression/legacy/native/native-report.json"}
+ node tools/virgl-constants/decoder.mjs --output /var/folders/nr/cyvk1qc14jj5c081vj1xts000000gn/T/wasm-vm-indirect-constants-cold-bzr7uqca/wasm-vm/target/evidence/virgl-indirect-constants-cold/consumer-regression/legacy/decoder
{"status":"passed","cases":23,"accepted":8,"rejected":15,"output":"/var/folders/nr/cyvk1qc14jj5c081vj1xts000000gn/T/wasm-vm-indirect-constants-cold-bzr7uqca/wasm-vm/target/evidence/virgl-indirect-constants-cold/consumer-regression/legacy/decoder"}
+ async_dir=/var/folders/nr/cyvk1qc14jj5c081vj1xts000000gn/T/wasm-vm-indirect-constants-cold-bzr7uqca/wasm-vm/target/evidence/virgl-indirect-constants-cold/consumer-regression/legacy/regression
+ node tools/verify-virgl-command-decoder.mjs --output /var/folders/nr/cyvk1qc14jj5c081vj1xts000000gn/T/wasm-vm-indirect-constants-cold-bzr7uqca/wasm-vm/target/evidence/virgl-indirect-constants-cold/consumer-regression/legacy/regression/regression/decoder --node-only true
Node command acceptance passed (539 ms)
+ node tools/verify-virgl-resource-transfers.mjs --output /var/folders/nr/cyvk1qc14jj5c081vj1xts000000gn/T/wasm-vm-indirect-constants-cold-bzr7uqca/wasm-vm/target/evidence/virgl-indirect-constants-cold/consumer-regression/legacy/regression/regression/resources
Node resource acceptance passed (57 ms)
Hardware resource acceptance passed (127 ms)
+ node tools/verify-virgl-object-state.mjs --output /var/folders/nr/cyvk1qc14jj5c081vj1xts000000gn/T/wasm-vm-indirect-constants-cold-bzr7uqca/wasm-vm/target/evidence/virgl-indirect-constants-cold/consumer-regression/legacy/regression/regression/state
Hardware state acceptance passed (166 ms)
+ node tools/verify-virgl-draw-replay.mjs --output /var/folders/nr/cyvk1qc14jj5c081vj1xts000000gn/T/wasm-vm-indirect-constants-cold-bzr7uqca/wasm-vm/target/evidence/virgl-indirect-constants-cold/consumer-regression/legacy/regression/regression/draw
Hardware draw replay passed (333 ms)
+ node tools/verify-virgl-async-jobs.mjs --output /var/folders/nr/cyvk1qc14jj5c081vj1xts000000gn/T/wasm-vm-indirect-constants-cold-bzr7uqca/wasm-vm/target/evidence/virgl-indirect-constants-cold/consumer-regression/legacy/regression/hardware
Hardware async jobs passed (3152 ms)
+ for attack in early-collect index-class
+ node tools/verify-virgl-async-jobs.mjs --output /var/folders/nr/cyvk1qc14jj5c081vj1xts000000gn/T/wasm-vm-indirect-constants-cold-bzr7uqca/wasm-vm/target/evidence/virgl-indirect-constants-cold/consumer-regression/legacy/regression/sabotage-early-collect --sabotage early-collect
AssertionError [ERR_ASSERTION]: async CPU collection requires a signaled fence: expected true, got false

'failed' !== 'passed'

    at file:///private/var/folders/nr/cyvk1qc14jj5c081vj1xts000000gn/T/wasm-vm-indirect-constants-cold-bzr7uqca/wasm-vm/tools/verify-virgl-async-jobs.mjs:154:12
+ for attack in early-collect index-class
+ node tools/verify-virgl-async-jobs.mjs --output /var/folders/nr/cyvk1qc14jj5c081vj1xts000000gn/T/wasm-vm-indirect-constants-cold-bzr7uqca/wasm-vm/target/evidence/virgl-indirect-constants-cold/consumer-regression/legacy/regression/sabotage-index-class --sabotage index-class
AssertionError [ERR_ASSERTION]: async index staging uses element-array class: expected true, got false

'failed' !== 'passed'

    at file:///private/var/folders/nr/cyvk1qc14jj5c081vj1xts000000gn/T/wasm-vm-indirect-constants-cold-bzr7uqca/wasm-vm/tools/verify-virgl-async-jobs.mjs:154:12
+ python3 tools/virgl-command/async-receipt.py /var/folders/nr/cyvk1qc14jj5c081vj1xts000000gn/T/wasm-vm-indirect-constants-cold-bzr7uqca/wasm-vm/target/evidence/virgl-indirect-constants-cold/consumer-regression/legacy/regression
E6-T11b1 receipt passed: asynchronous jobs, original pixels, sequencing controls and synchronous regressions
+ node tools/verify-virgl-pairs.mjs --output /var/folders/nr/cyvk1qc14jj5c081vj1xts000000gn/T/wasm-vm-indirect-constants-cold-bzr7uqca/wasm-vm/target/evidence/virgl-indirect-constants-cold/consumer-regression/legacy/flat-regression
E6-T12e2:12/19 originals; 114 native/Wasm pair cases; 8 direct and 44 renderer draws; cache/lifecycle/fault proof passed.
+ node tools/verify-virgl-constants.mjs --output /var/folders/nr/cyvk1qc14jj5c081vj1xts000000gn/T/wasm-vm-indirect-constants-cold-bzr7uqca/wasm-vm/target/evidence/virgl-indirect-constants-cold/consumer-regression/legacy/hardware
E6-T12e3b: 45056 exact hardware pixels; full constant transport, reflection and ownership passed.
+ node tools/verify-virgl-constants.mjs --output /var/folders/nr/cyvk1qc14jj5c081vj1xts000000gn/T/wasm-vm-indirect-constants-cold-bzr7uqca/wasm-vm/target/evidence/virgl-indirect-constants-cold/consumer-regression/legacy/sabotage --sabotage high-upload
page.evaluate: Error: A first high-bank draw independent pixel (0,0): expected [64,191,128,191], observed [0,0,255,255]
    at require (http://127.0.0.1:57207/renderer/virgl-command/tests/constants.mjs:11:63)
    at equal (http://127.0.0.1:57207/renderer/virgl-command/tests/constants.mjs:12:44)
    at capture (http://127.0.0.1:57207/renderer/virgl-command/tests/constants.mjs:200:5)
    at async primary (http://127.0.0.1:57207/renderer/virgl-command/tests/constants.mjs:227:5)
    at async runAcceptance (http://127.0.0.1:57207/renderer/virgl-command/tests/constants.mjs:384:98)
    at async eval (eval at evaluate (:234:30), <anonymous>:3:14)
    at async <anonymous>:260:30
    at runVirglBrowser (/private/var/folders/nr/cyvk1qc14jj5c081vj1xts000000gn/T/wasm-vm-indirect-constants-cold-bzr7uqca/wasm-vm/tools/verify-virgl-constants.mjs:146:57)
    at /private/var/folders/nr/cyvk1qc14jj5c081vj1xts000000gn/T/wasm-vm-indirect-constants-cold-bzr7uqca/wasm-vm/async file:/private/var/folders/nr/cyvk1qc14jj5c081vj1xts000000gn/T/wasm-vm-indirect-constants-cold-bzr7uqca/wasm-vm/tools/verify-virgl-constants.mjs:236:1
+ node tools/virgl-indirect-constants/consumer_compat.mjs --output /var/folders/nr/cyvk1qc14jj5c081vj1xts000000gn/T/wasm-vm-indirect-constants-cold-bzr7uqca/wasm-vm/target/evidence/virgl-indirect-constants-cold/consumer-regression/hardware
E6-T12e8 consumer regression normal: 110592 whole-frame pixels; 64 exact raw words; 120 invalid-bank cases; complete cleanup.
+ node tools/virgl-indirect-constants/consumer_compat.mjs --output /var/folders/nr/cyvk1qc14jj5c081vj1xts000000gn/T/wasm-vm-indirect-constants-cold-bzr7uqca/wasm-vm/target/evidence/virgl-indirect-constants-cold/consumer-regression/decoder-bypass --mode decoder-bypass
E6-T12e8 consumer regression decoder-bypass: 10240 whole-frame pixels; 0 exact raw words; 120 invalid-bank cases; complete cleanup.
+ node tools/virgl-indirect-constants/consumer_compat.mjs --output /var/folders/nr/cyvk1qc14jj5c081vj1xts000000gn/T/wasm-vm-indirect-constants-cold-bzr7uqca/wasm-vm/target/evidence/virgl-indirect-constants-cold/consumer-regression/sabotage --mode decoder-and-guard-bypass
page.evaluate: Error: finite guard omission: actual invalid conditional uniform upload
    at invalidMatrix (http://127.0.0.1:57388/renderer/virgl-command/tests/constant-domains.mjs:280:260)
    at async runAcceptance (http://127.0.0.1:57388/renderer/virgl-command/tests/constant-domains.mjs:313:247)
    at async eval (eval at evaluate (:234:30), <anonymous>:3:14)
    at async <anonymous>:260:30
    at runVirglBrowser (/private/var/folders/nr/cyvk1qc14jj5c081vj1xts000000gn/T/wasm-vm-indirect-constants-cold-bzr7uqca/wasm-vm/tools/virgl-indirect-constants/consumer_compat.mjs:146:58)
    at /private/var/folders/nr/cyvk1qc14jj5c081vj1xts000000gn/T/wasm-vm-indirect-constants-cold-bzr7uqca/wasm-vm/async file:/private/var/folders/nr/cyvk1qc14jj5c081vj1xts000000gn/T/wasm-vm-indirect-constants-cold-bzr7uqca/wasm-vm/tools/virgl-indirect-constants/consumer_compat.mjs:235:1
+ python3 tools/virgl-indirect-constants/faults.py --output /var/folders/nr/cyvk1qc14jj5c081vj1xts000000gn/T/wasm-vm-indirect-constants-cold-bzr7uqca/wasm-vm/target/evidence/virgl-indirect-constants-cold/fault-artifacts
index-offset: 20 actual Wasm fault results match native.
static-bound: 20 actual Wasm fault results match native.
Built actual index-offset and static-bound native/Wasm faults from individually bound source copies.
+ node tools/verify-virgl-indirect-constants.mjs --output /var/folders/nr/cyvk1qc14jj5c081vj1xts000000gn/T/wasm-vm-indirect-constants-cold-bzr7uqca/wasm-vm/target/evidence/virgl-indirect-constants-cold/hardware
E6-T12e8 normal: 31 draws; 1216 literal addressed words; 126976 full-frame pixels; complete cleanup.
+ node tools/verify-virgl-indirect-constants.mjs --output /var/folders/nr/cyvk1qc14jj5c081vj1xts000000gn/T/wasm-vm-indirect-constants-cold-bzr7uqca/wasm-vm/target/evidence/virgl-indirect-constants-cold/sabotage-decoder-bypass --mode decoder-bypass
E6-T12e8 decoder-bypass: 5 draws; 0 literal addressed words; 20480 full-frame pixels; complete cleanup.
+ node tools/verify-virgl-indirect-constants.mjs --output /var/folders/nr/cyvk1qc14jj5c081vj1xts000000gn/T/wasm-vm-indirect-constants-cold-bzr7uqca/wasm-vm/target/evidence/virgl-indirect-constants-cold/sabotage-index-offset --mode index-offset --fault-artifacts /var/folders/nr/cyvk1qc14jj5c081vj1xts000000gn/T/wasm-vm-indirect-constants-cold-bzr7uqca/wasm-vm/target/evidence/virgl-indirect-constants-cold/fault-artifacts
page.evaluate: Error: actual indirect atlas differs from independent literal oracle
    at require (http://127.0.0.1:57495/renderer/virgl-command/tests/indirect-constants.mjs:9:63)
    at atlas (http://127.0.0.1:57495/renderer/virgl-command/tests/indirect-constants.mjs:115:89)
    at async runAcceptance (http://127.0.0.1:57495/renderer/virgl-command/tests/indirect-constants.mjs:131:439)
    at async eval (eval at evaluate (:234:30), <anonymous>:3:14)
    at async <anonymous>:260:30
    at runVirglBrowser (/private/var/folders/nr/cyvk1qc14jj5c081vj1xts000000gn/T/wasm-vm-indirect-constants-cold-bzr7uqca/wasm-vm/tools/verify-virgl-indirect-constants.mjs:146:58)
    at /private/var/folders/nr/cyvk1qc14jj5c081vj1xts000000gn/T/wasm-vm-indirect-constants-cold-bzr7uqca/wasm-vm/async file:/private/var/folders/nr/cyvk1qc14jj5c081vj1xts000000gn/T/wasm-vm-indirect-constants-cold-bzr7uqca/wasm-vm/tools/verify-virgl-indirect-constants.mjs:234:1
+ python3 tools/virgl-indirect-constants/receipt.py /var/folders/nr/cyvk1qc14jj5c081vj1xts000000gn/T/wasm-vm-indirect-constants-cold-bzr7uqca/wasm-vm/target/evidence/virgl-indirect-constants-cold
E6-T12e8 passed: complete indirect address bounds, immutable bank validation, full native/Wasm parity, actual GPU words, source faults and retained compatibility.
