bash tools/build-web-dist.sh
[web-dist] building wasm + installing pinned deps (make web-build)…
wasm-pack build crates/wasm --target web
[INFO]: 🎯  Checking for the Wasm target...
[INFO]: 🌀  Compiling to Wasm...
    Finished `release` profile [optimized + debuginfo] target(s) in 0.04s
[INFO]: ⬇️  Installing wasm-bindgen...
[WARN  wasm_pack::install] could not download pre-built `wasm-bindgen`: no prebuilt wasm-bindgen binaries are available for this platform: Unrecognized target!. Falling back to `cargo install`.
[INFO]: Optimizing wasm binaries with `wasm-opt`...
[INFO]: License key is set in Cargo.toml but no LICENSE file(s) were found; Please add the LICENSE file(s) to your project directory
[INFO]: ✨   Done in 1.12s
[INFO]: 📦   Your wasm pkg is ready to publish at crates/wasm/pkg.
cd web && npm ci --no-audit --no-fund

added 7 packages in 425ms
npm warn install-scripts 1 package has install scripts not yet covered by allowScripts:
npm warn install-scripts   fsevents@2.3.2 (install: (install scripts present))
npm warn install-scripts
npm warn install-scripts Run `npm install-scripts ls` to review, or `npm install-scripts approve <pkg>` to allow.
mkdir -p web/pkg web/assets/riscv-tests
cp -R crates/wasm/pkg/. web/pkg/
cp guest/prebuilt/hello.elf guest/prebuilt/loops.elf web/assets/
cp tests/riscv-tests-bin/* web/assets/riscv-tests/
# Boot artifacts must live UNDER web/ (the Pages publish_dir) so they deploy with the site.
# Paths mirror the relative URLs in web/artifacts.json (regenerated by tools/gen-web-manifest.sh).
mkdir -p web/releases/kernel/6.6.63 web/releases/initramfs
cp releases/kernel/6.6.63/Image web/releases/kernel/6.6.63/Image
cp releases/initramfs/initramfs.cpio.gz web/releases/initramfs/initramfs.cpio.gz
# E4 restore-on-first-load: the (optional) compressed busybox boot snapshot, if built. Small
# enough to ship on Pages (deploy-cloudflare.sh keeps its URL relative, unlike kernel/initramfs).
bash tools/gen-web-manifest.sh
wrote web/artifacts.json:
{
  "generated": "content-hashed; regenerate with tools/gen-web-manifest.sh",
  "artifacts": {
    "kernel": { "url": "releases/kernel/6.6.63/Image", "sha256": "af7c4e471ed4dabdbe5a2717d81cc034b511d2b0f7706de66ad9e84e078c7cce", "size": 24208896 },
    "initramfs": { "url": "releases/initramfs/initramfs.cpio.gz", "sha256": "35a74c93b8a14afd2a1e75a6b8d7d5feaf925ced33e17e80e9197a696649c563", "size": 1151596 },
    "bootSnapshot": { "url": "releases/boot-snapshot/busybox-ready.snap.gz", "sha256": "ba3168696638db573173b4d266f5234acd01fb2fabe452cc5a1dfde483a61d33", "size": 10983666 }
  }
}
[web-dist] assembling web/dist …
[web-dist] deploy root: / = landing, /app.html = app
[web-dist] stamped sw.js app-shell version=df119d1144ef
[web-dist] done —  35M in web/dist (boot artifacts added at deploy time)
