E5-T26P_BASELINE_V1
CASE machine-matrix mode=cache=ordinary capture=untraced
HART_SNAPSHOT_SHA256=a97cb0239e07965e54b11aa6148e0cd57f1de30e0240486414cd3933919e9c70 HART_SNAPSHOT_LEN=1189
RAM_SHA256=de625270ab24177166da167fbc9fef2811dc59a1495c28cadfecca9a4c9a1f29
RAM_CHANGED=none
RESULT=max-instrs
REGS=pc:0x0000000080000020,x1:0x0000000000000041,x4:0x0000000000000000,x5:0x0000000000000007,x6:0x0000000000000008,x7:0x0000000000000000,x8:0x0000000000000000
MMIO_UART_ORDER=41
MMIO_DEVICE_HITS=0x0000000010001000:0,0x0000000010000000:1
MMIO_ORDER=
CONTROL_BEFORE_HART_SHA256=302854663666eda2a8b7bb8c49a6824852b040f2e6e63561e0d29d961c814392
TRACE_RECORDS=0
TRACE_SHA256=none
TRACE_CANONICAL=none
END_CASE
CASE machine-matrix mode=cache=ordinary capture=recording
HART_SNAPSHOT_SHA256=a97cb0239e07965e54b11aa6148e0cd57f1de30e0240486414cd3933919e9c70 HART_SNAPSHOT_LEN=1189
RAM_SHA256=de625270ab24177166da167fbc9fef2811dc59a1495c28cadfecca9a4c9a1f29
RAM_CHANGED=none
RESULT=max-instrs
REGS=pc:0x0000000080000020,x1:0x0000000000000041,x4:0x0000000000000000,x5:0x0000000000000007,x6:0x0000000000000008,x7:0x0000000000000000,x8:0x0000000000000000
MMIO_UART_ORDER=41
MMIO_DEVICE_HITS=0x0000000010001000:0,0x0000000010000000:1
MMIO_ORDER=
CONTROL_BEFORE_HART_SHA256=302854663666eda2a8b7bb8c49a6824852b040f2e6e63561e0d29d961c814392
TRACE_RECORDS=7
TRACE_SHA256=bbda7ff995d2fd074000690e086cff0e993de1731c7ed3aaef511ce09ecab8b7
TRACE_CANONICAL_BEGIN
core 0: 0x0000000080000000 (0x04100093) x1 0x0000000000000041
core 0: 0x0000000080000004 (0x00110023) mem 0x0000000010000000 0x41
core 0: 0x0000000080000008 (0x00100193) x3 0x0000000000000001
core 0: 0x000000008000000c (0x00318463)
core 0: 0x0000000080000014 (0x00000013)
core 0: 0x0000000080000018 (0x00700293) x5 0x0000000000000007
core 0: 0x000000008000001c (0x00128313) x6 0x0000000000000008
TRACE_CANONICAL_END
END_CASE
CASE machine-matrix mode=cache=cached capture=untraced
HART_SNAPSHOT_SHA256=a97cb0239e07965e54b11aa6148e0cd57f1de30e0240486414cd3933919e9c70 HART_SNAPSHOT_LEN=1189
RAM_SHA256=de625270ab24177166da167fbc9fef2811dc59a1495c28cadfecca9a4c9a1f29
RAM_CHANGED=none
RESULT=max-instrs
REGS=pc:0x0000000080000020,x1:0x0000000000000041,x4:0x0000000000000000,x5:0x0000000000000007,x6:0x0000000000000008,x7:0x0000000000000000,x8:0x0000000000000000
MMIO_UART_ORDER=41
MMIO_DEVICE_HITS=0x0000000010001000:0,0x0000000010000000:1
MMIO_ORDER=
CONTROL_BEFORE_HART_SHA256=302854663666eda2a8b7bb8c49a6824852b040f2e6e63561e0d29d961c814392
TRACE_RECORDS=0
TRACE_SHA256=none
TRACE_CANONICAL=none
END_CASE
CASE machine-matrix mode=cache=cached capture=recording
HART_SNAPSHOT_SHA256=a97cb0239e07965e54b11aa6148e0cd57f1de30e0240486414cd3933919e9c70 HART_SNAPSHOT_LEN=1189
RAM_SHA256=de625270ab24177166da167fbc9fef2811dc59a1495c28cadfecca9a4c9a1f29
RAM_CHANGED=none
RESULT=max-instrs
REGS=pc:0x0000000080000020,x1:0x0000000000000041,x4:0x0000000000000000,x5:0x0000000000000007,x6:0x0000000000000008,x7:0x0000000000000000,x8:0x0000000000000000
MMIO_UART_ORDER=41
MMIO_DEVICE_HITS=0x0000000010001000:0,0x0000000010000000:1
MMIO_ORDER=
CONTROL_BEFORE_HART_SHA256=302854663666eda2a8b7bb8c49a6824852b040f2e6e63561e0d29d961c814392
TRACE_RECORDS=7
TRACE_SHA256=bbda7ff995d2fd074000690e086cff0e993de1731c7ed3aaef511ce09ecab8b7
TRACE_CANONICAL_BEGIN
core 0: 0x0000000080000000 (0x04100093) x1 0x0000000000000041
core 0: 0x0000000080000004 (0x00110023) mem 0x0000000010000000 0x41
core 0: 0x0000000080000008 (0x00100193) x3 0x0000000000000001
core 0: 0x000000008000000c (0x00318463)
core 0: 0x0000000080000014 (0x00000013)
core 0: 0x0000000080000018 (0x00700293) x5 0x0000000000000007
core 0: 0x000000008000001c (0x00128313) x6 0x0000000000000008
TRACE_CANONICAL_END
END_CASE
