✔ prewarm sync proof rejects cross-TTY marker evidence (0.5265ms)
✔ prewarm clear proof requires a new real frame and focused Foot (0.108167ms)
✔ post-marker presentation helper rejects typing frames (100.198917ms)
✔ candidate mode is explicitly local-only and hash-bound (1.378083ms)
✔ renderer proof binds current Hyprland PID and instance before physical input (0.154542ms)
✔ LP0 is configuration-only evidence and is checked before physical input (0.095417ms)
✔ actual built recording covers served resources and pre-send RPCs, even timed-out ones (0.142458ms)
✔ renderer log parser accepts the real DEBUG suffix labels (0.55575ms)
✔ renderer log parser rejects wrong, missing, ambiguous, and misleading records (0.706042ms)
✔ nonce readback caps every guest RPC by the remaining 120-second deadline (0.181125ms)
✔ unlogged baseline worker evidence is explicitly weaker than a GL label (0.249334ms)
✔ harness-only cold local HTTP selftest serves kernel/chunks and refuses snapshot routes without a browser (185.097666ms)
✔ harness-only actual cold orchestration inspects storage before app and returns after pair without input (2.8505ms)
✔ harness-only capture selects exact overlay when both overlay and snapshot databases exist (1.228833ms)
✔ harness-only cold progress TimeoutError is recorded before startup continues to mandatory desktop capture (0.28ms)
✔ harness-only progress catch propagates non-Playwright errors and verify-mode timeouts (0.244208ms)
✔ harness-only final desktop TimeoutError remains fatal after a tolerated progress timeout (0.080791ms)
✔ harness-only screenshot helper forwards the supplied timeout and keeps the 20-second default (0.133ms)
✔ trial is local, explicit, fixed-budget and does not accept renderer/timeout tuning (1.622875ms)
✔ residency URLs differ only in the fixed module cap with recycling disabled (0.543916ms)
✔ residency checks the actual selected cap and rejects recycling or policy drift (0.37725ms)
✔ pair driver rejects unknown experiments before starting any arm (2.826583ms)
✔ arm URLs have exactly one policy difference and forbid inherited query tuning (0.246041ms)
✔ all four R3 source bindings and image layout must match (0.274583ms)
✔ actual runtime must match the selected arm with observer/timing off (1.70725ms)
✔ deadline accounts for queue delay and rejects late completion without starting expired work (5.483542ms)
✔ real recorder retains physical-only writing, fixed deadlines, fresh presentation and owned shutdown (1.07675ms)
✔ fixed opaque rule requires all real properties and consumes the existing startup deadline (2.234209ms)
✔ an expired or late configuration cannot restart the original clock (0.459625ms)
✔ property audit binds to the wire and rejects missing, forged, duplicate, late and pre-configuration input (2.877875ms)
✔ actual original resource and frame dimensions are required, regardless of canvas size (0.115417ms)
✔ retained real negative input recording passes reusable audit; missing sync or fabricated success fails (23.642916ms)
✔ owned watchdog caps setup and navigation once, and normal close cancels timers (0.701416ms)
✔ offline preparation is separately bounded and cannot extend a physical-input watchdog (1.294416ms)
✔ post-verdict capture has one fixed extra allowance and messages cannot rearm it (0.130709ms)
✔ stalled owned browser/recorder is killed and missing close settles as unconfirmed (0.101667ms)
✔ already exited browser is not killed; watchdog intervention never looks like a normal pass (0.108541ms)
✔ future/invalid navigation cannot extend setup (0.065ms)
✔ recorder exit cannot orphan its browser or kill an already-exited recorder group (0.116458ms)
✔ exit before stdio close never sends a later watchdog signal to the exited recorder (0.087583ms)
✔ synthetic actual input-trial reaches physical keys without mapped-client/active-window RPCs (17.065875ms)
✔ synthetic actual opaque branch verifies properties before keys and fences after Enter (15.656333ms)
✔ synthetic capture and verify retain actual mapped-Foot and active-window checks before keys (4.18825ms)
✔ synthetic missing application readiness or lost canvas focus forbids any key (1.23175ms)
✔ synthetic actual nonce reader rejects mismatched bytes in a successful RPC response (12.700042ms)
✔ synthetic late typing/readback and stale presentation cannot publish success (51.771083ms)
✔ synthetic timing observation uses same-page actual recorded event fields, not probe completion (12.5725ms)
ℹ tests 47
ℹ suites 0
ℹ pass 47
ℹ fail 0
ℹ cancelled 0
ℹ skipped 0
ℹ todo 0
ℹ duration_ms 402.33125
