✔ a valid user snapshot always wins (1.036ms)
✔ a coherent boot snapshot restores when there is no user snapshot (0.221375ms)
✔ an incoherent or absent boot snapshot falls back to a cold boot (0.157584ms)
✔ base id is a deterministic 32-byte SHA-256 of the two artifact hashes (334.96425ms)
✔ guest CLIP_SET writes when allowed, stages denial, and flushes only from a gesture (30.320416ms)
✔ focused paste sends CLIP_SET before the key-ready barrier and unfocused paste never reads data (1.503708ms)
✔ host and guest directions use bounded, generation-aware echo history (13.867584ms)
✔ 100 immediate host-copy/guest-echo pairs emit once per action without feedback (132.744042ms)
✔ paste and guest payload limits reject without reading navigator.clipboard or throwing (2.199209ms)
✔ gesture listeners are idempotent and detach preserves the caller-owned channel (18.4265ms)
✔ channel generation changes invalidate a stale expected echo (30.865167ms)
✔ CSS offsets and fractional scale map guest corners without DPR/backing-store input (52.472875ms)
✔ interior guest pixel samples round-trip through fractional canvas offsets (0.615208ms)
✔ tablet coordinates share the production CSS contract at both DPR values (0.247125ms)
✔ window controls use half-open bounds so adjacent pixels do not activate a neighbor (0.280792ms)
✔ Weston control centers stay tied to the detected window, including a maximized window (24.637541ms)
✔ a second window partly behind the panel targets the exposed titlebar strip (12.350375ms)
✔ the real pointer bridge emits exact tablet coordinates at every adjacent button edge (133.697167ms)
✔ CSS/DPR rounding and minimum/maximum clamps are finite, hidden panes do not hotplug (59.256583ms)
✔ desktopViewportPixelMode keeps a fixed bounded backing and CSS-contain fits each viewport (0.853208ms)
✔ fixed desktop backing continues CSS resizing without a redundant hotplug or clear (5.739333ms)
✔ pointer inverse uses the actual centered CSS canvas rect (27.329334ms)
✔ 50 resizes/5 seconds send one trailing request at exactly 250ms, DPR listener rearms and disposes (114.792625ms)
✔ in-flight requests serialize latest intent, stale replies and disposed completions cannot restore old state (35.73725ms)
✔ scalar fallback detects silent DPR changes without CSS or media-query notification (0.878042ms)
✔ controller replacement ignores old completion, initial binding has no duplicate timer, errors recover (0.796791ms)
✔ native fit keeps odd resource stride and independently checks every clipped/padded pixel (5.91475ms)
✔ presentation keeps fixed viewport on pending old frame and later matching frame (35.888417ms)
✔ desktop restore requires fresh Channel HELLO and applies T22 viewport (49.323416ms)
✔ desktop restore may pause only after the fresh HELLO (0.398834ms)
✔ a dropped Channel or refused restore clears the T22 surface (71.178959ms)
✔ desktop agent bridge owns queued guest bytes, negotiates, reconnects, and drains output (201.950583ms)
✔ lazy Omarchy discards pre-controller and dormant bytes; availability reads are passive (10.831458ms)
✔ CLI retains a bounded owned pre-controller queue and automatically starts exactly once (2.715709ms)
✔ retired lazy references cannot activate; old active transports cannot send into any owner (2.489375ms)
✔ explicit restore uses the real Channel fresh HELLO, not preloaded Omarchy output (107.392042ms)
✔ actual main publishes the winning generation during early guest-ready, never query identity (42.298875ms)
✔ actual main supplied restore bypasses default; omitted channel activates one shared session (2.99775ms)
✔ actual main fences retirement immediately and ignores late callbacks/retained channels (120.991334ms)
✔ requires a mapped Omarchy bar and background, not a process or login banner (66.001ms)
✔ a black or solid framebuffer is not rendered desktop evidence (119.134167ms)
✔ progress labels are human-friendly and unpacking never exposes a stale bar (60.519375ms)
✔ guest-response feedback is bounded and cancelled by lifecycle edges (22.457583ms)
✔ desktop readiness is sticky against later generic lifecycle traffic until a new boot (0.342041ms)
✔ terminal events reject late readiness and progress until a new boot (58.108292ms)
✔ TypeScript source and no-bundler pointer projection stay byte-identical (27.47425ms)
✔ absolute coordinates use the current CSS rect and clamp independently of DPR/backing pixels (56.961833ms)
✔ browser button numbers map to the documented evdev codes (0.225875ms)
✔ absolute moves target the tablet while relative moves target only the mouse (30.63175ms)
✔ mode changes release old-device buttons before routing the next button pair (1.841458ms)
✔ an absolute desktop can keep tablet motion and route buttons through the mouse seat (2.177666ms)
✔ pixel and line wheel detents use signed per-axis accumulators (0.787458ms)
✔ 1000 small pixel wheel deltas stay bounded and never change emitted sign (7.58375ms)
✔ wheel accumulators cancel across direction changes and reject invalid modes (30.140083ms)
✔ Pointer Lock success is accepted and denial/loss returns to neutral absolute mode (76.013708ms)
✔ legacy Pointer Lock retries without options and explicit errors fail closed (3.691875ms)
✔ attached surface captures buttons and suppresses the browser context menu (8.237ms)
✔ Wasm pointer adapter requires the complete four-method transport surface (0.575958ms)
ℹ tests 58
ℹ suites 0
ℹ pass 58
ℹ fail 0
ℹ cancelled 0
ℹ skipped 0
ℹ todo 0
ℹ duration_ms 1830.356209
