✔ CSS offsets and fractional scale map guest corners without DPR/backing-store input (83.76125ms)
✔ interior guest pixel samples round-trip through fractional canvas offsets (0.919541ms)
✔ tablet coordinates share the production CSS contract at both DPR values (0.302ms)
✔ window controls use half-open bounds so adjacent pixels do not activate a neighbor (0.29675ms)
✔ Weston control centers stay tied to the detected window, including a maximized window (0.383875ms)
✔ a second window partly behind the panel targets the exposed titlebar strip (4.742958ms)
✔ the real pointer bridge emits exact tablet coordinates at every adjacent button edge (24.12575ms)
✔ CSS/DPR rounding and minimum/maximum clamps are finite, hidden panes do not hotplug (125.077083ms)
✔ desktopViewportPixelMode keeps a fixed bounded backing and CSS-contain fits each viewport (21.186709ms)
✔ fixed desktop backing continues CSS resizing without a redundant hotplug or clear (6.246708ms)
✔ pointer inverse uses the actual centered CSS canvas rect (0.483167ms)
✔ 50 resizes/5 seconds send one trailing request at exactly 250ms, DPR listener rearms and disposes (31.400333ms)
✔ in-flight requests serialize latest intent, stale replies and disposed completions cannot restore old state (15.438083ms)
✔ scalar fallback detects silent DPR changes without CSS or media-query notification (1.985792ms)
✔ controller replacement ignores old completion, initial binding has no duplicate timer, errors recover (41.719291ms)
✔ native fit keeps odd resource stride and independently checks every clipped/padded pixel (0.829375ms)
✔ presentation keeps fixed viewport on pending old frame and later matching frame (21.984917ms)
✔ desktop restore requires fresh Channel HELLO and applies T22 viewport (8.972917ms)
✔ desktop restore may pause only after the fresh HELLO (0.277792ms)
✔ a dropped Channel or refused restore clears the T22 surface (34.312958ms)
✔ desktop agent bridge owns queued guest bytes, negotiates, reconnects, and drains output (150.407042ms)
✔ requires a mapped Omarchy bar and background, not a process or login banner (6.821416ms)
✔ a black or solid framebuffer is not rendered desktop evidence (206.579667ms)
✔ the actual ready lifecycle is once per authoritative generation and isolates Omarchy (89.490958ms)
✔ actual RPC gate rejects no-owner/retired work and fences late CLI completion (105.985333ms)
✔ the authoritative Omarchy key blocks service RPC even when the page is not marked desktop (0.945083ms)
✔ desktop control entry points remain wired to the existing production bridges (7.980583ms)
✔ host-only preboot Docker affordance remains available, but an Omarchy owner blocks it (0.604875ms)
✔ TypeScript source and no-bundler pointer projection stay byte-identical (29.850209ms)
✔ absolute coordinates use the current CSS rect and clamp independently of DPR/backing pixels (1.288459ms)
✔ browser button numbers map to the documented evdev codes (0.32425ms)
✔ absolute moves target the tablet while relative moves target only the mouse (22.894708ms)
✔ mode changes release old-device buttons before routing the next button pair (0.685833ms)
✔ an absolute desktop can keep tablet motion and route buttons through the mouse seat (2.938042ms)
✔ pixel and line wheel detents use signed per-axis accumulators (0.654833ms)
✔ 1000 small pixel wheel deltas stay bounded and never change emitted sign (9.984083ms)
✔ wheel accumulators cancel across direction changes and reject invalid modes (0.959083ms)
✔ Pointer Lock success is accepted and denial/loss returns to neutral absolute mode (225.744375ms)
✔ legacy Pointer Lock retries without options and explicit errors fail closed (7.99525ms)
✔ attached surface captures buttons and suppresses the browser context menu (23.420083ms)
✔ Wasm pointer adapter requires the complete four-method transport surface (0.773875ms)
ℹ tests 41
ℹ suites 0
ℹ pass 41
ℹ fail 0
ℹ cancelled 0
ℹ skipped 0
ℹ todo 0
ℹ duration_ms 1901.530667
