Cloning into '/var/folders/nr/cyvk1qc14jj5c081vj1xts000000gn/T/wasm-vm-constants-cold-ghchol34/wasm-vm'...
done.
HEAD is now at 81cd3a4c gpu: bound constant transport and reflected upload extents
bash tools/verify-virgl-constants.sh

added 7 packages in 459ms
npm warn install-scripts 1 package has install scripts not yet covered by allowScripts:
npm warn install-scripts   fsevents@2.3.2 (install: (install scripts present))
npm warn install-scripts
npm warn install-scripts Run `npm install-scripts ls` to review, or `npm install-scripts approve <pkg>` to allow.
Resolving SDK version '4.0.22' to 'sdk-releases-bebaf7e50e31865b0724f17eaa52e161e2dfef5a-64bit'
Installing SDK 'sdk-releases-bebaf7e50e31865b0724f17eaa52e161e2dfef5a-64bit'..
Skipped installing node-22.16.0-64bit, already installed.
Skipped installing python-3.13.3-64bit, already installed.
Skipped installing releases-bebaf7e50e31865b0724f17eaa52e161e2dfef5a-64bit, already installed.
All SDK components already installed: 'sdk-releases-bebaf7e50e31865b0724f17eaa52e161e2dfef5a-64bit'.
Resolving SDK version '4.0.22' to 'sdk-releases-bebaf7e50e31865b0724f17eaa52e161e2dfef5a-64bit'
Setting the following tools as active:
   node-22.16.0-64bit
   python-3.13.3-64bit
   releases-bebaf7e50e31865b0724f17eaa52e161e2dfef5a-64bit

Next steps:
- To conveniently access emsdk tools from the command line,
  consider adding the following directories to your PATH:
    /Users/blamy/.cache/wasm-vm/emsdk/4.0.22
    /Users/blamy/.cache/wasm-vm/emsdk/4.0.22/upstream/emscripten
- This can be done for the current shell by running:
    source "/Users/blamy/.cache/wasm-vm/emsdk/4.0.22/emsdk_env.sh"
- Configure emsdk in your shell startup scripts by running:
    echo 'source "/Users/blamy/.cache/wasm-vm/emsdk/4.0.22/emsdk_env.sh"' >> $HOME/.zprofile
emcc (Emscripten gcc/clang-like replacement + linker emulating GNU ld) 4.0.22 (0f3d2e62bccf8e14497ff19e05a1202c51eb0c65)
Copyright (C) 2025 the Emscripten authors (see AUTHORS.txt)
This is free and open source software under the MIT license.
There is NO warranty; not even for MERCHANTABILITY or FITNESS FOR A PARTICULAR PURPOSE.

+ git rev-parse HEAD
81cd3a4c403176be4b0191fa00ed37f4fd1e1e35
+ node --check renderer/virgl-command/decoder.mjs
+ node --check renderer/virgl-command/state.mjs
+ node --check renderer/virgl-command/tests/constants.mjs
+ node --check tools/verify-virgl-constants.mjs
+ node --check tools/virgl-constants/decoder.mjs
+ python3 -m py_compile tools/virgl-constants/native.py tools/virgl-constants/receipt.py tools/virgl-constants/cold.py
+ bash renderer/virgl-shader/build.sh native
Pinned virglrenderer 1.3.0: 70 source/generated SHA-256 hashes match
+ python3 tools/virgl-constants/native.py --binary renderer/virgl-shader/build/native/virgl-shader --output /var/folders/nr/cyvk1qc14jj5c081vj1xts000000gn/T/wasm-vm-constants-cold-ghchol34/wasm-vm/target/evidence/virgl-constants-cold/native
{"status": "passed", "originals": 19, "acceptedOriginals": 12, "cases": 8, "calls": 27, "report": "/var/folders/nr/cyvk1qc14jj5c081vj1xts000000gn/T/wasm-vm-constants-cold-ghchol34/wasm-vm/target/evidence/virgl-constants-cold/native/native-report.json"}
+ node tools/virgl-constants/decoder.mjs --output /var/folders/nr/cyvk1qc14jj5c081vj1xts000000gn/T/wasm-vm-constants-cold-ghchol34/wasm-vm/target/evidence/virgl-constants-cold/decoder
{"status":"passed","cases":23,"accepted":8,"rejected":15,"output":"/var/folders/nr/cyvk1qc14jj5c081vj1xts000000gn/T/wasm-vm-constants-cold-ghchol34/wasm-vm/target/evidence/virgl-constants-cold/decoder"}
+ VIRGL_ASYNC_EVIDENCE_DIR=/var/folders/nr/cyvk1qc14jj5c081vj1xts000000gn/T/wasm-vm-constants-cold-ghchol34/wasm-vm/target/evidence/virgl-constants-cold/regression
+ bash tools/verify-virgl-async-jobs.sh
+ git rev-parse HEAD
81cd3a4c403176be4b0191fa00ed37f4fd1e1e35
+ node --check renderer/virgl-command/resources.mjs
+ node --check renderer/virgl-command/state.mjs
+ node --check renderer/virgl-command/tests/async-acceptance.mjs
+ node --check tools/verify-virgl-async-jobs.mjs
+ python3 -m py_compile tools/virgl-command/async-receipt.py tools/virgl-command/async-cold.py
+ bash renderer/virgl-shader/build.sh wasm
Pinned virglrenderer 1.3.0: 70 source/generated SHA-256 hashes match
+ node tools/verify-virgl-command-decoder.mjs --output /var/folders/nr/cyvk1qc14jj5c081vj1xts000000gn/T/wasm-vm-constants-cold-ghchol34/wasm-vm/target/evidence/virgl-constants-cold/regression/regression/decoder --node-only true
Node command acceptance passed (550 ms)
+ node tools/verify-virgl-resource-transfers.mjs --output /var/folders/nr/cyvk1qc14jj5c081vj1xts000000gn/T/wasm-vm-constants-cold-ghchol34/wasm-vm/target/evidence/virgl-constants-cold/regression/regression/resources
Node resource acceptance passed (57 ms)
Hardware resource acceptance passed (123 ms)
+ node tools/verify-virgl-object-state.mjs --output /var/folders/nr/cyvk1qc14jj5c081vj1xts000000gn/T/wasm-vm-constants-cold-ghchol34/wasm-vm/target/evidence/virgl-constants-cold/regression/regression/state
Hardware state acceptance passed (155 ms)
+ node tools/verify-virgl-draw-replay.mjs --output /var/folders/nr/cyvk1qc14jj5c081vj1xts000000gn/T/wasm-vm-constants-cold-ghchol34/wasm-vm/target/evidence/virgl-constants-cold/regression/regression/draw
Hardware draw replay passed (312 ms)
+ node tools/verify-virgl-async-jobs.mjs --output /var/folders/nr/cyvk1qc14jj5c081vj1xts000000gn/T/wasm-vm-constants-cold-ghchol34/wasm-vm/target/evidence/virgl-constants-cold/regression/hardware
Hardware async jobs passed (3061 ms)
+ for attack in early-collect index-class
+ node tools/verify-virgl-async-jobs.mjs --output /var/folders/nr/cyvk1qc14jj5c081vj1xts000000gn/T/wasm-vm-constants-cold-ghchol34/wasm-vm/target/evidence/virgl-constants-cold/regression/sabotage-early-collect --sabotage early-collect
AssertionError [ERR_ASSERTION]: async CPU collection requires a signaled fence: expected true, got false

'failed' !== 'passed'

    at file:///private/var/folders/nr/cyvk1qc14jj5c081vj1xts000000gn/T/wasm-vm-constants-cold-ghchol34/wasm-vm/tools/verify-virgl-async-jobs.mjs:154:12
+ for attack in early-collect index-class
+ node tools/verify-virgl-async-jobs.mjs --output /var/folders/nr/cyvk1qc14jj5c081vj1xts000000gn/T/wasm-vm-constants-cold-ghchol34/wasm-vm/target/evidence/virgl-constants-cold/regression/sabotage-index-class --sabotage index-class
AssertionError [ERR_ASSERTION]: async index staging uses element-array class: expected true, got false

'failed' !== 'passed'

    at file:///private/var/folders/nr/cyvk1qc14jj5c081vj1xts000000gn/T/wasm-vm-constants-cold-ghchol34/wasm-vm/tools/verify-virgl-async-jobs.mjs:154:12
+ python3 tools/virgl-command/async-receipt.py /var/folders/nr/cyvk1qc14jj5c081vj1xts000000gn/T/wasm-vm-constants-cold-ghchol34/wasm-vm/target/evidence/virgl-constants-cold/regression
E6-T11b1 receipt passed: asynchronous jobs, original pixels, sequencing controls and synchronous regressions
+ node tools/verify-virgl-pairs.mjs --output /var/folders/nr/cyvk1qc14jj5c081vj1xts000000gn/T/wasm-vm-constants-cold-ghchol34/wasm-vm/target/evidence/virgl-constants-cold/flat-regression
E6-T12e2:12/19 originals; 114 native/Wasm pair cases; 8 direct and 44 renderer draws; cache/lifecycle/fault proof passed.
+ node tools/verify-virgl-constants.mjs --output /var/folders/nr/cyvk1qc14jj5c081vj1xts000000gn/T/wasm-vm-constants-cold-ghchol34/wasm-vm/target/evidence/virgl-constants-cold/hardware
E6-T12e3b: 45056 exact hardware pixels; full constant transport, reflection and ownership passed.
+ node tools/verify-virgl-constants.mjs --output /var/folders/nr/cyvk1qc14jj5c081vj1xts000000gn/T/wasm-vm-constants-cold-ghchol34/wasm-vm/target/evidence/virgl-constants-cold/sabotage --sabotage high-upload
page.evaluate: Error: A first high-bank draw independent pixel (0,0): expected [64,191,128,191], observed [0,0,255,255]
    at require (http://127.0.0.1:58066/renderer/virgl-command/tests/constants.mjs:11:63)
    at equal (http://127.0.0.1:58066/renderer/virgl-command/tests/constants.mjs:12:44)
    at capture (http://127.0.0.1:58066/renderer/virgl-command/tests/constants.mjs:200:5)
    at async primary (http://127.0.0.1:58066/renderer/virgl-command/tests/constants.mjs:227:5)
    at async runAcceptance (http://127.0.0.1:58066/renderer/virgl-command/tests/constants.mjs:384:98)
    at async eval (eval at evaluate (:234:30), <anonymous>:3:14)
    at async <anonymous>:260:30
    at runVirglBrowser (/private/var/folders/nr/cyvk1qc14jj5c081vj1xts000000gn/T/wasm-vm-constants-cold-ghchol34/wasm-vm/tools/verify-virgl-constants.mjs:146:57)
    at /private/var/folders/nr/cyvk1qc14jj5c081vj1xts000000gn/T/wasm-vm-constants-cold-ghchol34/wasm-vm/async file:/private/var/folders/nr/cyvk1qc14jj5c081vj1xts000000gn/T/wasm-vm-constants-cold-ghchol34/wasm-vm/tools/verify-virgl-constants.mjs:236:1
+ python3 tools/virgl-constants/receipt.py /var/folders/nr/cyvk1qc14jj5c081vj1xts000000gn/T/wasm-vm-constants-cold-ghchol34/wasm-vm/target/evidence/virgl-constants-cold
E6-T12e3b passed: 184-word transport, true reflection, isolated sync/async constants and 45,056 independent pixels.
