]3008;end=d3474562-5c8c-4a2f-bfb6-815d01da0d1b;exit=success\

__WVEND_mu3g5g900_0
]3008;end=8f3f45aa-4b25-499d-a71b-b15ddd177401;exit=success\]3008;start=f3d5acc2-ac06-4c6e-9ba5-6583adc47fcc;machineid=5abb4fe4a18644f197581438bd6ee2c7;user=omarchy;hostname=omarchy-demo;bootid=450d9a5f-1fc8-440a-9d2a-21bff69195d1;pid=00000000000000000174;type=shell;cwd=/home/omarchy\[?2004h[omarchy@omarchy-demo ~]$ 
__WVEND_mu3g6qru1_75
]3008;end=b477822f-042a-4e93-823d-8f3f75996ed5;exit=success\
__WVEND_mu3g6uzs2_75
]3008;end=612380b6-49a8-4b40-a461-affd4b4f70b8;exit=success\
__WVEND_mu3g716r3_75
]3008;end=6cfb97c4-4a9e-44e8-a190-141673793064;exit=success\
__WVEND_mu3g76uu4_75
]3008;end=29592062-12ee-40ac-8d3b-df9b5fd7110a;exit=success\
__WVEND_mu3g7bhj5_75
]3008;end=e0fafc36-d9aa-4d8b-a29f-102e65af5393;exit=success\
__WVEND_mu3g7h586_75
]3008;end=083a72fe-2144-4249-9e07-13d7e31ea7c3;exit=success\
__WVEND_mu3g7n3n7_75
]3008;end=a34d81e7-d2d3-4428-8acd-14d032acb40d;exit=success\
__WVEND_mu3g7swv8_75
]3008;end=6b069c7c-4c65-4384-adcb-e99b3839b367;exit=success\
__WVEND_mu3g7y5m9_75
]3008;end=1560152e-72f0-4fc7-888e-a660ed491372;exit=success\
__WVEND_mu3g83ya10_75
]3008;end=2d634d69-76ba-43ff-b38b-3493edc15e68;exit=success\
__WVEND_mu3g88sc11_75
]3008;end=7886fa33-0d82-4c9f-9620-bbac065ec1b0;exit=success\
__WVEND_mu3g8dlh12_75
]3008;end=0ed0a2da-28c5-4e36-bd8a-3a8343b3e30b;exit=success\
__WVEND_mu3g8ibs13_75
]3008;end=25285c92-02fc-45a0-945f-6af34e38a857;exit=success\
__WVEND_mu3g8nfb14_75
]3008;end=39e7b2e2-16f1-4785-8042-f4a272130ad1;exit=success\
__WVEND_mu3g8rzv15_75
]3008;end=2079b23c-ad50-467e-af82-6e26323ece56;exit=success\
__WVEND_mu3g8y8k16_75
]3008;end=fd352df7-2632-420e-82d7-7ae1aa56a6c3;exit=success\
__WVEND_mu3g932417_75
]3008;end=f407a519-1d75-4a12-98f5-2a3ca06ab456;exit=success\printf '\n__WVBEGIN_mu3g99la18\n'; if [ -f '/tmp/desktop-keys-a65f08739c733920' ]; then cat '/tmp/desktop-keys-a65f08739c733920'; else (exit 75); fi; printf '\n__WVEND_mu3g99la18_%s\n' "$?"
[?2004l