cargo test -p wasm-vm-core --features trace --test integer_replay -- --nocapture
   Compiling libc v0.2.186
   Compiling proc-macro2 v1.0.106
   Compiling quote v1.0.46
   Compiling unicode-ident v1.0.24
   Compiling cfg-if v1.0.4
   Compiling zerocopy v0.8.52
   Compiling version_check v0.9.5
   Compiling serde_core v1.0.228
   Compiling getrandom v0.3.4
   Compiling bitflags v2.13.0
   Compiling crossbeam-utils v0.8.21
   Compiling typenum v1.20.1
   Compiling serde v1.0.228
   Compiling zmij v1.0.21
   Compiling getrandom v0.4.3
   Compiling rustix v1.1.4
   Compiling autocfg v1.5.1
   Compiling serde_json v1.0.150
   Compiling regex-syntax v0.8.11
   Compiling generic-array v0.14.7
   Compiling either v1.16.0
   Compiling once_cell v1.21.4
   Compiling num-traits v0.2.19
   Compiling anstyle v1.0.14
   Compiling rayon-core v1.13.0
   Compiling fastrand v2.4.1
   Compiling ciborium-io v0.2.2
   Compiling memchr v2.8.2
   Compiling rustc_apfloat v0.2.3+llvm-462a31f5a5ab
   Compiling itoa v1.0.18
   Compiling clap_lex v1.1.0
   Compiling clap_builder v4.6.0
   Compiling regex-automata v0.4.14
   Compiling itertools v0.10.5
   Compiling smallvec v1.15.2
   Compiling crossbeam-epoch v0.9.18
   Compiling bit-vec v0.8.0
   Compiling quick-error v1.2.3
   Compiling crossbeam-deque v0.8.6
   Compiling cast v0.3.0
   Compiling fnv v1.0.7
   Compiling same-file v1.0.6
   Compiling criterion-plot v0.5.0
   Compiling walkdir v2.5.0
   Compiling regex v1.12.4
   Compiling bit-set v0.8.0
   Compiling clap v4.6.1
   Compiling oorandom v11.1.5
   Compiling anes v0.1.6
   Compiling log v0.4.33
   Compiling unarray v0.1.4
   Compiling syn v2.0.118
   Compiling errno v0.3.14
   Compiling wait-timeout v0.2.1
   Compiling cpufeatures v0.2.17
   Compiling is-terminal v0.4.17
   Compiling rand_core v0.9.5
   Compiling rand v0.9.4
   Compiling rand_xorshift v0.4.0
   Compiling tempfile v3.27.0
   Compiling crypto-common v0.1.7
   Compiling block-buffer v0.10.4
   Compiling digest v0.10.7
   Compiling rusty-fork v0.3.1
   Compiling sha2 v0.10.9
   Compiling zerocopy-derive v0.8.52
   Compiling serde_derive v1.0.228
   Compiling wasm-vm-core v0.0.1 (/private/var/folders/nr/cyvk1qc14jj5c081vj1xts000000gn/T/wasm-vm-integer-cold-2sdzp1nt/repo/crates/core)
   Compiling rayon v1.12.0
   Compiling tinytemplate v1.2.1
   Compiling half v2.7.1
   Compiling ppv-lite86 v0.2.21
   Compiling rand_chacha v0.9.0
   Compiling ciborium-ll v0.2.2
   Compiling proptest v1.11.0
   Compiling ciborium v0.2.2
   Compiling criterion v0.5.1
    Finished `test` profile [unoptimized + debuginfo] target(s) in 6.09s
     Running tests/integer_replay.rs (target/debug/deps/integer_replay-0679b3867de7aace)

running 5 tests
integer-invalidation: retired=4 trace-fnv=0xcccac346058ffa25 states-sha256=afdfc3e1eeb9806aa1853bc83f3562ba08f97bfc36d7f76b426d92d7669f2fc6
integer-wrapping-auipc: retired=2 trace-fnv=0x58cfb93a95631c7d states-sha256=85eba745abb3a917d3b9db624f176308790da2d880217342e2123c4ee3918d00
integer-compressed-trap: retired=4 trace-fnv=0xb501cc97e4a905b5 states-sha256=8d1380e24f5fb405a054cfd3ea56751bee6bb2fc0aff964cda493400e515023c
integer-compressed-trap: retired=4 trace-fnv=0xb501cc97e4a905b5 states-sha256=8d1380e24f5fb405a054cfd3ea56751bee6bb2fc0aff964cda493400e515023c
integer-invalidation: retired=4 trace-fnv=0xcccac346058ffa25 states-sha256=afdfc3e1eeb9806aa1853bc83f3562ba08f97bfc36d7f76b426d92d7669f2fc6
integer-wrapping-auipc: retired=2 trace-fnv=0x58cfb93a95631c7d states-sha256=85eba745abb3a917d3b9db624f176308790da2d880217342e2123c4ee3918d00
integer-invalidation: retired=4 trace-fnv=0xcccac346058ffa25 states-sha256=afdfc3e1eeb9806aa1853bc83f3562ba08f97bfc36d7f76b426d92d7669f2fc6
integer-wrapping-auipc: retired=2 trace-fnv=0x58cfb93a95631c7d states-sha256=85eba745abb3a917d3b9db624f176308790da2d880217342e2123c4ee3918d00
integer-compressed-trap: retired=4 trace-fnv=0xb501cc97e4a905b5 states-sha256=8d1380e24f5fb405a054cfd3ea56751bee6bb2fc0aff964cda493400e515023c
test cached_integer_prefix_sees_code_replacement_between_slices ... ok
integer-wrapping-c: retired=2 trace-fnv=0xd075022a987ecaac states-sha256=4e85467db94e0a440e10fa909d99b2768d43548862784e53f66f19f5533065f9
integer-compressed-trap: retired=4 trace-fnv=0xb501cc97e4a905b5 states-sha256=8d1380e24f5fb405a054cfd3ea56751bee6bb2fc0aff964cda493400e515023c
integer-wrapping-c: retired=2 trace-fnv=0xd075022a987ecaac states-sha256=4e85467db94e0a440e10fa909d99b2768d43548862784e53f66f19f5533065f9
integer-compressed-trap: retired=4 trace-fnv=0xb501cc97e4a905b5 states-sha256=8d1380e24f5fb405a054cfd3ea56751bee6bb2fc0aff964cda493400e515023c
integer-wrapping-c: retired=2 trace-fnv=0xd075022a987ecaac states-sha256=4e85467db94e0a440e10fa909d99b2768d43548862784e53f66f19f5533065f9
integer-compressed-trap: retired=4 trace-fnv=0xb501cc97e4a905b5 states-sha256=8d1380e24f5fb405a054cfd3ea56751bee6bb2fc0aff964cda493400e515023c
test cached_auipc_and_compressed_retirement_wrap_the_virtual_pc ... ok
test compressed_lengths_and_trap_after_integer_prefix_are_precise ... ok
integer-boundaries: retired=175 trace-fnv=0x18ec5c9b6882fa8d states-sha256=b7b550585168ebd78293f05a84cc1673d4c5fcf52f4dfbdac808ef49718f0286
test arithmetic_boundaries_match_literal_results_in_every_replay_mode ... ok
integer-opcodes: retired=301 trace-fnv=0x8fda1ff71b29377d states-sha256=9013fafb34ab4e982dd2b29284892aee450b6c67304a80b43a97e496fc8ff62b
test all_43_integer_opcodes_match_literal_results_in_every_replay_mode ... ok

test result: ok. 5 passed; 0 failed; 0 ignored; 0 measured; 0 filtered out; finished in 3.01s

wasm-pack test --node crates/wasm --test integer_replay
[INFO]: 🎯  Checking for the Wasm target...
   Compiling unicode-ident v1.0.24
   Compiling proc-macro2 v1.0.106
   Compiling quote v1.0.46
   Compiling wasm-bindgen-shared v0.2.126
   Compiling cfg-if v1.0.4
   Compiling rustversion v1.0.22
   Compiling version_check v0.9.5
   Compiling bumpalo v3.20.3
   Compiling typenum v1.20.1
   Compiling once_cell v1.21.4
   Compiling slab v0.4.12
   Compiling pin-project-lite v0.2.17
   Compiling futures-task v0.3.32
   Compiling futures-core v0.3.32
   Compiling serde_core v1.0.228
   Compiling zmij v1.0.21
   Compiling rustc_apfloat v0.2.3+llvm-462a31f5a5ab
   Compiling smallvec v1.15.2
   Compiling bitflags v2.13.0
   Compiling heapless v0.9.3
   Compiling futures-util v0.3.32
   Compiling serde_json v1.0.150
   Compiling serde v1.0.228
   Compiling log v0.4.33
   Compiling byteorder v1.5.0
   Compiling generic-array v0.14.7
   Compiling libm v0.2.16
   Compiling hash32 v0.3.1
   Compiling stable_deref_trait v1.2.1
   Compiling itoa v1.0.18
   Compiling memchr v2.8.2
   Compiling autocfg v1.5.1
   Compiling smoltcp v0.13.1
   Compiling tinyvec_macros v0.1.1
   Compiling tinyvec v1.12.0
   Compiling bitflags v1.3.2
   Compiling managed v0.8.0
   Compiling num-traits v0.2.19
   Compiling unicode-normalization v0.1.25
   Compiling wasm-vm-wasm-emit v0.0.1 (/private/var/folders/nr/cyvk1qc14jj5c081vj1xts000000gn/T/wasm-vm-integer-cold-2sdzp1nt/repo/crates/wasm-emit)
   Compiling nu-ansi-term v0.50.3
   Compiling oorandom v11.1.5
   Compiling wasm-bindgen-test-shared v0.2.126
   Compiling cast v0.3.0
   Compiling syn v2.0.118
   Compiling wasm-bindgen v0.2.126
   Compiling wasm-bindgen-macro-support v0.2.126
   Compiling crypto-common v0.1.7
   Compiling block-buffer v0.10.4
   Compiling digest v0.10.7
   Compiling sha2 v0.10.9
   Compiling wasm-vm-core v0.0.1 (/private/var/folders/nr/cyvk1qc14jj5c081vj1xts000000gn/T/wasm-vm-integer-cold-2sdzp1nt/repo/crates/core)
   Compiling serde_derive v1.0.228
   Compiling async-trait v0.1.89
   Compiling wasm-bindgen-test-macro v0.3.76
   Compiling wasm-bindgen-macro v0.2.126
   Compiling wasm-vm-storage v0.0.1 (/private/var/folders/nr/cyvk1qc14jj5c081vj1xts000000gn/T/wasm-vm-integer-cold-2sdzp1nt/repo/crates/storage)
   Compiling wasm-vm-jit-translate v0.0.1 (/private/var/folders/nr/cyvk1qc14jj5c081vj1xts000000gn/T/wasm-vm-integer-cold-2sdzp1nt/repo/crates/jit-translate)
   Compiling wasm-vm-slirp v0.0.0 (/private/var/folders/nr/cyvk1qc14jj5c081vj1xts000000gn/T/wasm-vm-integer-cold-2sdzp1nt/repo/crates/slirp)
   Compiling js-sys v0.3.103
   Compiling console_error_panic_hook v0.1.7
   Compiling wasm-bindgen-futures v0.4.76
   Compiling web-sys v0.3.103
   Compiling getrandom v0.2.17
   Compiling wasm-bindgen-test v0.3.76
   Compiling console_log v1.0.0
   Compiling wasm-vm-wasm v0.0.1 (/private/var/folders/nr/cyvk1qc14jj5c081vj1xts000000gn/T/wasm-vm-integer-cold-2sdzp1nt/repo/crates/wasm)
warning: unused import: `Exception`
 --> crates/wasm/tests/hart_ctrl.rs:8:26
  |
8 | use wasm_vm_core::hart::{Exception, Hart};
  |                          ^^^^^^^^^
  |
  = note: `#[warn(unused_imports)]` (part of `#[warn(unused)]`) on by default

warning: `wasm-vm-wasm` (test "hart_ctrl") generated 1 warning (run `cargo fix --test "hart_ctrl" -p wasm-vm-wasm` to apply 1 suggestion)
    Finished `dev` profile [unoptimized + debuginfo] target(s) in 16.26s
[INFO]: ⬇️  Installing wasm-bindgen...
    Finished `test` profile [unoptimized + debuginfo] target(s) in 0.06s
     Running tests/integer_replay.rs (/private/var/folders/nr/cyvk1qc14jj5c081vj1xts000000gn/T/wasm-vm-integer-cold-2sdzp1nt/repo/target/wasm32-unknown-unknown/debug/deps/integer_replay-6c819779f5ee687f.wasm)
running 5 tests
test cases::compressed_lengths_and_trap_after_integer_prefix_are_precise ... ok
test cases::cached_integer_prefix_sees_code_replacement_between_slices ... ok
test cases::cached_auipc_and_compressed_retirement_wrap_the_virtual_pc ... ok
test cases::arithmetic_boundaries_match_literal_results_in_every_replay_mode ... ok
test cases::all_43_integer_opcodes_match_literal_results_in_every_replay_mode ... ok

test result: ok. 5 passed; 0 failed; 0 ignored; 0 filtered out; finished in 6.16s

