{
  "head": "141bdd5a055aa3f03592f127246a8b6e131f9125",
  "reportSha256": "b7f4b5578d1beba34661417f5a535639b7644f7473694d8c36a30ade63f78ef7",
  "configured": true,
  "properties": [
    "ok",
    "ok",
    "ok",
    "ok",
    "ok",
    "ok",
    "ok",
    "ok",
    "true",
    "true",
    "1",
    "1",
    "1",
    "true",
    "true",
    "true",
    "{",
    "\"address\": \"0x55555eb73630\",",
    "\"mapped\": true,",
    "\"hidden\": false,",
    "\"visible\": true,",
    "\"acceptsInput\": true,",
    "\"at\": [12, 38],",
    "\"size\": [1256, 750],",
    "\"workspace\": {",
    "\"id\": 1,",
    "\"name\": \"1\"",
    "},",
    "\"floating\": false,",
    "\"monitor\": 0,",
    "\"class\": \"foot\",",
    "\"title\": \"omarchy@omarchy-demo:~\",",
    "\"initialClass\": \"foot\",",
    "\"initialTitle\": \"foot\",",
    "\"pid\": 503,",
    "\"xwayland\": false,",
    "\"pinned\": false,",
    "\"pinFullscreened\": false,",
    "\"fullscreen\": 0,",
    "\"fullscreenClient\": 0,",
    "\"fullscreenHandler\": \"default\",",
    "\"allowedOverFullscreen\": true,",
    "\"grouped\": [],",
    "\"tags\": [\"default-opacity*\", \"terminal*\"],",
    "\"swallowing\": \"0x0\",",
    "\"focusHistoryID\": 0,",
    "\"inhibitingIdle\": false,",
    "\"xdgTag\": \"\",",
    "\"xdgDescription\": \"\",",
    "\"contentType\": \"none\",",
    "\"tearingHint\": false,",
    "\"stableId\": \"18000000\"",
    "}"
  ],
  "result": "failed",
  "outcome": "nonce-readback-failed",
  "keyEvents": 128,
  "nonceReplies": 0,
  "images": [
    {
      "file": "evidence/omarchy-profile/direct-opaque-r2/desktop/latest.png",
      "size": 29106,
      "sha256": "f410ff2c59bbba780638688eeee23f6d82e0093dcced2faee523a5da35b8b14f",
      "capturedAt": "2026-09-16T04:54:59.815Z"
    },
    {
      "file": "evidence/omarchy-profile/direct-opaque-r2/desktop/desktop.png",
      "size": 10726,
      "sha256": "97fc180d4d35c68ca5941dc591afb315220550165469f3c4ead7827989cc2f3f",
      "capturedAt": "2026-09-16T04:55:29.959Z"
    },
    {
      "file": "evidence/omarchy-profile/direct-opaque-r2/desktop/direct-opaque.png",
      "size": 10726,
      "sha256": "97fc180d4d35c68ca5941dc591afb315220550165469f3c4ead7827989cc2f3f",
      "capturedAt": "2026-09-16T04:56:18.534Z"
    },
    {
      "file": "evidence/omarchy-profile/direct-opaque-r2/desktop/failure.png",
      "size": 10726,
      "sha256": "97fc180d4d35c68ca5941dc591afb315220550165469f3c4ead7827989cc2f3f",
      "capturedAt": "2026-09-16T04:58:21.402Z"
    }
  ],
  "cleanupElapsedMs": 235
}
