{
  "head": "f55923bda86172359f73db8ea998692ceb155fae",
  "reportSha256": "edf2736a39f59d2035d8e9f0607e031b1cdefe9fba9e305e734b9c13eed63411",
  "configured": false,
  "properties": [
    "error: [string \"return hl.dispatch(setprop active opaque 1)\"]:1: ')' expected near 'active'",
    "→ Note: dispatch in lua is a shorthand for hl.dispatch(...), your syntax might need to be updated.",
    "error: [string \"return hl.dispatch(setprop active force_rgbx ...\"]:1: ')' expected near 'active'",
    "→ Note: dispatch in lua is a shorthand for hl.dispatch(...), your syntax might need to be updated.",
    "error: [string \"return hl.dispatch(setprop active opacity 1)\"]:1: ')' expected near 'active'",
    "→ Note: dispatch in lua is a shorthand for hl.dispatch(...), your syntax might need to be updated.",
    "error: [string \"return hl.dispatch(setprop active opacity_ina...\"]:1: ')' expected near 'active'",
    "→ Note: dispatch in lua is a shorthand for hl.dispatch(...), your syntax might need to be updated.",
    "error: [string \"return hl.dispatch(setprop active opacity_ful...\"]:1: ')' expected near 'active'",
    "→ Note: dispatch in lua is a shorthand for hl.dispatch(...), your syntax might need to be updated.",
    "error: [string \"return hl.dispatch(setprop active opacity_ove...\"]:1: ')' expected near 'active'",
    "→ Note: dispatch in lua is a shorthand for hl.dispatch(...), your syntax might need to be updated.",
    "error: [string \"return hl.dispatch(setprop active opacity_ina...\"]:1: ')' expected near 'active'",
    "→ Note: dispatch in lua is a shorthand for hl.dispatch(...), your syntax might need to be updated.",
    "error: [string \"return hl.dispatch(setprop active opacity_ful...\"]:1: ')' expected near 'active'",
    "→ Note: dispatch in lua is a shorthand for hl.dispatch(...), your syntax might need to be updated.",
    "false",
    "false",
    "0.985",
    "0.96",
    "1",
    "false",
    "false",
    "false",
    "{",
    "\"address\": \"0x55555eb73630\",",
    "\"mapped\": true,",
    "\"hidden\": false,",
    "\"visible\": true,",
    "\"acceptsInput\": true,",
    "\"at\": [12, 38],",
    "\"size\": [1256, 750],",
    "\"workspace\": {",
    "\"id\": 1,",
    "\"name\": \"1\"",
    "},",
    "\"floating\": false,",
    "\"monitor\": 0,",
    "\"class\": \"foot\",",
    "\"title\": \"omarchy@omarchy-demo:~\",",
    "\"initialClass\": \"foot\",",
    "\"initialTitle\": \"foot\",",
    "\"pid\": 503,",
    "\"xwayland\": false,",
    "\"pinned\": false,",
    "\"pinFullscreened\": false,",
    "\"fullscreen\": 0,",
    "\"fullscreenClient\": 0,",
    "\"fullscreenHandler\": \"default\",",
    "\"allowedOverFullscreen\": true,",
    "\"grouped\": [],",
    "\"tags\": [\"default-opacity*\", \"terminal*\"],",
    "\"swallowing\": \"0x0\",",
    "\"focusHistoryID\": 0,",
    "\"inhibitingIdle\": false,",
    "\"xdgTag\": \"\",",
    "\"xdgDescription\": \"\",",
    "\"contentType\": \"none\",",
    "\"tearingHint\": false,",
    "\"stableId\": \"18000000\"",
    "}"
  ],
  "result": "failed",
  "outcome": "startup-failed-input-not-tested",
  "keyEvents": 0,
  "nonceReplies": 0,
  "images": [
    {
      "file": "evidence/omarchy-profile/direct-opaque-r1/desktop/latest.png",
      "size": 29106,
      "sha256": "f410ff2c59bbba780638688eeee23f6d82e0093dcced2faee523a5da35b8b14f",
      "capturedAt": "2026-09-16T04:47:05.427Z"
    },
    {
      "file": "evidence/omarchy-profile/direct-opaque-r1/desktop/desktop.png",
      "size": 10726,
      "sha256": "97fc180d4d35c68ca5941dc591afb315220550165469f3c4ead7827989cc2f3f",
      "capturedAt": "2026-09-16T04:47:35.589Z"
    },
    {
      "file": "evidence/omarchy-profile/direct-opaque-r1/desktop/failure.png",
      "size": 10726,
      "sha256": "97fc180d4d35c68ca5941dc591afb315220550165469f3c4ead7827989cc2f3f",
      "capturedAt": "2026-09-16T04:48:02.988Z"
    }
  ],
  "cleanupElapsedMs": 165
}
