
added 7 packages in 515ms
npm warn install-scripts 1 package has install scripts not yet covered by allowScripts:
npm warn install-scripts   fsevents@2.3.2 (install: (install scripts present))
npm warn install-scripts
npm warn install-scripts Run `npm install-scripts ls` to review, or `npm install-scripts approve <pkg>` to allow.
Resolving SDK version '4.0.22' to 'sdk-releases-bebaf7e50e31865b0724f17eaa52e161e2dfef5a-64bit'
Installing SDK 'sdk-releases-bebaf7e50e31865b0724f17eaa52e161e2dfef5a-64bit'..
Skipped installing node-22.16.0-64bit, already installed.
Skipped installing python-3.13.3-64bit, already installed.
Skipped installing releases-bebaf7e50e31865b0724f17eaa52e161e2dfef5a-64bit, already installed.
All SDK components already installed: 'sdk-releases-bebaf7e50e31865b0724f17eaa52e161e2dfef5a-64bit'.
Resolving SDK version '4.0.22' to 'sdk-releases-bebaf7e50e31865b0724f17eaa52e161e2dfef5a-64bit'
Setting the following tools as active:
   node-22.16.0-64bit
   python-3.13.3-64bit
   releases-bebaf7e50e31865b0724f17eaa52e161e2dfef5a-64bit

Next steps:
- To conveniently access emsdk tools from the command line,
  consider adding the following directories to your PATH:
    /Users/blamy/.cache/wasm-vm/emsdk/4.0.22
    /Users/blamy/.cache/wasm-vm/emsdk/4.0.22/upstream/emscripten
- This can be done for the current shell by running:
    source "/Users/blamy/.cache/wasm-vm/emsdk/4.0.22/emsdk_env.sh"
- Configure emsdk in your shell startup scripts by running:
    echo 'source "/Users/blamy/.cache/wasm-vm/emsdk/4.0.22/emsdk_env.sh"' >> $HOME/.zprofile
emcc (Emscripten gcc/clang-like replacement + linker emulating GNU ld) 4.0.22 (0f3d2e62bccf8e14497ff19e05a1202c51eb0c65)
Copyright (C) 2025 the Emscripten authors (see AUTHORS.txt)
This is free and open source software under the MIT license.
There is NO warranty; not even for MERCHANTABILITY or FITNESS FOR A PARTICULAR PURPOSE.

+ git rev-parse HEAD
ab60a54e6b3c8bd1020065b7e78b847e3d91c65f
+ node --check renderer/virgl-command/tests/draw-acceptance.mjs
+ node --check tools/virgl-command/draw-fixtures.mjs
+ node --check tools/verify-virgl-draw-replay.mjs
+ python3 -m py_compile tools/virgl-command/draw-receipt.py tools/virgl-command/draw-cold.py
+ VIRGL_STATE_EVIDENCE_DIR=/var/folders/nr/cyvk1qc14jj5c081vj1xts000000gn/T/wasm-vm-virgl-draw-cold-gbo1y1ke/wasm-vm/target/evidence/virgl-draw-cold/state
+ bash tools/verify-virgl-object-state.sh
+ git rev-parse HEAD
ab60a54e6b3c8bd1020065b7e78b847e3d91c65f
+ node --check renderer/virgl-command/state.mjs
+ node --check renderer/virgl-command/resources.mjs
+ node --check renderer/virgl-command/tests/state-acceptance.mjs
+ node --check tools/virgl-command/state-fixtures.mjs
+ node --check tools/verify-virgl-object-state.mjs
+ python3 -m py_compile tools/virgl-command/state-receipt.py tools/virgl-command/state-cold.py
+ bash renderer/virgl-shader/build.sh wasm
Pinned virglrenderer 1.3.0: 70 source/generated SHA-256 hashes match
+ node tools/verify-virgl-command-decoder.mjs --output /var/folders/nr/cyvk1qc14jj5c081vj1xts000000gn/T/wasm-vm-virgl-draw-cold-gbo1y1ke/wasm-vm/target/evidence/virgl-draw-cold/state/decoder --node-only true
Node command acceptance passed (565 ms)
+ node tools/verify-virgl-resource-transfers.mjs --output /var/folders/nr/cyvk1qc14jj5c081vj1xts000000gn/T/wasm-vm-virgl-draw-cold-gbo1y1ke/wasm-vm/target/evidence/virgl-draw-cold/state/resources --node-only true
Node resource acceptance passed (61 ms)
+ node tools/verify-virgl-object-state.mjs --output /var/folders/nr/cyvk1qc14jj5c081vj1xts000000gn/T/wasm-vm-virgl-draw-cold-gbo1y1ke/wasm-vm/target/evidence/virgl-draw-cold/state/hardware
Hardware state acceptance passed (166 ms)
+ for attack in constant-bits color-mask
+ node tools/verify-virgl-object-state.mjs --output /var/folders/nr/cyvk1qc14jj5c081vj1xts000000gn/T/wasm-vm-virgl-draw-cold-gbo1y1ke/wasm-vm/target/evidence/virgl-draw-cold/state/sabotage-constant-bits --sabotage constant-bits
AssertionError [ERR_ASSERTION]: original fragment constant bits: expected "[1065353216,1065353216,1065353216,1065353216]", got "[1056964608,1065353216,1065353216,1065353216]"

'failed' !== 'passed'

    at file:///private/var/folders/nr/cyvk1qc14jj5c081vj1xts000000gn/T/wasm-vm-virgl-draw-cold-gbo1y1ke/wasm-vm/tools/verify-virgl-object-state.mjs:153:12
+ for attack in constant-bits color-mask
+ node tools/verify-virgl-object-state.mjs --output /var/folders/nr/cyvk1qc14jj5c081vj1xts000000gn/T/wasm-vm-virgl-draw-cold-gbo1y1ke/wasm-vm/target/evidence/virgl-draw-cold/state/sabotage-color-mask --sabotage color-mask
AssertionError [ERR_ASSERTION]: original color mask: expected "[true,true,true,true]", got "[false,true,true,true]"

'failed' !== 'passed'

    at file:///private/var/folders/nr/cyvk1qc14jj5c081vj1xts000000gn/T/wasm-vm-virgl-draw-cold-gbo1y1ke/wasm-vm/tools/verify-virgl-object-state.mjs:153:12
+ python3 tools/virgl-command/state-receipt.py /var/folders/nr/cyvk1qc14jj5c081vj1xts000000gn/T/wasm-vm-virgl-draw-cold-gbo1y1ke/wasm-vm/target/evidence/virgl-draw-cold/state
E6-T12c receipt passed: original GL state, shader linkage, clear/isolation and wire sabotage controls
+ node tools/verify-virgl-draw-replay.mjs --output /var/folders/nr/cyvk1qc14jj5c081vj1xts000000gn/T/wasm-vm-virgl-draw-cold-gbo1y1ke/wasm-vm/target/evidence/virgl-draw-cold/hardware
Hardware draw replay passed (333 ms)
+ for attack in vertex index texel constant blend readback-offset
+ node tools/verify-virgl-draw-replay.mjs --output /var/folders/nr/cyvk1qc14jj5c081vj1xts000000gn/T/wasm-vm-virgl-draw-cold-gbo1y1ke/wasm-vm/target/evidence/virgl-draw-cold/sabotage-vertex --sabotage vertex
AssertionError [ERR_ASSERTION]: original phase 0 interior pixel (4,4): expected "[255,0,0,255]", got "[0,0,255,255]"

'failed' !== 'passed'

    at file:///private/var/folders/nr/cyvk1qc14jj5c081vj1xts000000gn/T/wasm-vm-virgl-draw-cold-gbo1y1ke/wasm-vm/tools/verify-virgl-draw-replay.mjs:174:12
+ for attack in vertex index texel constant blend readback-offset
+ node tools/verify-virgl-draw-replay.mjs --output /var/folders/nr/cyvk1qc14jj5c081vj1xts000000gn/T/wasm-vm-virgl-draw-cold-gbo1y1ke/wasm-vm/target/evidence/virgl-draw-cold/sabotage-index --sabotage index
AssertionError [ERR_ASSERTION]: original draw replay event 161: out-of-bounds An actual index fetch exceeds vertex storage.: expected true, got false

'failed' !== 'passed'

    at file:///private/var/folders/nr/cyvk1qc14jj5c081vj1xts000000gn/T/wasm-vm-virgl-draw-cold-gbo1y1ke/wasm-vm/tools/verify-virgl-draw-replay.mjs:174:12
+ for attack in vertex index texel constant blend readback-offset
+ node tools/verify-virgl-draw-replay.mjs --output /var/folders/nr/cyvk1qc14jj5c081vj1xts000000gn/T/wasm-vm-virgl-draw-cold-gbo1y1ke/wasm-vm/target/evidence/virgl-draw-cold/sabotage-texel --sabotage texel
AssertionError [ERR_ASSERTION]: original phase 0 interior pixel (4,4): expected "[255,0,0,255]", got "[0,0,0,255]"

'failed' !== 'passed'

    at file:///private/var/folders/nr/cyvk1qc14jj5c081vj1xts000000gn/T/wasm-vm-virgl-draw-cold-gbo1y1ke/wasm-vm/tools/verify-virgl-draw-replay.mjs:174:12
+ for attack in vertex index texel constant blend readback-offset
+ node tools/verify-virgl-draw-replay.mjs --output /var/folders/nr/cyvk1qc14jj5c081vj1xts000000gn/T/wasm-vm-virgl-draw-cold-gbo1y1ke/wasm-vm/target/evidence/virgl-draw-cold/sabotage-constant --sabotage constant
AssertionError [ERR_ASSERTION]: original phase 0 interior pixel (4,4): expected "[255,0,0,255]", got "[128,0,0,255]"

'failed' !== 'passed'

    at file:///private/var/folders/nr/cyvk1qc14jj5c081vj1xts000000gn/T/wasm-vm-virgl-draw-cold-gbo1y1ke/wasm-vm/tools/verify-virgl-draw-replay.mjs:174:12
+ for attack in vertex index texel constant blend readback-offset
+ node tools/verify-virgl-draw-replay.mjs --output /var/folders/nr/cyvk1qc14jj5c081vj1xts000000gn/T/wasm-vm-virgl-draw-cold-gbo1y1ke/wasm-vm/target/evidence/virgl-draw-cold/sabotage-blend --sabotage blend
AssertionError [ERR_ASSERTION]: original phase 2 interior pixel (4,4): expected "[64,0,191,255]", got "[255,0,191,255]"

'failed' !== 'passed'

    at file:///private/var/folders/nr/cyvk1qc14jj5c081vj1xts000000gn/T/wasm-vm-virgl-draw-cold-gbo1y1ke/wasm-vm/tools/verify-virgl-draw-replay.mjs:174:12
+ for attack in vertex index texel constant blend readback-offset
+ node tools/verify-virgl-draw-replay.mjs --output /var/folders/nr/cyvk1qc14jj5c081vj1xts000000gn/T/wasm-vm-virgl-draw-cold-gbo1y1ke/wasm-vm/target/evidence/virgl-draw-cold/sabotage-readback-offset --sabotage readback-offset
AssertionError [ERR_ASSERTION]: original phase 0 interior pixel (4,4): expected "[255,0,0,255]", got "[0,0,0,0]"

'failed' !== 'passed'

    at file:///private/var/folders/nr/cyvk1qc14jj5c081vj1xts000000gn/T/wasm-vm-virgl-draw-cold-gbo1y1ke/wasm-vm/tools/verify-virgl-draw-replay.mjs:174:12
+ python3 tools/virgl-command/draw-receipt.py /var/folders/nr/cyvk1qc14jj5c081vj1xts000000gn/T/wasm-vm-virgl-draw-cold-gbo1y1ke/wasm-vm/target/evidence/virgl-draw-cold
E6-T12d receipt passed: original draw/pixel replay, isolation and six input sabotage controls
