
[?2004l]3008;end=68be82b3-b979-4170-9609-2a8273f0393b;exit=success\
__WVEND_mu3z20t00_0
]3008;end=be95f6f7-6648-436d-8d34-22b9231390b8;exit=success\]3008;start=f3d5acc2-ac06-4c6e-9ba5-6583adc47fcc;machineid=5abb4fe4a18644f197581438bd6ee2c7;user=omarchy;hostname=omarchy-demo;bootid=450d9a5f-1fc8-440a-9d2a-21bff69195d1;pid=00000000000000000174;type=shell;cwd=/home/omarchy\[?2004h[omarchy@omarchy-demo ~]$ 
__WVEND_mu3z2m411_0
]3008;end=0f2f1a48-e1ba-40a5-ae42-e3a419f7a411;exit=success\
__WVEND_mu3z2oxx2_0

__WVEND_mu3z46jf3_0
]3008;end=33c49fb9-b50b-4cb5-8a36-273cf3425f01;exit=success\
__WVEND_mu3z49q04_0
]3008;end=5ccd8819-8483-4af8-93d5-76839ab9650a;exit=success\WVINPID 1860

__WVEND_mu3z5br95_0

__WVEND_mu3z5efa6_0

__WVEND_mu3z5ho97_0
]3008;end=004ff0ef-ca9a-414e-8c59-a2ba0c1280f2;exit=success\]3008;start=f3d5acc2-ac06-4c6e-9ba5-6583adc47fcc;machineid=5abb4fe4a18644f197581438bd6ee2c7;user=omarchy;hostname=omarchy-demo;bootid=450d9a5f-1fc8-440a-9d2a-21bff69195d1;pid=00000000000000000174;type=shell;cwd=/home/omarchy\[?2004h[omarchy@omarchy-demo ~]$ 
__WVEND_mu3z6lmk8_75
]3008;end=125490dc-e1f7-4440-b868-ef3abcaf6a18;exit=success\
__WVEND_mu3z6ntp9_75
]3008;end=b4e47a08-55f6-476c-b5a2-df3f6061ed3a;exit=success\
__WVEND_mu3z6qii10_75
]3008;end=f0495c91-f6fd-4dad-88d2-8f429fcf7bd4;exit=success\
__WVEND_mu3z6t9d11_75
]3008;end=a3cf4752-c141-4d1e-9cbe-787179448e46;exit=success\
__WVEND_mu3z6vuk12_75
]3008;end=756dc152-1ba6-4f01-a682-4a190f5246f7;exit=success\
__WVEND_mu3z6yjz13_75
]3008;end=a6df9c32-4a6b-4690-a21c-f252d8c4a101;exit=success\
__WVEND_mu3z712014_75
]3008;end=e979203c-4c79-4a71-bc99-5fe75a2a21c6;exit=success\
__WVEND_mu3z73of15_75
]3008;end=c8eaba1f-0402-4610-abb8-2a10c64dc389;exit=success\
__WVEND_mu3z76bb16_75
]3008;end=f83dff1f-b72d-49ba-b0ea-607d3b33c7dc;exit=success\
__WVEND_mu3z78u617_75
]3008;end=f22cae66-2dee-49bf-bdee-184fe01e2e7e;exit=success\
__WVEND_mu3z7bkk18_75
]3008;end=4d930ae7-a313-4eb7-a5b5-cb36b9cd4521;exit=success\
__WVEND_mu3z7e8519_75
]3008;end=10223a26-b867-4dd8-8525-90c148a1a869;exit=success\
__WVEND_mu3z7guu20_75
]3008;end=3cf17eee-0b0c-47a7-bb14-3ac59b4da042;exit=success\
__WVEND_mu3z7jgd21_75
]3008;end=85c4ac33-8407-4e50-bcb9-482544554f34;exit=success\
__WVEND_mu3z7m3z22_75
]3008;end=ebca7df0-881e-4be6-bc41-8ccc3dbafc71;exit=success\
__WVEND_mu3z7osv23_75
]3008;end=c67c0af5-6b15-45ad-b859-450691338285;exit=success\
__WVEND_mu3z7rlh24_75
]3008;end=0110dd9e-0f8d-4a66-85cc-111cf89cc7cc;exit=success\
__WVEND_mu3z7ug625_75
]3008;end=d222404a-9481-4218-bb1b-45ab8894038a;exit=success\
__WVEND_mu3z7wtx26_75
]3008;end=22d8b1e0-ed00-4c3a-bd19-e8386160f9d3;exit=success\
__WVEND_mu3z7z5x27_75
]3008;end=7481a616-cd5f-4b3f-acd9-80a3a79a915e;exit=success\
__WVEND_mu3z81mn28_75
]3008;end=bde6903d-39d9-4bee-85fd-32395d3d050a;exit=success\
__WVEND_mu3z842n29_75
]3008;end=2ca7f531-1be6-4f75-89b8-200375ce1092;exit=success\
__WVEND_mu3z86le30_75
]3008;end=ad9a7bad-f018-4d64-bbc3-57f2322ed504;exit=success\
__WVEND_mu3z89cq31_75
]3008;end=84fe9a56-7b30-4979-8e46-4aff4d0352fb;exit=success\
__WVEND_mu3z8bpv32_75
]3008;end=8f93d22f-4672-49ce-9715-6af72e2988f0;exit=success\
__WVEND_mu3z8enl33_75
]3008;end=07f5e781-f5f7-477e-b152-8383ad91cf9f;exit=success\
__WVEND_mu3z8hsv34_75
]3008;end=58e27e67-ffc1-4ff5-a322-2d775ef01b27;exit=success\
__WVEND_mu3z8ki435_75
]3008;end=0ffcc559-2f10-4aec-8640-93ac8a6ad82f;exit=success\
__WVEND_mu3z8mzc36_75
]3008;end=53cce2c2-6fca-4fae-a72a-44b1aa2ba5a1;exit=success\
__WVEND_mu3z8ph637_75
]3008;end=2e5522df-b599-471b-bdc2-228c8b108d3d;exit=success\
__WVEND_mu3z8s3238_75
]3008;end=83d4b4de-fdb7-4250-9118-c96f2b385f2e;exit=success\
__WVEND_mu3z8uo739_75
]3008;end=96ce5530-8932-44a2-902a-bb3369cecd4a;exit=success\
__WVEND_mu3z8xee40_75
]3008;end=1f5820f2-3e20-4fa2-a94f-115ebfcd9b68;exit=success\
__WVEND_mu3z900i41_75
]3008;end=5eb0b095-50bb-4796-9250-d20c93cbb4fd;exit=success\
__WVEND_mu3z92nt42_75
]3008;end=704ed2ce-cdf5-4f8a-b8d1-0db9ea7bf7c3;exit=success\
__WVEND_mu3z968q44_0
]3008;end=db7f29a0-df06-4c06-bba2-2ee9495c0623;exit=success\WVINEXIT 0

__WVEND_mu3z9as845_0
]3008;end=a0c0a1e5-26b7-4a73-8966-c307068e9f28;exit=success\
__WVEND_mu3z9e1j46_0
]3008;end=dd68b637-1a89-4ba6-bcb9-8f51fa9da376;exit=success\
__WVEND_mu3z9hyx47_0
]3008;end=3fb2ec99-812d-4e11-9126-4383c00c7207;exit=success\