+ git rev-parse HEAD
81cd3a4c403176be4b0191fa00ed37f4fd1e1e35
+ node --check renderer/virgl-command/resources.mjs
+ node --check renderer/virgl-command/state.mjs
+ node --check renderer/virgl-command/tests/async-acceptance.mjs
+ node --check tools/verify-virgl-async-jobs.mjs
+ python3 -m py_compile tools/virgl-command/async-receipt.py tools/virgl-command/async-cold.py
+ bash renderer/virgl-shader/build.sh wasm
Pinned virglrenderer 1.3.0: 70 source/generated SHA-256 hashes match
+ node tools/verify-virgl-command-decoder.mjs --output /var/folders/nr/cyvk1qc14jj5c081vj1xts000000gn/T/wasm-vm-constants-cold-ghchol34/wasm-vm/target/evidence/virgl-constants-cold/regression/regression/decoder --node-only true
Node command acceptance passed (550 ms)
+ node tools/verify-virgl-resource-transfers.mjs --output /var/folders/nr/cyvk1qc14jj5c081vj1xts000000gn/T/wasm-vm-constants-cold-ghchol34/wasm-vm/target/evidence/virgl-constants-cold/regression/regression/resources
Node resource acceptance passed (57 ms)
Hardware resource acceptance passed (123 ms)
+ node tools/verify-virgl-object-state.mjs --output /var/folders/nr/cyvk1qc14jj5c081vj1xts000000gn/T/wasm-vm-constants-cold-ghchol34/wasm-vm/target/evidence/virgl-constants-cold/regression/regression/state
Hardware state acceptance passed (155 ms)
+ node tools/verify-virgl-draw-replay.mjs --output /var/folders/nr/cyvk1qc14jj5c081vj1xts000000gn/T/wasm-vm-constants-cold-ghchol34/wasm-vm/target/evidence/virgl-constants-cold/regression/regression/draw
Hardware draw replay passed (312 ms)
+ node tools/verify-virgl-async-jobs.mjs --output /var/folders/nr/cyvk1qc14jj5c081vj1xts000000gn/T/wasm-vm-constants-cold-ghchol34/wasm-vm/target/evidence/virgl-constants-cold/regression/hardware
Hardware async jobs passed (3061 ms)
+ for attack in early-collect index-class
+ node tools/verify-virgl-async-jobs.mjs --output /var/folders/nr/cyvk1qc14jj5c081vj1xts000000gn/T/wasm-vm-constants-cold-ghchol34/wasm-vm/target/evidence/virgl-constants-cold/regression/sabotage-early-collect --sabotage early-collect
AssertionError [ERR_ASSERTION]: async CPU collection requires a signaled fence: expected true, got false

'failed' !== 'passed'

    at file:///private/var/folders/nr/cyvk1qc14jj5c081vj1xts000000gn/T/wasm-vm-constants-cold-ghchol34/wasm-vm/tools/verify-virgl-async-jobs.mjs:154:12
+ for attack in early-collect index-class
+ node tools/verify-virgl-async-jobs.mjs --output /var/folders/nr/cyvk1qc14jj5c081vj1xts000000gn/T/wasm-vm-constants-cold-ghchol34/wasm-vm/target/evidence/virgl-constants-cold/regression/sabotage-index-class --sabotage index-class
AssertionError [ERR_ASSERTION]: async index staging uses element-array class: expected true, got false

'failed' !== 'passed'

    at file:///private/var/folders/nr/cyvk1qc14jj5c081vj1xts000000gn/T/wasm-vm-constants-cold-ghchol34/wasm-vm/tools/verify-virgl-async-jobs.mjs:154:12
+ python3 tools/virgl-command/async-receipt.py /var/folders/nr/cyvk1qc14jj5c081vj1xts000000gn/T/wasm-vm-constants-cold-ghchol34/wasm-vm/target/evidence/virgl-constants-cold/regression
E6-T11b1 receipt passed: asynchronous jobs, original pixels, sequencing controls and synchronous regressions
