E5-T26P_BASELINE_V1
CASE machine-matrix mode=cache=ordinary capture=untraced
HART_SNAPSHOT_SHA256=a97cb0239e07965e54b11aa6148e0cd57f1de30e0240486414cd3933919e9c70 HART_SNAPSHOT_LEN=1189
RAM_SHA256=de625270ab24177166da167fbc9fef2811dc59a1495c28cadfecca9a4c9a1f29
RAM_CHANGED=none
RESULT=max-instrs
REGS=pc:0x0000000080000020,x1:0x0000000000000041,x4:0x0000000000000000,x5:0x0000000000000007,x6:0x0000000000000008
MMIO_UART_ORDER=41
MMIO_DEVICE_HITS=0x0000000010000000:1
CONTROL_BEFORE_HART_SHA256=302854663666eda2a8b7bb8c49a6824852b040f2e6e63561e0d29d961c814392
TRACE_RECORDS=0
TRACE_SHA256=none
TRACE_CANONICAL=none
END_CASE
CASE machine-matrix mode=cache=ordinary capture=recording
HART_SNAPSHOT_SHA256=a97cb0239e07965e54b11aa6148e0cd57f1de30e0240486414cd3933919e9c70 HART_SNAPSHOT_LEN=1189
RAM_SHA256=de625270ab24177166da167fbc9fef2811dc59a1495c28cadfecca9a4c9a1f29
RAM_CHANGED=none
RESULT=max-instrs
REGS=pc:0x0000000080000020,x1:0x0000000000000041,x4:0x0000000000000000,x5:0x0000000000000007,x6:0x0000000000000008
MMIO_UART_ORDER=41
MMIO_DEVICE_HITS=0x0000000010000000:1
CONTROL_BEFORE_HART_SHA256=302854663666eda2a8b7bb8c49a6824852b040f2e6e63561e0d29d961c814392
TRACE_RECORDS=7
TRACE_SHA256=bbda7ff995d2fd074000690e086cff0e993de1731c7ed3aaef511ce09ecab8b7
TRACE_CANONICAL_BEGIN
core 0: 0x0000000080000000 (0x04100093) x1 0x0000000000000041
core 0: 0x0000000080000004 (0x00110023) mem 0x0000000010000000 0x41
core 0: 0x0000000080000008 (0x00100193) x3 0x0000000000000001
core 0: 0x000000008000000c (0x00318463)
core 0: 0x0000000080000014 (0x00000013)
core 0: 0x0000000080000018 (0x00700293) x5 0x0000000000000007
core 0: 0x000000008000001c (0x00128313) x6 0x0000000000000008
TRACE_CANONICAL_END
END_CASE
CASE machine-matrix mode=cache=cached capture=untraced
HART_SNAPSHOT_SHA256=a97cb0239e07965e54b11aa6148e0cd57f1de30e0240486414cd3933919e9c70 HART_SNAPSHOT_LEN=1189
RAM_SHA256=de625270ab24177166da167fbc9fef2811dc59a1495c28cadfecca9a4c9a1f29
RAM_CHANGED=none
RESULT=max-instrs
REGS=pc:0x0000000080000020,x1:0x0000000000000041,x4:0x0000000000000000,x5:0x0000000000000007,x6:0x0000000000000008
MMIO_UART_ORDER=41
MMIO_DEVICE_HITS=0x0000000010000000:1
CONTROL_BEFORE_HART_SHA256=302854663666eda2a8b7bb8c49a6824852b040f2e6e63561e0d29d961c814392
TRACE_RECORDS=0
TRACE_SHA256=none
TRACE_CANONICAL=none
END_CASE
CASE machine-matrix mode=cache=cached capture=recording
HART_SNAPSHOT_SHA256=a97cb0239e07965e54b11aa6148e0cd57f1de30e0240486414cd3933919e9c70 HART_SNAPSHOT_LEN=1189
RAM_SHA256=de625270ab24177166da167fbc9fef2811dc59a1495c28cadfecca9a4c9a1f29
RAM_CHANGED=none
RESULT=max-instrs
REGS=pc:0x0000000080000020,x1:0x0000000000000041,x4:0x0000000000000000,x5:0x0000000000000007,x6:0x0000000000000008
MMIO_UART_ORDER=41
MMIO_DEVICE_HITS=0x0000000010000000:1
CONTROL_BEFORE_HART_SHA256=302854663666eda2a8b7bb8c49a6824852b040f2e6e63561e0d29d961c814392
TRACE_RECORDS=7
TRACE_SHA256=bbda7ff995d2fd074000690e086cff0e993de1731c7ed3aaef511ce09ecab8b7
TRACE_CANONICAL_BEGIN
core 0: 0x0000000080000000 (0x04100093) x1 0x0000000000000041
core 0: 0x0000000080000004 (0x00110023) mem 0x0000000010000000 0x41
core 0: 0x0000000080000008 (0x00100193) x3 0x0000000000000001
core 0: 0x000000008000000c (0x00318463)
core 0: 0x0000000080000014 (0x00000013)
core 0: 0x0000000080000018 (0x00700293) x5 0x0000000000000007
core 0: 0x000000008000001c (0x00128313) x6 0x0000000000000008
TRACE_CANONICAL_END
END_CASE
CASE scalar-sb-overlap
HART_SNAPSHOT_SHA256=8ff444c197efb492af6eda269d11f8431c2b06b1df7fdb66859ec94074da867c HART_SNAPSHOT_LEN=1189
RAM_SHA256=b465cfe802d8377de546db82df4cc455b240c551ad823a729f70330d435ef9ed
RAM_CHANGED=0x80002002:ab
RESULT=ok RETIRED=1
RESERVATION=none
MMIO_UART_ORDER=
BUS_EVENTS=L16@0x0000000080000000=0x123,L16@0x0000000080000002=0x31,S8@0x0000000080002002<=0x00000000000000ab:OK
TRACE_RECORDS=1
TRACE_SHA256=f5e59568e4f8258f242f9ba056fe4d9cd67e042a511475b90df4a96db99c11d4
TRACE_CANONICAL_BEGIN
core 0: 0x0000000080000000 (0x00310123) mem 0x0000000080002002 0xab
TRACE_CANONICAL_END
END_CASE
CASE scalar-sh-nonoverlap
HART_SNAPSHOT_SHA256=cdab4b96bdc87e1d848fd7c6010ff828badf12dde3680f98e95414e41d7de731 HART_SNAPSHOT_LEN=1189
RAM_SHA256=f7158e9d1b3f16e05809927b0ce40e22345a3f70ea075af25f43c1eb111325a4
RAM_CHANGED=0x80002008:efbe
RESULT=ok RETIRED=1
RESERVATION=none
MMIO_UART_ORDER=
BUS_EVENTS=L16@0x0000000080000000=0x1423,L16@0x0000000080000002=0x31,S16@0x0000000080002008<=0x000000000000beef:OK
TRACE_RECORDS=1
TRACE_SHA256=752a72a58eefb933b354cc1d7a4e40b4d90fb2420bed8b5838681b1aa269ae03
TRACE_CANONICAL_BEGIN
core 0: 0x0000000080000000 (0x00311423) mem 0x0000000080002008 0xbeef
TRACE_CANONICAL_END
END_CASE
CASE scalar-sw-cross-page
HART_SNAPSHOT_SHA256=5e2c37a12f56589f561b7e5dc018037c69647b44c102c5308551f9dc462a1fda HART_SNAPSHOT_LEN=1189
RAM_SHA256=922dadea8423aa5b77cc129c01945732a92ee11175e324709bff9f8ba377360f
RAM_CHANGED=0x80002ffe:efbeadde
RESULT=ok RETIRED=1
RESERVATION=none
MMIO_UART_ORDER=
BUS_EVENTS=L16@0x0000000080000000=0x2023,L16@0x0000000080000002=0x31,S8@0x0000000080002ffe<=0x00000000000000ef:OK,S8@0x0000000080002fff<=0x00000000000000be:OK,S8@0x0000000080003000<=0x00000000000000ad:OK,S8@0x0000000080003001<=0x00000000000000de:OK
TRACE_RECORDS=1
TRACE_SHA256=e0759461762fd776a3c1bcee8ee633098c2357fb8bcbc120d7ec2968a1ab6370
TRACE_CANONICAL_BEGIN
core 0: 0x0000000080000000 (0x00312023) mem 0x0000000080002ffe 0xdeadbeef
TRACE_CANONICAL_END
END_CASE
CASE scalar-sd-nonoverlap
HART_SNAPSHOT_SHA256=08b420d5baa4222b4eda66aeda106e93c84de2dc0337d592bb0e60788f53564c HART_SNAPSHOT_LEN=1189
RAM_SHA256=dd8cb52bf338859c7dbd71588e807f97e712d7fd035aa164413c5848c09687a0
RAM_CHANGED=0x80002010:efcdab8967452301
RESULT=ok RETIRED=1
RESERVATION=none
MMIO_UART_ORDER=
BUS_EVENTS=L16@0x0000000080000000=0x3823,L16@0x0000000080000002=0x31,S64@0x0000000080002010<=0x0123456789abcdef:OK
TRACE_RECORDS=1
TRACE_SHA256=fede637af1c3ff12b76e61eeb60c63df1dfd8c2bd20d8541922ce08d9347f97a
TRACE_CANONICAL_BEGIN
core 0: 0x0000000080000000 (0x00313823) mem 0x0000000080002010 0x0123456789abcdef
TRACE_CANONICAL_END
END_CASE
CASE fp-fsw-overlap
HART_SNAPSHOT_SHA256=65587418a56f78dcd85dbec1a2b22ecba3c8c19f26ca1d42442c45d875f35b87 HART_SNAPSHOT_LEN=1189
RAM_SHA256=cf50a51bf9a68f8500fcabad4b3130c661cbd9e83f3ddc76399ee34abd458065
RAM_CHANGED=0x80002002:0000803f
RESULT=ok RETIRED=1
RESERVATION=none
MMIO_UART_ORDER=
BUS_EVENTS=L16@0x0000000080000000=0x2127,L16@0x0000000080000002=0x11,S8@0x0000000080002002<=0x0000000000000000:OK,S8@0x0000000080002003<=0x0000000000000000:OK,S8@0x0000000080002004<=0x0000000000000080:OK,S8@0x0000000080002005<=0x000000000000003f:OK
TRACE_RECORDS=1
TRACE_SHA256=8386eae789a4569014c721680bc6a23a5e25636d13786f6a60909fdd80f18645
TRACE_CANONICAL_BEGIN
core 0: 0x0000000080000000 (0x00112127) mem 0x0000000080002002 0x3f800000
TRACE_CANONICAL_END
END_CASE
CASE fp-fsd-nonoverlap
HART_SNAPSHOT_SHA256=f5856b720c8696d31c6de893c83f402ae6f8a3676966849fdaef577e0f62b635 HART_SNAPSHOT_LEN=1189
RAM_SHA256=8f4fd6430b86e0035b01cdcd215c0dd55547cbb735625b321f89aa4940e59a6b
RAM_CHANGED=0x80002010:efcdab8967452301
RESULT=ok RETIRED=1
RESERVATION=none
MMIO_UART_ORDER=
BUS_EVENTS=L16@0x0000000080000000=0x3827,L16@0x0000000080000002=0x11,S64@0x0000000080002010<=0x0123456789abcdef:OK
TRACE_RECORDS=1
TRACE_SHA256=0a221517597d7d20ec7957f3acc78149cdacdf687c4986a08dd473d029c87c94
TRACE_CANONICAL_BEGIN
core 0: 0x0000000080000000 (0x00113827) mem 0x0000000080002010 0x0123456789abcdef
TRACE_CANONICAL_END
END_CASE
CASE scalar-fault-sd
HART_SNAPSHOT_SHA256=258089a98d54b831e658ec234c13d4e166c8f8200a3126f2ac656f4775919ee2 HART_SNAPSHOT_LEN=1189
RAM_SHA256=4f68119aa3244ae0b46cc86df441f257e79f8623ad92ac8c4d75e8116c5beea8
RAM_CHANGED=none
RESULT=trap:StoreAccessFault,tval=0x0000000080008100 RETIRED=0
RESERVATION=none
MMIO_UART_ORDER=
BUS_EVENTS=L16@0x0000000080000000=0xb023,L16@0x0000000080000002=0x30,S64@0x0000000080008100<=0x0123456789abcdef:ERR:Access
TRACE_RECORDS=0
TRACE_SHA256=e3b0c44298fc1c149afbf4c8996fb92427ae41e4649b934ca495991b7852b855
TRACE_CANONICAL_BEGIN
TRACE_CANONICAL_END
END_CASE
CASE fp-fault-fsd
HART_SNAPSHOT_SHA256=000e962990676df5d022a2d777ff1d08aae460dfcc4b0458524449e5e612fbcb HART_SNAPSHOT_LEN=1189
RAM_SHA256=9dccefbe950dea8849f4b0305a2f53b0b3a7d12d16c0ec72adcfa9b5e856f5ff
RAM_CHANGED=none
RESULT=trap:StoreAccessFault,tval=0x0000000080008100 RETIRED=0
RESERVATION=none
MMIO_UART_ORDER=
BUS_EVENTS=L16@0x0000000080000000=0xb027,L16@0x0000000080000002=0x10,S64@0x0000000080008100<=0x0123456789abcdef:ERR:Access
TRACE_RECORDS=0
TRACE_SHA256=e3b0c44298fc1c149afbf4c8996fb92427ae41e4649b934ca495991b7852b855
TRACE_CANONICAL_BEGIN
TRACE_CANONICAL_END
END_CASE
CASE lr-sc-success
HART_SNAPSHOT_SHA256=aedf95b9a26f874f2529ab2acdc9adadedb2900c90ea6cf471aedac5b667d8e9 HART_SNAPSHOT_LEN=1189
RAM_SHA256=1607642eef8a27ce82a39f0c357e4999cea923c4d67c7ed7acb5ed8f94f968dc
RAM_CHANGED=0x80002000:20
RESULT=ok RETIRED=2
RESERVATION=none
MMIO_UART_ORDER=
BUS_EVENTS=L16@0x0000000080000000=0x22af,L16@0x0000000080000002=0x1005,L32@0x0000000080002000=0x10,L16@0x0000000080000004=0x22af,L16@0x0000000080000006=0x1865,S32@0x0000000080002000<=0x0000000000000020:OK
TRACE_RECORDS=2
TRACE_SHA256=b9746993f3d86d34724cceca8e6ea9deb8f62c130ab6d543741481ed7f74a47c
TRACE_CANONICAL_BEGIN
core 0: 0x0000000080000000 (0x100522af) x5 0x0000000000000010 mem 0x0000000080002000
core 0: 0x0000000080000004 (0x186522af) x5 0x0000000000000000 mem 0x0000000080002000 0x00000020
TRACE_CANONICAL_END
END_CASE
CASE lr-sc-overlap-failure
HART_SNAPSHOT_SHA256=15f49ffa39ca3f510c9501cc31996a641499d2278d7c94a3efed56b7e4951ae0 HART_SNAPSHOT_LEN=1189
RAM_SHA256=1054408e45d1d320e20602d0144cbfb67a984e5013ca30d715c5fbb4fb7e023f
RAM_CHANGED=0x80002000:30
RESULT=ok RETIRED=3
RESERVATION=none
MMIO_UART_ORDER=
BUS_EVENTS=L16@0x0000000080000000=0x22af,L16@0x0000000080000002=0x1005,L32@0x0000000080002000=0x10,L16@0x0000000080000004=0x2023,L16@0x0000000080000006=0x75,S32@0x0000000080002000<=0x0000000000000030:OK,L16@0x0000000080000008=0x22af,L16@0x000000008000000a=0x1865
TRACE_RECORDS=3
TRACE_SHA256=ef6c98c3afa2416e3a8cf79a8a79599eb34bbdf05989ee71a21092e306570b55
TRACE_CANONICAL_BEGIN
core 0: 0x0000000080000000 (0x100522af) x5 0x0000000000000010 mem 0x0000000080002000
core 0: 0x0000000080000004 (0x00752023) mem 0x0000000080002000 0x00000030
core 0: 0x0000000080000008 (0x186522af) x5 0x0000000000000001
TRACE_CANONICAL_END
END_CASE
CASE lr-align-trap
HART_SNAPSHOT_SHA256=cb72aba0c54e7a20cd98ca79f5991f116adfd8ff4621306015a2f513002053a9 HART_SNAPSHOT_LEN=1198
RAM_SHA256=0cfe3d065ab7479ee71cb974e0955436b9705f1308114993befe3da00f001db7
RAM_CHANGED=none
RESULT=trap:LoadAddrMisaligned,tval=0x0000000080002002 RETIRED=0
RESERVATION=0x0000000080002000/4
MMIO_UART_ORDER=
BUS_EVENTS=L16@0x0000000080000000=0x22af,L16@0x0000000080000002=0x1005
TRACE_RECORDS=0
TRACE_SHA256=e3b0c44298fc1c149afbf4c8996fb92427ae41e4649b934ca495991b7852b855
TRACE_CANONICAL_BEGIN
TRACE_CANONICAL_END
END_CASE
CASE sc-align-trap-preserves-reservation
HART_SNAPSHOT_SHA256=eec52e949bbb1361c8b0163ceefba4326c0627c93816b81bb8e0c6fc74583809 HART_SNAPSHOT_LEN=1198
RAM_SHA256=051a152cc96ebdb342e6629b02d9cafd6e64000269ad41fd84ed7b9c45121d97
RAM_CHANGED=none
RESULT=trap:StoreAddrMisaligned,tval=0x0000000080002002 RETIRED=0
RESERVATION=0x0000000080002002/4
MMIO_UART_ORDER=
BUS_EVENTS=L16@0x0000000080000000=0x22af,L16@0x0000000080000002=0x1865
TRACE_RECORDS=0
TRACE_SHA256=e3b0c44298fc1c149afbf4c8996fb92427ae41e4649b934ca495991b7852b855
TRACE_CANONICAL_BEGIN
TRACE_CANONICAL_END
END_CASE
CASE sc-access-fault-consumes-reservation
HART_SNAPSHOT_SHA256=edd75c8d2e9560f8c42322cfd88eb53cac586f1f33da75ac91c5fa34d1b5314f HART_SNAPSHOT_LEN=1189
RAM_SHA256=051a152cc96ebdb342e6629b02d9cafd6e64000269ad41fd84ed7b9c45121d97
RAM_CHANGED=none
RESULT=trap:StoreAccessFault,tval=0x0000000080008100 RETIRED=0
RESERVATION=none
MMIO_UART_ORDER=
BUS_EVENTS=L16@0x0000000080000000=0x22af,L16@0x0000000080000002=0x1865,S32@0x0000000080008100<=0x0000000000000099:ERR:Access
TRACE_RECORDS=0
TRACE_SHA256=e3b0c44298fc1c149afbf4c8996fb92427ae41e4649b934ca495991b7852b855
TRACE_CANONICAL_BEGIN
TRACE_CANONICAL_END
END_CASE
CASE amo-old-new
HART_SNAPSHOT_SHA256=2eace73c845967e5ad426f44f96175e5c17ffb8e8fb4cd82dc5be464f94f8c2a HART_SNAPSHOT_LEN=1189
RAM_SHA256=b5e66503f8d26cb8f3a2528388b4f8070ab1cfc3943fad32aad6a74091a33202
RAM_CHANGED=0x80002000:07
RESULT=ok RETIRED=1
RESERVATION=none
MMIO_UART_ORDER=
BUS_EVENTS=L16@0x0000000080000000=0x22af,L16@0x0000000080000002=0x65,L32@0x0000000080002000=0x4,S32@0x0000000080002000<=0x0000000000000007:OK
TRACE_RECORDS=1
TRACE_SHA256=6ea2dec5b3a072f88cf1094d9293306e19d24df7a2a2232d771a96be5030fd49
TRACE_CANONICAL_BEGIN
core 0: 0x0000000080000000 (0x006522af) x5 0x0000000000000004 mem 0x0000000080002000 0x00000007
TRACE_CANONICAL_END
END_CASE
CASE raw-compressed-trap-tval
HART_SNAPSHOT_SHA256=03919b337dfa7134eeff82fac53c2d399b711a395497474ffa2cefa26ae2edb2 HART_SNAPSHOT_LEN=1189
RAM_SHA256=ebc10aea7c6081d2b57986cfaf5bfab998e9eb3f08aad24ed64089972c0a6afe
RAM_CHANGED=none
RESULT=trap:IllegalInstruction,tval=0x0000000000008000 RETIRED=0
RESERVATION=none
MMIO_UART_ORDER=
BUS_EVENTS=L16@0x0000000080000000=0x8000
TRACE_RECORDS=0
TRACE_SHA256=e3b0c44298fc1c149afbf4c8996fb92427ae41e4649b934ca495991b7852b855
TRACE_CANONICAL_BEGIN
TRACE_CANONICAL_END
END_CASE
CASE x0-counter-control-flow
HART_SNAPSHOT_SHA256=95973faa99acbf92a995d5f6a4d30e6c135a4646f82e12f1f672d4f05cd0ae5b HART_SNAPSHOT_LEN=1189
RAM_SHA256=0661514f74e7cbcfe524ca73f8325cb35abf85934dfaf72a8e1ce6613fe97aa3
RAM_CHANGED=none
RESULT=max-instrs
RESERVATION=none
CONTROL_BEFORE_HART_SHA256=62458af1cb694f1d21f9771cde5e62a1eaa45fde9fef4c2eb3da9988e93b1cdc
TRACE_RECORDS=5
TRACE_SHA256=77b2b2f57cd4cd491b1fe0d94d16cb90aa4079548a61b3ab4251fcaacf3061ef
TRACE_CANONICAL_BEGIN
core 0: 0x0000000080000000 (0xc02020f3) x1 0x0000000000000000
core 0: 0x0000000080000004 (0x06300013)
core 0: 0x0000000080000008 (0x00318463)
core 0: 0x0000000080000010 (0xc02022f3) x5 0x0000000000000003
core 0: 0x0000000080000014 (0x00128313) x6 0x0000000000000004
TRACE_CANONICAL_END
END_CASE
CASE machine-matrix mode=ordinary capture=recording
HART_SNAPSHOT_SHA256=a3f593da714326b42002ab33c922e8d95f7abf958993a99a419d0955937fbae0 HART_SNAPSHOT_LEN=1189
RAM_SHA256=47052e1b4faebe4da231ddcc8152a27cef61ab4ed8617ebe93c2220728c91de9
RAM_CHANGED=0x80002ffe:70,0x80003001:8010
RESULT=max-instrs
REGS=pc:0x0000000080003004,x1:0x0000000000000008,x4:0x0000000000000000,x5:0x0000000000000000,x6:0x0000000000000000
MMIO_UART_ORDER=
MMIO_DEVICE_HITS=
CONTROL_BEFORE_HART_SHA256=0333bc230944075a042f770c748edc192075d18bd6b1a64ff80d725379cd2590
TRACE_RECORDS=2
TRACE_SHA256=20b6692d3b7c41d764a4d39626d0aba2c311f551f32743c95770976e6c62c7b3
TRACE_CANONICAL_BEGIN
core 0: 0x0000000080002ffc (0x00700093) x1 0x0000000000000007
core 0: 0x0000000080003000 (0x00108093) x1 0x0000000000000008
TRACE_CANONICAL_END
END_CASE
CASE machine-matrix mode=cached capture=recording
HART_SNAPSHOT_SHA256=a3f593da714326b42002ab33c922e8d95f7abf958993a99a419d0955937fbae0 HART_SNAPSHOT_LEN=1189
RAM_SHA256=47052e1b4faebe4da231ddcc8152a27cef61ab4ed8617ebe93c2220728c91de9
RAM_CHANGED=0x80002ffe:70,0x80003001:8010
RESULT=max-instrs
REGS=pc:0x0000000080003004,x1:0x0000000000000008,x4:0x0000000000000000,x5:0x0000000000000000,x6:0x0000000000000000
MMIO_UART_ORDER=
MMIO_DEVICE_HITS=
CONTROL_BEFORE_HART_SHA256=0333bc230944075a042f770c748edc192075d18bd6b1a64ff80d725379cd2590
TRACE_RECORDS=2
TRACE_SHA256=20b6692d3b7c41d764a4d39626d0aba2c311f551f32743c95770976e6c62c7b3
TRACE_CANONICAL_BEGIN
core 0: 0x0000000080002ffc (0x00700093) x1 0x0000000000000007
core 0: 0x0000000080003000 (0x00108093) x1 0x0000000000000008
TRACE_CANONICAL_END
END_CASE
SMC_DMA_CROSS_PAGE=0x0000000080002ffc..0x0000000080003003
E5-T26P_BASELINE_DONE
