[alpine-cold-boot 2026-09-01T18:16:42.377Z] navigating http://localhost:8123/?guest=alpine&noSnapshot&persist=0&profile=1
[alpine-cold-boot 2026-09-01T18:16:42.496Z] guest-console tap armed; autoboot (guest=alpine) proceeds — cold chunked Alpine boot
[alpine-cold-boot 2026-09-01T18:16:42.497Z] waiting for "Linux version" — console 0 bytes, t+0.0 min
[alpine-cold-boot 2026-09-01T18:16:47.501Z] saw "Linux version" at 5.1s (console 8416 bytes)
[alpine-cold-boot 2026-09-01T18:16:47.502Z] waiting for "OpenRC" — console 8416 bytes, t+0.1 min
[alpine-cold-boot 2026-09-01T18:16:52.503Z] waiting for "OpenRC" — console 10791 bytes, t+0.2 min
[alpine-cold-boot 2026-09-01T18:16:57.504Z] waiting for "OpenRC" — console 11146 bytes, t+0.3 min
[alpine-cold-boot 2026-09-01T18:17:12.510Z] saw "OpenRC" at 30.1s (console 11254 bytes)
[alpine-cold-boot 2026-09-01T18:17:12.511Z] waiting for "login:" — console 11254 bytes, t+0.5 min
[alpine-cold-boot 2026-09-01T18:17:17.513Z] waiting for "login:" — console 11365 bytes, t+0.6 min
[alpine-cold-boot 2026-09-01T18:17:42.522Z] waiting for "login:" — console 11443 bytes, t+1.0 min
[alpine-cold-boot 2026-09-01T18:17:47.524Z] waiting for "login:" — console 11554 bytes, t+1.1 min
[alpine-cold-boot 2026-09-01T18:17:57.527Z] waiting for "login:" — console 11668 bytes, t+1.3 min
[alpine-cold-boot 2026-09-01T18:18:02.530Z] waiting for "login:" — console 11835 bytes, t+1.3 min
[alpine-cold-boot 2026-09-01T18:18:47.552Z] waiting for "login:" — console 11844 bytes, t+2.1 min
[alpine-cold-boot 2026-09-01T18:18:52.554Z] waiting for "login:" — console 11875 bytes, t+2.2 min
[alpine-cold-boot 2026-09-01T18:19:47.576Z] waiting for "login:" — console 11884 bytes, t+3.1 min
[alpine-cold-boot 2026-09-01T18:19:52.578Z] waiting for "login:" — console 12073 bytes, t+3.2 min
[alpine-cold-boot 2026-09-01T18:19:57.580Z] waiting for "login:" — console 12140 bytes, t+3.3 min
[alpine-cold-boot 2026-09-01T18:20:02.581Z] waiting for "login:" — console 12174 bytes, t+3.3 min
[alpine-cold-boot 2026-09-01T18:20:07.583Z] waiting for "login:" — console 12212 bytes, t+3.4 min
[alpine-cold-boot 2026-09-01T18:20:12.585Z] waiting for "login:" — console 12251 bytes, t+3.5 min
[alpine-cold-boot 2026-09-01T18:20:17.587Z] waiting for "login:" — console 12293 bytes, t+3.6 min
[alpine-cold-boot 2026-09-01T18:20:22.589Z] waiting for "login:" — console 12302 bytes, t+3.7 min
[alpine-cold-boot 2026-09-01T18:20:27.589Z] waiting for "login:" — console 12432 bytes, t+3.8 min
[alpine-cold-boot 2026-09-01T18:20:32.592Z] waiting for "login:" — console 12464 bytes, t+3.8 min
[alpine-cold-boot 2026-09-01T18:20:37.594Z] waiting for "login:" — console 12564 bytes, t+3.9 min
[alpine-cold-boot 2026-09-01T18:20:42.595Z] waiting for "login:" — console 12603 bytes, t+4.0 min
[alpine-cold-boot 2026-09-01T18:20:52.599Z] waiting for "login:" — console 12629 bytes, t+4.2 min
[alpine-cold-boot 2026-09-01T18:20:57.599Z] waiting for "login:" — console 12640 bytes, t+4.3 min
[alpine-cold-boot 2026-09-01T18:21:02.602Z] waiting for "login:" — console 12848 bytes, t+4.3 min
[alpine-cold-boot 2026-09-01T18:21:12.603Z] waiting for "login:" — console 12857 bytes, t+4.5 min
[alpine-cold-boot 2026-09-01T18:21:17.605Z] saw "login:" at 275.2s (console 13004 bytes)
[alpine-cold-boot 2026-09-01T18:21:17.605Z] BOOT REACHED login: in 4.59 min (275228 ms), 178 lazy chunk fetches
[alpine-cold-boot 2026-09-01T18:21:17.711Z] waiting for "~#" — console 13004 bytes, t+4.6 min
[alpine-cold-boot 2026-09-01T18:21:22.715Z] saw "~#" at 280.3s (console 13644 bytes)
[alpine-cold-boot 2026-09-01T18:21:22.717Z] waiting for "COLD_BOOT_42_OK" — console 13644 bytes, t+4.7 min
[alpine-cold-boot 2026-09-01T18:21:27.718Z] saw "COLD_BOOT_42_OK" at 285.3s (console 13773 bytes)
[alpine-cold-boot 2026-09-01T18:21:27.719Z] saw "riscv64" at 285.3s (console 13773 bytes)
[alpine-cold-boot 2026-09-01T18:21:27.816Z] profile via __linuxCtl.profileStats() (worker-mode proxy of getProfile): 657272 samples, 10 regions
[alpine-cold-boot 2026-09-01T18:21:27.817Z] console errors: 0
[alpine-cold-boot 2026-09-01T18:21:27.817Z] DONE — evidence written to evidence/e4-t01/browser-alpine-boot-2026-09-01
