   Compiling libc v0.2.186
   Compiling proc-macro2 v1.0.106
   Compiling quote v1.0.46
   Compiling unicode-ident v1.0.24
   Compiling zerocopy v0.8.52
   Compiling getrandom v0.3.4
   Compiling serde_core v1.0.228
   Compiling crossbeam-utils v0.8.21
    Checking bitflags v2.13.0
   Compiling rustix v1.1.4
   Compiling serde v1.0.228
   Compiling getrandom v0.4.3
   Compiling autocfg v1.5.1
   Compiling zmij v1.0.21
    Checking either v1.16.0
   Compiling serde_json v1.0.150
    Checking once_cell v1.21.4
    Checking regex-syntax v0.8.11
    Checking memchr v2.8.2
    Checking anstyle v1.0.14
    Checking fastrand v2.4.1
   Compiling num-traits v0.2.19
    Checking clap_lex v1.1.0
    Checking itoa v1.0.18
   Compiling rayon-core v1.13.0
    Checking ciborium-io v0.2.2
    Checking clap_builder v4.6.0
    Checking itertools v0.10.5
    Checking fnv v1.0.7
    Checking quick-error v1.2.3
    Checking same-file v1.0.6
    Checking cast v0.3.0
    Checking bit-vec v0.8.0
    Checking rustc_apfloat v0.2.3+llvm-462a31f5a5ab
    Checking regex-automata v0.4.14
    Checking bit-set v0.8.0
    Checking criterion-plot v0.5.0
    Checking walkdir v2.5.0
    Checking clap v4.6.1
    Checking oorandom v11.1.5
    Checking unarray v0.1.4
    Checking anes v0.1.6
    Checking regex v1.12.4
   Compiling syn v2.0.118
    Checking crossbeam-epoch v0.9.18
    Checking crossbeam-deque v0.8.6
    Checking errno v0.3.14
    Checking cpufeatures v0.2.17
    Checking wait-timeout v0.2.1
    Checking is-terminal v0.4.17
    Checking sha2 v0.10.9
    Checking rand_core v0.9.5
    Checking wasm-vm-core v0.0.1 (/private/var/folders/nr/cyvk1qc14jj5c081vj1xts000000gn/T/wasm-vm-virgl-submit-cold-zw5058to/wasm-vm/crates/core)
   Compiling zerocopy-derive v0.8.52
   Compiling serde_derive v1.0.228
    Checking rand_xorshift v0.4.0
    Checking rand v0.9.4
    Checking tempfile v3.27.0
    Checking rusty-fork v0.3.1
    Checking rayon v1.12.0
    Checking tinytemplate v1.2.1
    Checking half v2.7.1
    Checking ppv-lite86 v0.2.21
    Checking rand_chacha v0.9.0
    Checking ciborium-ll v0.2.2
    Checking proptest v1.11.0
    Checking ciborium v0.2.2
    Checking criterion v0.5.1
    Finished `dev` profile [unoptimized + debuginfo] target(s) in 4.68s
