wasm-vm: booting kernel=24208896 bytes @ 0x80200000 (footprint_end=0x8199e000), initrd=0 bytes @ none, dtb=2902 bytes @ 0x8fffb4a8, 256 MiB RAM

=== E2-T25 boot profile ===
phase              wall_ms   d_wall_ms   d_retired      phase_MIPS
console-up            2359        2359   234589883           99.44
rootfs-mounted        2925         566    39599734           69.96
init-handoff          2932           7      599996           85.71
getty-login          53790       50858  2798975749           55.04
total: 53790 ms, 3073765362 retired, overall 57.14 MIPS

per-device MMIO accesses:
  clint                     0  (@ 0x2000000)
  plic                   1867  (@ 0xc000000)
  goldfish-rtc             19  (@ 0x101000)
  other                     0  (@ 0x100000)
  uart16550              7790  (@ 0x10000000)
  virtio-mmio            1196  (@ 0x10001000)
  virtio-mmio               3  (@ 0x10002000)
  virtio-mmio               3  (@ 0x10003000)
  virtio-mmio             153  (@ 0x10004000)
  virtio-mmio               3  (@ 0x10005000)
  virtio-mmio               3  (@ 0x10006000)
  virtio-mmio              79  (@ 0x10007000)
  virtio-mmio               3  (@ 0x10008000)
  other                     3  (@ 0x10009000)

PROFILE_JSON {"total_ms":53790,"total_retired":3073765362,"overall_mips":57.14,"phases":[{"phase":"console-up","wall_ms":2359,"retired":234589883,"phase_mips":99.44},{"phase":"rootfs-mounted","wall_ms":2925,"retired":274189617,"phase_mips":69.96},{"phase":"init-handoff","wall_ms":2932,"retired":274789613,"phase_mips":85.71},{"phase":"getty-login","wall_ms":53790,"retired":3073765362,"phase_mips":55.04}],"devices":[{"device":"clint","base":"0x2000000","accesses":0},{"device":"plic","base":"0xc000000","accesses":1867},{"device":"goldfish-rtc","base":"0x101000","accesses":19},{"device":"other","base":"0x100000","accesses":0},{"device":"uart16550","base":"0x10000000","accesses":7790},{"device":"virtio-mmio","base":"0x10001000","accesses":1196},{"device":"virtio-mmio","base":"0x10002000","accesses":3},{"device":"virtio-mmio","base":"0x10003000","accesses":3},{"device":"virtio-mmio","base":"0x10004000","accesses":153},{"device":"virtio-mmio","base":"0x10005000","accesses":3},{"device":"virtio-mmio","base":"0x10006000","accesses":3},{"device":"virtio-mmio","base":"0x10007000","accesses":79},{"device":"virtio-mmio","base":"0x10008000","accesses":3},{"device":"other","base":"0x10009000","accesses":3}]}
wasm-vm: profile complete (stopped at userland marker)
