✔ one fixed compositor request preserves remaining startup time and checks real response (1.829584ms)
✔ expired or late compositor work cannot obtain a new deadline (0.363792ms)
✔ compositor callback runs after the display ack and before actual guest-frame observation (0.898959ms)
✔ synthetic classifier binds compositor result to actual wire and rejects forged success (2.779917ms)
✔ negative command, absent frame and physical input failures retain distinct outcomes (0.170291ms)
✔ prewarm sync proof rejects cross-TTY marker evidence (0.494125ms)
✔ prewarm clear proof requires a new real frame and focused Foot (0.100458ms)
✔ post-marker presentation helper rejects typing frames (99.109042ms)
✔ candidate mode is explicitly local-only and hash-bound (1.233083ms)
✔ renderer proof binds current Hyprland PID and instance before physical input (0.167417ms)
✔ LP0 is configuration-only evidence and is checked before physical input (0.113167ms)
✔ actual built recording covers served resources and pre-send RPCs, even timed-out ones (0.134917ms)
✔ renderer log parser accepts the real DEBUG suffix labels (0.534625ms)
✔ renderer log parser rejects wrong, missing, ambiguous, and misleading records (0.635875ms)
✔ nonce readback caps every guest RPC by the remaining 120-second deadline (0.145417ms)
✔ unlogged baseline worker evidence is explicitly weaker than a GL label (0.250375ms)
✔ harness-only cold local HTTP selftest serves kernel/chunks and refuses snapshot routes without a browser (181.007708ms)
✔ harness-only actual cold orchestration inspects storage before app and returns after pair without input (2.750916ms)
✔ harness-only capture selects exact overlay when both overlay and snapshot databases exist (1.201833ms)
✔ harness-only cold progress TimeoutError is recorded before startup continues to mandatory desktop capture (0.298917ms)
✔ harness-only progress catch propagates non-Playwright errors and verify-mode timeouts (0.277334ms)
✔ harness-only final desktop TimeoutError remains fatal after a tolerated progress timeout (0.093667ms)
✔ harness-only screenshot helper forwards the supplied timeout and keeps the 20-second default (0.156625ms)
✔ preparation uses a distinct offline budget without altering physical-input deadlines (0.401208ms)
✔ offline preparation exports only after smaller focused visible frame and screenshot (1.816334ms)
✔ offline preparation preserves focus, image, export and startup failures without acceptance (1.244334ms)
✔ native-pixel Foot interior rejects black, bar-only and wrong-location content (3.619292ms)
✔ pair guard rejects foreign core/base/generation and incomplete or duplicate delta records (32.293042ms)
✔ owned watchdog caps setup and navigation once, and normal close cancels timers (0.792959ms)
✔ offline preparation is separately bounded and cannot extend a physical-input watchdog (1.174167ms)
✔ post-verdict capture has one fixed extra allowance and messages cannot rearm it (0.114292ms)
✔ stalled owned browser/recorder is killed and missing close settles as unconfirmed (0.103042ms)
✔ already exited browser is not killed; watchdog intervention never looks like a normal pass (0.109209ms)
✔ future/invalid navigation cannot extend setup (0.066ms)
✔ recorder exit cannot orphan its browser or kill an already-exited recorder group (0.108666ms)
✔ exit before stdio close never sends a later watchdog signal to the exited recorder (0.082584ms)
✔ advertised mode, CSS resize, stale frames and mismatched scanout never prove guest adoption (1.18625ms)
✔ expired original startup deadline cannot send a modeset (0.788375ms)
✔ acknowledgement without a guest frame records failure and sends exactly one request (0.46975ms)
✔ mode wire proof rejects a superseding resize or mismatched acknowledgement (0.273166ms)
✔ synthetic positive orchestration and classification reject late or stale adoption (3.570375ms)
✔ final classifier preserves the recorded negative modeset outcome (1.139791ms)
✔ synthetic actual input-trial reaches physical keys without mapped-client/active-window RPCs (16.94375ms)
✔ synthetic capture and verify retain actual mapped-Foot and active-window checks before keys (5.0055ms)
✔ synthetic missing application readiness or lost canvas focus forbids any key (1.276375ms)
✔ synthetic actual nonce reader rejects mismatched bytes in a successful RPC response (13.386042ms)
✔ synthetic late typing/readback and stale presentation cannot publish success (53.387458ms)
✔ synthetic timing observation uses same-page actual recorded event fields, not probe completion (12.430875ms)
ℹ tests 48
ℹ suites 0
ℹ pass 48
ℹ fail 0
ℹ cancelled 0
ℹ skipped 0
ℹ todo 0
ℹ duration_ms 397.06
