
OpenSBI v1.1
   ____                    _____ ____ _____
  / __ \                  / ____|  _ \_   _|
 | |  | |_ __   ___ _ __ | (___ | |_) || |
 | |  | | '_ \ / _ \ '_ \ \___ \|  _ < | |
 | |__| | |_) |  __/ | | |____) | |_) || |_
  \____/| .__/ \___|_| |_|_____/|____/_____|
        | |
        |_|

Platform Name             : riscv-virtio,qemu
Platform Features         : medeleg
Platform HART Count       : 4
Platform IPI Device       : aclint-mswi
Platform Timer Device     : aclint-mtimer @ 10000000Hz
Platform Console Device   : uart8250
Platform HSM Device       : ---
Platform Reboot Device    : sifive_test
Platform Shutdown Device  : sifive_test
Firmware Base             : 0x80000000
Firmware Size             : 312 KB
Runtime SBI Version       : 1.0

Domain0 Name              : root
Domain0 Boot HART         : 1
Domain0 HARTs             : 0*,1*,2*,3*
Domain0 Region00          : 0x0000000002000000-0x000000000200ffff (I)
Domain0 Region01          : 0x0000000080000000-0x000000008007ffff ()
Domain0 Region02          : 0x0000000000000000-0xffffffffffffffff (R,W,X)
Domain0 Next Address      : 0x0000000080200000
Domain0 Next Arg1         : 0x00000000bfe00000
Domain0 Next Mode         : S-mode
Domain0 SysReset          : yes

Boot HART ID              : 1
Boot HART Domain          : root
Boot HART Priv Version    : v1.12
Boot HART Base ISA        : rv64imafdch
Boot HART ISA Extensions  : time,sstc
Boot HART PMP Count       : 16
Boot HART PMP Granularity : 4
Boot HART PMP Address Bits: 54
Boot HART MHPM Count      : 16
Boot HART MIDELEG         : 0x0000000000001666
Boot HART MEDELEG         : 0x0000000000f0b509
[    0.000000] Linux version 6.6.63 (wasmvm@wasmvm) (riscv64-linux-gnu-gcc (Debian 12.2.0-13) 12.2.0, GNU ld (GNU Binutils for Debian) 2.40) #1 SMP Thu Nov 14 2024
[    0.000000] random: crng init done
[    0.000000] Machine model: riscv-virtio,qemu
[    0.000000] SBI specification v1.0 detected
[    0.000000] SBI implementation ID=0x1 Version=0x10001
[    0.000000] SBI TIME extension detected
[    0.000000] SBI IPI extension detected
[    0.000000] SBI RFENCE extension detected
[    0.000000] SBI SRST extension detected
[    0.000000] efi: UEFI not found.
[    0.000000] OF: reserved mem: 0x0000000080000000..0x000000008007ffff (512 KiB) map non-reusable mmode_resv0@80000000
[    0.000000] Zone ranges:
[    0.000000]   DMA32    [mem 0x0000000080000000-0x00000000ffffffff]
[    0.000000]   Normal   empty
[    0.000000] Movable zone start for each node
[    0.000000] Early memory node ranges
[    0.000000]   node   0: [mem 0x0000000080000000-0x00000000ffffffff]
[    0.000000] Initmem setup node 0 [mem 0x0000000080000000-0x00000000ffffffff]
[    0.000000] SBI HSM extension detected
[    0.000000] Falling back to deprecated "riscv,isa"
[    0.000000] riscv: base ISA extensions acdfhim
[    0.000000] riscv: ELF capabilities acdfim
[    0.000000] percpu: Embedded 18 pages/cpu s42104 r0 d31624 u73728
[    0.000000] Kernel command line: root=/dev/vda rw console=ttyS0 init=/bin/bash
[    0.000000] Dentry cache hash table entries: 262144 (order: 9, 2097152 bytes, linear)
[    0.000000] Inode-cache hash table entries: 131072 (order: 8, 1048576 bytes, linear)
[    0.000000] Built 1 zonelists, mobility grouping on.  Total pages: 516096
[    0.000000] mem auto-init: stack:all(zero), heap alloc:off, heap free:off
[    0.000000] Virtual kernel memory layout:
[    0.000000]       fixmap : 0xff1bfffffea00000 - 0xff1bffffff000000   (6144 kB)
[    0.000000]       pci io : 0xff1bffffff000000 - 0xff1c000000000000   (  16 MB)
[    0.000000]      vmemmap : 0xff1c000000000000 - 0xff20000000000000   (1024 TB)
[    0.000000]      vmalloc : 0xff20000000000000 - 0xff60000000000000   (16384 TB)
[    0.000000]      modules : 0xffffffff0179e000 - 0xffffffff80000000   (2024 MB)
[    0.000000]       lowmem : 0xff60000000000000 - 0xff60000080000000   (2048 MB)
[    0.000000]       kernel : 0xffffffff80000000 - 0xffffffffffffffff   (2047 MB)
[    0.000000] Memory: 2019408K/2097152K available (10367K kernel code, 5056K rwdata, 4096K rodata, 2201K init, 539K bss, 77744K reserved, 0K cma-reserved)
[    0.000000] SLUB: HWalign=64, Order=0-3, MinObjects=0, CPUs=4, Nodes=1
[    0.000000] rcu: Hierarchical RCU implementation.
[    0.000000] rcu: 	RCU restricting CPUs from NR_CPUS=64 to nr_cpu_ids=4.
[    0.000000] rcu: 	RCU debug extended QS entry/exit.
[    0.000000] 	Tracing variant of Tasks RCU enabled.
[    0.000000] rcu: RCU calculated value of scheduler-enlistment delay is 25 jiffies.
[    0.000000] rcu: Adjusting geometry for rcu_fanout_leaf=16, nr_cpu_ids=4
[    0.000000] NR_IRQS: 64, nr_irqs: 64, preallocated irqs: 0
[    0.000000] riscv-intc: 64 local interrupts mapped
[    0.000000] plic: plic@c000000: mapped 96 interrupts with 4 handlers for 8 contexts.
[    0.000000] riscv: providing IPIs using SBI IPI extension
[    0.000000] rcu: srcu_init: Setting srcu_struct sizes based on contention.
[    0.000000] clocksource: riscv_clocksource: mask: 0xffffffffffffffff max_cycles: 0x24e6a1710, max_idle_ns: 440795202120 ns
[    0.000060] sched_clock: 64 bits at 10MHz, resolution 100ns, wraps every 4398046511100ns
[    0.000133] riscv-timer: Timer interrupt in S-mode is available via sstc extension
[    0.003179] Console: colour dummy device 80x25
[    0.004010] Calibrating delay loop (skipped), value calculated using timer frequency.. 20.00 BogoMIPS (lpj=40000)
[    0.004092] pid_max: default: 32768 minimum: 301
[    0.004756] LSM: initializing lsm=capability,integrity
[    0.008053] Mount-cache hash table entries: 4096 (order: 3, 32768 bytes, linear)
[    0.008097] Mountpoint-cache hash table entries: 4096 (order: 3, 32768 bytes, linear)
[    0.025929] RCU Tasks Trace: Setting shift to 2 and lim to 1 rcu_task_cb_adjust=1 rcu_task_cpu_ids=4.
[    0.026117] riscv: ELF compat mode supported
[    0.026286] ASID allocator using 16 bits (65536 entries)
[    0.026875] rcu: Hierarchical SRCU implementation.
[    0.026894] rcu: 	Max phase no-delay instances is 1000.
[    0.028054] EFI services will not be available.
[    0.029826] smp: Bringing up secondary CPUs ...
[    0.059138] cpu1: Ratio of byte access time to unaligned word access is 7.50, unaligned accesses are fast
[    0.093279] cpu2: Ratio of byte access time to unaligned word access is 7.75, unaligned accesses are fast
[    0.120190] cpu3: Ratio of byte access time to unaligned word access is 8.57, unaligned accesses are fast
[    0.120770] smp: Brought up 1 node, 4 CPUs
[    0.132413] devtmpfs: initialized
[    0.137533] clocksource: jiffies: mask: 0xffffffff max_cycles: 0xffffffff, max_idle_ns: 7645041785100000 ns
[    0.137656] futex hash table entries: 1024 (order: 4, 65536 bytes, linear)
[    0.139043] pinctrl core: initialized pinctrl subsystem
[    0.142473] NET: Registered PF_NETLINK/PF_ROUTE protocol family
[    0.144525] DMA: preallocated 256 KiB GFP_KERNEL pool for atomic allocations
[    0.144838] DMA: preallocated 256 KiB GFP_KERNEL|GFP_DMA32 pool for atomic allocations
[    0.145004] audit: initializing netlink subsys (disabled)
[    0.146253] audit: type=2000 audit(0.116:1): state=initialized audit_enabled=0 res=1
[    0.147543] thermal_sys: Registered thermal governor 'step_wise'
[    0.147834] cpuidle: using governor menu
[    0.173802] cpu0: Ratio of byte access time to unaligned word access is 7.25, unaligned accesses are fast
[    0.182909] HugeTLB: registered 2.00 MiB page size, pre-allocated 0 pages
[    0.182939] HugeTLB: 28 KiB vmemmap can be freed for a 2.00 MiB page
[    0.260529] raid6: int64x8  gen()  1056 MB/s
[    0.342367] raid6: int64x4  gen()  3394 MB/s
[    0.424463] raid6: int64x2  gen()  4682 MB/s
[    0.505013] raid6: int64x1  gen()  4023 MB/s
[    0.505058] raid6: using algorithm int64x2 gen() 4682 MB/s
[    0.585680] raid6: .... xor() 2548 MB/s, rmw enabled
[    0.585742] raid6: using intx1 recovery algorithm
[    0.586615] ACPI: Interpreter disabled.
[    0.586917] iommu: Default domain type: Translated
[    0.586935] iommu: DMA domain TLB invalidation policy: strict mode
[    0.588121] SCSI subsystem initialized
[    0.590356] Advanced Linux Sound Architecture Driver Initialized.
[    0.597372] clocksource: Switched to clocksource riscv_clocksource
[    0.599030] pnp: PnP ACPI: disabled
[    0.618649] NET: Registered PF_INET protocol family
[    0.619298] IP idents hash table entries: 32768 (order: 6, 262144 bytes, linear)
[    0.622908] tcp_listen_portaddr_hash hash table entries: 1024 (order: 3, 32768 bytes, linear)
[    0.622996] Table-perturb hash table entries: 65536 (order: 6, 262144 bytes, linear)
[    0.623036] TCP established hash table entries: 16384 (order: 5, 131072 bytes, linear)
[    0.623176] TCP bind hash table entries: 16384 (order: 8, 1048576 bytes, linear)
[    0.623817] TCP: Hash tables configured (established 16384 bind 16384)
[    0.624582] UDP hash table entries: 1024 (order: 4, 98304 bytes, linear)
[    0.624773] UDP-Lite hash table entries: 1024 (order: 4, 98304 bytes, linear)
[    0.625505] NET: Registered PF_UNIX/PF_LOCAL protocol family
[    0.627668] RPC: Registered named UNIX socket transport module.
[    0.627699] RPC: Registered udp transport module.
[    0.627705] RPC: Registered tcp transport module.
[    0.627710] RPC: Registered tcp-with-tls transport module.
[    0.627715] RPC: Registered tcp NFSv4.1 backchannel transport module.
[    0.628128] kvm [1]: hypervisor extension available
[    0.628167] kvm [1]: using Sv57x4 G-stage page table format
[    0.628183] kvm [1]: VMID 14 bits available
[    0.630860] workingset: timestamp_bits=46 max_order=19 bucket_order=0
[    0.633421] NFS: Registering the id_resolver key type
[    0.633894] Key type id_resolver registered
[    0.633912] Key type id_legacy registered
[    0.634042] nfs4filelayout_init: NFSv4 File Layout Driver Registering...
[    0.634177] nfs4flexfilelayout_init: NFSv4 Flexfile Layout Driver Registering...
[    0.634593] 9p: Installing v9fs 9p2000 file system support
[    0.684506] NET: Registered PF_ALG protocol family
[    0.684603] xor: measuring software checksum speed
[    0.685188]    8regs           :  5913 MB/sec
[    0.685741]    8regs_prefetch  :  6149 MB/sec
[    0.686372]    32regs          :  5281 MB/sec
[    0.686955]    32regs_prefetch :  6000 MB/sec
[    0.686984] xor: using function: 8regs_prefetch (6149 MB/sec)
[    0.687260] Block layer SCSI generic (bsg) driver version 0.4 loaded (major 246)
[    0.687353] io scheduler mq-deadline registered
[    0.687384] io scheduler kyber registered
[    0.687459] io scheduler bfq registered
[    0.697421] input: QEMU Virtio Keyboard as /devices/platform/soc/10006000.virtio_mmio/virtio2/input/input0
[    0.698679] input: QEMU Virtio Tablet as /devices/platform/soc/10005000.virtio_mmio/virtio3/input/input1
[    0.738152] Serial: 8250/16550 driver, 4 ports, IRQ sharing disabled
[    0.743927] printk: console [ttyS0] disabled
[    0.745755] 10000000.serial: ttyS0 at MMIO 0x10000000 (irq = 14, base_baud = 230400) is a 16550A
[    0.746683] printk: console [ttyS0] enabled
[    0.759546] SuperH (H)SCI(F) driver initialized
[    0.762260] [drm] features: +virgl +edid -resource_blob -host_visible
[    0.762289] [drm] features: -context_init
[    0.763762] [drm] number of scanouts: 1
[    0.763839] [drm] number of cap sets: 2
[    0.770250] [drm] cap set 0: id 1, max-version 1, max-size 308
[    0.770512] [drm] cap set 1: id 2, max-version 2, max-size 1408
[    0.773703] [drm] Initialized virtio_gpu 0.1.0 0 for 10007000.virtio_mmio on minor 0
[    0.860015] Console: switching to colour frame buffer device 160x50
[    0.865174] virtio-mmio 10007000.virtio_mmio: [drm] fb0: virtio_gpudrmfb frame buffer device
[    0.888055] loop: module loaded
[    0.888497] virtio_blk virtio0: 1/0/0 default/read/poll queues
[    0.890041] virtio_blk virtio0: [vda] 8388608 512-byte logical blocks (4.29 GB/4.00 GiB)
[    0.904188] mousedev: PS/2 mouse device common for all mice
[    0.906845] goldfish_rtc 101000.rtc: registered as rtc0
[    0.907409] goldfish_rtc 101000.rtc: setting system clock to 2026-10-03T02:43:22 UTC (1790995402)
[    0.909448] syscon-poweroff poweroff: pm_power_off already claimed for sbi_srst_power_off
[    0.909798] syscon-poweroff: probe of poweroff failed with error -16
[    0.910870] device-mapper: ioctl: 4.48.0-ioctl (2023-03-01) initialised: dm-devel@redhat.com
[    0.912544] sdhci: Secure Digital Host Controller Interface driver
[    0.912641] sdhci: Copyright(c) Pierre Ossman
[    0.912865] sdhci-pltfm: SDHCI platform and OF driver helper
[    0.913336] riscv-pmu-sbi: SBI PMU extension is available
[    0.913868] riscv-pmu-sbi: 16 firmware and 18 hardware counters
[    0.914014] riscv-pmu-sbi: Perf sampling/filtering is not supported as sscof extension is not available
[    0.918827] IPVS: Registered protocols (TCP, UDP)
[    0.918994] IPVS: Connection hash table configured (size=4096, memory=32Kbytes)
[    0.920082] IPVS: ipvs loaded.
[    0.920234] IPVS: [rr] scheduler registered.
[    0.921223] Initializing XFRM netlink socket
[    0.921593] NET: Registered PF_INET6 protocol family
[    0.926896] Segment Routing with IPv6
[    0.927234] In-situ OAM (IOAM) with IPv6
[    0.927919] sit: IPv6, IPv4 and MPLS over IPv4 tunneling driver
[    0.929480] NET: Registered PF_PACKET protocol family
[    0.929839] Bridge firewalling registered
[    0.930354] 8021q: 802.1Q VLAN Support v1.8
[    0.930794] 9pnet: Installing 9P2000 support
[    0.931484] Key type dns_resolver registered
[    0.949895] debug_vm_pgtable: [debug_vm_pgtable         ]: Validating architecture page table helpers
[    0.954990] Btrfs loaded, zoned=no, fsverity=no
[    0.958183] clk: Disabling unused clocks
[    0.958417] ALSA device list:
[    0.958479]   No soundcards found.
[    0.981930] EXT4-fs (vda): mounted filesystem 8b9bcd29-4e60-45e5-99a2-5efda1cea95e r/w with ordered data mode. Quota mode: disabled.
[    0.982400] VFS: Mounted root (ext4 filesystem) on device 254:0.
[    0.984043] devtmpfs: mounted
[    1.005903] Freeing unused kernel image (initmem) memory: 2200K
[    1.006589] Run /bin/bash as init process
bash: cannot set terminal process group (-1): Inappropriate ioctl for device
bash: no job control in this shell
[?2004h[root@(none) /]# mount -t proc proc /proc; mount -t sysfs sysfs /sys; mount -t deevtmpfs devtmpfs /dev; mkdir -p /dev/shm /hostcapture; mount -t tmpfs -o mode=17777,nosuid,nodev tmpfs /dev/shm; mount -t 9p -o trans=virtio,version=9p2000.L captture /hostcapture; bash /hostcapture/final-corpus/compositor/guest.sh
[?2004lVIRGL_CORPUS_BEGIN compositor
warning: database file for 'core' does not exist (use '-Sy' to download)
warning: database file for 'extra' does not exist (use '-Sy' to download)
[    5.089007] sched: RT throttling activated
VIRGL_CORPUS_END compositor status=0
Powering off.
[   11.734471] kvm: exiting hardware virtualization
[   11.734838] reboot: Power down
