[INFO]: 🎯  Checking for the Wasm target...
   Compiling unicode-ident v1.0.24
   Compiling proc-macro2 v1.0.106
   Compiling quote v1.0.46
   Compiling wasm-bindgen-shared v0.2.126
   Compiling cfg-if v1.0.4
   Compiling rustversion v1.0.22
   Compiling version_check v0.9.5
   Compiling bumpalo v3.20.3
   Compiling typenum v1.20.1
   Compiling once_cell v1.21.4
   Compiling pin-project-lite v0.2.17
   Compiling slab v0.4.12
   Compiling futures-task v0.3.32
   Compiling futures-core v0.3.32
   Compiling serde_core v1.0.228
   Compiling zmij v1.0.21
   Compiling rustc_apfloat v0.2.3+llvm-462a31f5a5ab
   Compiling byteorder v1.5.0
   Compiling bitflags v2.13.0
   Compiling serde v1.0.228
   Compiling heapless v0.9.3
   Compiling futures-util v0.3.32
   Compiling log v0.4.33
   Compiling serde_json v1.0.150
   Compiling smallvec v1.15.2
   Compiling hash32 v0.3.1
   Compiling libm v0.2.16
   Compiling generic-array v0.14.7
   Compiling tinyvec_macros v0.1.1
   Compiling memchr v2.8.2
   Compiling autocfg v1.5.1
   Compiling smoltcp v0.13.1
   Compiling itoa v1.0.18
   Compiling stable_deref_trait v1.2.1
   Compiling tinyvec v1.12.0
   Compiling num-traits v0.2.19
   Compiling bitflags v1.3.2
   Compiling managed v0.8.0
   Compiling unicode-normalization v0.1.25
   Compiling wasm-vm-wasm-emit v0.0.1 (/private/tmp/e5-t26n-ssip.IKgnkq/crates/wasm-emit)
   Compiling nu-ansi-term v0.50.3
   Compiling oorandom v11.1.5
   Compiling wasm-bindgen-test-shared v0.2.126
   Compiling cast v0.3.0
   Compiling syn v2.0.118
   Compiling wasm-bindgen v0.2.126
   Compiling wasm-bindgen-macro-support v0.2.126
   Compiling crypto-common v0.1.7
   Compiling block-buffer v0.10.4
   Compiling digest v0.10.7
   Compiling sha2 v0.10.9
   Compiling serde_derive v1.0.228
   Compiling wasm-bindgen-test-macro v0.3.76
   Compiling async-trait v0.1.89
   Compiling wasm-vm-core v0.0.1 (/private/tmp/e5-t26n-ssip.IKgnkq/crates/core)
   Compiling wasm-bindgen-macro v0.2.126
   Compiling wasm-vm-slirp v0.0.0 (/private/tmp/e5-t26n-ssip.IKgnkq/crates/slirp)
   Compiling wasm-vm-jit-translate v0.0.1 (/private/tmp/e5-t26n-ssip.IKgnkq/crates/jit-translate)
   Compiling wasm-vm-storage v0.0.1 (/private/tmp/e5-t26n-ssip.IKgnkq/crates/storage)
   Compiling js-sys v0.3.103
   Compiling console_error_panic_hook v0.1.7
   Compiling web-sys v0.3.103
   Compiling wasm-bindgen-futures v0.4.76
   Compiling getrandom v0.2.17
   Compiling wasm-bindgen-test v0.3.76
   Compiling console_log v1.0.0
   Compiling wasm-vm-wasm v0.0.1 (/private/tmp/e5-t26n-ssip.IKgnkq/crates/wasm)
warning: unused import: `Exception`
 --> crates/wasm/tests/hart_ctrl.rs:8:26
  |
8 | use wasm_vm_core::hart::{Exception, Hart};
  |                          ^^^^^^^^^
  |
  = note: `#[warn(unused_imports)]` (part of `#[warn(unused)]`) on by default

warning: `wasm-vm-wasm` (test "hart_ctrl") generated 1 warning (run `cargo fix --test "hart_ctrl" -p wasm-vm-wasm` to apply 1 suggestion)
    Finished `dev` profile [unoptimized + debuginfo] target(s) in 14.90s
[INFO]: ⬇️  Installing wasm-bindgen...
[WARN  wasm_pack::install] could not download pre-built `wasm-bindgen`: no prebuilt wasm-bindgen binaries are available for this platform: Unrecognized target!. Falling back to `cargo install`.
    Finished `test` profile [unoptimized + debuginfo] target(s) in 0.04s
     Running unittests src/lib.rs (/private/tmp/e5-t26n-ssip.IKgnkq/target/wasm32-unknown-unknown/debug/deps/wasm_vm_wasm-9581999851bd4c84.wasm)
running 1 test
Invoking test: jit_browser::spp_guest_tests::browser_guest_sret_pending_ssip_guest_clear_variant
SPP_ORACLE pending SSIP baseline: Architecture { pc: 2147483648, mode: S, regs: [0, 0, 0, 0, 0, 2, 0, 0, 0, 0, 2147500032, 2147495936, 0, 0, 0, 0, 0, 0, 0, 0, 0, 0, 0, 0, 0, 0, 0, 0, 0, 0, 0, 0], ram_window: [4660, 41, 22136], mstatus: 42949673248, trap: [2147487744, 0, 0, 0, 0, 0], retire_cycle: [10, 10], mtime: None }; exact architecture + full RAM equal
SPP_ORACLE pending SSIP preemption: Architecture { pc: 2147504384, mode: S, regs: [0, 0, 0, 0, 0, 2, 0, 0, 0, 0, 2147500032, 2147495936, 0, 0, 0, 0, 0, 0, 0, 0, 0, 0, 0, 0, 0, 0, 0, 0, 0, 0, 0, 0], ram_window: [4660, 41, 22136], mstatus: 42949673248, trap: [2147487744, 9223372036854775809, 0, 0, 0, 0], retire_cycle: [11, 11], mtime: None }; exact architecture + full RAM equal
SPP_ORACLE guest sip SSIP cleared: Architecture { pc: 2147504392, mode: S, regs: [0, 0, 0, 0, 0, 2, 0, 0, 0, 0, 2147500032, 2147495936, 0, 0, 0, 0, 0, 0, 0, 0, 0, 0, 0, 0, 0, 0, 0, 0, 0, 0, 0, 0], ram_window: [4660, 41, 22136], mstatus: 42949673248, trap: [2147487744, 9223372036854775809, 0, 0, 0, 0], retire_cycle: [13, 13], mtime: None }; exact architecture + full RAM equal
SPP_ORACLE SSIP nested SRET before entry: Architecture { pc: 2147487744, mode: S, regs: [0, 0, 0, 0, 0, 2, 0, 0, 0, 0, 2147500032, 2147495936, 0, 0, 0, 0, 0, 0, 0, 0, 0, 0, 0, 0, 0, 0, 0, 0, 0, 0, 0, 0], ram_window: [4660, 41, 22136], mstatus: 42949672994, trap: [2147487744, 9223372036854775809, 0, 0, 0, 0], retire_cycle: [14, 14], mtime: None }; exact architecture + full RAM equal
SPP_ORACLE SSIP nested target effects: Architecture { pc: 2147508224, mode: S, regs: [0, 0, 0, 0, 0, 42, 1, 1, 0, 0, 2147500032, 2147495936, 0, 0, 0, 0, 0, 0, 0, 0, 0, 0, 0, 0, 0, 0, 0, 0, 0, 0, 0, 0], ram_window: [4660, 42, 22136], mstatus: 42949672994, trap: [2147487744, 9223372036854775809, 0, 0, 0, 0], retire_cycle: [22, 22], mtime: None }; exact architecture + full RAM equal
SPP_JIT reused: one host entry, 8 compiled retires, static+dynamic effects, PIC hit +1; all authority words unchanged
SPP_ATTACK SSIP held: guest assert+clear, cause 1 preemption, nested SRET, compiled reuse
test jit_browser::spp_guest_tests::browser_guest_sret_pending_ssip_guest_clear_variant ... ok

test result: ok. 1 passed; 0 failed; 0 ignored; 12 filtered out; finished in 0.13s
