cargo fmt --all --check
node --check tools/verify/clock-fast-path-benchmark.mjs
cargo clippy -p wasm-vm-core --lib --test clock_advance --example clock_loop_probe --features trace -- -D warnings
   Compiling libc v0.2.186
   Compiling proc-macro2 v1.0.106
   Compiling unicode-ident v1.0.24
    Checking cfg-if v1.0.4
   Compiling quote v1.0.46
   Compiling zerocopy v0.8.52
   Compiling version_check v0.9.5
   Compiling serde_core v1.0.228
   Compiling getrandom v0.3.4
   Compiling crossbeam-utils v0.8.21
    Checking typenum v1.20.1
    Checking bitflags v2.13.0
   Compiling rustix v1.1.4
   Compiling serde v1.0.228
   Compiling autocfg v1.5.1
   Compiling zmij v1.0.21
   Compiling getrandom v0.4.3
    Checking either v1.16.0
   Compiling serde_json v1.0.150
    Checking once_cell v1.21.4
    Checking regex-syntax v0.8.11
   Compiling generic-array v0.14.7
   Compiling num-traits v0.2.19
    Checking clap_lex v1.1.0
    Checking fastrand v2.4.1
   Compiling rayon-core v1.13.0
    Checking memchr v2.8.2
    Checking anstyle v1.0.14
   Compiling rustc_apfloat v0.2.3+llvm-462a31f5a5ab
    Checking ciborium-io v0.2.2
    Checking itoa v1.0.18
    Checking regex-automata v0.4.14
    Checking clap_builder v4.6.0
    Checking itertools v0.10.5
    Checking same-file v1.0.6
    Checking smallvec v1.15.2
    Checking fnv v1.0.7
    Checking cast v0.3.0
   Compiling syn v2.0.118
    Checking quick-error v1.2.3
    Checking bit-vec v0.8.0
    Checking criterion-plot v0.5.0
    Checking bit-set v0.8.0
    Checking walkdir v2.5.0
    Checking clap v4.6.1
    Checking regex v1.12.4
    Checking oorandom v11.1.5
    Checking unarray v0.1.4
    Checking anes v0.1.6
    Checking log v0.4.33
   Compiling zerocopy-derive v0.8.52
   Compiling serde_derive v1.0.228
    Checking crossbeam-epoch v0.9.18
    Checking crossbeam-deque v0.8.6
    Checking errno v0.3.14
    Checking wait-timeout v0.2.1
    Checking cpufeatures v0.2.17
    Checking is-terminal v0.4.17
    Checking rand_core v0.9.5
    Checking rand_xorshift v0.4.0
    Checking rand v0.9.4
    Checking crypto-common v0.1.7
    Checking block-buffer v0.10.4
    Checking tempfile v3.27.0
    Checking digest v0.10.7
    Checking sha2 v0.10.9
    Checking rusty-fork v0.3.1
    Checking wasm-vm-core v0.0.1 (/private/var/folders/nr/cyvk1qc14jj5c081vj1xts000000gn/T/wasm-vm-clock-final-cold-a4wc8eet/repo/crates/core)
    Checking rayon v1.12.0
    Checking tinytemplate v1.2.1
    Checking half v2.7.1
    Checking ppv-lite86 v0.2.21
    Checking rand_chacha v0.9.0
    Checking ciborium-ll v0.2.2
    Checking proptest v1.11.0
    Checking ciborium v0.2.2
    Checking criterion v0.5.1
    Finished `dev` profile [unoptimized + debuginfo] target(s) in 8.48s
cargo test -p wasm-vm-core --lib clock_advance_tests
   Compiling cfg-if v1.0.4
   Compiling bitflags v2.13.0
   Compiling typenum v1.20.1
   Compiling libc v0.2.186
   Compiling serde_core v1.0.228
   Compiling crossbeam-utils v0.8.21
   Compiling regex-syntax v0.8.11
   Compiling once_cell v1.21.4
   Compiling either v1.16.0
   Compiling zmij v1.0.21
   Compiling ciborium-io v0.2.2
   Compiling clap_lex v1.1.0
   Compiling itoa v1.0.18
   Compiling anstyle v1.0.14
   Compiling memchr v2.8.2
   Compiling zerocopy v0.8.52
   Compiling fastrand v2.4.1
   Compiling num-traits v0.2.19
   Compiling same-file v1.0.6
   Compiling itertools v0.10.5
   Compiling clap_builder v4.6.0
   Compiling bit-vec v0.8.0
   Compiling fnv v1.0.7
   Compiling quick-error v1.2.3
   Compiling cast v0.3.0
   Compiling walkdir v2.5.0
   Compiling crossbeam-epoch v0.9.18
   Compiling oorandom v11.1.5
   Compiling anes v0.1.6
   Compiling bit-set v0.8.0
   Compiling smallvec v1.15.2
   Compiling unarray v0.1.4
   Compiling getrandom v0.3.4
   Compiling errno v0.3.14
   Compiling getrandom v0.4.3
   Compiling crossbeam-deque v0.8.6
   Compiling wait-timeout v0.2.1
   Compiling rustix v1.1.4
   Compiling rand_core v0.9.5
   Compiling is-terminal v0.4.17
   Compiling generic-array v0.14.7
   Compiling cpufeatures v0.2.17
   Compiling rustc_apfloat v0.2.3+llvm-462a31f5a5ab
   Compiling log v0.4.33
   Compiling rand v0.9.4
   Compiling rand_xorshift v0.4.0
   Compiling rayon-core v1.13.0
   Compiling rayon v1.12.0
   Compiling block-buffer v0.10.4
   Compiling crypto-common v0.1.7
   Compiling criterion-plot v0.5.0
   Compiling digest v0.10.7
   Compiling sha2 v0.10.9
   Compiling tempfile v3.27.0
   Compiling regex-automata v0.4.14
   Compiling clap v4.6.1
   Compiling rusty-fork v0.3.1
   Compiling serde v1.0.228
   Compiling serde_json v1.0.150
   Compiling tinytemplate v1.2.1
   Compiling regex v1.12.4
   Compiling half v2.7.1
   Compiling ppv-lite86 v0.2.21
   Compiling rand_chacha v0.9.0
   Compiling ciborium-ll v0.2.2
   Compiling proptest v1.11.0
   Compiling ciborium v0.2.2
   Compiling criterion v0.5.1
   Compiling wasm-vm-core v0.0.1 (/private/var/folders/nr/cyvk1qc14jj5c081vj1xts000000gn/T/wasm-vm-clock-final-cold-a4wc8eet/repo/crates/core)
    Finished `test` profile [unoptimized + debuginfo] target(s) in 6.58s
     Running unittests src/lib.rs (target/debug/deps/wasm_vm_core-a59d5c538677c031)

running 4 tests
test clock_advance_tests::clock_accounting_is_inert_without_clint_or_in_wall_mode ... ok
test clock_advance_tests::single_retirements_match_wide_oracle_across_ticks_and_invalid_phases ... ok
test clock_advance_tests::clock_spans_match_wide_oracle_including_overflow_and_mtime_wrap ... ok
test clock_advance_tests::clock_spans_match_wide_oracle_across_varied_schedules ... ok

test result: ok. 4 passed; 0 failed; 0 ignored; 0 measured; 376 filtered out; finished in 0.00s

cargo test -p wasm-vm-core --features trace --test clock_advance -- --nocapture
   Compiling wasm-vm-core v0.0.1 (/private/var/folders/nr/cyvk1qc14jj5c081vj1xts000000gn/T/wasm-vm-clock-final-cold-a4wc8eet/repo/crates/core)
    Finished `test` profile [unoptimized + debuginfo] target(s) in 2.31s
     Running tests/clock_advance.rs (target/debug/deps/clock_advance-41e5cfed8eb6772e)

running 1 test
clock-guest div=1 phase=0 start=0 cached=false batched=false trace=30360956ab4dfce5 state=c7d032c22b596d220102600fedf6e5de9e0f7e38487e0367eb4b8a7d4b51f7c4
clock-guest div=1 phase=0 start=0 cached=true batched=false trace=30360956ab4dfce5 state=c7d032c22b596d220102600fedf6e5de9e0f7e38487e0367eb4b8a7d4b51f7c4
clock-guest div=1 phase=0 start=0 cached=true batched=true trace=30360956ab4dfce5 state=c7d032c22b596d220102600fedf6e5de9e0f7e38487e0367eb4b8a7d4b51f7c4
clock-guest div=1 phase=0 start=18446744073709551614 cached=false batched=false trace=f41e948d9a68ab65 state=c7d032c22b596d220102600fedf6e5de9e0f7e38487e0367eb4b8a7d4b51f7c4
clock-guest div=1 phase=0 start=18446744073709551614 cached=true batched=false trace=f41e948d9a68ab65 state=c7d032c22b596d220102600fedf6e5de9e0f7e38487e0367eb4b8a7d4b51f7c4
clock-guest div=1 phase=0 start=18446744073709551614 cached=true batched=true trace=f41e948d9a68ab65 state=c7d032c22b596d220102600fedf6e5de9e0f7e38487e0367eb4b8a7d4b51f7c4
clock-guest div=1 phase=0 start=0 cached=false batched=false trace=30360956ab4dfce5 state=c7d032c22b596d220102600fedf6e5de9e0f7e38487e0367eb4b8a7d4b51f7c4
clock-guest div=1 phase=0 start=0 cached=true batched=false trace=30360956ab4dfce5 state=c7d032c22b596d220102600fedf6e5de9e0f7e38487e0367eb4b8a7d4b51f7c4
clock-guest div=1 phase=0 start=0 cached=true batched=true trace=30360956ab4dfce5 state=c7d032c22b596d220102600fedf6e5de9e0f7e38487e0367eb4b8a7d4b51f7c4
clock-guest div=1 phase=0 start=18446744073709551614 cached=false batched=false trace=f41e948d9a68ab65 state=c7d032c22b596d220102600fedf6e5de9e0f7e38487e0367eb4b8a7d4b51f7c4
clock-guest div=1 phase=0 start=18446744073709551614 cached=true batched=false trace=f41e948d9a68ab65 state=c7d032c22b596d220102600fedf6e5de9e0f7e38487e0367eb4b8a7d4b51f7c4
clock-guest div=1 phase=0 start=18446744073709551614 cached=true batched=true trace=f41e948d9a68ab65 state=c7d032c22b596d220102600fedf6e5de9e0f7e38487e0367eb4b8a7d4b51f7c4
clock-guest div=3 phase=0 start=0 cached=false batched=false trace=d629ad8723d984e5 state=c7d032c22b596d220102600fedf6e5de9e0f7e38487e0367eb4b8a7d4b51f7c4
clock-guest div=3 phase=0 start=0 cached=true batched=false trace=d629ad8723d984e5 state=c7d032c22b596d220102600fedf6e5de9e0f7e38487e0367eb4b8a7d4b51f7c4
clock-guest div=3 phase=0 start=0 cached=true batched=true trace=d629ad8723d984e5 state=c7d032c22b596d220102600fedf6e5de9e0f7e38487e0367eb4b8a7d4b51f7c4
clock-guest div=3 phase=0 start=18446744073709551614 cached=false batched=false trace=ede028c10ff37365 state=c7d032c22b596d220102600fedf6e5de9e0f7e38487e0367eb4b8a7d4b51f7c4
clock-guest div=3 phase=0 start=18446744073709551614 cached=true batched=false trace=ede028c10ff37365 state=c7d032c22b596d220102600fedf6e5de9e0f7e38487e0367eb4b8a7d4b51f7c4
clock-guest div=3 phase=0 start=18446744073709551614 cached=true batched=true trace=ede028c10ff37365 state=c7d032c22b596d220102600fedf6e5de9e0f7e38487e0367eb4b8a7d4b51f7c4
clock-guest div=3 phase=2 start=0 cached=false batched=false trace=d629ad8723d984e5 state=c7d032c22b596d220102600fedf6e5de9e0f7e38487e0367eb4b8a7d4b51f7c4
clock-guest div=3 phase=2 start=0 cached=true batched=false trace=d629ad8723d984e5 state=c7d032c22b596d220102600fedf6e5de9e0f7e38487e0367eb4b8a7d4b51f7c4
clock-guest div=3 phase=2 start=0 cached=true batched=true trace=d629ad8723d984e5 state=c7d032c22b596d220102600fedf6e5de9e0f7e38487e0367eb4b8a7d4b51f7c4
clock-guest div=3 phase=2 start=18446744073709551614 cached=false batched=false trace=ede028c10ff37365 state=c7d032c22b596d220102600fedf6e5de9e0f7e38487e0367eb4b8a7d4b51f7c4
clock-guest div=3 phase=2 start=18446744073709551614 cached=true batched=false trace=ede028c10ff37365 state=c7d032c22b596d220102600fedf6e5de9e0f7e38487e0367eb4b8a7d4b51f7c4
clock-guest div=3 phase=2 start=18446744073709551614 cached=true batched=true trace=ede028c10ff37365 state=c7d032c22b596d220102600fedf6e5de9e0f7e38487e0367eb4b8a7d4b51f7c4
clock-guest div=10 phase=0 start=0 cached=false batched=false trace=6ac9193e7a059deb state=c7d032c22b596d220102600fedf6e5de9e0f7e38487e0367eb4b8a7d4b51f7c4
clock-guest div=10 phase=0 start=0 cached=true batched=false trace=6ac9193e7a059deb state=c7d032c22b596d220102600fedf6e5de9e0f7e38487e0367eb4b8a7d4b51f7c4
clock-guest div=10 phase=0 start=0 cached=true batched=true trace=6ac9193e7a059deb state=c7d032c22b596d220102600fedf6e5de9e0f7e38487e0367eb4b8a7d4b51f7c4
clock-guest div=10 phase=0 start=18446744073709551614 cached=false batched=false trace=5d7c6463cd3e2747 state=c7d032c22b596d220102600fedf6e5de9e0f7e38487e0367eb4b8a7d4b51f7c4
clock-guest div=10 phase=0 start=18446744073709551614 cached=true batched=false trace=5d7c6463cd3e2747 state=c7d032c22b596d220102600fedf6e5de9e0f7e38487e0367eb4b8a7d4b51f7c4
clock-guest div=10 phase=0 start=18446744073709551614 cached=true batched=true trace=5d7c6463cd3e2747 state=c7d032c22b596d220102600fedf6e5de9e0f7e38487e0367eb4b8a7d4b51f7c4
clock-guest div=10 phase=9 start=0 cached=false batched=false trace=cd1dd37da4996ea2 state=c7d032c22b596d220102600fedf6e5de9e0f7e38487e0367eb4b8a7d4b51f7c4
clock-guest div=10 phase=9 start=0 cached=true batched=false trace=cd1dd37da4996ea2 state=c7d032c22b596d220102600fedf6e5de9e0f7e38487e0367eb4b8a7d4b51f7c4
clock-guest div=10 phase=9 start=0 cached=true batched=true trace=cd1dd37da4996ea2 state=c7d032c22b596d220102600fedf6e5de9e0f7e38487e0367eb4b8a7d4b51f7c4
clock-guest div=10 phase=9 start=18446744073709551614 cached=false batched=false trace=66fb077867457da2 state=c7d032c22b596d220102600fedf6e5de9e0f7e38487e0367eb4b8a7d4b51f7c4
clock-guest div=10 phase=9 start=18446744073709551614 cached=true batched=false trace=66fb077867457da2 state=c7d032c22b596d220102600fedf6e5de9e0f7e38487e0367eb4b8a7d4b51f7c4
clock-guest div=10 phase=9 start=18446744073709551614 cached=true batched=true trace=66fb077867457da2 state=c7d032c22b596d220102600fedf6e5de9e0f7e38487e0367eb4b8a7d4b51f7c4
clock-guest div=64 phase=0 start=0 cached=false batched=false trace=e6904b7d4f345c88 state=c7d032c22b596d220102600fedf6e5de9e0f7e38487e0367eb4b8a7d4b51f7c4
clock-guest div=64 phase=0 start=0 cached=true batched=false trace=e6904b7d4f345c88 state=c7d032c22b596d220102600fedf6e5de9e0f7e38487e0367eb4b8a7d4b51f7c4
clock-guest div=64 phase=0 start=0 cached=true batched=true trace=e6904b7d4f345c88 state=c7d032c22b596d220102600fedf6e5de9e0f7e38487e0367eb4b8a7d4b51f7c4
clock-guest div=64 phase=0 start=18446744073709551614 cached=false batched=false trace=5b9dc6657f23c88c state=c7d032c22b596d220102600fedf6e5de9e0f7e38487e0367eb4b8a7d4b51f7c4
clock-guest div=64 phase=0 start=18446744073709551614 cached=true batched=false trace=5b9dc6657f23c88c state=c7d032c22b596d220102600fedf6e5de9e0f7e38487e0367eb4b8a7d4b51f7c4
clock-guest div=64 phase=0 start=18446744073709551614 cached=true batched=true trace=5b9dc6657f23c88c state=c7d032c22b596d220102600fedf6e5de9e0f7e38487e0367eb4b8a7d4b51f7c4
clock-guest div=64 phase=63 start=0 cached=false batched=false trace=a87900f0e1b65c6d state=c7d032c22b596d220102600fedf6e5de9e0f7e38487e0367eb4b8a7d4b51f7c4
clock-guest div=64 phase=63 start=0 cached=true batched=false trace=a87900f0e1b65c6d state=c7d032c22b596d220102600fedf6e5de9e0f7e38487e0367eb4b8a7d4b51f7c4
clock-guest div=64 phase=63 start=0 cached=true batched=true trace=a87900f0e1b65c6d state=c7d032c22b596d220102600fedf6e5de9e0f7e38487e0367eb4b8a7d4b51f7c4
clock-guest div=64 phase=63 start=18446744073709551614 cached=false batched=false trace=760f2b9ee7306535 state=c7d032c22b596d220102600fedf6e5de9e0f7e38487e0367eb4b8a7d4b51f7c4
clock-guest div=64 phase=63 start=18446744073709551614 cached=true batched=false trace=760f2b9ee7306535 state=c7d032c22b596d220102600fedf6e5de9e0f7e38487e0367eb4b8a7d4b51f7c4
clock-guest div=64 phase=63 start=18446744073709551614 cached=true batched=true trace=760f2b9ee7306535 state=c7d032c22b596d220102600fedf6e5de9e0f7e38487e0367eb4b8a7d4b51f7c4
clock-guest div=1024 phase=0 start=0 cached=false batched=false trace=5af8bd202230a9e5 state=c7d032c22b596d220102600fedf6e5de9e0f7e38487e0367eb4b8a7d4b51f7c4
clock-guest div=1024 phase=0 start=0 cached=true batched=false trace=5af8bd202230a9e5 state=c7d032c22b596d220102600fedf6e5de9e0f7e38487e0367eb4b8a7d4b51f7c4
clock-guest div=1024 phase=0 start=0 cached=true batched=true trace=5af8bd202230a9e5 state=c7d032c22b596d220102600fedf6e5de9e0f7e38487e0367eb4b8a7d4b51f7c4
clock-guest div=1024 phase=0 start=18446744073709551614 cached=false batched=false trace=aa7970de4bccdfe5 state=c7d032c22b596d220102600fedf6e5de9e0f7e38487e0367eb4b8a7d4b51f7c4
clock-guest div=1024 phase=0 start=18446744073709551614 cached=true batched=false trace=aa7970de4bccdfe5 state=c7d032c22b596d220102600fedf6e5de9e0f7e38487e0367eb4b8a7d4b51f7c4
clock-guest div=1024 phase=0 start=18446744073709551614 cached=true batched=true trace=aa7970de4bccdfe5 state=c7d032c22b596d220102600fedf6e5de9e0f7e38487e0367eb4b8a7d4b51f7c4
clock-guest div=1024 phase=1023 start=0 cached=false batched=false trace=fb0044eeb4205f76 state=c7d032c22b596d220102600fedf6e5de9e0f7e38487e0367eb4b8a7d4b51f7c4
clock-guest div=1024 phase=1023 start=0 cached=true batched=false trace=fb0044eeb4205f76 state=c7d032c22b596d220102600fedf6e5de9e0f7e38487e0367eb4b8a7d4b51f7c4
clock-guest div=1024 phase=1023 start=0 cached=true batched=true trace=fb0044eeb4205f76 state=c7d032c22b596d220102600fedf6e5de9e0f7e38487e0367eb4b8a7d4b51f7c4
clock-guest div=1024 phase=1023 start=18446744073709551614 cached=false batched=false trace=c0294a3bbfa58ab6 state=c7d032c22b596d220102600fedf6e5de9e0f7e38487e0367eb4b8a7d4b51f7c4
clock-guest div=1024 phase=1023 start=18446744073709551614 cached=true batched=false trace=c0294a3bbfa58ab6 state=c7d032c22b596d220102600fedf6e5de9e0f7e38487e0367eb4b8a7d4b51f7c4
clock-guest div=1024 phase=1023 start=18446744073709551614 cached=true batched=true trace=c0294a3bbfa58ab6 state=c7d032c22b596d220102600fedf6e5de9e0f7e38487e0367eb4b8a7d4b51f7c4
clock-guest div=18446744073709551615 phase=0 start=0 cached=false batched=false trace=5af8bd202230a9e5 state=c7d032c22b596d220102600fedf6e5de9e0f7e38487e0367eb4b8a7d4b51f7c4
clock-guest div=18446744073709551615 phase=0 start=0 cached=true batched=false trace=5af8bd202230a9e5 state=c7d032c22b596d220102600fedf6e5de9e0f7e38487e0367eb4b8a7d4b51f7c4
clock-guest div=18446744073709551615 phase=0 start=0 cached=true batched=true trace=5af8bd202230a9e5 state=c7d032c22b596d220102600fedf6e5de9e0f7e38487e0367eb4b8a7d4b51f7c4
clock-guest div=18446744073709551615 phase=0 start=18446744073709551614 cached=false batched=false trace=aa7970de4bccdfe5 state=c7d032c22b596d220102600fedf6e5de9e0f7e38487e0367eb4b8a7d4b51f7c4
clock-guest div=18446744073709551615 phase=0 start=18446744073709551614 cached=true batched=false trace=aa7970de4bccdfe5 state=c7d032c22b596d220102600fedf6e5de9e0f7e38487e0367eb4b8a7d4b51f7c4
clock-guest div=18446744073709551615 phase=0 start=18446744073709551614 cached=true batched=true trace=aa7970de4bccdfe5 state=c7d032c22b596d220102600fedf6e5de9e0f7e38487e0367eb4b8a7d4b51f7c4
clock-guest div=18446744073709551615 phase=18446744073709551614 start=0 cached=false batched=false trace=fb0044eeb4205f76 state=c7d032c22b596d220102600fedf6e5de9e0f7e38487e0367eb4b8a7d4b51f7c4
clock-guest div=18446744073709551615 phase=18446744073709551614 start=0 cached=true batched=false trace=fb0044eeb4205f76 state=c7d032c22b596d220102600fedf6e5de9e0f7e38487e0367eb4b8a7d4b51f7c4
clock-guest div=18446744073709551615 phase=18446744073709551614 start=0 cached=true batched=true trace=fb0044eeb4205f76 state=c7d032c22b596d220102600fedf6e5de9e0f7e38487e0367eb4b8a7d4b51f7c4
clock-guest div=18446744073709551615 phase=18446744073709551614 start=18446744073709551614 cached=false batched=false trace=c0294a3bbfa58ab6 state=c7d032c22b596d220102600fedf6e5de9e0f7e38487e0367eb4b8a7d4b51f7c4
clock-guest div=18446744073709551615 phase=18446744073709551614 start=18446744073709551614 cached=true batched=false trace=c0294a3bbfa58ab6 state=c7d032c22b596d220102600fedf6e5de9e0f7e38487e0367eb4b8a7d4b51f7c4
clock-guest div=18446744073709551615 phase=18446744073709551614 start=18446744073709551614 cached=true batched=true trace=c0294a3bbfa58ab6 state=c7d032c22b596d220102600fedf6e5de9e0f7e38487e0367eb4b8a7d4b51f7c4
test guest_rdtime_split_budgets_and_resume_match_independent_clock_oracle ... ok

test result: ok. 1 passed; 0 failed; 0 ignored; 0 measured; 0 filtered out; finished in 0.07s

wasm-pack test --node crates/wasm --test clock_advance
[INFO]: 🎯  Checking for the Wasm target...
   Compiling proc-macro2 v1.0.106
   Compiling unicode-ident v1.0.24
   Compiling quote v1.0.46
   Compiling wasm-bindgen-shared v0.2.126
   Compiling cfg-if v1.0.4
   Compiling rustversion v1.0.22
   Compiling version_check v0.9.5
   Compiling bumpalo v3.20.3
   Compiling typenum v1.20.1
   Compiling once_cell v1.21.4
   Compiling slab v0.4.12
   Compiling pin-project-lite v0.2.17
   Compiling futures-core v0.3.32
   Compiling futures-task v0.3.32
   Compiling serde_core v1.0.228
   Compiling rustc_apfloat v0.2.3+llvm-462a31f5a5ab
   Compiling zmij v1.0.21
   Compiling heapless v0.9.3
   Compiling serde_json v1.0.150
   Compiling smallvec v1.15.2
   Compiling byteorder v1.5.0
   Compiling futures-util v0.3.32
   Compiling serde v1.0.228
   Compiling bitflags v2.13.0
   Compiling log v0.4.33
   Compiling generic-array v0.14.7
   Compiling hash32 v0.3.1
   Compiling libm v0.2.16
   Compiling stable_deref_trait v1.2.1
   Compiling memchr v2.8.2
   Compiling autocfg v1.5.1
   Compiling tinyvec_macros v0.1.1
   Compiling smoltcp v0.13.1
   Compiling itoa v1.0.18
   Compiling tinyvec v1.12.0
   Compiling managed v0.8.0
   Compiling num-traits v0.2.19
   Compiling bitflags v1.3.2
   Compiling unicode-normalization v0.1.25
   Compiling wasm-vm-wasm-emit v0.0.1 (/private/var/folders/nr/cyvk1qc14jj5c081vj1xts000000gn/T/wasm-vm-clock-final-cold-a4wc8eet/repo/crates/wasm-emit)
   Compiling nu-ansi-term v0.50.3
   Compiling oorandom v11.1.5
   Compiling cast v0.3.0
   Compiling wasm-bindgen-test-shared v0.2.126
   Compiling syn v2.0.118
   Compiling wasm-bindgen v0.2.126
   Compiling block-buffer v0.10.4
   Compiling crypto-common v0.1.7
   Compiling digest v0.10.7
   Compiling sha2 v0.10.9
   Compiling wasm-bindgen-macro-support v0.2.126
   Compiling wasm-vm-core v0.0.1 (/private/var/folders/nr/cyvk1qc14jj5c081vj1xts000000gn/T/wasm-vm-clock-final-cold-a4wc8eet/repo/crates/core)
   Compiling serde_derive v1.0.228
   Compiling wasm-bindgen-test-macro v0.3.76
   Compiling async-trait v0.1.89
   Compiling wasm-bindgen-macro v0.2.126
   Compiling wasm-vm-slirp v0.0.0 (/private/var/folders/nr/cyvk1qc14jj5c081vj1xts000000gn/T/wasm-vm-clock-final-cold-a4wc8eet/repo/crates/slirp)
   Compiling wasm-vm-jit-translate v0.0.1 (/private/var/folders/nr/cyvk1qc14jj5c081vj1xts000000gn/T/wasm-vm-clock-final-cold-a4wc8eet/repo/crates/jit-translate)
   Compiling wasm-vm-storage v0.0.1 (/private/var/folders/nr/cyvk1qc14jj5c081vj1xts000000gn/T/wasm-vm-clock-final-cold-a4wc8eet/repo/crates/storage)
   Compiling js-sys v0.3.103
   Compiling console_error_panic_hook v0.1.7
   Compiling web-sys v0.3.103
   Compiling wasm-bindgen-futures v0.4.76
   Compiling getrandom v0.2.17
   Compiling wasm-bindgen-test v0.3.76
   Compiling console_log v1.0.0
   Compiling wasm-vm-wasm v0.0.1 (/private/var/folders/nr/cyvk1qc14jj5c081vj1xts000000gn/T/wasm-vm-clock-final-cold-a4wc8eet/repo/crates/wasm)
warning: unused import: `Exception`
 --> crates/wasm/tests/hart_ctrl.rs:8:26
  |
8 | use wasm_vm_core::hart::{Exception, Hart};
  |                          ^^^^^^^^^
  |
  = note: `#[warn(unused_imports)]` (part of `#[warn(unused)]`) on by default

warning: `wasm-vm-wasm` (test "hart_ctrl") generated 1 warning (run `cargo fix --test "hart_ctrl" -p wasm-vm-wasm` to apply 1 suggestion)
    Finished `dev` profile [unoptimized + debuginfo] target(s) in 16.58s
[INFO]: ⬇️  Installing wasm-bindgen...
    Finished `test` profile [unoptimized + debuginfo] target(s) in 0.05s
     Running tests/clock_advance.rs (/private/var/folders/nr/cyvk1qc14jj5c081vj1xts000000gn/T/wasm-vm-clock-final-cold-a4wc8eet/repo/target/wasm32-unknown-unknown/debug/deps/clock_advance-61765801e69930c6.wasm)
running 1 test
test core_clock_advance::guest_rdtime_split_budgets_and_resume_match_independent_clock_oracle ... ok

test result: ok. 1 passed; 0 failed; 0 ignored; 0 filtered out; finished in 0.19s

