cargo fmt --all --check
cargo clippy --workspace --all-targets --all-features -- -D warnings
    Blocking waiting for file lock on build directory
   Compiling libm v0.2.16
   Compiling serde_json v1.0.150
   Compiling rustix v1.1.4
   Compiling num-traits v0.2.19
    Checking aho-corasick v1.1.4
    Checking utf8parse v0.2.2
    Checking colorchoice v1.0.5
    Checking is_terminal_polyfill v1.70.2
    Checking anstyle-query v1.1.5
   Compiling syn v2.0.118
    Checking crypto-common v0.1.7
   Compiling heck v0.5.0
    Checking strsim v0.11.1
    Checking wasm-vm-wasm-emit v0.0.1 (/private/tmp/wasm-vm-current-speed-work/crates/wasm-emit)
    Checking stable_deref_trait v1.2.1
    Checking getrandom v0.2.17
    Checking tinyvec_macros v0.1.1
    Checking anstyle-parse v1.0.0
    Checking pin-project-lite v0.2.17
    Checking slab v0.4.12
    Checking futures-core v0.3.32
    Checking tinyvec v1.12.0
    Checking digest v0.10.7
    Checking futures-task v0.3.32
    Checking futures-sink v0.3.32
    Checking anstream v1.0.0
    Checking byteorder v1.5.0
    Checking rand_core v0.6.4
    Checking bytes v1.12.0
   Compiling thiserror v1.0.69
    Checking futures-util v0.3.32
   Compiling httparse v1.10.1
   Compiling heapless v0.9.3
    Checking sha2 v0.10.9
    Checking sha1 v0.10.6
    Checking clap_builder v4.6.0
    Checking unicode-normalization v0.1.25
    Checking hash32 v0.3.1
    Checking mio v1.2.1
    Checking socket2 v0.6.4
   Compiling smoltcp v0.13.1
    Checking utf-8 v0.7.6
    Checking http v1.4.2
    Checking regex-automata v0.4.14
    Checking data-encoding v2.11.0
    Checking bitflags v1.3.2
    Checking managed v0.8.0
   Compiling wasm-bindgen-shared v0.2.126
   Compiling rustversion v1.0.22
   Compiling bumpalo v3.20.3
    Checking unicode-ident v1.0.24
   Compiling libc v0.2.186
   Compiling shlex v2.0.1
   Compiling find-msvc-tools v0.1.9
    Checking nu-ansi-term v0.50.3
    Checking wasm-bindgen-test-shared v0.2.126
   Compiling jobserver v0.1.35
    Checking equivalent v1.0.2
   Compiling cranelift-srcgen v0.122.0
    Checking foldhash v0.1.5
    Checking hashbrown v0.17.1
   Compiling cranelift-bitset v0.122.0
   Compiling cc v1.2.65
   Compiling cranelift-assembler-x64-meta v0.122.0
   Compiling cranelift-isle v0.122.0
   Compiling log v0.4.33
   Compiling cranelift-codegen-shared v0.122.0
   Compiling crc32fast v1.5.0
   Compiling target-lexicon v0.13.5
    Checking indexmap v2.14.0
   Compiling anyhow v1.0.104
    Checking regex v1.12.4
    Checking allocator-api2 v0.2.21
    Checking gimli v0.31.1
    Checking wasmtime-internal-math v35.0.0
    Checking rustc-hash v2.1.3
   Compiling thiserror v2.0.18
    Checking arbitrary v1.4.2
    Checking tempfile v3.27.0
   Compiling wasmparser v0.235.0
   Compiling object v0.36.7
    Checking rusty-fork v0.3.1
   Compiling cranelift-assembler-x64 v0.122.0
    Checking semver v1.0.28
   Compiling wasm-encoder v0.235.0
    Checking leb128fmt v0.1.0
    Checking cranelift-control v0.122.0
    Checking termcolor v1.4.1
   Compiling wasmtime-internal-unwinder v35.0.0
    Checking itertools v0.14.0
   Compiling wasm-bindgen-macro-support v0.2.126
    Checking mach2 v0.4.3
    Checking wasmtime-internal-asm-macros v35.0.0
    Checking wasmtime-internal-slab v35.0.0
   Compiling synstructure v0.13.2
   Compiling syn v3.0.3
    Checking writeable v0.6.3
   Compiling wasm-bindgen v0.2.126
   Compiling serde_derive v1.0.228
   Compiling zerocopy-derive v0.8.52
   Compiling clap_derive v4.6.1
   Compiling thiserror-impl v1.0.69
   Compiling tokio-macros v2.7.0
   Compiling async-trait v0.1.89
    Checking tokio v1.52.3
    Checking zerocopy v0.8.52
   Compiling wasm-bindgen-test-macro v0.3.76
    Checking clap v4.6.1
   Compiling pulley-macros v35.0.0
   Compiling thiserror-impl v2.0.18
   Compiling pulley-interpreter v35.0.0
   Compiling wasmtime-internal-versioned-export-macros v35.0.0
    Checking wasmtime-internal-jit-icache-coherence v35.0.0
   Compiling zerofrom-derive v0.1.7
   Compiling yoke-derive v0.8.2
   Compiling zerovec-derive v0.11.3
   Compiling wasmtime v35.0.0
    Checking serde v1.0.228
   Compiling wasm-bindgen-macro v0.2.126
   Compiling displaydoc v0.2.7
    Checking litemap v0.8.2
    Checking zerofrom v0.1.8
   Compiling icu_normalizer_data v2.2.0
    Checking utf8_iter v1.0.4
   Compiling icu_properties_data v2.2.0
   Compiling ring v0.17.14
   Compiling cranelift-codegen-meta v0.122.0
    Checking zeroize v1.9.0
   Compiling pkg-config v0.3.33
    Checking rustls-pki-types v1.15.1
    Checking untrusted v0.9.0
    Checking wasm-vm-agent-protocol v0.0.1 (/private/tmp/wasm-vm-current-speed-work/crates/agent-protocol)
   Compiling zstd-sys v2.0.16+zstd.1.5.7
    Checking percent-encoding v2.3.2
   Compiling zstd-safe v7.2.4
    Checking simd-adler32 v0.3.9
    Checking adler2 v2.0.1
   Compiling rustls v0.23.42
    Checking miniz_oxide v0.8.9
    Checking form_urlencoded v1.2.2
    Checking webpki-roots v1.0.9
    Checking subtle v2.6.1
    Checking flate2 v1.1.9
    Checking webpki-roots v0.26.11
    Checking xattr v1.6.1
    Checking env_filter v2.0.0
    Checking filetime v0.2.29
    Checking jiff v0.2.31
    Checking predicates-core v1.0.10
    Checking base64 v0.22.1
    Checking tar v0.4.46
    Checking float-cmp v0.10.0
    Checking memmap2 v0.9.11
    Checking normalize-line-endings v0.3.0
   Compiling assert_cmd v2.2.2
    Checking difflib v0.4.0
    Checking termtree v0.5.1
    Checking predicates-tree v1.0.13
    Checking predicates v3.1.4
    Checking bstr v1.12.3
   Compiling cranelift-codegen v0.122.0
    Checking smallvec v1.15.2
    Checking tinytemplate v1.2.1
    Checking rustc_apfloat v0.2.3+llvm-462a31f5a5ab
    Checking wasm-vm-storage v0.0.1 (/private/tmp/wasm-vm-current-speed-work/crates/storage)
    Checking hashbrown v0.15.5
    Checking ppv-lite86 v0.2.21
    Checking half v2.7.1
    Checking wasm-vm-core v0.0.1 (/private/tmp/wasm-vm-current-speed-work/crates/core)
    Checking rand_chacha v0.9.0
    Checking rand_chacha v0.3.1
    Checking cranelift-entity v0.122.0
    Checking proptest v1.11.0
    Checking ciborium-ll v0.2.2
    Checking rand v0.8.6
    Checking regalloc2 v0.12.2
    Checking ciborium v0.2.2
    Checking cranelift-bforest v0.122.0
    Checking tungstenite v0.24.0
    Checking criterion v0.5.1
    Checking tokio-tungstenite v0.24.0
    Checking cobs v0.3.0
    Checking yoke v0.8.3
    Checking postcard v1.1.3
    Checking env_logger v0.11.11
   Compiling wasmparser v0.240.0
    Checking wasm-vm-file-agent-storage v0.0.0 (/private/tmp/wasm-vm-current-speed-work/crates/file-agent-storage)
    Checking wasm-vm-guest-agent v0.0.1 (/private/tmp/wasm-vm-current-speed-work/guest/agent)
    Checking wasm-vm-file-agent v0.0.0 (/private/tmp/wasm-vm-current-speed-work/crates/file-agent)
    Checking wasm-vm-fuzz v0.0.1 (/private/tmp/wasm-vm-current-speed-work/tools/fuzz)
    Checking wasm-vm-wvseccomp v0.0.0 (/private/tmp/wasm-vm-current-speed-work/crates/wvseccomp)
error[E0425]: cannot find function `prctl` in crate `libc`
   --> crates/wvseccomp/src/main.rs:121:23
    |
121 |     if unsafe { libc::prctl(libc::PR_SET_NO_NEW_PRIVS, 1, 0, 0, 0) } != 0 {
    |                       ^^^^^ not found in `libc`

error[E0425]: cannot find value `PR_SET_NO_NEW_PRIVS` in crate `libc`
   --> crates/wvseccomp/src/main.rs:121:35
    |
121 |     if unsafe { libc::prctl(libc::PR_SET_NO_NEW_PRIVS, 1, 0, 0, 0) } != 0 {
    |                                   ^^^^^^^^^^^^^^^^^^^ not found in `libc`

error[E0425]: cannot find value `SYS_seccomp` in crate `libc`
   --> crates/wvseccomp/src/main.rs:132:19
    |
132 |             libc::SYS_seccomp,
    |                   ^^^^^^^^^^^ not found in `libc`

error[E0308]: mismatched types
   --> crates/wvseccomp/src/main.rs:148:37
    |
148 |     let rc = unsafe { libc::syscall(SYS_MOUNT as libc::c_long, 0, 0, 0, 0, 0) };
    |                       ------------- ^^^^^^^^^^^^^^^^^^^^^^^^^ expected `i32`, found `i64`
    |                       |
    |                       arguments to this function are incorrect
    |
note: function defined here
   --> /Users/blamy/.cargo/registry/src/index.crates.io-1949cf8c6b5b557f/libc-0.2.186/src/unix/bsd/mod.rs:586:12
    |
586 |     pub fn syscall(num: c_int, ...) -> c_int;
    |            ^^^^^^^
help: you can convert an `i64` to an `i32` and panic if the converted value doesn't fit
    |
148 |     let rc = unsafe { libc::syscall((SYS_MOUNT as libc::c_long).try_into().unwrap(), 0, 0, 0, 0, 0) };
    |                                     +                         +++++++++++++++++++++

Some errors have detailed explanations: E0308, E0425.
For more information about an error, try `rustc --explain E0308`.
error: could not compile `wasm-vm-wvseccomp` (bin "wvseccomp") due to 4 previous errors
warning: build failed, waiting for other jobs to finish...
make: *** [clippy] Error 101
