   Compiling libc v0.2.186
   Compiling proc-macro2 v1.0.106
   Compiling cfg-if v1.0.4
   Compiling quote v1.0.46
   Compiling unicode-ident v1.0.24
   Compiling zerocopy v0.8.52
   Compiling version_check v0.9.5
   Compiling serde_core v1.0.228
   Compiling getrandom v0.3.4
   Compiling bitflags v2.13.0
   Compiling typenum v1.20.1
   Compiling crossbeam-utils v0.8.21
   Compiling autocfg v1.5.1
   Compiling getrandom v0.4.3
   Compiling serde v1.0.228
   Compiling rustix v1.1.4
   Compiling zmij v1.0.21
   Compiling regex-syntax v0.8.11
   Compiling either v1.16.0
   Compiling generic-array v0.14.7
   Compiling serde_json v1.0.150
   Compiling num-traits v0.2.19
   Compiling once_cell v1.21.4
   Compiling rustc_apfloat v0.2.3+llvm-462a31f5a5ab
   Compiling itoa v1.0.18
   Compiling rayon-core v1.13.0
   Compiling clap_lex v1.1.0
   Compiling ciborium-io v0.2.2
   Compiling anstyle v1.0.14
   Compiling fastrand v2.4.1
   Compiling memchr v2.8.2
   Compiling clap_builder v4.6.0
   Compiling syn v2.0.118
   Compiling regex-automata v0.4.14
   Compiling crossbeam-epoch v0.9.18
   Compiling itertools v0.10.5
   Compiling cast v0.3.0
   Compiling crossbeam-deque v0.8.6
   Compiling quick-error v1.2.3
   Compiling smallvec v1.15.2
   Compiling bit-vec v0.8.0
   Compiling same-file v1.0.6
   Compiling fnv v1.0.7
   Compiling bit-set v0.8.0
   Compiling walkdir v2.5.0
   Compiling clap v4.6.1
   Compiling anes v0.1.6
   Compiling unarray v0.1.4
   Compiling oorandom v11.1.5
   Compiling log v0.4.33
   Compiling regex v1.12.4
   Compiling errno v0.3.14
   Compiling rand_core v0.9.5
   Compiling cpufeatures v0.2.17
   Compiling wait-timeout v0.2.1
   Compiling criterion-plot v0.5.0
   Compiling is-terminal v0.4.17
   Compiling rand v0.9.4
   Compiling rand_xorshift v0.4.0
   Compiling zerocopy-derive v0.8.52
   Compiling serde_derive v1.0.228
   Compiling tempfile v3.27.0
   Compiling rusty-fork v0.3.1
   Compiling block-buffer v0.10.4
   Compiling crypto-common v0.1.7
   Compiling digest v0.10.7
   Compiling sha2 v0.10.9
   Compiling rayon v1.12.0
   Compiling wasm-vm-core v0.0.1 (/private/tmp/e5-t26h-verifier.nNaU0o/crates/core)
   Compiling tinytemplate v1.2.1
   Compiling half v2.7.1
   Compiling ppv-lite86 v0.2.21
   Compiling rand_chacha v0.9.0
   Compiling ciborium-ll v0.2.2
   Compiling proptest v1.11.0
   Compiling ciborium v0.2.2
   Compiling criterion v0.5.1
    Finished `test` profile [unoptimized + debuginfo] target(s) in 5.92s
     Running tests/desktop_machine_resume.rs (target/debug/deps/desktop_machine_resume-a3c9bf6832e09657)

running 3 tests
test headless_resume_remains_compatible_without_desktop_sections ... ok
test malformed_desktop_section_and_missing_device_refuse_without_partial_restore ... ok
test desktop_devices_resume_with_ring_continuity_and_fresh_host_state ... ok

test result: ok. 3 passed; 0 failed; 0 ignored; 0 measured; 0 filtered out; finished in 0.39s

