✔ prewarm sync proof rejects cross-TTY marker evidence (0.567166ms)
✔ prewarm clear proof requires a new real frame and focused Foot (0.118708ms)
✔ post-marker presentation helper rejects typing frames (111.732875ms)
✔ candidate mode is explicitly local-only and hash-bound (0.175708ms)
✔ renderer proof binds current Hyprland PID and instance before physical input (0.161875ms)
✔ LP0 is configuration-only evidence and is checked before physical input (0.110584ms)
✔ actual built recording covers served resources and pre-send RPCs, even timed-out ones (0.1355ms)
✔ renderer log parser accepts the real DEBUG suffix labels (0.581375ms)
✔ renderer log parser rejects wrong, missing, ambiguous, and misleading records (0.7495ms)
✔ nonce readback caps every guest RPC by the remaining 120-second deadline (0.184208ms)
✔ unlogged baseline worker evidence is explicitly weaker than a GL label (0.275583ms)
✔ harness-only cold local HTTP selftest serves kernel/chunks and refuses snapshot routes without a browser (215.022875ms)
✔ harness-only actual cold orchestration inspects storage before app and returns after pair without input (3.41325ms)
✔ harness-only capture selects exact overlay when both overlay and snapshot databases exist (1.50925ms)
✔ harness-only cold progress TimeoutError is recorded before startup continues to mandatory desktop capture (0.364667ms)
✔ harness-only progress catch propagates non-Playwright errors and verify-mode timeouts (0.310542ms)
✔ harness-only final desktop TimeoutError remains fatal after a tolerated progress timeout (0.101125ms)
✔ harness-only screenshot helper forwards the supplied timeout and keeps the 20-second default (0.171584ms)
✔ actual direct-pair route fences before navigation and never enters physical input (0.733083ms)
✔ prepared recycling has one fixed candidate differing from AK only in the existing boolean (1.788333ms)
✔ prepared recycling rejects drift in the actual runtime policy (0.482083ms)
✔ trial is local, explicit, fixed-budget and does not accept renderer/timeout tuning (0.294834ms)
✔ residency URLs differ only in the fixed module cap with recycling disabled (0.366958ms)
✔ residency checks the actual selected cap and rejects recycling or policy drift (0.275708ms)
✔ pair driver rejects unknown experiments before starting any arm (2.970542ms)
✔ arm URLs have exactly one policy difference and forbid inherited query tuning (0.230541ms)
✔ all four R3 source bindings and image layout must match (0.285459ms)
✔ actual runtime must match the selected arm with observer/timing off (2.231875ms)
✔ deadline accounts for queue delay and rejects late completion without starting expired work (5.072792ms)
✔ real recorder retains physical-only writing, fixed deadlines, fresh presentation and owned shutdown (0.847917ms)
✔ owned watchdog caps setup and navigation once, and normal close cancels timers (0.846375ms)
✔ offline preparation is separately bounded and cannot extend a physical-input watchdog (1.331875ms)
✔ post-verdict capture has one fixed extra allowance and messages cannot rearm it (0.125084ms)
✔ stalled owned browser/recorder is killed and missing close settles as unconfirmed (0.116625ms)
✔ already exited browser is not killed; watchdog intervention never looks like a normal pass (0.119459ms)
✔ future/invalid navigation cannot extend setup (0.070833ms)
✔ recorder exit cannot orphan its browser or kill an already-exited recorder group (0.122916ms)
✔ exit before stdio close never sends a later watchdog signal to the exited recorder (0.086333ms)
✔ prepared selection accepts only the verified pair while original R3 guards stay exact (1.638875ms)
✔ one read-only batch checks eight saved properties and the exact restored Foot (1.079292ms)
✔ missing property, altered active Foot, write acknowledgment or exit0 error text fails closed (0.857625ms)
✔ expired or late property replies do not renew startup or admit input (0.521833ms)
✔ prepared audit rejects forged, duplicate, late and mutating raw property commands (3.562834ms)
✔ synthetic actual input-trial reaches physical keys without mapped-client/active-window RPCs (18.156667ms)
✔ synthetic actual opaque branch verifies properties before keys and fences after Enter (16.507458ms)
✔ synthetic actual direct-property branch reads all values before keys and fences after Enter (16.171958ms)
✔ synthetic prepared-pair path reads saved settings once and preserves physical-only nonce/deadlines (67.643125ms)
✔ synthetic prepared recycling reuses one post-Enter fence and retains the input deadline (79.261083ms)
✔ synthetic capture and verify retain actual mapped-Foot and active-window checks before keys (4.194709ms)
✔ synthetic missing application readiness or lost canvas focus forbids any key (1.259334ms)
✔ synthetic actual nonce reader rejects mismatched bytes in a successful RPC response (14.756416ms)
✔ synthetic late typing/readback and stale presentation cannot publish success (55.430416ms)
✔ synthetic timing observation uses same-page actual recorded event fields, not probe completion (12.480042ms)
✔ post-verdict audit rejects every ingress channel, including R1 tablet sends and acknowledgements (2.299208ms)
✔ profile validates exact worker, span, sample references and an unambiguous tree (2.968708ms)
✔ capture cannot attach before failed deadline or without the failure image (1.6ms)
✔ synthetic capture preserves failed verdict and binds raw bytes; not a guest success fixture (3.436459ms)
✔ a profiler that mutates the verdict is rejected and closed without a usable profile (1.425834ms)
✔ cleanup timing annotations do not change the frozen input verdict (0.17175ms)
✔ an attachment completing after the fixed capture deadline cannot start sampling (0.965875ms)
ℹ tests 60
ℹ suites 0
ℹ pass 60
ℹ fail 0
ℹ cancelled 0
ℹ skipped 0
ℹ todo 0
ℹ duration_ms 456.1165
