]3008;end=d3474562-5c8c-4a2f-bfb6-815d01da0d1b;exit=success\
__WVEND_mu2vpptr0_0
]3008;end=8f3f45aa-4b25-499d-a71b-b15ddd177401;exit=success\]3008;start=f3d5acc2-ac06-4c6e-9ba5-6583adc47fcc;machineid=5abb4fe4a18644f197581438bd6ee2c7;user=omarchy;hostname=omarchy-demo;bootid=450d9a5f-1fc8-440a-9d2a-21bff69195d1;pid=00000000000000000174;type=shell;cwd=/home/omarchy\[?2004h[omarchy@omarchy-demo ~]$ 
__WVEND_mu2vs7xh1_0
]3008;end=b477822f-042a-4e93-823d-8f3f75996ed5;exit=success\]3008;start=f3d5acc2-ac06-4c6e-9ba5-6583adc47fcc;machineid=5abb4fe4a18644f197581438bd6ee2c7;user=omarchy;hostname=omarchy-demo;bootid=450d9a5f-1fc8-440a-9d2a-21bff69195d1;pid=00000000000000000174;type=shell;cwd=/home/omarchy\[?2004h[omarchy@omarchy-demo ~]$ 
__WVEND_mu2vtxd52_75
]3008;end=11d03e31-1ef5-4bb1-bf4f-1cf19bf1078b;exit=success\
__WVEND_mu2vu1yo3_75
]3008;end=ca7789e1-0dff-4645-8a6c-ef5d05995933;exit=success\
__WVEND_mu2vu89o4_75
]3008;end=da11b5bb-5f7b-4283-95dd-b9d3fb26d22a;exit=success\
__WVEND_mu2vueff5_75
]3008;end=ff703ecc-bfce-4d1c-a175-d58adc530d6d;exit=success\
__WVEND_mu2vukgh6_75
]3008;end=73523c24-1511-4ddc-b4ab-11df0f0c47b1;exit=success\
__WVEND_mu2vuqpw7_75
]3008;end=0c1892c6-35aa-4322-ac20-b687b53e0731;exit=success\__WVEND_mu2vuxgl8_75
]3008;end=59f3db7c-6b6c-46b7-bde6-5f6f0a5cf463;exit=success\
__WVEND_mu2vv3879_75
]3008;end=d8413bb2-e01f-471d-85f9-059b76b7807c;exit=success\
__WVEND_mu2vv9tm10_75
]3008;end=78513cc0-8038-4306-8b78-96fe7669de99;exit=success\
__WVEND_mu2vvgy611_75
]3008;end=de512908-e286-4b30-9b46-48af0a74b8dc;exit=success\
__WVEND_mu2vvoea12_75
]3008;end=75ce798f-95dc-4b50-9979-3082fb055a28;exit=success\
__WVEND_mu2vvv3p13_75
]3008;end=0195d39b-aa04-4887-aafa-a22f8424e1e2;exit=success\
__WVEND_mu2vw1z014_75
]3008;end=b0641818-6cf6-4384-9026-5a7a72fc3b1a;exit=success\
__WVEND_mu2vw8jo15_75
]3008;end=58adf345-b5c9-46a5-a8da-f55b565ded01;exit=success\