core 0: 0x0000000080000000 (0x800001b7) x3 0xffffffff80000000
core 0: 0x0000000080000004 (0x80000037)
core 0: 0x0000000080000008 (0x00018213) x4 0xffffffff80000000
core 0: 0x0000000080000000 (0x000f8f93) x31 0x0000000000000000
core 0: 0x0000000080000004 (0x800001b7) x3 0xffffffff80000000
core 0: 0x0000000080000008 (0x80000037)
core 0: 0x000000008000000c (0x00018213) x4 0xffffffff80000000
core 0: 0x0000000080000000 (0xfffff197) x3 0x000000007ffff000
core 0: 0x0000000080000004 (0xfffff017)
core 0: 0x0000000080000008 (0x00018213) x4 0x000000007ffff000
core 0: 0x0000000080000000 (0x000f8f93) x31 0x0000000000000000
core 0: 0x0000000080000004 (0xfffff197) x3 0x000000007ffff004
core 0: 0x0000000080000008 (0xfffff017)
core 0: 0x000000008000000c (0x00018213) x4 0x000000007ffff004
core 0: 0x0000000080000000 (0x00108193) x3 0x0000000000000000
core 0: 0x0000000080000004 (0x00108013)
core 0: 0x0000000080000008 (0x00018213) x4 0x0000000000000000
core 0: 0x0000000080000000 (0x000f8f93) x31 0x0000000000000000
core 0: 0x0000000080000004 (0x00108193) x3 0x0000000000000000
core 0: 0x0000000080000008 (0x00108013)
core 0: 0x000000008000000c (0x00018213) x4 0x0000000000000000
core 0: 0x0000000080000000 (0x0000a193) x3 0x0000000000000001
core 0: 0x0000000080000004 (0x0000a013)
core 0: 0x0000000080000008 (0x00018213) x4 0x0000000000000001
core 0: 0x0000000080000000 (0x000f8f93) x31 0x0000000000000000
core 0: 0x0000000080000004 (0x0000a193) x3 0x0000000000000001
core 0: 0x0000000080000008 (0x0000a013)
core 0: 0x000000008000000c (0x00018213) x4 0x0000000000000001
core 0: 0x0000000080000000 (0xfff0b193) x3 0x0000000000000001
core 0: 0x0000000080000004 (0xfff0b013)
core 0: 0x0000000080000008 (0x00018213) x4 0x0000000000000001
core 0: 0x0000000080000000 (0x000f8f93) x31 0x0000000000000000
core 0: 0x0000000080000004 (0xfff0b193) x3 0x0000000000000001
core 0: 0x0000000080000008 (0xfff0b013)
core 0: 0x000000008000000c (0x00018213) x4 0x0000000000000001
core 0: 0x0000000080000000 (0xfff0c193) x3 0xffffffffffffffaa
core 0: 0x0000000080000004 (0xfff0c013)
core 0: 0x0000000080000008 (0x00018213) x4 0xffffffffffffffaa
core 0: 0x0000000080000000 (0x000f8f93) x31 0x0000000000000000
core 0: 0x0000000080000004 (0xfff0c193) x3 0xffffffffffffffaa
core 0: 0x0000000080000008 (0xfff0c013)
core 0: 0x000000008000000c (0x00018213) x4 0xffffffffffffffaa
core 0: 0x0000000080000000 (0x8000e193) x3 0xfffffffffffff855
core 0: 0x0000000080000004 (0x8000e013)
core 0: 0x0000000080000008 (0x00018213) x4 0xfffffffffffff855
core 0: 0x0000000080000000 (0x000f8f93) x31 0x0000000000000000
core 0: 0x0000000080000004 (0x8000e193) x3 0xfffffffffffff855
core 0: 0x0000000080000008 (0x8000e013)
core 0: 0x000000008000000c (0x00018213) x4 0xfffffffffffff855
core 0: 0x0000000080000000 (0x8000f193) x3 0xfffffffffffff800
core 0: 0x0000000080000004 (0x8000f013)
core 0: 0x0000000080000008 (0x00018213) x4 0xfffffffffffff800
core 0: 0x0000000080000000 (0x000f8f93) x31 0x0000000000000000
core 0: 0x0000000080000004 (0x8000f193) x3 0xfffffffffffff800
core 0: 0x0000000080000008 (0x8000f013)
core 0: 0x000000008000000c (0x00018213) x4 0xfffffffffffff800
core 0: 0x0000000080000000 (0x03f09193) x3 0x8000000000000000
core 0: 0x0000000080000004 (0x03f09013)
core 0: 0x0000000080000008 (0x00018213) x4 0x8000000000000000
core 0: 0x0000000080000000 (0x000f8f93) x31 0x0000000000000000
core 0: 0x0000000080000004 (0x03f09193) x3 0x8000000000000000
core 0: 0x0000000080000008 (0x03f09013)
core 0: 0x000000008000000c (0x00018213) x4 0x8000000000000000
core 0: 0x0000000080000000 (0x03f0d193) x3 0x0000000000000001
core 0: 0x0000000080000004 (0x03f0d013)
core 0: 0x0000000080000008 (0x00018213) x4 0x0000000000000001
core 0: 0x0000000080000000 (0x000f8f93) x31 0x0000000000000000
core 0: 0x0000000080000004 (0x03f0d193) x3 0x0000000000000001
core 0: 0x0000000080000008 (0x03f0d013)
core 0: 0x000000008000000c (0x00018213) x4 0x0000000000000001
core 0: 0x0000000080000000 (0x43f0d193) x3 0xffffffffffffffff
core 0: 0x0000000080000004 (0x43f0d013)
core 0: 0x0000000080000008 (0x00018213) x4 0xffffffffffffffff
core 0: 0x0000000080000000 (0x000f8f93) x31 0x0000000000000000
core 0: 0x0000000080000004 (0x43f0d193) x3 0xffffffffffffffff
core 0: 0x0000000080000008 (0x43f0d013)
core 0: 0x000000008000000c (0x00018213) x4 0xffffffffffffffff
core 0: 0x0000000080000000 (0x002081b3) x3 0x0000000000000000
core 0: 0x0000000080000004 (0x00208033)
core 0: 0x0000000080000008 (0x00018213) x4 0x0000000000000000
core 0: 0x0000000080000000 (0x000f8f93) x31 0x0000000000000000
core 0: 0x0000000080000004 (0x002081b3) x3 0x0000000000000000
core 0: 0x0000000080000008 (0x00208033)
core 0: 0x000000008000000c (0x00018213) x4 0x0000000000000000
core 0: 0x0000000080000000 (0x402081b3) x3 0xffffffffffffffff
core 0: 0x0000000080000004 (0x40208033)
core 0: 0x0000000080000008 (0x00018213) x4 0xffffffffffffffff
core 0: 0x0000000080000000 (0x000f8f93) x31 0x0000000000000000
core 0: 0x0000000080000004 (0x402081b3) x3 0xffffffffffffffff
core 0: 0x0000000080000008 (0x40208033)
core 0: 0x000000008000000c (0x00018213) x4 0xffffffffffffffff
core 0: 0x0000000080000000 (0x002091b3) x3 0x8000000000000000
core 0: 0x0000000080000004 (0x00209033)
core 0: 0x0000000080000008 (0x00018213) x4 0x8000000000000000
core 0: 0x0000000080000000 (0x000f8f93) x31 0x0000000000000000
core 0: 0x0000000080000004 (0x002091b3) x3 0x8000000000000000
core 0: 0x0000000080000008 (0x00209033)
core 0: 0x000000008000000c (0x00018213) x4 0x8000000000000000
core 0: 0x0000000080000000 (0x0020a1b3) x3 0x0000000000000001
core 0: 0x0000000080000004 (0x0020a033)
core 0: 0x0000000080000008 (0x00018213) x4 0x0000000000000001
core 0: 0x0000000080000000 (0x000f8f93) x31 0x0000000000000000
core 0: 0x0000000080000004 (0x0020a1b3) x3 0x0000000000000001
core 0: 0x0000000080000008 (0x0020a033)
core 0: 0x000000008000000c (0x00018213) x4 0x0000000000000001
core 0: 0x0000000080000000 (0x0020b1b3) x3 0x0000000000000001
core 0: 0x0000000080000004 (0x0020b033)
core 0: 0x0000000080000008 (0x00018213) x4 0x0000000000000001
core 0: 0x0000000080000000 (0x000f8f93) x31 0x0000000000000000
core 0: 0x0000000080000004 (0x0020b1b3) x3 0x0000000000000001
core 0: 0x0000000080000008 (0x0020b033)
core 0: 0x000000008000000c (0x00018213) x4 0x0000000000000001
core 0: 0x0000000080000000 (0x0020c1b3) x3 0x00000000000000ff
core 0: 0x0000000080000004 (0x0020c033)
core 0: 0x0000000080000008 (0x00018213) x4 0x00000000000000ff
core 0: 0x0000000080000000 (0x000f8f93) x31 0x0000000000000000
core 0: 0x0000000080000004 (0x0020c1b3) x3 0x00000000000000ff
core 0: 0x0000000080000008 (0x0020c033)
core 0: 0x000000008000000c (0x00018213) x4 0x00000000000000ff
core 0: 0x0000000080000000 (0x0020d1b3) x3 0x0000000000000001
core 0: 0x0000000080000004 (0x0020d033)
core 0: 0x0000000080000008 (0x00018213) x4 0x0000000000000001
core 0: 0x0000000080000000 (0x000f8f93) x31 0x0000000000000000
core 0: 0x0000000080000004 (0x0020d1b3) x3 0x0000000000000001
core 0: 0x0000000080000008 (0x0020d033)
core 0: 0x000000008000000c (0x00018213) x4 0x0000000000000001
core 0: 0x0000000080000000 (0x4020d1b3) x3 0xffffffffffffffff
core 0: 0x0000000080000004 (0x4020d033)
core 0: 0x0000000080000008 (0x00018213) x4 0xffffffffffffffff
core 0: 0x0000000080000000 (0x000f8f93) x31 0x0000000000000000
core 0: 0x0000000080000004 (0x4020d1b3) x3 0xffffffffffffffff
core 0: 0x0000000080000008 (0x4020d033)
core 0: 0x000000008000000c (0x00018213) x4 0xffffffffffffffff
core 0: 0x0000000080000000 (0x0020e1b3) x3 0x00000000000000ff
core 0: 0x0000000080000004 (0x0020e033)
core 0: 0x0000000080000008 (0x00018213) x4 0x00000000000000ff
core 0: 0x0000000080000000 (0x000f8f93) x31 0x0000000000000000
core 0: 0x0000000080000004 (0x0020e1b3) x3 0x00000000000000ff
core 0: 0x0000000080000008 (0x0020e033)
core 0: 0x000000008000000c (0x00018213) x4 0x00000000000000ff
core 0: 0x0000000080000000 (0x0020f1b3) x3 0x0000000000000000
core 0: 0x0000000080000004 (0x0020f033)
core 0: 0x0000000080000008 (0x00018213) x4 0x0000000000000000
core 0: 0x0000000080000000 (0x000f8f93) x31 0x0000000000000000
core 0: 0x0000000080000004 (0x0020f1b3) x3 0x0000000000000000
core 0: 0x0000000080000008 (0x0020f033)
core 0: 0x000000008000000c (0x00018213) x4 0x0000000000000000
core 0: 0x0000000080000000 (0x0010819b) x3 0xffffffff80000000
core 0: 0x0000000080000004 (0x0010801b)
core 0: 0x0000000080000008 (0x00018213) x4 0xffffffff80000000
core 0: 0x0000000080000000 (0x000f8f93) x31 0x0000000000000000
core 0: 0x0000000080000004 (0x0010819b) x3 0xffffffff80000000
core 0: 0x0000000080000008 (0x0010801b)
core 0: 0x000000008000000c (0x00018213) x4 0xffffffff80000000
core 0: 0x0000000080000000 (0x01f0919b) x3 0xffffffff80000000
core 0: 0x0000000080000004 (0x01f0901b)
core 0: 0x0000000080000008 (0x00018213) x4 0xffffffff80000000
core 0: 0x0000000080000000 (0x000f8f93) x31 0x0000000000000000
core 0: 0x0000000080000004 (0x01f0919b) x3 0xffffffff80000000
core 0: 0x0000000080000008 (0x01f0901b)
core 0: 0x000000008000000c (0x00018213) x4 0xffffffff80000000
core 0: 0x0000000080000000 (0x01f0d19b) x3 0x0000000000000001
core 0: 0x0000000080000004 (0x01f0d01b)
core 0: 0x0000000080000008 (0x00018213) x4 0x0000000000000001
core 0: 0x0000000080000000 (0x000f8f93) x31 0x0000000000000000
core 0: 0x0000000080000004 (0x01f0d19b) x3 0x0000000000000001
core 0: 0x0000000080000008 (0x01f0d01b)
core 0: 0x000000008000000c (0x00018213) x4 0x0000000000000001
core 0: 0x0000000080000000 (0x41f0d19b) x3 0xffffffffffffffff
core 0: 0x0000000080000004 (0x41f0d01b)
core 0: 0x0000000080000008 (0x00018213) x4 0xffffffffffffffff
core 0: 0x0000000080000000 (0x000f8f93) x31 0x0000000000000000
core 0: 0x0000000080000004 (0x41f0d19b) x3 0xffffffffffffffff
core 0: 0x0000000080000008 (0x41f0d01b)
core 0: 0x000000008000000c (0x00018213) x4 0xffffffffffffffff
core 0: 0x0000000080000000 (0x002081bb) x3 0xffffffff80000000
core 0: 0x0000000080000004 (0x0020803b)
core 0: 0x0000000080000008 (0x00018213) x4 0xffffffff80000000
core 0: 0x0000000080000000 (0x000f8f93) x31 0x0000000000000000
core 0: 0x0000000080000004 (0x002081bb) x3 0xffffffff80000000
core 0: 0x0000000080000008 (0x0020803b)
core 0: 0x000000008000000c (0x00018213) x4 0xffffffff80000000
core 0: 0x0000000080000000 (0x402081bb) x3 0x000000007fffffff
core 0: 0x0000000080000004 (0x4020803b)
core 0: 0x0000000080000008 (0x00018213) x4 0x000000007fffffff
core 0: 0x0000000080000000 (0x000f8f93) x31 0x0000000000000000
core 0: 0x0000000080000004 (0x402081bb) x3 0x000000007fffffff
core 0: 0x0000000080000008 (0x4020803b)
core 0: 0x000000008000000c (0x00018213) x4 0x000000007fffffff
core 0: 0x0000000080000000 (0x002091bb) x3 0xffffffff80000000
core 0: 0x0000000080000004 (0x0020903b)
core 0: 0x0000000080000008 (0x00018213) x4 0xffffffff80000000
core 0: 0x0000000080000000 (0x000f8f93) x31 0x0000000000000000
core 0: 0x0000000080000004 (0x002091bb) x3 0xffffffff80000000
core 0: 0x0000000080000008 (0x0020903b)
core 0: 0x000000008000000c (0x00018213) x4 0xffffffff80000000
core 0: 0x0000000080000000 (0x0020d1bb) x3 0x0000000000000001
core 0: 0x0000000080000004 (0x0020d03b)
core 0: 0x0000000080000008 (0x00018213) x4 0x0000000000000001
core 0: 0x0000000080000000 (0x000f8f93) x31 0x0000000000000000
core 0: 0x0000000080000004 (0x0020d1bb) x3 0x0000000000000001
core 0: 0x0000000080000008 (0x0020d03b)
core 0: 0x000000008000000c (0x00018213) x4 0x0000000000000001
core 0: 0x0000000080000000 (0x4020d1bb) x3 0xffffffffffffffff
core 0: 0x0000000080000004 (0x4020d03b)
core 0: 0x0000000080000008 (0x00018213) x4 0xffffffffffffffff
core 0: 0x0000000080000000 (0x000f8f93) x31 0x0000000000000000
core 0: 0x0000000080000004 (0x4020d1bb) x3 0xffffffffffffffff
core 0: 0x0000000080000008 (0x4020d03b)
core 0: 0x000000008000000c (0x00018213) x4 0xffffffffffffffff
core 0: 0x0000000080000000 (0x022081b3) x3 0xfffffffffffffffe
core 0: 0x0000000080000004 (0x02208033)
core 0: 0x0000000080000008 (0x00018213) x4 0xfffffffffffffffe
core 0: 0x0000000080000000 (0x000f8f93) x31 0x0000000000000000
core 0: 0x0000000080000004 (0x022081b3) x3 0xfffffffffffffffe
core 0: 0x0000000080000008 (0x02208033)
core 0: 0x000000008000000c (0x00018213) x4 0xfffffffffffffffe
core 0: 0x0000000080000000 (0x022091b3) x3 0xffffffffffffffff
core 0: 0x0000000080000004 (0x02209033)
core 0: 0x0000000080000008 (0x00018213) x4 0xffffffffffffffff
core 0: 0x0000000080000000 (0x000f8f93) x31 0x0000000000000000
core 0: 0x0000000080000004 (0x022091b3) x3 0xffffffffffffffff
core 0: 0x0000000080000008 (0x02209033)
core 0: 0x000000008000000c (0x00018213) x4 0xffffffffffffffff
core 0: 0x0000000080000000 (0x0220a1b3) x3 0xffffffffffffffff
core 0: 0x0000000080000004 (0x0220a033)
core 0: 0x0000000080000008 (0x00018213) x4 0xffffffffffffffff
core 0: 0x0000000080000000 (0x000f8f93) x31 0x0000000000000000
core 0: 0x0000000080000004 (0x0220a1b3) x3 0xffffffffffffffff
core 0: 0x0000000080000008 (0x0220a033)
core 0: 0x000000008000000c (0x00018213) x4 0xffffffffffffffff
core 0: 0x0000000080000000 (0x0220b1b3) x3 0xfffffffffffffffe
core 0: 0x0000000080000004 (0x0220b033)
core 0: 0x0000000080000008 (0x00018213) x4 0xfffffffffffffffe
core 0: 0x0000000080000000 (0x000f8f93) x31 0x0000000000000000
core 0: 0x0000000080000004 (0x0220b1b3) x3 0xfffffffffffffffe
core 0: 0x0000000080000008 (0x0220b033)
core 0: 0x000000008000000c (0x00018213) x4 0xfffffffffffffffe
core 0: 0x0000000080000000 (0x0220c1b3) x3 0xfffffffffffffffe
core 0: 0x0000000080000004 (0x0220c033)
core 0: 0x0000000080000008 (0x00018213) x4 0xfffffffffffffffe
core 0: 0x0000000080000000 (0x000f8f93) x31 0x0000000000000000
core 0: 0x0000000080000004 (0x0220c1b3) x3 0xfffffffffffffffe
core 0: 0x0000000080000008 (0x0220c033)
core 0: 0x000000008000000c (0x00018213) x4 0xfffffffffffffffe
core 0: 0x0000000080000000 (0x0220d1b3) x3 0x7fffffffffffffff
core 0: 0x0000000080000004 (0x0220d033)
core 0: 0x0000000080000008 (0x00018213) x4 0x7fffffffffffffff
core 0: 0x0000000080000000 (0x000f8f93) x31 0x0000000000000000
core 0: 0x0000000080000004 (0x0220d1b3) x3 0x7fffffffffffffff
core 0: 0x0000000080000008 (0x0220d033)
core 0: 0x000000008000000c (0x00018213) x4 0x7fffffffffffffff
core 0: 0x0000000080000000 (0x0220e1b3) x3 0xffffffffffffffff
core 0: 0x0000000080000004 (0x0220e033)
core 0: 0x0000000080000008 (0x00018213) x4 0xffffffffffffffff
core 0: 0x0000000080000000 (0x000f8f93) x31 0x0000000000000000
core 0: 0x0000000080000004 (0x0220e1b3) x3 0xffffffffffffffff
core 0: 0x0000000080000008 (0x0220e033)
core 0: 0x000000008000000c (0x00018213) x4 0xffffffffffffffff
core 0: 0x0000000080000000 (0x0220f1b3) x3 0x0000000000000001
core 0: 0x0000000080000004 (0x0220f033)
core 0: 0x0000000080000008 (0x00018213) x4 0x0000000000000001
core 0: 0x0000000080000000 (0x000f8f93) x31 0x0000000000000000
core 0: 0x0000000080000004 (0x0220f1b3) x3 0x0000000000000001
core 0: 0x0000000080000008 (0x0220f033)
core 0: 0x000000008000000c (0x00018213) x4 0x0000000000000001
core 0: 0x0000000080000000 (0x022081bb) x3 0xfffffffffffffffe
core 0: 0x0000000080000004 (0x0220803b)
core 0: 0x0000000080000008 (0x00018213) x4 0xfffffffffffffffe
core 0: 0x0000000080000000 (0x000f8f93) x31 0x0000000000000000
core 0: 0x0000000080000004 (0x022081bb) x3 0xfffffffffffffffe
core 0: 0x0000000080000008 (0x0220803b)
core 0: 0x000000008000000c (0x00018213) x4 0xfffffffffffffffe
core 0: 0x0000000080000000 (0x0220c1bb) x3 0xfffffffffffffffe
core 0: 0x0000000080000004 (0x0220c03b)
core 0: 0x0000000080000008 (0x00018213) x4 0xfffffffffffffffe
core 0: 0x0000000080000000 (0x000f8f93) x31 0x0000000000000000
core 0: 0x0000000080000004 (0x0220c1bb) x3 0xfffffffffffffffe
core 0: 0x0000000080000008 (0x0220c03b)
core 0: 0x000000008000000c (0x00018213) x4 0xfffffffffffffffe
core 0: 0x0000000080000000 (0x0220d1bb) x3 0xffffffffffffffff
core 0: 0x0000000080000004 (0x0220d03b)
core 0: 0x0000000080000008 (0x00018213) x4 0xffffffffffffffff
core 0: 0x0000000080000000 (0x000f8f93) x31 0x0000000000000000
core 0: 0x0000000080000004 (0x0220d1bb) x3 0xffffffffffffffff
core 0: 0x0000000080000008 (0x0220d03b)
core 0: 0x000000008000000c (0x00018213) x4 0xffffffffffffffff
core 0: 0x0000000080000000 (0x0220e1bb) x3 0xffffffffffffffff
core 0: 0x0000000080000004 (0x0220e03b)
core 0: 0x0000000080000008 (0x00018213) x4 0xffffffffffffffff
core 0: 0x0000000080000000 (0x000f8f93) x31 0x0000000000000000
core 0: 0x0000000080000004 (0x0220e1bb) x3 0xffffffffffffffff
core 0: 0x0000000080000008 (0x0220e03b)
core 0: 0x000000008000000c (0x00018213) x4 0xffffffffffffffff
core 0: 0x0000000080000000 (0x0220f1bb) x3 0xffffffff80000000
core 0: 0x0000000080000004 (0x0220f03b)
core 0: 0x0000000080000008 (0x00018213) x4 0xffffffff80000000
core 0: 0x0000000080000000 (0x000f8f93) x31 0x0000000000000000
core 0: 0x0000000080000004 (0x0220f1bb) x3 0xffffffff80000000
core 0: 0x0000000080000008 (0x0220f03b)
core 0: 0x000000008000000c (0x00018213) x4 0xffffffff80000000
