[    0.000000] Linux version 6.6.63 (wasmvm@wasmvm) (riscv64-linux-gnu-gcc (Debian 12.2.0-13) 12.2.0, GNU ld (GNU Binutils for Debian) 2.40) #1 SMP Thu Nov 14 2024
[    0.000000] Machine model: riscv-virtio,qemu
[    0.000000] SBI specification v2.0 detected
[    0.000000] SBI implementation ID=0x574d Version=0x100
[    0.000000] SBI TIME extension detected
[    0.000000] SBI IPI extension detected
[    0.000000] SBI RFENCE extension detected
[    0.000000] SBI SRST extension detected
[    0.000000] earlycon: sbi0 at I/O port 0x0 (options '')
[    0.000000] printk: bootconsole [sbi0] enabled
[    0.000000] efi: UEFI not found.
[    0.000000] Zone ranges:
[    0.000000]   DMA32    [mem 0x0000000080000000-0x000000008fffffff]
[    0.000000]   Normal   empty
[    0.000000] Movable zone start for each node
[    0.000000] Early memory node ranges
[    0.000000]   node   0: [mem 0x0000000080000000-0x000000008fffffff]
[    0.000000] Initmem setup node 0 [mem 0x0000000080000000-0x000000008fffffff]
[    0.000000] SBI HSM extension detected
[    0.000000] Falling back to deprecated "riscv,isa"
[    0.000000] riscv: base ISA extensions acdfim
[    0.000000] riscv: ELF capabilities acdfim
[    0.000000] percpu: Embedded 18 pages/cpu s42104 r0 d31624 u73728
[    0.000000] Kernel command line: root=/dev/vda rw console=ttyS0 earlycon=sbi
[    0.000000] Dentry cache hash table entries: 32768 (order: 6, 262144 bytes, linear)
[    0.000000] Inode-cache hash table entries: 16384 (order: 5, 131072 bytes, linear)
[    0.000000] Built 1 zonelists, mobility grouping on.  Total pages: 64512
[    0.000000] mem auto-init: stack:all(zero), heap alloc:off, heap free:off
[    0.000000] Virtual kernel memory layout:
[    0.000000]       fixmap : 0xff1bfffffea00000 - 0xff1bffffff000000   (6144 kB)
[    0.000000]       pci io : 0xff1bffffff000000 - 0xff1c000000000000   (  16 MB)
[    0.000000]      vmemmap : 0xff1c000000000000 - 0xff20000000000000   (1024 TB)
[    0.000000]      vmalloc : 0xff20000000000000 - 0xff60000000000000   (16384 TB)
[    0.000000]      modules : 0xffffffff0179e000 - 0xffffffff80000000   (2024 MB)
[    0.000000]       lowmem : 0xff60000000000000 - 0xff60000010000000   ( 256 MB)
[    0.000000]       kernel : 0xffffffff80000000 - 0xffffffffffffffff   (2047 MB)
[    0.000000] Memory: 216560K/262144K available (10367K kernel code, 5056K rwdata, 4096K rodata, 2201K init, 539K bss, 45584K reserved, 0K cma-reserved)
[    0.000000] SLUB: HWalign=64, Order=0-3, MinObjects=0, CPUs=1, Nodes=1
[    0.000000] rcu: Hierarchical RCU implementation.
[    0.000000] rcu: 	RCU restricting CPUs from NR_CPUS=64 to nr_cpu_ids=1.
[    0.000000] rcu: 	RCU debug extended QS entry/exit.
[    0.000000] 	Tracing variant of Tasks RCU enabled.
[    0.000000] rcu: RCU calculated value of scheduler-enlistment delay is 25 jiffies.
[    0.000000] rcu: Adjusting geometry for rcu_fanout_leaf=16, nr_cpu_ids=1
[    0.000000] NR_IRQS: 64, nr_irqs: 64, preallocated irqs: 0
[    0.000000] riscv-intc: 64 local interrupts mapped
[    0.000000] plic: plic@c000000: mapped 95 interrupts with 1 handlers for 2 contexts.
[    0.000000] riscv: providing IPIs using SBI IPI extension
[    0.000000] rcu: srcu_init: Setting srcu_struct sizes based on contention.
[    0.000000] clocksource: riscv_clocksource: mask: 0xffffffffffffffff max_cycles: 0x24e6a1710, max_idle_ns: 440795202120 ns
[    0.000002] sched_clock: 64 bits at 10MHz, resolution 100ns, wraps every 4398046511100ns
[    0.001287] Console: colour dummy device 80x25
[    0.001486] Calibrating delay loop (skipped), value calculated using timer frequency.. 20.00 BogoMIPS (lpj=40000)
[    0.001644] pid_max: default: 32768 minimum: 301
[    0.002151] LSM: initializing lsm=capability,integrity
[    0.002878] Mount-cache hash table entries: 512 (order: 0, 4096 bytes, linear)
[    0.003012] Mountpoint-cache hash table entries: 512 (order: 0, 4096 bytes, linear)
[    0.014500] RCU Tasks Trace: Setting shift to 0 and lim to 1 rcu_task_cb_adjust=1 rcu_task_cpu_ids=1.
[    0.015202] riscv: ELF compat mode unsupported
[    0.015283] ASID allocator using 16 bits (65536 entries)
[    0.016150] rcu: Hierarchical SRCU implementation.
[    0.016224] rcu: 	Max phase no-delay instances is 1000.
[    0.017835] EFI services will not be available.
[    0.018675] smp: Bringing up secondary CPUs ...
[    0.018783] smp: Brought up 1 node, 1 CPU
[    0.021287] devtmpfs: initialized
[    0.031843] clocksource: jiffies: mask: 0xffffffff max_cycles: 0xffffffff, max_idle_ns: 7645041785100000 ns
[    0.031996] futex hash table entries: 256 (order: 2, 16384 bytes, linear)
[    0.033038] pinctrl core: initialized pinctrl subsystem
[    0.042650] NET: Registered PF_NETLINK/PF_ROUTE protocol family
[    0.047057] DMA: preallocated 128 KiB GFP_KERNEL pool for atomic allocations
[    0.047269] DMA: preallocated 128 KiB GFP_KERNEL|GFP_DMA32 pool for atomic allocations
[    0.047595] audit: initializing netlink subsys (disabled)
[    0.050884] thermal_sys: Registered thermal governor 'step_wise'
[    0.051054] audit: type=2000 audit(0.044:1): state=initialized audit_enabled=0 res=1
[    0.051293] cpuidle: using governor menu
[    0.073118] cpu0: Ratio of byte access time to unaligned word access is 7.98, unaligned accesses are fast
[    0.093975] HugeTLB: registered 2.00 MiB page size, pre-allocated 0 pages
[    0.094073] HugeTLB: 28 KiB vmemmap can be freed for a 2.00 MiB page
[    0.161990] raid6: int64x8  gen()    42 MB/s
[    0.230555] raid6: int64x4  gen()    57 MB/s
[    0.298888] raid6: int64x2  gen()    58 MB/s
[    0.367482] raid6: int64x1  gen()    52 MB/s
[    0.367564] raid6: using algorithm int64x2 gen() 58 MB/s
[    0.436149] raid6: .... xor() 32 MB/s, rmw enabled
[    0.436229] raid6: using intx1 recovery algorithm
[    0.437203] ACPI: Interpreter disabled.
[    0.437970] iommu: Default domain type: Translated
[    0.438052] iommu: DMA domain TLB invalidation policy: strict mode
[    0.441593] SCSI subsystem initialized
[    0.444984] Advanced Linux Sound Architecture Driver Initialized.
[    0.451067] clocksource: Switched to clocksource riscv_clocksource
[    0.453304] pnp: PnP ACPI: disabled
[    0.515224] NET: Registered PF_INET protocol family
[    0.516625] IP idents hash table entries: 4096 (order: 3, 32768 bytes, linear)
[    0.525853] tcp_listen_portaddr_hash hash table entries: 128 (order: 0, 4096 bytes, linear)
[    0.526046] Table-perturb hash table entries: 65536 (order: 6, 262144 bytes, linear)
[    0.526200] TCP established hash table entries: 2048 (order: 2, 16384 bytes, linear)
[    0.526574] TCP bind hash table entries: 2048 (order: 5, 131072 bytes, linear)
[    0.527800] TCP: Hash tables configured (established 2048 bind 2048)
[    0.528178] UDP hash table entries: 256 (order: 2, 24576 bytes, linear)
[    0.528513] UDP-Lite hash table entries: 256 (order: 2, 24576 bytes, linear)
[    0.529511] NET: Registered PF_UNIX/PF_LOCAL protocol family
[    0.532505] RPC: Registered named UNIX socket transport module.
[    0.532592] RPC: Registered udp transport module.
[    0.532672] RPC: Registered tcp transport module.
[    0.532752] RPC: Registered tcp-with-tls transport module.
[    0.532837] RPC: Registered tcp NFSv4.1 backchannel transport module.
[    0.533132] kvm [1]: hypervisor extension not available
[    0.538526] workingset: timestamp_bits=46 max_order=16 bucket_order=0
[    0.542084] NFS: Registering the id_resolver key type
[    0.542528] Key type id_resolver registered
[    0.542605] Key type id_legacy registered
[    0.542809] nfs4filelayout_init: NFSv4 File Layout Driver Registering...
[    0.542940] nfs4flexfilelayout_init: NFSv4 Flexfile Layout Driver Registering...
[    0.544114] 9p: Installing v9fs 9p2000 file system support
[    1.697008] NET: Registered PF_ALG protocol family
[    1.697109] xor: measuring software checksum speed
[    1.716008]    8regs           :   174 MB/sec
[    1.734898]    8regs_prefetch  :   174 MB/sec
[    1.753805]    32regs          :   174 MB/sec
[    1.772750]    32regs_prefetch :   173 MB/sec
[    1.772834] xor: using function: 32regs (174 MB/sec)
[    1.773136] Block layer SCSI generic (bsg) driver version 0.4 loaded (major 246)
[    1.773239] io scheduler mq-deadline registered
[    1.773323] io scheduler kyber registered
[    1.773476] io scheduler bfq registered
[    1.794180] input: wasm-vm virtio keyboard as /devices/platform/soc/10004000.virtio_mmio/virtio2/input/input0
[    1.796781] input: wasm-vm virtio tablet as /devices/platform/soc/10005000.virtio_mmio/virtio3/input/input1
[    1.799268] input: wasm-vm virtio mouse as /devices/platform/soc/10006000.virtio_mmio/virtio4/input/input2
[    2.186405] Serial: 8250/16550 driver, 4 ports, IRQ sharing disabled
[    2.200123] printk: console [ttyS0] disabled
[    2.202333] 10000000.serial: ttyS0 at MMIO 0x10000000 (irq = 15, base_baud = 230400) is a 16550A
[    2.202545] printk: console [ttyS0] enabled
[    2.202719] printk: bootconsole [sbi0] disabled
[    2.202545] printk: console [ttyS0] enabled
[    2.202719] printk: bootconsole [sbi0] disabled
[    2.205387] SuperH (H)SCI(F) driver initialized
[    2.213879] [drm] features: -virgl +edid -resource_blob -host_visible
[    2.213929] [drm] features: -context_init
[    2.214870] [drm] number of scanouts: 1
[    2.214987] [drm] number of cap sets: 0
[    2.220416] [drm] Initialized virtio_gpu 0.1.0 0 for 10008000.virtio_mmio on minor 0
[    2.389923] Console: switching to colour frame buffer device 160x50
[    2.507420] virtio-mmio 10008000.virtio_mmio: [drm] fb0: virtio_gpudrmfb frame buffer device
[    2.545441] loop: module loaded
[    2.545771] virtio_blk virtio0: 1/0/0 default/read/poll queues
[    2.547320] virtio_blk virtio0: [vda] 2097152 512-byte logical blocks (1.07 GB/1.00 GiB)
[    2.577458] mousedev: PS/2 mouse device common for all mice
[    2.582990] goldfish_rtc 101000.rtc: registered as rtc0
[    2.583274] goldfish_rtc 101000.rtc: setting system clock to 2026-09-05T03:39:42 UTC (1788579582)
[    2.586396] syscon-poweroff poweroff: pm_power_off already claimed for sbi_srst_power_off
[    2.586643] syscon-poweroff: probe of poweroff failed with error -16
[    2.589183] device-mapper: ioctl: 4.48.0-ioctl (2023-03-01) initialised: dm-devel@redhat.com
[    2.592135] sdhci: Secure Digital Host Controller Interface driver
[    2.592285] sdhci: Copyright(c) Pierre Ossman
[    2.593337] sdhci-pltfm: SDHCI platform and OF driver helper
[    2.604258] IPVS: Registered protocols (TCP, UDP)
[    2.604427] IPVS: Connection hash table configured (size=4096, memory=32Kbytes)
[    2.605659] IPVS: ipvs loaded.
[    2.605789] IPVS: [rr] scheduler registered.
[    2.607564] Initializing XFRM netlink socket
[    2.607941] NET: Registered PF_INET6 protocol family
[    2.615774] Segment Routing with IPv6
[    2.616395] In-situ OAM (IOAM) with IPv6
[    2.617442] sit: IPv6, IPv4 and MPLS over IPv4 tunneling driver
[    2.621576] NET: Registered PF_PACKET protocol family
[    2.621915] Bridge firewalling registered
[    2.622326] 8021q: 802.1Q VLAN Support v1.8
[    2.622906] 9pnet: Installing 9P2000 support
[    2.623477] Key type dns_resolver registered
[    2.822670] debug_vm_pgtable: [debug_vm_pgtable         ]: Validating architecture page table helpers
[    2.834898] Btrfs loaded, zoned=no, fsverity=no
[    2.843570] Legacy PMU implementation is available
[    2.844815] clk: Disabling unused clocks
[    2.844983] ALSA device list:
[    2.845080]   #0: VirtIO SoundCard at platform/10007000.virtio_mmio/virtio5
[    2.882749] EXT4-fs (vda): mounted filesystem a11ce000-0e2f-4c18-b007-f50000000018 r/w with ordered data mode. Quota mode: disabled.
[    2.883079] VFS: Mounted root (ext4 filesystem) on device 254:0.
[    2.883717] devtmpfs: mounted
[    2.890267] Freeing unused kernel image (initmem) memory: 2200K
[    2.890425] Run /sbin/init as init process

   OpenRC 0.54 is starting up Linux 6.6.63 (riscv64)

 * Mounting /proc ... [ ok ]
 * Mounting /run ... [ ok ]
 * /run/openrc: creating directory
 * /run/lock: creating directory
 * /run/lock: correcting owner
 * Caching service dependencies ... [ ok ]
 * Remounting devtmpfs on /dev ... [ ok ]
 * Mounting /dev/mqueue ... [ ok ]
 * Mounting /dev/pts ... [ ok ]
 * Mounting /dev/shm ... [ ok ]
 * Mounting /sys ... [ ok ]
 * Mounting security filesystem ... [ ok ]
 * Mounting debug filesystem ... [ ok ]
 * Starting udev ... [ ok ]
 * Generating a rule to create a /dev/root symlink ... [ ok ]
 * Populating /dev with existing devices through uevents ... [ ok ]
 * Loading hardware drivers ...modprobe: can't change directory to '/lib/modules': No such file or directory
 [ ok ]
 * Loading modules ...modprobe: can't change directory to '/lib/modules': No such file or directory
modprobe: can't change directory to '/lib/modules': No such file or directory
 [ ok ]
 * Setting system clock using the hardware clock [UTC] ...hwclock: select() to /dev/rtc0 to wait for clock tick timed out
 * Failed to set the system clock
 [ !! ]
 * Checking local filesystems  ... [ ok ]
 * Remounting filesystems ... [ ok ]
 * Activating swap devices ... [ ok ]
 * Mounting local filesystems ... [ ok ]
 * Migrating /var/lock to /run/lock ... [ ok ]
 * Creating user login records ... [ ok ]
 * Cleaning /tmp directory ... [ ok ]
 * Setting hostname ... [ ok ]
 * Seeding random number generator ... * Saving 256 bits of creditable seed for next boot
 [ ok ]
 * Starting busybox syslog ... [ ok ]
 * Waiting for uevents to be processed ... [ ok ]
 * Starting networking ... *   lo ... [ ok ]
 *   eth0 ...udhcpc: started, v1.36.1
udhcpc: broadcasting discover
udhcpc: broadcasting discover
udhcpc: broadcasting discover
udhcpc: broadcasting discover
udhcpc: broadcasting discover
udhcpc failed to get a DHCP lease
udhcpc: no lease, forking to background
 [ ok ]
 * Starting seatd ... [ ok ]
 * Starting wasm-vm file transfer agent ... [ ok ]
 * Starting wasm-vm virtio agent ... [ ok ]

Welcome to Alpine Linux 3.20
Kernel 6.6.63 on an riscv64 (/dev/ttyS0)

wasm-vm login: root
Welcome to Alpine!

The Alpine Wiki contains a large amount of how-to guides and general
information about administrating Alpine systems.
See <https://wiki.alpinelinux.org/>.

You can setup the system with the command: setup-alpine

You may change this message by editing /etc/motd.

wasm-vm:~# [6nm() {
>   rss=0
2>/dev/null); do>   for p in $$ $(pidof weston foot 2>/dev/null); do
>     h=$(awk '$1 == "VmHWM:" {print $2 * 1024; exit}' /proc/$p/status 2>/dev/nu
ll)
>     case "$h" in ''|*[!0-9]*) h=0;; esac
 /^[0-9]+$/) tot>     [ "$h" -gt "$rss" ] && rss=$h
>   done
>   interrupts=$(awk 'NR > 1 { for (i=2; i<=NF; i++) if ($i ~ /^[0-9]+$/) total 
+= $i } END { print total + 0 }' /proc/interrupts)
IR=/run/user/100>   printf 'E5T16C_''METRIC phase=%s rss=%s interrupts=%s\n' "$1" "$rss" "$inter
rupts"
>   printf 'E5T16A_''%s_DONE\n' "$1"

cat /tmp/weston> }
wasm-vm:~# m COLD_START
''WESTON_LOG_EARLY_END\n'
if pidof weston >/dev/null 2>&1; then printf 'E5T16C_''WESTON_STARTED=1\n'; else printf 'E5T16C_''WESTON_STARTED=0\n'; fi
e5-t16c-open-terminal >/tmp/foot.log 2>&1 &
foot_job=$!
sleep 5
printf 'E5T16C_''FOOT_LOG_EARLY_BEGIN\n'
cat /tmp/foot.log 2>/dev/null
printf 'E5T16C_''FOOT_LOG_EARLY_END\n'
if pidof foot >/dev/null 2>&1; then printf 'E5T16C_''FOOT_STARTED=1\n'; else printf 'E5T16C_''FOOT_STARTED=0\n'; fi
m OPEN_TERMINAL
sleep 5
m TYPE_100
sleep 2
m DRAG_300
sleep 2
for p in $(pidof foot 2>/dev/null); do kill "$p" 2>/dev/null; done
sleep 2
if pidof foot >/dev/null 2>&1; then printf 'E5T16C_''APP_EXITED=0\n'; else printf 'E5T16C_''APP_EXITED=1\n'; fi
for p in $(pidof weston 2>/dev/null); do kill "$p" 2>/dev/null; done
sleep 2
if pidof weston >/dev/null 2>&1; then printf 'E5T16C_''WM_EXITED=0\n'; else printf 'E5T16C_''WM_EXITED=1\n'; fi
printf 'E5T16C_''WESTON_LOG_BEGIN\n'
cat /tmp/weston.log 2>/dev/null
printf 'E5T16C_''WESTON_LOG_END\n'
printf 'E5T16C_''FOOT_LOG_BEGIN\n'
cat /tmp/foot.log 2>/dev/null
printf 'E5T16C_''FOOT_LOG_END\n'
m CLOSE
sleep 2
poweroff -E5T16C_METRIC phase=COLD_START rss=1048576 interrupts=10357
E5T16A_COLD_START_DONE
wasm-vm:~# sleep 1
wasm-vm:~# m IDLE
E5T16C_METRIC phase=IDLE rss=1048576 interrupts=10794
E5T16A_IDLE_DONE
wasm-vm:~# export XDG_RUNTIME_DIR=/run/user/1000
wasm-vm:~# export WAYLAND_DISPLAY=wayland-0
wasm-vm:~# e5-t16c-start-weston >/tmp/weston.log 2>&1 &
wasm-vm:~# weston_job=$!
wasm-vm:~# sleep 5
wasm-vm:~# printf 'E5T16C_''WESTON_LOG_EARLY_BEGIN\n'
E5T16C_WESTON_LOG_EARLY_BEGIN
wasm-vm:~# cat /tmp/weston.log 2>/dev/null
E5T16C_LAUNCH weston --backend=drm --renderer=pixman --socket=wayland-0 --no-config
Date: 2026-09-05 UTC
[03:40:40.964] weston 12.0.4
               https://wayland.freedesktop.org
               Bug reports to: https://gitlab.freedesktop.org/wayland/weston/issues/
               Build: 12.0.4
[03:40:40.964] Command line: weston --backend=drm --renderer=pixman --socket=wayland-0 --no-config
[03:40:40.964] OS: Linux, 6.6.63, #1 SMP Thu Nov 14 2024, riscv64
[03:40:40.964] Flight recorder: enabled
[03:40:40.965] Starting with no config file.
[03:40:40.972] Output repaint window is 7 ms maximum.
[03:40:40.973] Loading module '/usr/lib/libweston-12/drm-backend.so'
[03:40:41.037] initializing drm backend
[03:40:41.037] Trying libseat launcher...
[03:40:41.039] [libseat/libseat.c:73] Seat opened with backend 'seatd'
[03:40:41.039] [libseat/backend/seatd.c:212] Enabling seat
[03:40:41.040] libseat: session control granted
[03:40:41.050] using /dev/dri/card0
[03:40:41.050] DRM: supports atomic modesetting
[03:40:41.050] DRM: does not support GBM modifiers
[03:40:41.051] DRM: does not support async page flipping
[03:40:41.051] DRM: supports picture aspect ratio
[03:40:41.051] Using Pixman renderer
[03:40:41.187] event0  - wasm-vm virtio keyboard: is tagged by udev as: Keyboard
[03:40:41.192] event0  - wasm-vm virtio keyboard: device is a keyboard
[03:40:41.233] event1  - wasm-vm virtio tablet: is tagged by udev as: Mouse
[03:40:41.251] event1  - wasm-vm virtio tablet: device is a pointer
[03:40:41.286] event2  - wasm-vm virtio mouse: is tagged by udev as: Mouse
[03:40:41.296] event2  - wasm-vm virtio mouse: device is a pointer
[03:40:41.809] libinput: configuring device "wasm-vm virtio keyboard".
[03:40:41.809] libinput: configuring device "wasm-vm virtio tablet".
[03:40:41.809] input device event1 has no enabled output associated (none named), skipping calibration for now.
[03:40:41.810] libinput: configuring device "wasm-vm virtio mouse".
[03:40:41.812] DRM: head 'Virtual-1' found, connector 34 is connected, EDID make 'WVM', model 'WASM VM', serial 'WVM-0001'
               Supported EOTF modes: SDR
[03:40:41.813] Registered plugin API 'weston_drm_output_api_v1' of size 40
[03:40:41.813] Registered plugin API 'weston_drm_virtual_output_api_v2' of size 48
[03:40:41.813] Color manager: no-op
[03:40:41.814] Output 'Virtual-1' attempts EOTF mode: SDR
[03:40:41.814] Output 'Virtual-1' using color profile: built-in default sRGB SDR profile
[03:40:41.913] DRM: output Virtual-1 uses shadow framebuffer.
[03:40:41.914] Output Virtual-1 (crtc 33) video modes:
               1280x800@60.0, preferred, current, 71.7 MHz
[03:40:41.914] associating input device event0 with output Virtual-1 (none by udev)
[03:40:41.914] associating input device event1 with output Virtual-1 (none by udev)
[03:40:41.917] associating input device event2 with output Virtual-1 (none by udev)
[03:40:41.918] Output 'Virtual-1' enabled with head(s) Virtual-1
[03:40:41.918] Compositor capabilities:
               arbitrary surface rotation: yes
               screen capture uses y-flip: no
               cursor planes: yes
               arbitrary resolutions: no
               view mask clipping: yes
               explicit sync: no
               color operations: no
               presentation clock: CLOCK_MONOTONIC, id 1
               presentation clock resolution: 0.000000001 s
[03:40:41.920] Loading module '/usr/lib/weston/desktop-shell.so'
[03:40:41.926] launching '/usr/libexec/weston-keyboard'
[03:40:41.941] launching '/usr/libexec/weston-desktop-shell'
could not load cursor 'dnd-move'
could not load cursor 'dnd-copy'
could not load cursor 'dnd-none'
could not load cursor 'dnd-move'
could not load cursor 'dnd-copy'
could not load cursor 'dnd-none'
wasm-vm:~# printf 'E5T16C_''WESTON_LOG_EARLY_END\n'
E5T16C_WESTON_LOG_EARLY_END
wasm-vm:~# if pidof weston >/dev/null 2>&1; then printf 'E5T16C_''WESTON_STARTED
=1\n'; else printf 'E5T16C_''WESTON_STARTED=0\n'; fi
E5T16C_WESTON_STARTED=1
wasm-vm:~# e5-t16c-open-terminal >/tmp/foot.log 2>&1 &
wasm-vm:~# foot_job=$!
wasm-vm:~# sleep 5
wasm-vm:~# printf 'E5T16C_''FOOT_LOG_EARLY_BEGIN\n'
E5T16C_FOOT_LOG_EARLY_BEGIN
wasm-vm:~# cat /tmp/foot.log 2>/dev/null
warn: wayland.c:1542: no primary selection available
warn: wayland.c:1545: no XDG activation support; bell.urgent will fall back to coloring the window margins red
warn: wayland.c:1551: fractional scaling not available
warn: wayland.c:1554: no server-side cursors available, falling back to client-side cursors
warn: wayland.c:1565: text input interface not implemented by compositor; IME will be disabled
warn: wayland.c:1770: no decoration manager available - using CSDs unconditionally
wasm-vm:~# printf 'E5T16C_''FOOT_LOG_EARLY_END\n'
E5T16C_FOOT_LOG_EARLY_END
wasm-vm:~# if pidof foot >/dev/null 2>&1; then printf 'E5T16C_''FOOT_STARTED=1\n
'; else printf 'E5T16C_''FOOT_STARTED=0\n'; fi
E5T16C_FOOT_STARTED=1
wasm-vm:~# m OPEN_TERMINAL
E5T16C_METRIC phase=OPEN_TERMINAL rss=13107200 interrupts=15944
E5T16A_OPEN_TERMINAL_DONE
wasm-vm:~# sleep 5
wasm-vm:~# m TYPE_100
E5T16C_METRIC phase=TYPE_100 rss=18612224 interrupts=17793
E5T16A_TYPE_100_DONE
wasm-vm:~# sleep 2
wasm-vm:~# m DRAG_300
E5T16C_METRIC phase=DRAG_300 rss=18612224 interrupts=18595
E5T16A_DRAG_300_DONE
wasm-vm:~# sleep 2
wasm-vm:~# for p in $(pidof foot 2>/dev/null); do kill "$p" 2>/dev/null; done
wasm-vm:~# sleep 2
[2]+  Done(230)                  e5-t16c-open-terminal 1>/tmp/foot.log 2>&1
wasm-vm:~# if pidof foot >/dev/null 2>&1; then printf 'E5T16C_''APP_EXITED=0\n';
 else printf 'E5T16C_''APP_EXITED=1\n'; fi
E5T16C_APP_EXITED=1
wasm-vm:~# for p in $(pidof weston 2>/dev/null); do kill "$p" 2>/dev/null; done
wasm-vm:~# sleep 2
[1]+  Done                       e5-t16c-start-weston 1>/tmp/weston.log 2>&1
wasm-vm:~# if pidof weston >/dev/null 2>&1; then printf 'E5T16C_''WM_EXITED=0\n'
; else printf 'E5T16C_''WM_EXITED=1\n'; fi
E5T16C_WM_EXITED=1
wasm-vm:~# printf 'E5T16C_''WESTON_LOG_BEGIN\n'
E5T16C_WESTON_LOG_BEGIN
wasm-vm:~# cat /tmp/weston.log 2>/dev/null
E5T16C_LAUNCH weston --backend=drm --renderer=pixman --socket=wayland-0 --no-config
Date: 2026-09-05 UTC
[03:40:40.964] weston 12.0.4
               https://wayland.freedesktop.org
               Bug reports to: https://gitlab.freedesktop.org/wayland/weston/issues/
               Build: 12.0.4
[03:40:40.964] Command line: weston --backend=drm --renderer=pixman --socket=wayland-0 --no-config
[03:40:40.964] OS: Linux, 6.6.63, #1 SMP Thu Nov 14 2024, riscv64
[03:40:40.964] Flight recorder: enabled
[03:40:40.965] Starting with no config file.
[03:40:40.972] Output repaint window is 7 ms maximum.
[03:40:40.973] Loading module '/usr/lib/libweston-12/drm-backend.so'
[03:40:41.037] initializing drm backend
[03:40:41.037] Trying libseat launcher...
[03:40:41.039] [libseat/libseat.c:73] Seat opened with backend 'seatd'
[03:40:41.039] [libseat/backend/seatd.c:212] Enabling seat
[03:40:41.040] libseat: session control granted
[03:40:41.050] using /dev/dri/card0
[03:40:41.050] DRM: supports atomic modesetting
[03:40:41.050] DRM: does not support GBM modifiers
[03:40:41.051] DRM: does not support async page flipping
[03:40:41.051] DRM: supports picture aspect ratio
[03:40:41.051] Using Pixman renderer
[03:40:41.187] event0  - wasm-vm virtio keyboard: is tagged by udev as: Keyboard
[03:40:41.192] event0  - wasm-vm virtio keyboard: device is a keyboard
[03:40:41.233] event1  - wasm-vm virtio tablet: is tagged by udev as: Mouse
[03:40:41.251] event1  - wasm-vm virtio tablet: device is a pointer
[03:40:41.286] event2  - wasm-vm virtio mouse: is tagged by udev as: Mouse
[03:40:41.296] event2  - wasm-vm virtio mouse: device is a pointer
[03:40:41.809] libinput: configuring device "wasm-vm virtio keyboard".
[03:40:41.809] libinput: configuring device "wasm-vm virtio tablet".
[03:40:41.809] input device event1 has no enabled output associated (none named), skipping calibration for now.
[03:40:41.810] libinput: configuring device "wasm-vm virtio mouse".
[03:40:41.812] DRM: head 'Virtual-1' found, connector 34 is connected, EDID make 'WVM', model 'WASM VM', serial 'WVM-0001'
               Supported EOTF modes: SDR
[03:40:41.813] Registered plugin API 'weston_drm_output_api_v1' of size 40
[03:40:41.813] Registered plugin API 'weston_drm_virtual_output_api_v2' of size 48
[03:40:41.813] Color manager: no-op
[03:40:41.814] Output 'Virtual-1' attempts EOTF mode: SDR
[03:40:41.814] Output 'Virtual-1' using color profile: built-in default sRGB SDR profile
[03:40:41.913] DRM: output Virtual-1 uses shadow framebuffer.
[03:40:41.914] Output Virtual-1 (crtc 33) video modes:
               1280x800@60.0, preferred, current, 71.7 MHz
[03:40:41.914] associating input device event0 with output Virtual-1 (none by udev)
[03:40:41.914] associating input device event1 with output Virtual-1 (none by udev)
[03:40:41.917] associating input device event2 with output Virtual-1 (none by udev)
[03:40:41.918] Output 'Virtual-1' enabled with head(s) Virtual-1
[03:40:41.918] Compositor capabilities:
               arbitrary surface rotation: yes
               screen capture uses y-flip: no
               cursor planes: yes
               arbitrary resolutions: no
               view mask clipping: yes
               explicit sync: no
               color operations: no
               presentation clock: CLOCK_MONOTONIC, id 1
               presentation clock resolution: 0.000000001 s
[03:40:41.920] Loading module '/usr/lib/weston/desktop-shell.so'
[03:40:41.926] launching '/usr/libexec/weston-keyboard'
[03:40:41.941] launching '/usr/libexec/weston-desktop-shell'
could not load cursor 'dnd-move'
could not load cursor 'dnd-copy'
could not load cursor 'dnd-none'
could not load cursor 'dnd-move'
could not load cursor 'dnd-copy'
could not load cursor 'dnd-none'
[03:40:51.976] event0  - wasm-vm virtio keyboard: SYN_DROPPED event - some input events have been lost.
[03:40:56.977] unexpectedly large timestamp jump (from 74860 to 76137)
[03:41:03.698] caught signal 15
[03:41:03.699] panel surface gone
[03:41:03.699] background surface gone
[03:41:03.753] event0  - wasm-vm virtio keyboard: device removed
[03:41:03.779] event1  - wasm-vm virtio tablet: device removed
[03:41:03.799] event2  - wasm-vm virtio mouse: device removed
wasm-vm:~# printf 'E5T16C_''WESTON_LOG_END\n'
E5T16C_WESTON_LOG_END
wasm-vm:~# printf 'E5T16C_''FOOT_LOG_BEGIN\n'
E5T16C_FOOT_LOG_BEGIN
wasm-vm:~# cat /tmp/foot.log 2>/dev/null
warn: wayland.c:1542: no primary selection available
warn: wayland.c:1545: no XDG activation support; bell.urgent will fall back to coloring the window margins red
warn: wayland.c:1551: fractional scaling not available
warn: wayland.c:1554: no server-side cursors available, falling back to client-side cursors
warn: wayland.c:1565: text input interface not implemented by compositor; IME will be disabled
warn: wayland.c:1770: no decoration manager available - using CSDs unconditionally
warn: terminal.c:1904: slave exited with signal 1 (Hangup)
wasm-vm:~# printf 'E5T16C_''FOOT_LOG_END\n'
E5T16C_FOOT_LOG_END
wasm-vm:~# m CLOSE
E5T16C_METRIC phase=CLOSE rss=1048576 interrupts=21639
E5T16A_CLOSE_DONE
wasm-vm:~# sleep 2
wasm-vm:~# poweroff -f
[   88.133923] reboot: Power down
