[    0.000000] Linux version 6.6.63 (wasmvm@wasmvm) (riscv64-linux-gnu-gcc (Debian 12.2.0-13) 12.2.0, GNU ld (GNU Binutils for Debian) 2.40) #1 SMP Thu Nov 14 2024
[    0.000000] Machine model: riscv-virtio,qemu
[    0.000000] SBI specification v2.0 detected
[    0.000000] SBI implementation ID=0x574d Version=0x100
[    0.000000] SBI TIME extension detected
[    0.000000] SBI IPI extension detected
[    0.000000] SBI RFENCE extension detected
[    0.000000] SBI SRST extension detected
[    0.000000] earlycon: sbi0 at I/O port 0x0 (options '')
[    0.000000] printk: bootconsole [sbi0] enabled
[    0.000000] efi: UEFI not found.
[    0.000000] Zone ranges:
[    0.000000]   DMA32    [mem 0x0000000080000000-0x000000008fffffff]
[    0.000000]   Normal   empty
[    0.000000] Movable zone start for each node
[    0.000000] Early memory node ranges
[    0.000000]   node   0: [mem 0x0000000080000000-0x000000008fffffff]
[    0.000000] Initmem setup node 0 [mem 0x0000000080000000-0x000000008fffffff]
[    0.000000] SBI HSM extension detected
[    0.000000] Falling back to deprecated "riscv,isa"
[    0.000000] riscv: base ISA extensions acdfim
[    0.000000] riscv: ELF capabilities acdfim
[    0.000000] percpu: Embedded 18 pages/cpu s42104 r0 d31624 u73728
[    0.000000] Kernel command line: console=ttyS0 earlycon=sbi
[    0.000000] Dentry cache hash table entries: 32768 (order: 6, 262144 bytes, linear)
[    0.000000] Inode-cache hash table entries: 16384 (order: 5, 131072 bytes, linear)
[    0.000000] Built 1 zonelists, mobility grouping on.  Total pages: 64512
[    0.000000] mem auto-init: stack:all(zero), heap alloc:off, heap free:off
[    0.000000] Virtual kernel memory layout:
[    0.000000]       fixmap : 0xff1bfffffea00000 - 0xff1bffffff000000   (6144 kB)
[    0.000000]       pci io : 0xff1bffffff000000 - 0xff1c000000000000   (  16 MB)
[    0.000000]      vmemmap : 0xff1c000000000000 - 0xff20000000000000   (1024 TB)
[    0.000000]      vmalloc : 0xff20000000000000 - 0xff60000000000000   (16384 TB)
[    0.000000]      modules : 0xffffffff0179e000 - 0xffffffff80000000   (2024 MB)
[    0.000000]       lowmem : 0xff60000000000000 - 0xff60000010000000   ( 256 MB)
[    0.000000]       kernel : 0xffffffff80000000 - 0xffffffffffffffff   (2047 MB)
[    0.000000] Memory: 215432K/262144K available (10367K kernel code, 5056K rwdata, 4096K rodata, 2201K init, 539K bss, 46712K reserved, 0K cma-reserved)
[    0.000000] SLUB: HWalign=64, Order=0-3, MinObjects=0, CPUs=1, Nodes=1
[    0.000000] rcu: Hierarchical RCU implementation.
[    0.000000] rcu: 	RCU restricting CPUs from NR_CPUS=64 to nr_cpu_ids=1.
[    0.000000] rcu: 	RCU debug extended QS entry/exit.
[    0.000000] 	Tracing variant of Tasks RCU enabled.
[    0.000000] rcu: RCU calculated value of scheduler-enlistment delay is 25 jiffies.
[    0.000000] rcu: Adjusting geometry for rcu_fanout_leaf=16, nr_cpu_ids=1
[    0.000000] NR_IRQS: 64, nr_irqs: 64, preallocated irqs: 0
[    0.000000] riscv-intc: 64 local interrupts mapped
[    0.000000] plic: plic@c000000: mapped 95 interrupts with 1 handlers for 2 contexts.
[    0.000000] riscv: providing IPIs using SBI IPI extension
[    0.000000] rcu: srcu_init: Setting srcu_struct sizes based on contention.
[    0.000000] clocksource: riscv_clocksource: mask: 0xffffffffffffffff max_cycles: 0x24e6a1710, max_idle_ns: 440795202120 ns
[    0.000002] sched_clock: 64 bits at 10MHz, resolution 100ns, wraps every 4398046511100ns
[    0.001300] Console: colour dummy device 80x25
[    0.001500] Calibrating delay loop (skipped), value calculated using timer frequency.. 20.00 BogoMIPS (lpj=40000)
[    0.001657] pid_max: default: 32768 minimum: 301
[    0.002165] LSM: initializing lsm=capability,integrity
[    0.002892] Mount-cache hash table entries: 512 (order: 0, 4096 bytes, linear)
[    0.003026] Mountpoint-cache hash table entries: 512 (order: 0, 4096 bytes, linear)
[    0.014896] RCU Tasks Trace: Setting shift to 0 and lim to 1 rcu_task_cb_adjust=1 rcu_task_cpu_ids=1.
[    0.015595] riscv: ELF compat mode unsupported
[    0.015676] ASID allocator using 16 bits (65536 entries)
[    0.016580] rcu: Hierarchical SRCU implementation.
[    0.016655] rcu: 	Max phase no-delay instances is 1000.
[    0.018232] EFI services will not be available.
[    0.019072] smp: Bringing up secondary CPUs ...
[    0.019180] smp: Brought up 1 node, 1 CPU
[    0.021674] devtmpfs: initialized
[    0.032370] clocksource: jiffies: mask: 0xffffffff max_cycles: 0xffffffff, max_idle_ns: 7645041785100000 ns
[    0.032565] futex hash table entries: 256 (order: 2, 16384 bytes, linear)
[    0.033572] pinctrl core: initialized pinctrl subsystem
[    0.043189] NET: Registered PF_NETLINK/PF_ROUTE protocol family
[    0.047526] DMA: preallocated 128 KiB GFP_KERNEL pool for atomic allocations
[    0.047739] DMA: preallocated 128 KiB GFP_KERNEL|GFP_DMA32 pool for atomic allocations
[    0.048024] audit: initializing netlink subsys (disabled)
[    0.051352] thermal_sys: Registered thermal governor 'step_wise'
[    0.051522] audit: type=2000 audit(0.048:1): state=initialized audit_enabled=0 res=1
[    0.051760] cpuidle: using governor menu
[    0.076939] cpu0: Ratio of byte access time to unaligned word access is 7.98, unaligned accesses are fast
[    0.098786] HugeTLB: registered 2.00 MiB page size, pre-allocated 0 pages
[    0.098883] HugeTLB: 28 KiB vmemmap can be freed for a 2.00 MiB page
[    0.169853] raid6: int64x8  gen()    42 MB/s
[    0.238418] raid6: int64x4  gen()    57 MB/s
[    0.306750] raid6: int64x2  gen()    58 MB/s
[    0.375344] raid6: int64x1  gen()    52 MB/s
[    0.375426] raid6: using algorithm int64x2 gen() 58 MB/s
[    0.444011] raid6: .... xor() 32 MB/s, rmw enabled
[    0.444092] raid6: using intx1 recovery algorithm
[    0.445047] ACPI: Interpreter disabled.
[    0.445843] iommu: Default domain type: Translated
[    0.445925] iommu: DMA domain TLB invalidation policy: strict mode
[    0.449486] SCSI subsystem initialized
[    0.452878] Advanced Linux Sound Architecture Driver Initialized.
[    0.458879] clocksource: Switched to clocksource riscv_clocksource
[    0.461118] pnp: PnP ACPI: disabled
[    0.523038] NET: Registered PF_INET protocol family
[    0.524439] IP idents hash table entries: 4096 (order: 3, 32768 bytes, linear)
[    0.533666] tcp_listen_portaddr_hash hash table entries: 128 (order: 0, 4096 bytes, linear)
[    0.533859] Table-perturb hash table entries: 65536 (order: 6, 262144 bytes, linear)
[    0.534013] TCP established hash table entries: 2048 (order: 2, 16384 bytes, linear)
[    0.534387] TCP bind hash table entries: 2048 (order: 5, 131072 bytes, linear)
[    0.535613] TCP: Hash tables configured (established 2048 bind 2048)
[    0.535991] UDP hash table entries: 256 (order: 2, 24576 bytes, linear)
[    0.536326] UDP-Lite hash table entries: 256 (order: 2, 24576 bytes, linear)
[    0.537327] NET: Registered PF_UNIX/PF_LOCAL protocol family
[    0.540312] RPC: Registered named UNIX socket transport module.
[    0.540399] RPC: Registered udp transport module.
[    0.540479] RPC: Registered tcp transport module.
[    0.540559] RPC: Registered tcp-with-tls transport module.
[    0.540644] RPC: Registered tcp NFSv4.1 backchannel transport module.
[    0.540867] kvm [1]: hypervisor extension not available
[    0.546052] Unpacking initramfs...
[    0.562712] workingset: timestamp_bits=46 max_order=16 bucket_order=0
[    0.566265] NFS: Registering the id_resolver key type
[    0.566708] Key type id_resolver registered
[    0.566785] Key type id_legacy registered
[    0.567075] nfs4filelayout_init: NFSv4 File Layout Driver Registering...
[    0.567206] nfs4flexfilelayout_init: NFSv4 Flexfile Layout Driver Registering...
[    0.575567] 9p: Installing v9fs 9p2000 file system support
[    1.728461] NET: Registered PF_ALG protocol family
[    1.728574] xor: measuring software checksum speed
[    1.747472]    8regs           :   174 MB/sec
[    1.766362]    8regs_prefetch  :   174 MB/sec
[    1.785283]    32regs          :   174 MB/sec
[    1.804215]    32regs_prefetch :   174 MB/sec
[    1.804299] xor: using function: 32regs_prefetch (174 MB/sec)
[    1.804620] Block layer SCSI generic (bsg) driver version 0.4 loaded (major 246)
[    1.804723] io scheduler mq-deadline registered
[    1.804807] io scheduler kyber registered
[    1.804959] io scheduler bfq registered
[    2.098135] input: wasm-vm virtio keyboard as /devices/platform/soc/10004000.virtio_mmio/virtio0/input/input0
[    2.257316] Freeing initrd memory: 1124K
[    2.568112] Serial: 8250/16550 driver, 4 ports, IRQ sharing disabled
[    2.581754] printk: console [ttyS0] disabled
[    2.584074] 10000000.serial: ttyS0 at MMIO 0x10000000 (irq = 13, base_baud = 230400) is a 16550A
[    2.584287] printk: console [ttyS0] enabled
[    2.584460] printk: bootconsole [sbi0] disabled
[    2.584287] printk: console [ttyS0] enabled
[    2.584460] printk: bootconsole [sbi0] disabled
[    2.587129] SuperH (H)SCI(F) driver initialized
[    2.633230] loop: module loaded
[    2.651126] mousedev: PS/2 mouse device common for all mice
[    2.654943] goldfish_rtc 101000.rtc: registered as rtc0
[    2.655152] goldfish_rtc 101000.rtc: setting system clock to 2026-09-21T14:13:20 UTC (1790000000)
[    2.658319] syscon-poweroff poweroff: pm_power_off already claimed for sbi_srst_power_off
[    2.658566] syscon-poweroff: probe of poweroff failed with error -16
[    2.661155] device-mapper: ioctl: 4.48.0-ioctl (2023-03-01) initialised: dm-devel@redhat.com
[    2.664161] sdhci: Secure Digital Host Controller Interface driver
[    2.664311] sdhci: Copyright(c) Pierre Ossman
[    2.665429] sdhci-pltfm: SDHCI platform and OF driver helper
[    2.676399] IPVS: Registered protocols (TCP, UDP)
[    2.676574] IPVS: Connection hash table configured (size=4096, memory=32Kbytes)
[    2.677788] IPVS: ipvs loaded.
[    2.677918] IPVS: [rr] scheduler registered.
[    2.679685] Initializing XFRM netlink socket
[    2.680077] NET: Registered PF_INET6 protocol family
[    2.686921] Segment Routing with IPv6
[    2.687542] In-situ OAM (IOAM) with IPv6
[    2.688647] sit: IPv6, IPv4 and MPLS over IPv4 tunneling driver
[    2.692774] NET: Registered PF_PACKET protocol family
[    2.693116] Bridge firewalling registered
[    2.693510] 8021q: 802.1Q VLAN Support v1.8
[    2.694088] 9pnet: Installing 9P2000 support
[    2.695156] Key type dns_resolver registered
[    2.920095] debug_vm_pgtable: [debug_vm_pgtable         ]: Validating architecture page table helpers
[    2.932431] Btrfs loaded, zoned=no, fsverity=no
[    2.936479] Legacy PMU implementation is available
[    2.937734] clk: Disabling unused clocks
[    2.937902] ALSA device list:
[    2.937998]   #0: VirtIO SoundCard at platform/10007000.virtio_mmio/virtio1
[    2.953328] Freeing unused kernel image (initmem) memory: 2200K
[    2.953481] Run /init as init process

wasm-vm initramfs: busybox userland up (PID 1 = 1)

~ # 