]3008;end=d3474562-5c8c-4a2f-bfb6-815d01da0d1b;exit=success\

__WVEND_mu3hmh9n0_0
]3008;end=8f3f45aa-4b25-499d-a71b-b15ddd177401;exit=success\]3008;start=f3d5acc2-ac06-4c6e-9ba5-6583adc47fcc;machineid=5abb4fe4a18644f197581438bd6ee2c7;user=omarchy;hostname=omarchy-demo;bootid=450d9a5f-1fc8-440a-9d2a-21bff69195d1;pid=00000000000000000174;type=shell;cwd=/home/omarchy\[?2004h[omarchy@omarchy-demo ~]$ 
__WVEND_mu3hnrxa1_75
]3008;end=b477822f-042a-4e93-823d-8f3f75996ed5;exit=success\
__WVEND_mu3hnv632_75
]3008;end=75fc0e41-0b85-478d-a71c-3a9aa54989ea;exit=success\__WVEND_mu3hnzkj3_75
]3008;end=50042d38-476c-49ca-8161-506c6eb58bdb;exit=success\
__WVEND_mu3ho43t4_75
]3008;end=1195737a-5351-4c46-b683-dd2bb202c242;exit=success\
__WVEND_mu3ho9t75_75
]3008;end=b9db916e-12d5-48fd-8ad8-5c4ca0db4a28;exit=success\
__WVEND_mu3hodkk6_75
]3008;end=066cd710-8e8c-43e8-8fe0-3f8c4e1727eb;exit=success\
__WVEND_mu3hohr87_75
]3008;end=22efbe28-6d98-46cd-b13e-72eb10abf605;exit=success\
__WVEND_mu3homgd8_75
]3008;end=bdbae9b3-4b46-4910-8bac-8ab2a1811e35;exit=success\
__WVEND_mu3hosb19_75
]3008;end=1560152e-72f0-4fc7-888e-a660ed491372;exit=success\
__WVEND_mu3how8010_75
]3008;end=2d634d69-76ba-43ff-b38b-3493edc15e68;exit=success\
__WVEND_mu3hp08411_75
]3008;end=7886fa33-0d82-4c9f-9620-bbac065ec1b0;exit=success\
]3008;end=0ed0a2da-28c5-4e36-bd8a-3a8343b3e30b;exit=success\
__WVEND_mu3hp8qo13_75
]3008;end=25285c92-02fc-45a0-945f-6af34e38a857;exit=success\
__WVEND_mu3hpcrz14_75
]3008;end=39e7b2e2-16f1-4785-8042-f4a272130ad1;exit=success\
__WVEND_mu3hpi5k15_75
]3008;end=16756b07-005e-47fe-913a-26e66765308d;exit=success\
__WVEND_mu3hpmyp16_75
]3008;end=045f1b93-bc07-49f9-b8af-6c3a3c1ca6e9;exit=success\
__WVEND_mu3hpra917_75
]3008;end=7b582fea-92ed-4cd4-ac35-586230000b1a;exit=success\
__WVEND_mu3hpvve18_75
]3008;end=ee7b3636-00e5-470b-bbf2-a941e7650507;exit=success\
__WVEND_mu3hq0do19_75
]3008;end=a434b8cc-85a0-4c15-a2a4-0610d8fcf397;exit=success\
__WVEND_mu3hq4dm20_75
]3008;end=6ab45fad-5aee-46ee-a7f9-72730d350059;exit=success\
__WVEND_mu3hq8il21_75
]3008;end=e65c396b-35ee-414d-a8da-9ce2d9365e29;exit=success\]3008;start=f3d5acc2-ac06-4c6e-9ba5-6583adc47fcc;machineid=5abb4fe4a18644f197581438bd6ee2c7;user=omarchy;hostname=omarchy-demo;bootid=450d9a5f-1fc8-440a-9d2a-21bff69195d1;pid=00000000000000000174;type=shell;cwd=/home/omarchy\[?2004h[omarchy@omarchy-demo ~]$ printf '\n__WVBEGIN_mu3hqces22\n'; if [ -f '/tmp/desktop-keys-9024ef784a418e5f' ]; then cat '/tmp/desktop-keys-9024ef784a418e5f'; else (exit 75); fi; printf '\n__WVEND_mu3hqces22_%s\n' "$?"
[?2004l]3008;start=d0ebd504-0c0f-49ff-b9ea-9cd731cc64e4;machineid=5abb4fe4a18644f197581438bd6ee2c7;user=omarchy;hostname=omarchy-demo;bootid=450d9a5f-1fc8-440a-9d2a-21bff69195d1;pid=00000000000000000174;type=command;cwd=/home/omarchy\
__WVBEGIN_mu3hqces22

__WVEND_mu3hqces22_75
]3008;end=d0ebd504-0c0f-49ff-b9ea-9cd731cc64e4;exit=success\]3008;start=f3d5acc2-ac06-4c6e-9ba5-6583adc47fcc;machineid=5abb4fe4a18644f197581438bd6ee2c7;user=omarchy;hostname=omarchy-demo;bootid=450d9a5f-1fc8-440a-9d2a-21bff69195d1;pid=00000000000000000174;type=shell;cwd=/home/omarchy\[?2004h[omarchy@omarchy-demo ~]$ 