   Compiling wasm-vm-core v0.0.1 (/private/tmp/e5-t26l-verifier.WIYRcw/repo/crates/core)
warning: method `refresh_hotness` is never used
   --> crates/core/src/compile_queue.rs:155:19
    |
 93 | impl CompileQueue {
    | ----------------- method in this implementation
...
155 |     pub(crate) fn refresh_hotness(&mut self, mut current: impl FnMut(u64) -> u32) {
    |                   ^^^^^^^^^^^^^^^
    |
    = note: `#[warn(dead_code)]` (part of `#[warn(unused)]`) on by default

warning: `wasm-vm-core` (lib) generated 1 warning
    Finished `test` profile [unoptimized + debuginfo] target(s) in 0.97s
     Running tests/async_compile_pipeline.rs (/private/tmp/e5-t26l-verifier.WIYRcw/cargo-target/debug/deps/async_compile_pipeline-e3f49c4eb252aacf)

running 1 test

thread 'later_hot_resident_wins_cross_pump_with_zero_new_nominations_and_digest_parity' (16579770) panicked at crates/core/tests/async_compile_pipeline.rs:703:5:
assertion `left == right` failed: later-hot resident must be selected first
  left: 2147483680
 right: 2147483772
note: run with `RUST_BACKTRACE=1` environment variable to display a backtrace
test later_hot_resident_wins_cross_pump_with_zero_new_nominations_and_digest_parity ... FAILED

failures:

failures:
    later_hot_resident_wins_cross_pump_with_zero_new_nominations_and_digest_parity

test result: FAILED. 0 passed; 1 failed; 0 ignored; 0 measured; 10 filtered out; finished in 0.01s

error: test failed, to rerun pass `-p wasm-vm-core --test async_compile_pipeline`
