✔ prewarm sync proof rejects cross-TTY marker evidence (0.473542ms)
✔ prewarm clear proof requires a new real frame and focused Foot (0.108042ms)
✔ post-marker presentation helper rejects typing frames (103.335667ms)
✔ candidate mode is explicitly local-only and hash-bound (1.362416ms)
✔ renderer proof binds current Hyprland PID and instance before physical input (0.149916ms)
✔ LP0 is configuration-only evidence and is checked before physical input (0.09475ms)
✔ actual built recording covers served resources and pre-send RPCs, even timed-out ones (0.118ms)
✔ renderer log parser accepts the real DEBUG suffix labels (0.480791ms)
✔ renderer log parser rejects wrong, missing, ambiguous, and misleading records (0.607209ms)
✔ nonce readback caps every guest RPC by the remaining 120-second deadline (0.14975ms)
✔ unlogged baseline worker evidence is explicitly weaker than a GL label (0.406292ms)
✔ harness-only cold local HTTP selftest serves kernel/chunks and refuses snapshot routes without a browser (187.448291ms)
✔ harness-only actual cold orchestration inspects storage before app and returns after pair without input (3.025ms)
✔ harness-only capture selects exact overlay when both overlay and snapshot databases exist (1.370333ms)
✔ harness-only cold progress TimeoutError is recorded before startup continues to mandatory desktop capture (0.287375ms)
✔ harness-only progress catch propagates non-Playwright errors and verify-mode timeouts (0.246292ms)
✔ harness-only final desktop TimeoutError remains fatal after a tolerated progress timeout (0.086792ms)
✔ harness-only screenshot helper forwards the supplied timeout and keeps the 20-second default (0.145916ms)
✔ one synchronous direct batch contains only the specified writes then reads (1.611167ms)
✔ every property and acknowledgment is required; exit0 error strings never pass (3.817417ms)
✔ expired, late and rejected configuration cannot reach input or renew the deadline (0.562917ms)
✔ direct audit binds complete actual wire and rejects reordered, forged, duplicate and late evidence (2.396167ms)
✔ trial is local, explicit, fixed-budget and does not accept renderer/timeout tuning (1.556459ms)
✔ residency URLs differ only in the fixed module cap with recycling disabled (0.505875ms)
✔ residency checks the actual selected cap and rejects recycling or policy drift (0.415084ms)
✔ pair driver rejects unknown experiments before starting any arm (2.978042ms)
✔ arm URLs have exactly one policy difference and forbid inherited query tuning (0.27225ms)
✔ all four R3 source bindings and image layout must match (0.313708ms)
✔ actual runtime must match the selected arm with observer/timing off (2.010833ms)
✔ deadline accounts for queue delay and rejects late completion without starting expired work (5.749041ms)
✔ real recorder retains physical-only writing, fixed deadlines, fresh presentation and owned shutdown (1.23575ms)
✔ fixed opaque rule requires all real properties and consumes the existing startup deadline (2.276125ms)
✔ an expired or late configuration cannot restart the original clock (0.464833ms)
✔ property audit binds to the wire and rejects missing, forged, duplicate, late and pre-configuration input (2.971ms)
✔ actual original resource and frame dimensions are required, regardless of canvas size (0.118583ms)
✔ retained real negative input recording passes reusable audit; missing sync or fabricated success fails (34.631958ms)
✔ owned watchdog caps setup and navigation once, and normal close cancels timers (0.793042ms)
✔ offline preparation is separately bounded and cannot extend a physical-input watchdog (1.380541ms)
✔ post-verdict capture has one fixed extra allowance and messages cannot rearm it (0.121875ms)
✔ stalled owned browser/recorder is killed and missing close settles as unconfirmed (0.098125ms)
✔ already exited browser is not killed; watchdog intervention never looks like a normal pass (0.104959ms)
✔ future/invalid navigation cannot extend setup (0.063291ms)
✔ recorder exit cannot orphan its browser or kill an already-exited recorder group (0.10375ms)
✔ exit before stdio close never sends a later watchdog signal to the exited recorder (0.0775ms)
✔ synthetic actual input-trial reaches physical keys without mapped-client/active-window RPCs (18.276583ms)
✔ synthetic actual opaque branch verifies properties before keys and fences after Enter (15.984541ms)
✔ synthetic actual direct-property branch reads all values before keys and fences after Enter (18.160458ms)
✔ synthetic capture and verify retain actual mapped-Foot and active-window checks before keys (4.531ms)
✔ synthetic missing application readiness or lost canvas focus forbids any key (1.438292ms)
✔ synthetic actual nonce reader rejects mismatched bytes in a successful RPC response (13.200833ms)
✔ synthetic late typing/readback and stale presentation cannot publish success (55.653334ms)
✔ synthetic timing observation uses same-page actual recorded event fields, not probe completion (13.604917ms)
ℹ tests 52
ℹ suites 0
ℹ pass 52
ℹ fail 0
ℹ cancelled 0
ℹ skipped 0
ℹ todo 0
ℹ duration_ms 411.924292
