["mount", "-t", "tmpfs", "-o", "nosuid,noexec,size=4m", "tmpfs", "/work/candidate-r3/root/dev"]
["mount", "-t", "proc", "-o", "ro,nosuid,nodev,noexec", "proc", "/work/candidate-r3/root/proc"]
["chroot", "/work/candidate-r3/root", "/usr/bin/pacman", "-Dk"]
warning: database file for 'core' does not exist (use '-Sy' to download)
warning: database file for 'extra' does not exist (use '-Sy' to download)
No database errors have been found!
["chroot", "/work/candidate-r3/root", "/usr/bin/systemd-sysusers"]
Creating group 'sys' with GID 3.
Creating group 'mem' with GID 8.
Creating group 'ftp' with GID 11.
Creating group 'mail' with GID 12.
Creating group 'log' with GID 19.
Creating group 'smmsp' with GID 25.
Creating group 'proc' with GID 26.
Creating group 'games' with GID 50.
Creating group 'lock' with GID 54.
Creating group 'network' with GID 90.
Creating group 'floppy' with GID 94.
Creating group 'scanner' with GID 96.
Creating group 'power' with GID 98.
Creating group 'adm' with GID 999.
Creating group 'wheel' with GID 998.
Creating group 'empower' with GID 997.
Creating group 'utmp' with GID 996.
Creating group 'audio' with GID 995.
Creating group 'clock' with GID 994.
Creating group 'disk' with GID 993.
Creating group 'input' with GID 992.
Creating group 'kmem' with GID 991.
Creating group 'kvm' with GID 990.
Creating group 'lp' with GID 989.
Creating group 'optical' with GID 988.
Creating group 'render' with GID 987.
Creating group 'sgx' with GID 986.
Creating group 'storage' with GID 985.
Creating group 'tty' with GID 5.
Creating group 'uucp' with GID 984.
Creating group 'video' with GID 983.
Creating group 'users' with GID 982.
Creating group 'polkitd' with GID 102.
Creating group 'seat' with GID 981.
Creating group 'systemd-journal' with GID 980.
Creating group 'rfkill' with GID 979.
Creating group 'alpm' with GID 978.
Creating user 'alpm' (Arch Linux Package Management) with UID 978 and GID 978.
Creating group 'bin' with GID 1.
Creating user 'bin' (n/a) with UID 1 and GID 1.
Creating group 'daemon' with GID 2.
Creating user 'daemon' (n/a) with UID 2 and GID 2.
Creating user 'mail' (n/a) with UID 8 and GID 12.
Creating user 'ftp' (n/a) with UID 14 and GID 11.
Creating group 'http' with GID 33.
Creating user 'http' (n/a) with UID 33 and GID 33.
Creating group 'avahi' with GID 977.
Creating user 'avahi' (Avahi mDNS/DNS-SD daemon) with UID 977 and GID 977.
Creating group 'dbus' with GID 81.
Creating user 'dbus' (System Message Bus) with UID 81 and GID 81.
Creating group 'git' with GID 976.
Creating user 'git' (git daemon user) with UID 976 and GID 976.
Creating group 'cups-browsed' with GID 975.
Creating user 'cups-browsed' (CUPS printer discovery) with UID 975 and GID 975.
Creating group 'pcscd' with GID 974.
Creating user 'pcscd' (PC/SC Smart Card Daemon) with UID 974 and GID 974.
Creating user 'polkitd' (User for polkitd) with UID 102 and GID 102.
Creating group 'rtkit' with GID 973.
Creating user 'rtkit' (RealtimeKit) with UID 973 and GID 973.
Creating group 'sddm' with GID 972.
Creating user 'sddm' (SDDM Greeter Account) with UID 972 and GID 972.
Creating group 'systemd-coredump' with GID 971.
Creating user 'systemd-coredump' (systemd Core Dumper) with UID 971 and GID 971.
Creating group 'systemd-imds' with GID 970.
Creating user 'systemd-imds' (systemd Instance Metadata) with UID 970 and GID 970.
Creating group 'systemd-network' with GID 969.
Creating user 'systemd-network' (systemd Network Management) with UID 969 and GID 969.
Creating group 'systemd-oom' with GID 968.
Creating user 'systemd-oom' (systemd Userspace OOM Killer) with UID 968 and GID 968.
Creating group 'systemd-journal-remote' with GID 967.
Creating user 'systemd-journal-remote' (systemd Journal Remote) with UID 967 and GID 967.
Creating group 'systemd-resolve' with GID 966.
Creating user 'systemd-resolve' (systemd Resolver) with UID 966 and GID 966.
Creating group 'systemd-timesync' with GID 965.
Creating user 'systemd-timesync' (systemd Time Synchronization) with UID 965 and GID 965.
Creating group 'tss' with GID 964.
Creating user 'tss' (tss user for tpm2) with UID 964 and GID 964.
Creating group 'uuidd' with GID 963.
Creating user 'uuidd' (UUID generator helper daemon) with UID 963 and GID 963.
["chroot", "/work/candidate-r3/root", "/usr/bin/grpck", "-r"]
["chroot", "/work/candidate-r3/root", "/usr/bin/systemd-tmpfiles", "--create", "--boot", "--exclude-prefix=/dev", "--exclude-prefix=/proc", "--exclude-prefix=/sys", "--exclude-prefix=/run"]
["chroot", "/work/candidate-r3/root", "/usr/bin/ldconfig"]
["chroot", "/work/candidate-r3/root", "/usr/bin/update-ca-trust"]
["chroot", "/work/candidate-r3/root", "/usr/bin/glib-compile-schemas", "/usr/share/glib-2.0/schemas"]
["chroot", "/work/candidate-r3/root", "/usr/bin/update-mime-database", "/usr/share/mime"]
["chroot", "/work/candidate-r3/root", "/usr/bin/update-desktop-database", "/usr/share/applications"]
["chroot", "/work/candidate-r3/root", "/usr/bin/gio-querymodules", "/usr/lib/gio/modules"]
["chroot", "/work/candidate-r3/root", "/usr/bin/fc-cache", "-fs"]
["chroot", "/work/candidate-r3/root", "/usr/bin/setpriv", "--reuid=1000", "--regid=1000", "--clear-groups", "/usr/bin/env", "HOME=/home/omarchy", "USER=omarchy", "LOGNAME=omarchy", "OMARCHY_PATH=/usr/share/omarchy", "OMARCHY_THEME_HEADLESS=1", "/usr/bin/omarchy-theme-set", "Tokyo Night"]
["umount", "/work/candidate-r3/root/proc"]
["umount", "/work/candidate-r3/root/dev"]
["mke2fs", "-q", "-t", "ext4", "-b", "4096", "-m", "0", "-L", "omarchy-demo", "-E", "lazy_itable_init=0,lazy_journal_init=0", "-O", "^metadata_csum_seed,^orphan_file", "-d", "/work/candidate-r3/root", "/work/candidate-r3/omarchy.ext4"]
["e2fsck", "-fn", "/work/candidate-r3/omarchy.ext4"]
e2fsck 1.47.0 (5-Feb-2023)
Pass 1: Checking inodes, blocks, and sizes
Pass 2: Checking directory structure
Pass 3: Checking directory connectivity
Pass 4: Checking reference counts
Pass 5: Checking group summary information
omarchy-demo: 60034/262144 files (0.1% non-contiguous), 702586/1048576 blocks
