✔ prewarm sync proof rejects cross-TTY marker evidence (0.7335ms)
✔ prewarm clear proof requires a new real frame and focused Foot (0.137542ms)
✔ post-marker presentation helper rejects typing frames (114.038625ms)
✔ candidate mode is explicitly local-only and hash-bound (0.159625ms)
✔ renderer proof binds current Hyprland PID and instance before physical input (0.156959ms)
✔ LP0 is configuration-only evidence and is checked before physical input (0.112584ms)
✔ actual built recording covers served resources and pre-send RPCs, even timed-out ones (0.144792ms)
✔ renderer log parser accepts the real DEBUG suffix labels (0.536666ms)
✔ renderer log parser rejects wrong, missing, ambiguous, and misleading records (0.707959ms)
✔ nonce readback caps every guest RPC by the remaining 120-second deadline (0.17975ms)
✔ unlogged baseline worker evidence is explicitly weaker than a GL label (0.281375ms)
✔ harness-only cold local HTTP selftest serves kernel/chunks and refuses snapshot routes without a browser (214.613625ms)
✔ harness-only actual cold orchestration inspects storage before app and returns after pair without input (3.352459ms)
✔ harness-only capture selects exact overlay when both overlay and snapshot databases exist (1.579542ms)
✔ harness-only cold progress TimeoutError is recorded before startup continues to mandatory desktop capture (0.3655ms)
✔ harness-only progress catch propagates non-Playwright errors and verify-mode timeouts (0.298958ms)
✔ harness-only final desktop TimeoutError remains fatal after a tolerated progress timeout (0.100792ms)
✔ harness-only screenshot helper forwards the supplied timeout and keeps the 20-second default (0.171875ms)
✔ actual direct-pair route fences before navigation and never enters physical input (0.774708ms)
✔ input-kernel preparation rejects old running notes before properties and syncs before export (2.423333ms)
✔ AT runtime selection binds both corrected sources and the exact built WASM (3.496042ms)
✔ AS admits only verified AR bytes and leaves old AJ source guards intact (0.469084ms)
✔ AR properties must name its exact restored Foot; the AJ default stays unchanged (1.37225ms)
✔ prepared recycling has one fixed candidate differing from AK only in the existing boolean (1.764291ms)
✔ prepared recycling rejects drift in the actual runtime policy (0.453708ms)
✔ prepared cap-1024 selects only the existing larger residency policy (0.2265ms)
✔ prepared cap-1024 decoded-cache candidate selects only the existing 16384-entry cache (0.2345ms)
✔ prepared cap-1024 decoded-cache JALR-off candidate changes only jalr (0.770709ms)
✔ code-page index candidate keeps the exact T03az runtime settings (0.241958ms)
✔ disabled dynamic-publication candidate keeps the exact JALR-off runtime settings (0.197875ms)
✔ trial is local, explicit, fixed-budget and does not accept renderer/timeout tuning (0.266667ms)
✔ residency URLs differ only in the fixed module cap with recycling disabled (0.339125ms)
✔ residency checks the actual selected cap and rejects recycling or policy drift (0.303375ms)
✔ pair driver rejects unknown experiments before starting any arm (2.675458ms)
✔ arm URLs have exactly one policy difference and forbid inherited query tuning (0.212875ms)
✔ all four R3 source bindings and image layout must match (0.298958ms)
✔ actual runtime must match the selected arm with observer/timing off (2.053375ms)
✔ deadline accounts for queue delay and rejects late completion without starting expired work (6.201083ms)
✔ real recorder retains physical-only writing, fixed deadlines, fresh presentation and owned shutdown (0.878375ms)
✔ owned watchdog caps setup and navigation once, and normal close cancels timers (0.788083ms)
✔ offline preparation is separately bounded and cannot extend a physical-input watchdog (1.420833ms)
✔ post-verdict capture has one fixed extra allowance and messages cannot rearm it (0.145375ms)
✔ stalled owned browser/recorder is killed and missing close settles as unconfirmed (0.112375ms)
✔ already exited browser is not killed; watchdog intervention never looks like a normal pass (0.103667ms)
✔ future/invalid navigation cannot extend setup (0.062917ms)
✔ recorder exit cannot orphan its browser or kill an already-exited recorder group (0.118708ms)
✔ exit before stdio close never sends a later watchdog signal to the exited recorder (0.084583ms)
✔ synthetic actual input-trial reaches physical keys without mapped-client/active-window RPCs (16.838708ms)
✔ synthetic actual opaque branch verifies properties before keys and fences after Enter (16.607084ms)
✔ synthetic actual direct-property branch reads all values before keys and fences after Enter (17.975541ms)
✔ synthetic prepared-pair path reads saved settings once and preserves physical-only nonce/deadlines (69.7095ms)
✔ synthetic prepared recycling reuses one post-Enter fence and retains the input deadline (82.544042ms)
✔ synthetic AR input checks loaded kernel before properties and keeps uninstrumented original deadlines (59.059042ms)
✔ synthetic capture and verify retain actual mapped-Foot and active-window checks before keys (8.354667ms)
✔ synthetic missing application readiness or lost canvas focus forbids any key (1.23975ms)
✔ synthetic actual nonce reader rejects mismatched bytes in a successful RPC response (11.297125ms)
✔ synthetic late typing/readback and stale presentation cannot publish success (49.252958ms)
✔ synthetic timing observation uses same-page actual recorded event fields, not probe completion (11.755875ms)
ℹ tests 58
ℹ suites 0
ℹ pass 58
ℹ fail 0
ℹ cancelled 0
ℹ skipped 0
ℹ todo 0
ℹ duration_ms 458.670417
