   Compiling cfg-if v1.0.4
   Compiling typenum v1.20.1
   Compiling unicode-ident v1.0.24
   Compiling once_cell v1.21.4
   Compiling slab v0.4.12
   Compiling futures-task v0.3.32
   Compiling pin-project-lite v0.2.17
   Compiling futures-core v0.3.32
   Compiling serde_core v1.0.228
   Compiling byteorder v1.5.0
   Compiling bitflags v2.13.0
   Compiling smallvec v1.15.2
   Compiling log v0.4.33
   Compiling zmij v1.0.21
   Compiling memchr v2.8.2
   Compiling stable_deref_trait v1.2.1
   Compiling autocfg v1.5.1
   Compiling wasm-bindgen-shared v0.2.126
   Compiling libm v0.2.16
   Compiling futures-util v0.3.32
   Compiling itoa v1.0.18
   Compiling tinyvec_macros v0.1.1
   Compiling managed v0.8.0
   Compiling bitflags v1.3.2
   Compiling rustc_apfloat v0.2.3+llvm-462a31f5a5ab
   Compiling hash32 v0.3.1
   Compiling tinyvec v1.12.0
   Compiling wasm-vm-wasm-emit v0.0.1 (/private/tmp/wasm-vm-bb-cold-_fx08tec/repo/crates/wasm-emit)
   Compiling wasm-bindgen v0.2.126
   Compiling wasm-bindgen-test-macro v0.3.76
   Compiling heapless v0.9.3
   Compiling async-trait v0.1.89
   Compiling oorandom v11.1.5
   Compiling cast v0.3.0
   Compiling nu-ansi-term v0.50.3
   Compiling wasm-bindgen-test-shared v0.2.126
   Compiling unicode-normalization v0.1.25
   Compiling generic-array v0.14.7
   Compiling num-traits v0.2.19
   Compiling smoltcp v0.13.1
   Compiling block-buffer v0.10.4
   Compiling crypto-common v0.1.7
   Compiling digest v0.10.7
   Compiling console_error_panic_hook v0.1.7
   Compiling sha2 v0.10.9
   Compiling wasm-vm-core v0.0.1 (/private/tmp/wasm-vm-bb-cold-_fx08tec/repo/crates/core)
   Compiling js-sys v0.3.103
   Compiling serde_json v1.0.150
   Compiling serde v1.0.228
   Compiling wasm-vm-storage v0.0.1 (/private/tmp/wasm-vm-bb-cold-_fx08tec/repo/crates/storage)
   Compiling wasm-vm-slirp v0.0.0 (/private/tmp/wasm-vm-bb-cold-_fx08tec/repo/crates/slirp)
   Compiling wasm-vm-jit-translate v0.0.1 (/private/tmp/wasm-vm-bb-cold-_fx08tec/repo/crates/jit-translate)
   Compiling web-sys v0.3.103
   Compiling wasm-bindgen-futures v0.4.76
   Compiling getrandom v0.2.17
   Compiling wasm-bindgen-test v0.3.76
   Compiling console_log v1.0.0
   Compiling wasm-vm-wasm v0.0.1 (/private/tmp/wasm-vm-bb-cold-_fx08tec/repo/crates/wasm)
warning: unused import: `Exception`
 --> crates/wasm/tests/hart_ctrl.rs:8:26
  |
8 | use wasm_vm_core::hart::{Exception, Hart};
  |                          ^^^^^^^^^
  |
  = note: `#[warn(unused_imports)]` (part of `#[warn(unused)]`) on by default

warning: `wasm-vm-wasm` (test "hart_ctrl") generated 1 warning (run `cargo fix --test "hart_ctrl" -p wasm-vm-wasm` to apply 1 suggestion)
    Finished `dev` profile [unoptimized + debuginfo] target(s) in 12.96s
[INFO]: ⬇️  Installing wasm-bindgen...
    Finished `test` profile [unoptimized + debuginfo] target(s) in 0.06s
     Running tests/jit_browser_parity.rs (/private/tmp/wasm-vm-bb-cold-_fx08tec/repo/target/wasm32-unknown-unknown/debug/deps/jit_browser_parity-6cc578c42c9ecada.wasm)
running 39 tests
test browser_handles_remain_bounded_across_retranslation_churn ... ignored, long browser externref/eviction churn; run explicitly for E4-T33 evidence
Invoking test: unexpected_js_exception_fails_closed_without_commit_and_cleans_host
test unexpected_js_exception_fails_closed_without_commit_and_cleans_host ... ok
Invoking test: production_browser_budget_stays_below_measured_instance_cliff
test production_browser_budget_stays_below_measured_instance_cliff ... ok
Invoking test: page_write_invalidates_compiled_block
test page_write_invalidates_compiled_block ... ok
Invoking test: execute_miss_preserves_public_guard_and_guest_state
test execute_miss_preserves_public_guard_and_guest_state ... ok
Invoking test: directed_eviction_through_the_single_ordered_path
test directed_eviction_through_the_single_ordered_path ... ok
Invoking test: compile_instantiate_and_cache_by_phys_pc
test compile_instantiate_and_cache_by_phys_pc ... ok
Invoking test: chain_edge_links_and_unlinks_on_invalidation
test chain_edge_links_and_unlinks_on_invalidation ... ok
Invoking test: bulk_handoff_preserves_all_registers_and_virtual_pc_on_precise_fault
test bulk_handoff_preserves_all_registers_and_virtual_pc_on_precise_fault ... ok
Invoking test: browser_run_chunk_scope_caps_all_internal_subruns_to_eight_installs
test browser_run_chunk_scope_caps_all_internal_subruns_to_eight_installs ... ok
Invoking test: browser_machine_xie_enable_preempts_reused_inline_target
test browser_machine_xie_enable_preempts_reused_inline_target ... ok
Invoking test: browser_jit_six_op_loop_is_exactly_budgeted
test browser_jit_six_op_loop_is_exactly_budgeted ... ok
Invoking test: browser_jit_matches_interpreter_m_block
test browser_jit_matches_interpreter_m_block ... ok
Invoking test: browser_jit_matches_interpreter_i_block
test browser_jit_matches_interpreter_i_block ... ok
Invoking test: browser_jit_matches_interpreter_a_block
test browser_jit_matches_interpreter_a_block ... ok
Invoking test: browser_inline_tlb_matches_interpreter_for_ram_loop
test browser_inline_tlb_matches_interpreter_for_ram_loop ... ok
Invoking test: browser_inline_static_link_unlinks_and_rearms_after_target_reinstall
test browser_inline_static_link_unlinks_and_rearms_after_target_reinstall ... ok
Invoking test: browser_inline_static_link_retains_across_interrupt_stack_bits
test browser_inline_static_link_retains_across_interrupt_stack_bits ... ok
Invoking test: browser_inline_static_link_refuses_after_execute_permission_change
test browser_inline_static_link_refuses_after_execute_permission_change ... ok
Invoking test: browser_inline_static_guard_rejects_remapped_target_page
test browser_inline_static_guard_rejects_remapped_target_page ... ok
Invoking test: browser_inline_static_cross_page_tail_refuses_before_target_entry
test browser_inline_static_cross_page_tail_refuses_before_target_entry ... ok
Invoking test: browser_inline_static_cross_batch_target_fault_is_precise
test browser_inline_static_cross_batch_target_fault_is_precise ... ok
Invoking test: browser_inline_static_cross_batch_load_store_matches_interpreter
test browser_inline_static_cross_batch_load_store_matches_interpreter ... ok
Invoking test: browser_inline_static_cross_batch_link_executes_and_misses_safely
test browser_inline_static_cross_batch_link_executes_and_misses_safely ... ok
Invoking test: browser_inline_static_code_store_cuts_link_before_target_reuse
test browser_inline_static_code_store_cuts_link_before_target_reuse ... ok
Invoking test: browser_inline_static_chain_reaches_five_blocks_in_one_engine_call
test browser_inline_static_chain_reaches_five_blocks_in_one_engine_call ... ok
Invoking test: browser_inline_raw_store_to_compiled_page_aborts_before_successor
test browser_inline_raw_store_to_compiled_page_aborts_before_successor ... ok
Invoking test: browser_inline_raw_store_commits_reservation_and_code_log
test browser_inline_raw_store_commits_reservation_and_code_log ... ok
Invoking test: browser_inline_dynamic_link_retains_across_interrupt_stack_bits_and_sum_invalidates
test browser_inline_dynamic_link_retains_across_interrupt_stack_bits_and_sum_invalidates ... ok
Invoking test: browser_inline_dynamic_jalr_links_switch_and_unlinks
test browser_inline_dynamic_jalr_links_switch_and_unlinks ... ok
Invoking test: browser_inline_direct_chain_reports_bounded_retirement
test browser_inline_direct_chain_reports_bounded_retirement ... ok
Invoking test: browser_inline_direct_chain_honors_depth_budget
test browser_inline_direct_chain_honors_depth_budget ... ok
Invoking test: browser_inline_data_store_stays_chained_but_atomic_successor_waits_for_commit
test browser_inline_data_store_stays_chained_but_atomic_successor_waits_for_commit ... ok
Invoking test: browser_inline_combined_interrupt_bits_plus_sum_invalidates_all_links
test browser_inline_combined_interrupt_bits_plus_sum_invalidates_all_links ... ok
Invoking test: browser_handoff_refreshes_after_outer_growth_on_recorded_precise_fault
test browser_handoff_refreshes_after_outer_growth_on_recorded_precise_fault ... ok
Invoking test: browser_handoff_refreshes_after_outer_growth_during_compiled_call
test browser_handoff_refreshes_after_outer_growth_during_compiled_call ... ok
Invoking test: browser_dispatch_reuses_memory_views_without_subarray_allocation
test browser_dispatch_reuses_memory_views_without_subarray_allocation ... ok
Invoking test: browser_clean_dispatch_reuses_cached_outer_view_without_constructor
test browser_clean_dispatch_reuses_cached_outer_view_without_constructor ... ok
Invoking test: browser_batch_skips_unsupported_members_without_fragmenting_valid_blocks
test browser_batch_skips_unsupported_members_without_fragmenting_valid_blocks ... ok

test result: ok. 38 passed; 0 failed; 1 ignored; 0 filtered out; finished in 6.47s

