   Compiling unicode-ident v1.0.24
   Compiling proc-macro2 v1.0.106
   Compiling quote v1.0.46
   Compiling wasm-bindgen-shared v0.2.126
    Checking cfg-if v1.0.4
   Compiling rustversion v1.0.22
   Compiling version_check v0.9.5
    Checking typenum v1.20.1
   Compiling bumpalo v3.20.3
    Checking once_cell v1.21.4
    Checking slab v0.4.12
    Checking pin-project-lite v0.2.17
    Checking futures-task v0.3.32
    Checking futures-core v0.3.32
   Compiling rustc_apfloat v0.2.3+llvm-462a31f5a5ab
   Compiling serde_core v1.0.228
    Checking log v0.4.33
    Checking bitflags v2.13.0
    Checking byteorder v1.5.0
    Checking smallvec v1.15.2
   Compiling heapless v0.9.3
   Compiling zmij v1.0.21
    Checking futures-util v0.3.32
    Checking tinyvec_macros v0.1.1
   Compiling smoltcp v0.13.1
   Compiling serde_json v1.0.150
    Checking hash32 v0.3.1
    Checking stable_deref_trait v1.2.1
   Compiling serde v1.0.228
    Checking tinyvec v1.12.0
   Compiling generic-array v0.14.7
    Checking itoa v1.0.18
    Checking bitflags v1.3.2
    Checking managed v0.8.0
    Checking memchr v2.8.2
    Checking unicode-normalization v0.1.25
    Checking wasm-vm-wasm-emit v0.0.1 (/private/tmp/wasm-vm-bb-cold-_fx08tec/repo/crates/wasm-emit)
   Compiling syn v2.0.118
   Compiling wasm-bindgen v0.2.126
    Checking block-buffer v0.10.4
    Checking crypto-common v0.1.7
    Checking digest v0.10.7
    Checking sha2 v0.10.9
    Checking wasm-vm-core v0.0.1 (/private/tmp/wasm-vm-bb-cold-_fx08tec/repo/crates/core)
   Compiling wasm-bindgen-macro-support v0.2.126
   Compiling serde_derive v1.0.228
    Checking wasm-vm-jit-translate v0.0.1 (/private/tmp/wasm-vm-bb-cold-_fx08tec/repo/crates/jit-translate)
    Checking wasm-vm-slirp v0.0.0 (/private/tmp/wasm-vm-bb-cold-_fx08tec/repo/crates/slirp)
   Compiling wasm-bindgen-macro v0.2.126
    Checking wasm-vm-storage v0.0.1 (/private/tmp/wasm-vm-bb-cold-_fx08tec/repo/crates/storage)
    Checking js-sys v0.3.103
    Checking console_error_panic_hook v0.1.7
    Checking web-sys v0.3.103
    Checking wasm-bindgen-futures v0.4.76
    Checking getrandom v0.2.17
    Checking console_log v1.0.0
    Checking wasm-vm-wasm v0.0.1 (/private/tmp/wasm-vm-bb-cold-_fx08tec/repo/crates/wasm)
    Finished `dev` profile [unoptimized + debuginfo] target(s) in 11.95s
