[alpine-cold-boot 2026-09-01T18:22:44.970Z] navigating http://localhost:8123/?guest=alpine&noSnapshot&persist=0&profile=1#ide
[alpine-cold-boot 2026-09-01T18:22:45.082Z] guest-console tap armed; autoboot (guest=alpine) proceeds — cold chunked Alpine boot
[alpine-cold-boot 2026-09-01T18:22:45.083Z] waiting for "Linux version" — console 0 bytes, t+0.0 min
[alpine-cold-boot 2026-09-01T18:22:50.086Z] saw "Linux version" at 5.1s (console 8416 bytes)
[alpine-cold-boot 2026-09-01T18:22:50.087Z] waiting for "OpenRC" — console 8416 bytes, t+0.1 min
[alpine-cold-boot 2026-09-01T18:22:55.088Z] waiting for "OpenRC" — console 10791 bytes, t+0.2 min
[alpine-cold-boot 2026-09-01T18:23:00.093Z] waiting for "OpenRC" — console 11146 bytes, t+0.3 min
[alpine-cold-boot 2026-09-01T18:23:05.096Z] saw "OpenRC" at 20.1s (console 11204 bytes)
[alpine-cold-boot 2026-09-01T18:23:05.097Z] waiting for "login:" — console 11204 bytes, t+0.3 min
[alpine-cold-boot 2026-09-01T18:23:10.098Z] waiting for "login:" — console 11365 bytes, t+0.4 min
[alpine-cold-boot 2026-09-01T18:23:40.110Z] waiting for "login:" — console 11443 bytes, t+0.9 min
[alpine-cold-boot 2026-09-01T18:23:45.113Z] waiting for "login:" — console 11554 bytes, t+1.0 min
[alpine-cold-boot 2026-09-01T18:23:55.120Z] waiting for "login:" — console 11668 bytes, t+1.2 min
[alpine-cold-boot 2026-09-01T18:24:00.125Z] waiting for "login:" — console 11835 bytes, t+1.3 min
[alpine-cold-boot 2026-09-01T18:24:45.148Z] waiting for "login:" — console 11844 bytes, t+2.0 min
[alpine-cold-boot 2026-09-01T18:24:50.151Z] waiting for "login:" — console 11875 bytes, t+2.1 min
[alpine-cold-boot 2026-09-01T18:25:50.176Z] waiting for "login:" — console 11884 bytes, t+3.1 min
[alpine-cold-boot 2026-09-01T18:25:55.179Z] waiting for "login:" — console 12073 bytes, t+3.2 min
[alpine-cold-boot 2026-09-01T18:26:00.183Z] waiting for "login:" — console 12240 bytes, t+3.3 min
[alpine-cold-boot 2026-09-01T18:26:05.185Z] waiting for "login:" — console 12274 bytes, t+3.3 min
[alpine-cold-boot 2026-09-01T18:26:10.187Z] waiting for "login:" — console 12283 bytes, t+3.4 min
[alpine-cold-boot 2026-09-01T18:26:15.191Z] waiting for "login:" — console 12321 bytes, t+3.5 min
[alpine-cold-boot 2026-09-01T18:26:20.195Z] waiting for "login:" — console 12360 bytes, t+3.6 min
[alpine-cold-boot 2026-09-01T18:26:25.198Z] waiting for "login:" — console 12402 bytes, t+3.7 min
[alpine-cold-boot 2026-09-01T18:26:30.201Z] waiting for "login:" — console 12532 bytes, t+3.8 min
[alpine-cold-boot 2026-09-01T18:26:35.202Z] waiting for "login:" — console 12564 bytes, t+3.8 min
[alpine-cold-boot 2026-09-01T18:26:40.206Z] waiting for "login:" — console 12664 bytes, t+3.9 min
[alpine-cold-boot 2026-09-01T18:26:45.210Z] waiting for "login:" — console 12703 bytes, t+4.0 min
[alpine-cold-boot 2026-09-01T18:26:55.216Z] waiting for "login:" — console 12729 bytes, t+4.2 min
[alpine-cold-boot 2026-09-01T18:27:00.218Z] waiting for "login:" — console 12740 bytes, t+4.3 min
[alpine-cold-boot 2026-09-01T18:27:05.219Z] waiting for "login:" — console 12788 bytes, t+4.3 min
[alpine-cold-boot 2026-09-01T18:27:10.221Z] waiting for "login:" — console 12948 bytes, t+4.4 min
[alpine-cold-boot 2026-09-01T18:27:15.224Z] waiting for "login:" — console 12957 bytes, t+4.5 min
[alpine-cold-boot 2026-09-01T18:27:20.226Z] saw "login:" at 275.3s (console 13104 bytes)
[alpine-cold-boot 2026-09-01T18:27:20.226Z] BOOT REACHED login: in 4.59 min (275256 ms), 178 lazy chunk fetches
[alpine-cold-boot 2026-09-01T18:27:20.286Z] waiting for "~#" — console 13104 bytes, t+4.6 min
[alpine-cold-boot 2026-09-01T18:27:25.289Z] saw "~#" at 280.3s (console 13744 bytes)
[alpine-cold-boot 2026-09-01T18:27:25.290Z] waiting for "COLD_BOOT_42_OK" — console 13744 bytes, t+4.7 min
[alpine-cold-boot 2026-09-01T18:27:30.293Z] saw "COLD_BOOT_42_OK" at 285.3s (console 13873 bytes)
[alpine-cold-boot 2026-09-01T18:27:30.293Z] saw "riscv64" at 285.3s (console 13873 bytes)
[alpine-cold-boot 2026-09-01T18:27:30.405Z] profile via __linuxCtl.profileStats() (worker-mode proxy of getProfile): 653365 samples, 10 regions
[alpine-cold-boot 2026-09-01T18:27:30.406Z] console errors: 0
[alpine-cold-boot 2026-09-01T18:27:30.406Z] DONE — evidence written to evidence/e4-t01/browser-alpine-boot-2026-09-01/repeat-run
