]3008;end=d3474562-5c8c-4a2f-bfb6-815d01da0d1b;exit=success\

__WVEND_mu34xu0h0_0
]3008;end=8f3f45aa-4b25-499d-a71b-b15ddd177401;exit=success\]3008;start=f3d5acc2-ac06-4c6e-9ba5-6583adc47fcc;machineid=5abb4fe4a18644f197581438bd6ee2c7;user=omarchy;hostname=omarchy-demo;bootid=450d9a5f-1fc8-440a-9d2a-21bff69195d1;pid=00000000000000000174;type=shell;cwd=/home/omarchy\[?2004h[omarchy@omarchy-demo ~]$ 
__WVEND_mu350fmd1_75
]3008;end=b477822f-042a-4e93-823d-8f3f75996ed5;exit=success\
__WVEND_mu350lbg2_75
]3008;end=612380b6-49a8-4b40-a461-affd4b4f70b8;exit=success\
__WVEND_mu350s2p3_75
]3008;end=6cfb97c4-4a9e-44e8-a190-141673793064;exit=success\
__WVEND_mu350z2h4_75
]3008;end=29592062-12ee-40ac-8d3b-df9b5fd7110a;exit=success\
__WVEND_mu35164s5_75
]3008;end=e0fafc36-d9aa-4d8b-a29f-102e65af5393;exit=success\
__WVEND_mu351d0v6_75
]3008;end=083a72fe-2144-4249-9e07-13d7e31ea7c3;exit=success\
__WVEND_mu351lbg7_75
]3008;end=22efbe28-6d98-46cd-b13e-72eb10abf605;exit=success\
__WVEND_mu351sjp8_75
]3008;end=bdbae9b3-4b46-4910-8bac-8ab2a1811e35;exit=success\
__WVEND_mu351zk39_75
]3008;end=1560152e-72f0-4fc7-888e-a660ed491372;exit=success\
__WVEND_mu3526jb10_75
]3008;end=2d634d69-76ba-43ff-b38b-3493edc15e68;exit=success\
__WVEND_mu352dco11_75
]3008;end=7886fa33-0d82-4c9f-9620-bbac065ec1b0;exit=success\
__WVEND_mu352kgu12_75
]3008;end=0ed0a2da-28c5-4e36-bd8a-3a8343b3e30b;exit=success\
__WVEND_mu352rok13_75
]3008;end=25285c92-02fc-45a0-945f-6af34e38a857;exit=success\