
[?2004l]3008;end=68be82b3-b979-4170-9609-2a8273f0393b;exit=success\
__WVEND_mu3xct350_0
]3008;end=be95f6f7-6648-436d-8d34-22b9231390b8;exit=success\]3008;start=f3d5acc2-ac06-4c6e-9ba5-6583adc47fcc;machineid=5abb4fe4a18644f197581438bd6ee2c7;user=omarchy;hostname=omarchy-demo;bootid=450d9a5f-1fc8-440a-9d2a-21bff69195d1;pid=00000000000000000174;type=shell;cwd=/home/omarchy\[?2004h[omarchy@omarchy-demo ~]$ 
__WVEND_mu3xdeie1_0
]3008;end=0f2f1a48-e1ba-40a5-ae42-e3a419f7a411;exit=success\]3008;start=f3d5acc2-ac06-4c6e-9ba5-6583adc47fcc;machineid=5abb4fe4a18644f197581438bd6ee2c7;user=omarchy;hostname=omarchy-demo;bootid=450d9a5f-1fc8-440a-9d2a-21bff69195d1;pid=00000000000000000174;type=shell;cwd=/home/omarchy\[?2004h[omarchy@omarchy-demo ~]$ 
__WVEND_mu3xdkvm2_75
]3008;end=620c9585-7835-4207-8149-6cb9ebde0bd3;exit=success\
__WVEND_mu3xdn9u3_75
]3008;end=44489f89-2ceb-4d2b-bb61-1633017b192d;exit=success\
__WVEND_mu3xdpwc4_75
]3008;end=0322504d-0a35-4a43-be75-7a48206d13ac;exit=success\
__WVEND_mu3xdshb5_75
]3008;end=33c49fb9-b50b-4cb5-8a36-273cf3425f01;exit=success\
__WVEND_mu3xdv5j6_75
]3008;end=e5da8a87-0a5a-4f57-a10d-6358e196824c;exit=success\
__WVEND_mu3xdxnq7_75
]3008;end=043db5a4-d658-46fe-8c73-6d01e37a4587;exit=success\
__WVEND_mu3xe08p8_75
]3008;end=fe87cca8-a497-4770-ac6f-955f019f58d9;exit=success\
__WVEND_mu3xe2tu9_75
]3008;end=9c66e076-1b67-4194-a20d-41b8381e5b48;exit=success\
__WVEND_mu3xe5bx10_75
]3008;end=a54f27c8-b4ce-4c39-82b3-135ccc9ef466;exit=success\
__WVEND_mu3xe7op11_75
]3008;end=c2f91de9-7720-4439-91ed-c2f230391159;exit=success\
__WVEND_mu3xea7l12_75
]3008;end=6a9113d4-9473-44d0-b49f-9addf7c87c8c;exit=success\
__WVEND_mu3xecs213_75
]3008;end=b2a89c64-93ba-47b7-a6bb-05401f72d8c1;exit=success\
__WVEND_mu3xefe314_75
]3008;end=09753b50-b894-4f8c-a883-49f4c5ea6dc5;exit=success\
__WVEND_mu3xehu915_75
]3008;end=1642e647-f464-436e-ac4f-b5026f03a51e;exit=success\
__WVEND_mu3xekbs16_75
]3008;end=3e2d3d94-6844-4ae5-a2d7-344acbb65124;exit=success\
__WVEND_mu3xemqn17_75
]3008;end=8ebbf2ff-826d-4cdc-96c4-c4e7236c3dcd;exit=success\
__WVEND_mu3xepbh18_75
]3008;end=6d8be38f-d277-4d90-adad-d2c576579fa2;exit=success\
__WVEND_mu3xerz419_75
]3008;end=76f4e285-6c0e-462e-ab87-3cbe8601a5cf;exit=success\
__WVEND_mu3xev3220_75
]3008;end=7c7e7ee4-6dd8-4063-92c2-5e66762bc901;exit=success\
__WVEND_mu3xexfg21_75
]3008;end=01a9b283-35f4-4108-b6d2-060717c38a75;exit=success\
__WVEND_mu3xezp722_75
]3008;end=64662a90-0c1e-4a1e-a8c1-1bf92ed96d3b;exit=success\
__WVEND_mu3xf27p23_75
]3008;end=b63fc128-3f9a-4fc4-8fd2-907c0aa3d5ee;exit=success\
__WVEND_mu3xf4er24_75
]3008;end=0c293743-dcbb-445b-bdc4-d8762fe658b5;exit=success\
__WVEND_mu3xf6kv25_75
]3008;end=08cac505-5f80-4a39-9295-441b07a0225a;exit=success\
__WVEND_mu3xf8t126_75
]3008;end=3b3f9d35-c4c7-474c-8aa0-1b08b0b15dac;exit=success\
__WVEND_mu3xfb2s27_75
]3008;end=e502e738-bc91-4e8b-b6cb-0ca9f133a6d4;exit=success\__WVEND_mu3xfdt828_75
]3008;end=ab6d008f-7884-4537-8f98-3e0770adf07c;exit=success\
__WVEND_mu3xfgou29_75
]3008;end=96341ccf-ce2f-48a0-87b6-be4f0e7adbf7;exit=success\
__WVEND_mu3xfjdy30_75
]3008;end=1e64ba90-ed37-4e40-8523-9b66cee2b1e9;exit=success\
__WVEND_mu3xfm2w31_75
]3008;end=012c4047-4143-40a6-92fc-02b34bb85726;exit=success\
__WVEND_mu3xfoq832_75
]3008;end=0ba6b30a-7dff-4646-ab79-6eb92a0ea22f;exit=success\
__WVEND_mu3xfra033_75
]3008;end=e0b20338-a913-4997-9267-a55e9402a08a;exit=success\
__WVEND_mu3xftxe34_75
]3008;end=daeff56d-6373-47d2-8621-e3a08959cc74;exit=success\
__WVEND_mu3xfwam35_75
]3008;end=31c942f0-10eb-40c4-bf5b-831095978f00;exit=success\
__WVEND_mu3xfyp136_75
]3008;end=0287a5a8-cea4-4932-aa60-bcd55df32726;exit=success\
__WVEND_mu3xg14l37_75
]3008;end=210d8cfc-b6c6-4c02-9070-35736a6bb0e3;exit=success\
__WVEND_mu3xg3h038_75
]3008;end=98c56787-0ba8-406a-8902-542e861e9772;exit=success\]3008;start=f3d5acc2-ac06-4c6e-9ba5-6583adc47fcc;machineid=5abb4fe4a18644f197581438bd6ee2c7;user=omarchy;hostname=omarchy-demo;bootid=450d9a5f-1fc8-440a-9d2a-21bff69195d1;pid=00000000000000000174;type=shell;cwd=/home/omarchy\[?2004h[omarchy@omarchy-demo ~]$ 