
added 7 packages in 422ms
npm warn install-scripts 1 package has install scripts not yet covered by allowScripts:
npm warn install-scripts   fsevents@2.3.2 (install: (install scripts present))
npm warn install-scripts
npm warn install-scripts Run `npm install-scripts ls` to review, or `npm install-scripts approve <pkg>` to allow.
Resolving SDK version '4.0.22' to 'sdk-releases-bebaf7e50e31865b0724f17eaa52e161e2dfef5a-64bit'
Installing SDK 'sdk-releases-bebaf7e50e31865b0724f17eaa52e161e2dfef5a-64bit'..
Skipped installing node-22.16.0-64bit, already installed.
Skipped installing python-3.13.3-64bit, already installed.
Skipped installing releases-bebaf7e50e31865b0724f17eaa52e161e2dfef5a-64bit, already installed.
All SDK components already installed: 'sdk-releases-bebaf7e50e31865b0724f17eaa52e161e2dfef5a-64bit'.
Resolving SDK version '4.0.22' to 'sdk-releases-bebaf7e50e31865b0724f17eaa52e161e2dfef5a-64bit'
Setting the following tools as active:
   node-22.16.0-64bit
   python-3.13.3-64bit
   releases-bebaf7e50e31865b0724f17eaa52e161e2dfef5a-64bit

Next steps:
- To conveniently access emsdk tools from the command line,
  consider adding the following directories to your PATH:
    /Users/blamy/.cache/wasm-vm/emsdk/4.0.22
    /Users/blamy/.cache/wasm-vm/emsdk/4.0.22/upstream/emscripten
- This can be done for the current shell by running:
    source "/Users/blamy/.cache/wasm-vm/emsdk/4.0.22/emsdk_env.sh"
- Configure emsdk in your shell startup scripts by running:
    echo 'source "/Users/blamy/.cache/wasm-vm/emsdk/4.0.22/emsdk_env.sh"' >> $HOME/.zprofile
emcc (Emscripten gcc/clang-like replacement + linker emulating GNU ld) 4.0.22 (0f3d2e62bccf8e14497ff19e05a1202c51eb0c65)
Copyright (C) 2025 the Emscripten authors (see AUTHORS.txt)
This is free and open source software under the MIT license.
There is NO warranty; not even for MERCHANTABILITY or FITNESS FOR A PARTICULAR PURPOSE.

+ git rev-parse HEAD
32509356c18af1c18e59bf14375f4402b434bd7d
+ node --check renderer/virgl-command/constant-domain.mjs
+ node --check renderer/virgl-command/state.mjs
+ node --check renderer/virgl-command/tests/constant-domains.mjs
+ node --check tools/verify-virgl-constant-domains.mjs
+ node --check tools/virgl-constant-domains/unit.mjs
+ python3 -m py_compile tools/virgl-constant-domains/browser_receipt.py tools/virgl-constant-domains/cold.py tools/virgl-constant-domains/common.py tools/virgl-constant-domains/lifecycle_receipt.py tools/virgl-constant-domains/native.py tools/virgl-constant-domains/receipt.py tools/virgl-constant-domains/regressions.py tools/virgl-constant-domains/unit_receipt.py
+ node tools/virgl-constant-domains/unit.mjs --output /var/folders/nr/cyvk1qc14jj5c081vj1xts000000gn/T/wasm-vm-constant-domains-cold-75e9fsyy/wasm-vm/target/evidence/virgl-constant-domains-cold/unit
{"status":"passed","predicates":1549,"schemas":95,"banks":109,"ownership":4,"output":"/var/folders/nr/cyvk1qc14jj5c081vj1xts000000gn/T/wasm-vm-constant-domains-cold-75e9fsyy/wasm-vm/target/evidence/virgl-constant-domains-cold/unit"}
+ bash renderer/virgl-shader/build.sh native
Pinned virglrenderer 1.3.0: 70 source/generated SHA-256 hashes match
+ python3 tools/virgl-constant-domains/native.py --binary renderer/virgl-shader/build/native/virgl-shader --output /var/folders/nr/cyvk1qc14jj5c081vj1xts000000gn/T/wasm-vm-constant-domains-cold-75e9fsyy/wasm-vm/target/evidence/virgl-constant-domains-cold/native
Constant-domain consumer native inputs: 14 complete translations recorded
+ python3 tools/virgl-constants/native.py --binary renderer/virgl-shader/build/native/virgl-shader --output /var/folders/nr/cyvk1qc14jj5c081vj1xts000000gn/T/wasm-vm-constant-domains-cold-75e9fsyy/wasm-vm/target/evidence/virgl-constant-domains-cold/legacy/native
{"status": "passed", "originals": 19, "acceptedOriginals": 12, "cases": 8, "calls": 27, "report": "/var/folders/nr/cyvk1qc14jj5c081vj1xts000000gn/T/wasm-vm-constant-domains-cold-75e9fsyy/wasm-vm/target/evidence/virgl-constant-domains-cold/legacy/native/native-report.json"}
+ node tools/virgl-constants/decoder.mjs --output /var/folders/nr/cyvk1qc14jj5c081vj1xts000000gn/T/wasm-vm-constant-domains-cold-75e9fsyy/wasm-vm/target/evidence/virgl-constant-domains-cold/legacy/decoder
{"status":"passed","cases":23,"accepted":8,"rejected":15,"output":"/var/folders/nr/cyvk1qc14jj5c081vj1xts000000gn/T/wasm-vm-constant-domains-cold-75e9fsyy/wasm-vm/target/evidence/virgl-constant-domains-cold/legacy/decoder"}
+ VIRGL_ASYNC_EVIDENCE_DIR=/var/folders/nr/cyvk1qc14jj5c081vj1xts000000gn/T/wasm-vm-constant-domains-cold-75e9fsyy/wasm-vm/target/evidence/virgl-constant-domains-cold/legacy/regression
+ bash tools/verify-virgl-async-jobs.sh
+ git rev-parse HEAD
32509356c18af1c18e59bf14375f4402b434bd7d
+ node --check renderer/virgl-command/resources.mjs
+ node --check renderer/virgl-command/state.mjs
+ node --check renderer/virgl-command/tests/async-acceptance.mjs
+ node --check tools/verify-virgl-async-jobs.mjs
+ python3 -m py_compile tools/virgl-command/async-receipt.py tools/virgl-command/async-cold.py
+ bash renderer/virgl-shader/build.sh wasm
Pinned virglrenderer 1.3.0: 70 source/generated SHA-256 hashes match
+ node tools/verify-virgl-command-decoder.mjs --output /var/folders/nr/cyvk1qc14jj5c081vj1xts000000gn/T/wasm-vm-constant-domains-cold-75e9fsyy/wasm-vm/target/evidence/virgl-constant-domains-cold/legacy/regression/regression/decoder --node-only true
Node command acceptance passed (529 ms)
+ node tools/verify-virgl-resource-transfers.mjs --output /var/folders/nr/cyvk1qc14jj5c081vj1xts000000gn/T/wasm-vm-constant-domains-cold-75e9fsyy/wasm-vm/target/evidence/virgl-constant-domains-cold/legacy/regression/regression/resources
Node resource acceptance passed (58 ms)
Hardware resource acceptance passed (124 ms)
+ node tools/verify-virgl-object-state.mjs --output /var/folders/nr/cyvk1qc14jj5c081vj1xts000000gn/T/wasm-vm-constant-domains-cold-75e9fsyy/wasm-vm/target/evidence/virgl-constant-domains-cold/legacy/regression/regression/state
Hardware state acceptance passed (154 ms)
+ node tools/verify-virgl-draw-replay.mjs --output /var/folders/nr/cyvk1qc14jj5c081vj1xts000000gn/T/wasm-vm-constant-domains-cold-75e9fsyy/wasm-vm/target/evidence/virgl-constant-domains-cold/legacy/regression/regression/draw
Hardware draw replay passed (317 ms)
+ node tools/verify-virgl-async-jobs.mjs --output /var/folders/nr/cyvk1qc14jj5c081vj1xts000000gn/T/wasm-vm-constant-domains-cold-75e9fsyy/wasm-vm/target/evidence/virgl-constant-domains-cold/legacy/regression/hardware
Hardware async jobs passed (3130 ms)
+ for attack in early-collect index-class
+ node tools/verify-virgl-async-jobs.mjs --output /var/folders/nr/cyvk1qc14jj5c081vj1xts000000gn/T/wasm-vm-constant-domains-cold-75e9fsyy/wasm-vm/target/evidence/virgl-constant-domains-cold/legacy/regression/sabotage-early-collect --sabotage early-collect
AssertionError [ERR_ASSERTION]: async CPU collection requires a signaled fence: expected true, got false

'failed' !== 'passed'

    at file:///private/var/folders/nr/cyvk1qc14jj5c081vj1xts000000gn/T/wasm-vm-constant-domains-cold-75e9fsyy/wasm-vm/tools/verify-virgl-async-jobs.mjs:154:12
+ for attack in early-collect index-class
+ node tools/verify-virgl-async-jobs.mjs --output /var/folders/nr/cyvk1qc14jj5c081vj1xts000000gn/T/wasm-vm-constant-domains-cold-75e9fsyy/wasm-vm/target/evidence/virgl-constant-domains-cold/legacy/regression/sabotage-index-class --sabotage index-class
AssertionError [ERR_ASSERTION]: async index staging uses element-array class: expected true, got false

'failed' !== 'passed'

    at file:///private/var/folders/nr/cyvk1qc14jj5c081vj1xts000000gn/T/wasm-vm-constant-domains-cold-75e9fsyy/wasm-vm/tools/verify-virgl-async-jobs.mjs:154:12
+ python3 tools/virgl-command/async-receipt.py /var/folders/nr/cyvk1qc14jj5c081vj1xts000000gn/T/wasm-vm-constant-domains-cold-75e9fsyy/wasm-vm/target/evidence/virgl-constant-domains-cold/legacy/regression
E6-T11b1 receipt passed: asynchronous jobs, original pixels, sequencing controls and synchronous regressions
+ node tools/verify-virgl-pairs.mjs --output /var/folders/nr/cyvk1qc14jj5c081vj1xts000000gn/T/wasm-vm-constant-domains-cold-75e9fsyy/wasm-vm/target/evidence/virgl-constant-domains-cold/legacy/flat-regression
E6-T12e2:12/19 originals; 114 native/Wasm pair cases; 8 direct and 44 renderer draws; cache/lifecycle/fault proof passed.
+ node tools/verify-virgl-constants.mjs --output /var/folders/nr/cyvk1qc14jj5c081vj1xts000000gn/T/wasm-vm-constant-domains-cold-75e9fsyy/wasm-vm/target/evidence/virgl-constant-domains-cold/legacy/hardware
E6-T12e3b: 45056 exact hardware pixels; full constant transport, reflection and ownership passed.
+ node tools/verify-virgl-constants.mjs --output /var/folders/nr/cyvk1qc14jj5c081vj1xts000000gn/T/wasm-vm-constant-domains-cold-75e9fsyy/wasm-vm/target/evidence/virgl-constant-domains-cold/legacy/sabotage --sabotage high-upload
page.evaluate: Error: A first high-bank draw independent pixel (0,0): expected [64,191,128,191], observed [0,0,255,255]
    at require (http://127.0.0.1:57688/renderer/virgl-command/tests/constants.mjs:11:63)
    at equal (http://127.0.0.1:57688/renderer/virgl-command/tests/constants.mjs:12:44)
    at capture (http://127.0.0.1:57688/renderer/virgl-command/tests/constants.mjs:200:5)
    at async primary (http://127.0.0.1:57688/renderer/virgl-command/tests/constants.mjs:227:5)
    at async runAcceptance (http://127.0.0.1:57688/renderer/virgl-command/tests/constants.mjs:384:98)
    at async eval (eval at evaluate (:234:30), <anonymous>:3:14)
    at async <anonymous>:260:30
    at runVirglBrowser (/private/var/folders/nr/cyvk1qc14jj5c081vj1xts000000gn/T/wasm-vm-constant-domains-cold-75e9fsyy/wasm-vm/tools/verify-virgl-constants.mjs:146:57)
    at /private/var/folders/nr/cyvk1qc14jj5c081vj1xts000000gn/T/wasm-vm-constant-domains-cold-75e9fsyy/wasm-vm/async file:/private/var/folders/nr/cyvk1qc14jj5c081vj1xts000000gn/T/wasm-vm-constant-domains-cold-75e9fsyy/wasm-vm/tools/verify-virgl-constants.mjs:236:1
+ node tools/verify-virgl-constant-domains.mjs --output /var/folders/nr/cyvk1qc14jj5c081vj1xts000000gn/T/wasm-vm-constant-domains-cold-75e9fsyy/wasm-vm/target/evidence/virgl-constant-domains-cold/hardware
E6-T12e6a normal: 110592 whole-frame pixels; 64 exact raw words; 120 invalid-bank cases; complete cleanup.
+ node tools/verify-virgl-constant-domains.mjs --output /var/folders/nr/cyvk1qc14jj5c081vj1xts000000gn/T/wasm-vm-constant-domains-cold-75e9fsyy/wasm-vm/target/evidence/virgl-constant-domains-cold/decoder-bypass --mode decoder-bypass
E6-T12e6a decoder-bypass: 10240 whole-frame pixels; 0 exact raw words; 120 invalid-bank cases; complete cleanup.
+ node tools/verify-virgl-constant-domains.mjs --output /var/folders/nr/cyvk1qc14jj5c081vj1xts000000gn/T/wasm-vm-constant-domains-cold-75e9fsyy/wasm-vm/target/evidence/virgl-constant-domains-cold/sabotage --mode decoder-and-guard-bypass
page.evaluate: Error: finite guard omission: actual invalid conditional uniform upload
    at invalidMatrix (http://127.0.0.1:57968/renderer/virgl-command/tests/constant-domains.mjs:280:260)
    at async runAcceptance (http://127.0.0.1:57968/renderer/virgl-command/tests/constant-domains.mjs:313:247)
    at async eval (eval at evaluate (:234:30), <anonymous>:3:14)
    at async <anonymous>:260:30
    at runVirglBrowser (/private/var/folders/nr/cyvk1qc14jj5c081vj1xts000000gn/T/wasm-vm-constant-domains-cold-75e9fsyy/wasm-vm/tools/verify-virgl-constant-domains.mjs:146:58)
    at /private/var/folders/nr/cyvk1qc14jj5c081vj1xts000000gn/T/wasm-vm-constant-domains-cold-75e9fsyy/wasm-vm/async file:/private/var/folders/nr/cyvk1qc14jj5c081vj1xts000000gn/T/wasm-vm-constant-domains-cold-75e9fsyy/wasm-vm/tools/verify-virgl-constant-domains.mjs:235:1
+ python3 tools/virgl-constant-domains/receipt.py /var/folders/nr/cyvk1qc14jj5c081vj1xts000000gn/T/wasm-vm-constant-domains-cold-75e9fsyy/wasm-vm/target/evidence/virgl-constant-domains-cold
E6-T12e6a passed: checked immutable raw constants, real GPU pixels, varied async schedules, fault controls and preserved legacy workloads.
