cold_clone: cloning HEAD fd58010a3228beec2b2fc532eb385c8e8b736f67 → /var/folders/nr/cyvk1qc14jj5c081vj1xts000000gn/T/tmp.8yisn79bBj
cold_clone: make verify-E5-T22f (scrubbed RUSTFLAGS/CARGO_*/RUST_LOG, trusted PATH prepended)
cargo fmt --check -p wasm-vm-core -p wasm-vm-wasm
cargo clippy -p wasm-vm-core --lib --test pmp_privilege_audit --features gpu-trace -- -D warnings
   Compiling libc v0.2.186
   Compiling proc-macro2 v1.0.106
   Compiling quote v1.0.46
   Compiling unicode-ident v1.0.24
    Checking cfg-if v1.0.4
   Compiling zerocopy v0.8.52
   Compiling version_check v0.9.5
   Compiling serde_core v1.0.228
   Compiling getrandom v0.3.4
    Checking bitflags v2.13.0
   Compiling crossbeam-utils v0.8.21
    Checking typenum v1.20.1
   Compiling autocfg v1.5.1
   Compiling zmij v1.0.21
   Compiling getrandom v0.4.3
   Compiling rustix v1.1.4
   Compiling serde v1.0.228
    Checking regex-syntax v0.8.11
   Compiling serde_json v1.0.150
   Compiling generic-array v0.14.7
    Checking either v1.16.0
   Compiling num-traits v0.2.19
    Checking once_cell v1.21.4
   Compiling rayon-core v1.13.0
    Checking anstyle v1.0.14
   Compiling rustc_apfloat v0.2.3+llvm-462a31f5a5ab
    Checking itoa v1.0.18
    Checking memchr v2.8.2
    Checking fastrand v2.4.1
    Checking ciborium-io v0.2.2
    Checking clap_lex v1.1.0
    Checking clap_builder v4.6.0
    Checking crossbeam-epoch v0.9.18
    Checking regex-automata v0.4.14
    Checking crossbeam-deque v0.8.6
    Checking itertools v0.10.5
    Checking bit-vec v0.8.0
    Checking fnv v1.0.7
    Checking same-file v1.0.6
    Checking quick-error v1.2.3
    Checking cast v0.3.0
    Checking smallvec v1.15.2
    Checking clap v4.6.1
    Checking regex v1.12.4
    Checking walkdir v2.5.0
    Checking bit-set v0.8.0
    Checking unarray v0.1.4
    Checking log v0.4.33
    Checking criterion-plot v0.5.0
    Checking anes v0.1.6
    Checking oorandom v11.1.5
   Compiling syn v2.0.118
    Checking errno v0.3.14
    Checking cpufeatures v0.2.17
    Checking wait-timeout v0.2.1
    Checking is-terminal v0.4.17
    Checking rand_core v0.9.5
    Checking rand v0.9.4
    Checking rand_xorshift v0.4.0
   Compiling zerocopy-derive v0.8.52
   Compiling serde_derive v1.0.228
    Checking crypto-common v0.1.7
    Checking block-buffer v0.10.4
    Checking digest v0.10.7
    Checking tempfile v3.27.0
    Checking sha2 v0.10.9
    Checking rusty-fork v0.3.1
    Checking wasm-vm-core v0.0.1 (/private/var/folders/nr/cyvk1qc14jj5c081vj1xts000000gn/T/tmp.8yisn79bBj/repo/crates/core)
    Checking rayon v1.12.0
    Checking tinytemplate v1.2.1
    Checking half v2.7.1
    Checking ppv-lite86 v0.2.21
    Checking rand_chacha v0.9.0
    Checking ciborium-ll v0.2.2
    Checking proptest v1.11.0
    Checking ciborium v0.2.2
    Checking criterion v0.5.1
    Finished `dev` profile [unoptimized + debuginfo] target(s) in 4.70s
cargo clippy -p wasm-vm-wasm --lib --test pmp_privilege_audit --target wasm32-unknown-unknown -- -D warnings
   Compiling proc-macro2 v1.0.106
   Compiling unicode-ident v1.0.24
   Compiling quote v1.0.46
   Compiling wasm-bindgen-shared v0.2.126
    Checking cfg-if v1.0.4
   Compiling rustversion v1.0.22
   Compiling version_check v0.9.5
   Compiling bumpalo v3.20.3
    Checking typenum v1.20.1
    Checking once_cell v1.21.4
    Checking slab v0.4.12
    Checking futures-task v0.3.32
    Checking futures-core v0.3.32
    Checking pin-project-lite v0.2.17
   Compiling serde_core v1.0.228
   Compiling zmij v1.0.21
   Compiling rustc_apfloat v0.2.3+llvm-462a31f5a5ab
    Checking byteorder v1.5.0
   Compiling serde_json v1.0.150
    Checking bitflags v2.13.0
   Compiling serde v1.0.228
   Compiling heapless v0.9.3
    Checking smallvec v1.15.2
    Checking log v0.4.33
    Checking hash32 v0.3.1
    Checking stable_deref_trait v1.2.1
    Checking memchr v2.8.2
   Compiling autocfg v1.5.1
    Checking futures-util v0.3.32
   Compiling generic-array v0.14.7
   Compiling smoltcp v0.13.1
    Checking tinyvec_macros v0.1.1
   Compiling libm v0.2.16
    Checking itoa v1.0.18
    Checking tinyvec v1.12.0
   Compiling num-traits v0.2.19
    Checking managed v0.8.0
    Checking bitflags v1.3.2
    Checking unicode-normalization v0.1.25
    Checking wasm-vm-wasm-emit v0.0.1 (/private/var/folders/nr/cyvk1qc14jj5c081vj1xts000000gn/T/tmp.8yisn79bBj/repo/crates/wasm-emit)
    Checking oorandom v11.1.5
    Checking wasm-bindgen-test-shared v0.2.126
    Checking nu-ansi-term v0.50.3
    Checking cast v0.3.0
   Compiling syn v2.0.118
   Compiling wasm-bindgen v0.2.126
    Checking crypto-common v0.1.7
    Checking block-buffer v0.10.4
    Checking digest v0.10.7
    Checking sha2 v0.10.9
    Checking wasm-vm-core v0.0.1 (/private/var/folders/nr/cyvk1qc14jj5c081vj1xts000000gn/T/tmp.8yisn79bBj/repo/crates/core)
   Compiling wasm-bindgen-macro-support v0.2.126
   Compiling serde_derive v1.0.228
   Compiling async-trait v0.1.89
   Compiling wasm-bindgen-test-macro v0.3.76
    Checking wasm-vm-slirp v0.0.0 (/private/var/folders/nr/cyvk1qc14jj5c081vj1xts000000gn/T/tmp.8yisn79bBj/repo/crates/slirp)
    Checking wasm-vm-jit-translate v0.0.1 (/private/var/folders/nr/cyvk1qc14jj5c081vj1xts000000gn/T/tmp.8yisn79bBj/repo/crates/jit-translate)
   Compiling wasm-bindgen-macro v0.2.126
    Checking wasm-vm-storage v0.0.1 (/private/var/folders/nr/cyvk1qc14jj5c081vj1xts000000gn/T/tmp.8yisn79bBj/repo/crates/storage)
    Checking js-sys v0.3.103
    Checking console_error_panic_hook v0.1.7
    Checking wasm-bindgen-futures v0.4.76
    Checking web-sys v0.3.103
    Checking getrandom v0.2.17
    Checking wasm-bindgen-test v0.3.76
    Checking console_log v1.0.0
    Checking wasm-vm-wasm v0.0.1 (/private/var/folders/nr/cyvk1qc14jj5c081vj1xts000000gn/T/tmp.8yisn79bBj/repo/crates/wasm)
    Finished `dev` profile [unoptimized + debuginfo] target(s) in 11.49s
cargo test -p wasm-vm-core --lib --features gpu-trace -- --nocapture
   Compiling cfg-if v1.0.4
   Compiling typenum v1.20.1
   Compiling libc v0.2.186
   Compiling bitflags v2.13.0
   Compiling serde_core v1.0.228
   Compiling crossbeam-utils v0.8.21
   Compiling regex-syntax v0.8.11
   Compiling once_cell v1.21.4
   Compiling either v1.16.0
   Compiling zmij v1.0.21
   Compiling itoa v1.0.18
   Compiling anstyle v1.0.14
   Compiling clap_lex v1.1.0
   Compiling fastrand v2.4.1
   Compiling memchr v2.8.2
   Compiling zerocopy v0.8.52
   Compiling ciborium-io v0.2.2
   Compiling num-traits v0.2.19
   Compiling clap_builder v4.6.0
   Compiling itertools v0.10.5
   Compiling fnv v1.0.7
   Compiling cast v0.3.0
   Compiling quick-error v1.2.3
   Compiling same-file v1.0.6
   Compiling bit-vec v0.8.0
   Compiling anes v0.1.6
   Compiling oorandom v11.1.5
   Compiling walkdir v2.5.0
   Compiling unarray v0.1.4
   Compiling smallvec v1.15.2
   Compiling getrandom v0.3.4
   Compiling errno v0.3.14
   Compiling getrandom v0.4.3
   Compiling crossbeam-epoch v0.9.18
   Compiling wait-timeout v0.2.1
   Compiling rand_core v0.9.5
   Compiling rustix v1.1.4
   Compiling bit-set v0.8.0
   Compiling cpufeatures v0.2.17
   Compiling is-terminal v0.4.17
   Compiling rustc_apfloat v0.2.3+llvm-462a31f5a5ab
   Compiling generic-array v0.14.7
   Compiling log v0.4.33
   Compiling crossbeam-deque v0.8.6
   Compiling rand v0.9.4
   Compiling rand_xorshift v0.4.0
   Compiling rayon-core v1.13.0
   Compiling block-buffer v0.10.4
   Compiling crypto-common v0.1.7
   Compiling rayon v1.12.0
   Compiling digest v0.10.7
   Compiling sha2 v0.10.9
   Compiling criterion-plot v0.5.0
   Compiling tempfile v3.27.0
   Compiling rusty-fork v0.3.1
   Compiling clap v4.6.1
   Compiling regex-automata v0.4.14
   Compiling serde v1.0.228
   Compiling serde_json v1.0.150
   Compiling tinytemplate v1.2.1
   Compiling regex v1.12.4
   Compiling half v2.7.1
   Compiling ppv-lite86 v0.2.21
   Compiling rand_chacha v0.9.0
   Compiling ciborium-ll v0.2.2
   Compiling proptest v1.11.0
   Compiling ciborium v0.2.2
   Compiling criterion v0.5.1
   Compiling wasm-vm-core v0.0.1 (/private/var/folders/nr/cyvk1qc14jj5c081vj1xts000000gn/T/tmp.8yisn79bBj/repo/crates/core)
    Finished `test` profile [unoptimized + debuginfo] target(s) in 4.90s
     Running unittests src/lib.rs (target/debug/deps/wasm_vm_core-d41d3c5e347db272)

running 275 tests
test dev::clint::snapshot_tests::clint_state_round_trips_completely ... ok
test dev::clint::snapshot_tests::clint_restore_rejects_malformed_payloads_without_mutating ... ok
test block::tests::boundaries_and_errors ... ok
test dev::plic::snapshot_tests::plic_restore_rejects_wrong_length_without_mutating ... ok
test dev::rtc::snapshot_tests::rtc_restore_rejects_malformed_without_mutating ... ok
test dev::rtc::snapshot_tests::rtc_state_round_trips_completely_and_keeps_the_host_clock ... ok
test compile_queue::tests::priority_hotter_compiles_first ... ok
test compile_queue::tests::cancellation_on_generation_bump_drops_stale ... ok
test dev::rtc::tests::alarm_value_readable_after_fire ... ok
test dev::rtc::tests::alarm_fires_raises_irq_and_clears ... ok
test compile_queue::tests::backpressure_drops_and_recounts_never_overflows ... ok
test dev::rtc::tests::irq_gated_by_enable ... ok
test dev::plic::snapshot_tests::plic_behavioural_state_round_trips_and_drops_the_diagnostic_counter ... ok
test dev::console::tests::other_offset_writes_ignored_and_logged_once ... ok
test dev::rtc::tests::guest_set_time_offsets_without_touching_host ... ok
test dev::rtc::tests::reads_injected_time ... ok
test dev::rtc::tests::time_set_is_write_order_independent ... ok
test dev::syscon::tests::first_command_wins ... ok
test dev::syscon::tests::reads_return_zero ... ok
test dev::syscon::tests::recognized_commands_decode ... ok
test dev::syscon::tests::unrecognized_values_are_ignored ... ok
test block::tests::five_gib_sparse_no_truncation ... ok
test dev::console::tests::lsr_reads_ready_thr_reads_zero_no_faults ... ok
test dev::console::tests::low_byte_emitted_at_every_write_width ... ok
test dev::uart16550::snapshot_tests::uart_restore_rejects_malformed_payloads_without_mutating ... ok
test dev::uart16550::snapshot_tests::uart_state_round_trips_completely ... ok
test dev::uart16550::tests::dlab_banking ... ok
test dev::uart16550::tests::char_timeout_delivers_short_input ... ok
test dev::uart16550::tests::iir_priority_order ... ok
test dev::uart16550::tests::overrun_caps_fifo_and_preserves_contents ... ok
test dev::uart16550::tests::thre_interrupt_dance ... ok
test dev::virtio::gpu::damage::tests::clipping_and_empty_input_are_bounded_and_drain_is_empty ... ok
test dev::virtio::gpu::damage::tests::overlapping_rectangles_union_and_contained_rectangles_do_not_expand ... ok
test dev::virtio::gpu::damage::tests::edge_adjacent_rectangles_union_but_corner_only_rectangles_remain_separate ... ok
test dev::virtio::gpu::damage::tests::seventeenth_disjoint_rectangle_spills_to_one_bounded_box ... ok
test dev::virtio::gpu::edid::tests::fixture_and_checksum_are_stable ... ok
test dev::virtio::gpu::edid::tests::out_of_range_inputs_are_bounded ... ok
test dev::virtio::gpu::resources::tests::gpu_resources_create_rejects_dimension_and_budget_before_allocation ... ok
test dev::virtio::gpu::edid::tests::checksum_and_preferred_mode_cover_odd_and_large_sizes ... ok
test dev::virtio::gpu::resources::tests::gpu_resources_create_enforces_aggregate_budget_without_partial_insert ... ok
test dev::virtio::gpu::resources::tests::gpu_resources_backing_map_replacement_and_detach_are_independent ... ok
test dev::virtio::gpu::resources::tests::gpu_resources_create_rejects_id_zero_duplicate_and_bad_fields_without_mutation ... ok
test dev::virtio::gpu::resources::tests::gpu_resources_lifecycle_unref_returns_accounting_to_baseline ... ok
test dev::virtio::gpu::resources::tests::gpu_resources_create_supported_formats_are_detached_and_accounted ... ok
test dev::rtc::tests::low_high_latch_is_coherent_across_2p32_boundary ... ok
test compile_queue::tests::never_blocks_execution_thread_under_flood ... ok
test dev::virtio::gpu::resources::tests::gpu_transfer_rejects_detached_bounds_and_offset_without_shadow_mutation ... ok
test dev::virtio::gpu::tests::display_event_clear_is_write_one_to_clear ... ok
test dev::uart16550::snapshot_tests::uart_restore_never_panics_on_random_input ... ok
test dev::virtio::gpu::resources::tests::gpu_transfer_scatter_gather_copies_partial_odd_x_rows ... ok
test dev::virtio::gpu::resources::tests::gpu_transfer_one_byte_entries_copy_a_full_frame ... ok
test dev::virtio::gpu::resources::tests::gpu_transfer_tiled_and_full_frame_plans_keep_shadow_bytes_identical ... ok
test dev::virtio::gpu::resources::tests::gpu_transfer_tracks_changed_pixel_bounds_until_flush ... ok
test dev::virtio::gpu::tests::gpu_cursor_protocol_wire_fixtures_are_little_endian_and_bounded ... ok
E5-T22e verifier latched=false: double reset retained 1373x907/60/128 EDID bytes; new rings completed 5 control + 2 cursor; stale id rejected then recreated; old rings/responses unchanged; fresh devices isolated
test dev::virtio::gpu::tests::display_reset_preserves_host_monitor_but_clears_guest_state ... ok
test dev::virtio::gpu::tests::get_edid_requires_negotiation_and_is_scanout_indexed ... ok
test dev::virtio::gpu::resources::tests::gpu_resources_lifecycle_10k_create_unref_cycles_have_zero_net_growth ... ok
test dev::virtio::gpu::tests::gpu_cursorq_read_only_completion_and_reset_clear_cursor_state ... ok
test dev::virtio::gpu::tests::get_edid_without_feature_returns_unspec ... ok
E5-T22e verifier latched=true: double reset retained 1373x907/60/128 EDID bytes; new rings completed 5 control + 2 cursor; stale id rejected then recreated; old rings/responses unchanged; fresh devices isolated
test dev::virtio::gpu::tests::display_reset_mmio_clears_latched_irqs_and_both_cached_queues ... ok
test dev::virtio::gpu::tests::display_reset_verifier_reconfigured_rings_reject_stale_resources ... ok
test dev::virtio::gpu::tests::gpu_cursorq_updates_moves_hides_and_rejects_without_mutation ... ok
test dev::virtio::gpu::tests::gpu_flush_after_scanout_disable_forwards_old_resource_without_binding ... ok
test dev::virtio::gpu::tests::gpu_flush_after_unref_rejects_old_resource_without_sink_event ... ok
test dev::virtio::gpu::tests::gpu_flush_wire_fixture_is_little_endian ... ok
test dev::virtio::gpu::tests::gpu_mmio_identity_features_and_config ... ok
test dev::virtio::gpu::tests::gpu_protocol_wire_fixtures ... ok
test dev::virtio::gpu::tests::gpu_flush_controlq_calls_test_sink_with_resource_crc ... ok
test dev::virtio::gpu::tests::gpu_flush_default_null_sink_accepts_headless_path ... ok
test dev::virtio::gpu::tests::gpu_flush_rejects_unknown_short_and_out_of_bounds_requests_without_sink_event ... ok
test dev::virtio::gpu::tests::gpu_resources_backing_rejects_address_overflow_and_truncated_sglists ... ok
test dev::virtio::gpu::tests::gpu_resources_create_wire_fixture_is_little_endian ... ok
test dev::virtio::gpu::tests::gpu_resources_lifecycle_device_reset_releases_resource_state ... ok
test block::tests::mem_backend_matches_reference_model ... ok
test dev::virtio::gpu::tests::gpu_resources_backing_controlq_validates_entries_atomically ... ok
test dev::virtio::gpu::tests::gpu_flush_tracking_sink_publishes_changed_transfer_bounds ... ok
test dev::virtio::gpu::tests::gpu_resources_backing_split_attach_then_detach_controlq ... ok
test dev::virtio::gpu::tests::gpu_resources_lifecycle_unref_clears_scanout_and_is_idempotently_rejected ... ok
test dev::virtio::gpu::tests::gpu_resources_create_controlq_dispatches_and_returns_spec_errors ... ok
test dev::virtio::gpu::tests::gpu_scanout_binding_wire_fixture_is_little_endian ... ok
test dev::virtio::gpu::tests::gpu_scanout_binding_controlq_binds_existing_resource ... ok
test dev::virtio::gpu::tests::gpu_scanout_binding_rejects_bad_scanout_and_rect_without_mutation ... ok
test dev::virtio::gpu::tests::gpu_transfer_wire_fixture_is_little_endian ... ok
test dev::virtio::gpu::tests::gpu_cursorq_repeated_hide_show_keeps_one_bounded_state_per_scanout ... ok
test dev::virtio::gpu::tests::unsupported_feature_does_not_mutate_config ... ok
test dev::virtio::gpu::tests::set_display_updates_mode_and_coalesces_config_interrupts ... ok
test dev::virtio::gpu::tests::gpu_transfer_controlq_copies_sg_rows_and_echoes_fence ... ok
test dev::virtio::gpu::tests::gpu_scanout_binding_split_request_is_parsed_across_descriptors ... ok
test dev::virtio::gpu::tests::set_display_stress_preserves_final_mode_and_bounds_config_irqs ... ok
test dev::virtio::gpu::tests::gpu_scanout_binding_zero_resource_disables_scanout ... ok
test dev::virtio::gpu::resources::tests::gpu_transfer_random_rect_model_oracle_10k_cases ... ok
test dev::virtio::gpu::tiles::tests::flush_intersection_consumes_only_selected_tiles_and_resize_drops_old_state ... ok
test dev::virtio::gpu::tiles::tests::full_frame_mode_is_a_comparable_bounded_fallback ... ok
test dev::virtio::gpu::tiles::tests::full_resource_transfer_selects_every_tile_in_row_major_order ... ok
test dev::virtio::gpu::tiles::tests::one_pixel_transfer_selects_one_full_tile_and_exact_bytes ... ok
test dev::virtio::gpu::tiles::tests::tile_boundaries_and_partial_edges_are_clipped_without_outside_regions ... ok
test dev::virtio::gpu::tests::virtio_gpu_display_info_contiguous_fenced ... ok
test dev::virtio::input::keyboard::tests::keyboard_identity_and_event_bitmap_tail_are_stable ... ok
test dev::virtio::input::keyboard::tests::keyboard_led_sink_applies_only_canonical_status_events ... ok
test dev::virtio::input::keyboard::tests::pc105_keyboard_bitmap_is_exact_and_repeat_is_absent ... ok
test dev::virtio::input::pointer::tests::mouse_map_has_only_relative_axes_and_both_wheels ... ok
test dev::virtio::gpu::tests::gpu_scanout_binding_short_request_is_bounded ... ok
test dev::virtio::input::pointer::tests::tablet_absolute_injection_rejects_out_of_range_values ... ok
test dev::virtio::input::pointer::tests::pointer_config_selectors_do_not_cross_contaminate ... ok
test dev::virtio::input::pointer::tests::tablet_map_and_absolute_wire_metadata_are_exact ... ok
test dev::virtio::input::keyboard::tests::keyboard_config_fixture_is_exact_on_native ... ok
test dev::virtio::input::tests::inject_and_sync_retain_bounded_complete_frames_with_exact_drop_count ... ok
test dev::virtio::input::tests::input_config_fixture_matches_little_endian_wire_bytes ... ok
test dev::virtio::input::tests::input_config_selector_writes_are_width_preserving_and_resettable ... ok
test dev::virtio::input::tests::input_config_unsupported_queries_are_zero_and_do_not_leak_previous_payload ... ok
test dev::virtio::input::tests::input_event_wire_layout_is_fixed_and_little_endian ... ok
test dev::virtio::input::tests::key_transition_drop_removes_both_separate_frames ... ok
test dev::virtio::gpu::tests::virtio_gpu_display_info_split_header_unfenced ... ok
test dev::virtio::gpu::tests::virtio_gpu_display_info_short_tail_is_bounded ... ok
test dev::virtio::console::tests::virtio_console_lifecycle_restart_and_reset_drop_stale_agent_state ... ok
test dev::virtio::mmio::tests::critic_advisories_pinned ... ok
test dev::virtio::mmio::tests::driver_ok_without_features_ok_needs_reset ... ok
test dev::virtio::mmio::tests::empty_slot_answers_and_tolerates ... ok
test dev::virtio::mmio::tests::interrupt_ack_is_mask_clear ... ok
test dev::virtio::mmio::tests::lifecycle_happy_path ... ok
test dev::virtio::mmio::tests::protocol_violation_degrades_loudly ... ok
test dev::virtio::input::tests::eventq_writes_one_event_across_split_descriptors_and_exact_used_len ... ok
test dev::virtio::console::tests::virtio_console_split_control_announcement_and_coalesced_data_are_bounded ... ok
test dev::virtio::mmio::tests::status_zero_is_full_reset ... ok
test dev::virtio::mmio::tests::transport_snapshot_round_trips_and_rejects_malformed ... ok
test dev::virtio::mmio::tests::unoffered_feature_rejected ... ok
test dev::virtio::net::switch_tests::replacing_backend_keeps_adapter_identity_and_drops_old_frames ... ok
test diag::irqstats::tests::hottest_irq_picks_the_max ... ok
test diag::irqstats::tests::naming_uses_the_window_not_the_lifetime_leader ... ok
test dev::virtio::gpu::tests::gpu_flush_golden_five_patterns_match_independent_reference ... ok
test diag::irqstats::tests::quiet_windows_never_fire_and_reset_the_streak ... ok
test diag::irqstats::tests::wfi_watchdog_fires_once_then_rearms ... ok
test diag::irqstats::tests::storm_fires_after_consecutive_hot_windows ... ok
test diag::irqstats::tests::wfi_watchdog_silent_when_making_progress_or_armed ... ok
test diag::irqstats::tests::window_stays_open_until_enough_retired ... ok
test dev::virtio::gpu::tests::virtio_gpu_malformed_guest_address_is_rejected_without_write ... ok
test dispatch::tests::csr_and_wfi_blocks_are_excluded ... ok
test dispatch::tests::counter_increments_and_fires_exactly_once ... ok
test dispatch::tests::dedup_across_distinct_blocks ... ok
test dev::virtio::input::tests::injected_frames_cross_eventq_without_boundary_loss ... ok
test dispatch::tests::no_nomination_below_threshold ... ok
test dispatch::tests::counter_map_is_bounded_under_cold_flood ... ok
test dispatch::tests::reset_clears_state_and_bumps_generation ... ok
test dispatch::tests::requeue_after_invalidation_no_stale_survives ... ok
test dev::virtio::gpu::tests::virtio_gpu_malformed_requests_make_progress_and_recover ... ok
test dispatch::tests::stale_generation_alone_blocks_install_even_if_bytes_match ... ok
test dispatch::tests::translation_request_shape ... ok
test fdt::tests::header_is_spec_valid ... ok
test fdt::tests::initrd_placement_between_kernel_and_dtb ... ok
test fdt::tests::placement_top_of_dram_aligned_outside_kernel ... ok
test hart::fregs::tests::f0_is_an_ordinary_register ... ok
test fdt::tests::tree_has_every_required_node_and_link ... ok
test hart::fregs::tests::non_boxed_value_reads_as_canonical_nan ... ok
test hart::fregs::tests::registers_are_independent ... ok
test hart::fregs::tests::write_f32_boxes_and_read_f32_unboxes ... ok
test fdt::tests::dtb_tracks_platform_and_args ... ok
test hart::regs::tests::abi_names_match_psabi ... ok
test dev::virtio::input::tests::short_event_buffer_is_not_partially_written_and_ring_recovers ... ok
test dev::virtio::console::tests::virtio_console_advertises_multiport_device_id_config_and_six_queue_layout ... ok
test hart::regs::tests::compiled_register_mask_commit_preserves_unmasked_words_and_x0 ... ok
test hart::regs::tests::default_is_all_zero_including_pc ... ok
test hart::regs::tests::dump_format_is_byte_stable ... ok

thread 'hart::regs::tests::out_of_range_read_panics' (12835984) panicked at crates/core/src/hart/regs.rs:48:9:
register index 32 out of range
note: run with `RUST_BACKTRACE=1` environment variable to display a backtrace

thread 'hart::regs::tests::out_of_range_write_panics' (12835985) panicked at crates/core/src/hart/regs.rs:56:9:
register index 32 out of range
test hart::regs::tests::jit_version_is_not_architectural_equality ... ok
test hart::regs::tests::x0_writes_are_discarded ... ok
test hart::regs::tests::x1_to_x31_roundtrip_distinct_values ... ok
test jit::tests::cpu_state_handoff_pins_frozen_layout_endian_and_x0 ... ok
test dev::virtio::input::tests::unsupported_queue_shape_is_bounded_and_requests_reset ... ok
test hart::regs::tests::interleavings_vs_oracle_lcg ... ok
test dispatch::tests::queue_overflow_degrades_gracefully ... ok
test hart::regs::tests::out_of_range_read_panics - should panic ... ok
test hart::regs::tests::out_of_range_write_panics - should panic ... ok
test mmio::tests::attach_rejects_overlap_with_ram_and_devices ... ok
test mmio::tests::device_faults_propagate ... ok
test mmio::tests::multiple_devices_route_independently ... ok
test mmio::tests::attach_rejects_zero_length_and_overflow_without_panic ... ok
test mmio::tests::ram_accesses_pass_through_unchanged ... ok
test mmio::tests::device_hits_counts_every_access_that_lands_in_the_window ... ok
test mmio::tests::device_read_results_are_masked_to_width ... ok
test mmio::tests::misaligned_in_window_faults_without_invoking_device ... ok
test mmio::tests::straddling_window_edge_faults_and_never_invokes_device ... ok
test mmio::tests::zero_size_ram_bus_still_routes_devices ... ok
test mmio::tests::unmapped_hole_faults_access_at_every_width ... ok
test platform::tests::irq_and_virtio_layout ... ok
test platform::tests::default_platform_is_valid ... ok
test platform::tests::overlap_and_overflow_are_caught ... ok
test platform::tests::region_boundaries ... ok
test mmio::tests::window_access_reaches_device_with_offset_width_value ... ok
test mmio::tests::width_forwarding_is_exact_never_split ... ok
test prof::pause::tests::buckets_bracket_the_target ... ok
test prof::pause::tests::over_target_and_max_ns ... ok
test dev::virtio::input::tests::statusq_reads_split_event_and_rejects_short_or_wrong_direction ... ok
test prof::pause::tests::work_bound_tracks_max ... ok
test pmp_audit_tests::su_pmp_ignored_locked_tor_writes_keep_revision_and_zero_work ... ok
test pmp_audit_tests::su_pmp_effective_address_change_cannot_take_shortcut ... ok
test prof::tests::fixed_timer_reflects_set_and_advance_monotonically ... ok
test prof::tests::add_ns_accumulates_per_subsystem ... ok
test pmp_audit_tests::su_pmp_revision_change_flushes_before_shortcut ... ok
test prof::tests::collisions_are_visible_not_silently_merged ... ok
test prof::tests::report_computes_pct_and_passes_total_through ... ok
test prof::tests::records_land_in_expected_64_byte_regions ... ok
test prof::tests::report_json_shape_and_contents ... ok
test prof::tests::report_text_contains_pc_and_subsystem_names ... ok
test prof::tests::report_on_empty_profile_does_not_divide_by_zero ... ok
test ram::resume_snapshot_tests::a_malformed_payload_is_refused_without_mutating ... ok
test prof::tests::top_is_descending_with_low_pc_tie_break ... ok
test prof::tests::tight_loop_concentrates ... ok
test prof::tests::weak_incumbent_is_evicted_by_newcomer ... ok
test ram::resume_snapshot_tests::restoring_a_wrong_size_snapshot_is_refused_without_mutating ... ok
test ram::tests::default_map_constants ... ok
test pmp_audit_tests::m_pmp_audit_still_visits_cached_instructions ... ok
test dev::virtio::rng::tests::fills_posted_buffer_with_entropy_and_publishes_used ... ok
test ram::tests::little_endian_byte_order ... ok
test ram::tests::faulting_store_leaves_ram_bit_identical ... ok
test ram::tests::extreme_addresses_fault_without_overflow_panics ... ok
test ram::tests::misaligned_in_range_faults_misaligned_at_every_width ... ok
test ram::tests::roundtrip_every_width_at_base_and_last_slot ... ok
test ram::tests::zero_and_absurd_sizes_fail_cleanly ... ok
test resume::resume_tests::a_bad_magic_is_rejected ... ok
test dev::virtio::gpu::tiles::tests::seeded_random_transfer_flush_resize_sequences_match_reference_tiles ... ok
test ram::tests::straddling_the_end_is_access_not_panic ... ok
test resume::resume_tests::a_component_round_trips_through_the_container_format ... ok
test resume::resume_tests::a_huge_zero_run_length_is_rejected_without_allocating ... ok
test ram::tests::slice_escape_hatch_bounds_and_content ... ok
test resume::resume_tests::a_partial_trailing_section_header_is_truncated ... ok
test resume::resume_tests::a_section_length_past_the_end_is_rejected_not_over_read ... ok
test resume::resume_tests::a_too_short_blob_is_truncated_not_a_panic ... ok
test resume::resume_tests::a_version_mismatch_is_rejected ... ok
test resume::resume_tests::a_reserved_but_unimplemented_section_is_refused_as_unsupported ... ok
test resume::resume_tests::an_unknown_section_fails_loudly ... ok
test resume::resume_tests::decode_sparse_rejects_malformed_payloads ... ok
test resume::resume_tests::restore_decision_rejects_a_truncated_final_section ... ok
test resume::resume_tests::header_round_trips_and_sections_read_back_in_order ... ok
test resume::resume_tests::the_coherence_guards_refuse_a_mismatch ... ok
test ram::resume_snapshot_tests::ram_round_trips_completely ... ok
test resume::resume_tests::zero_elision_round_trips_for_every_shape ... ok
test sbi::base::tests::ids_and_unknown_fid ... ok
test sbi::base::tests::probe_extension_per_plan ... ok
test sbi::base::tests::spec_version_is_2_0 ... ok
test sbi::dbcn::tests::read_drains_queue_nonblocking_and_write_byte ... ok
test sbi::hsm::tests::lifecycle_answers_single_hart ... ok
test sbi::ipi::tests::self_ipi_sets_ssip_and_masks_validate ... ok
test sbi::legacy::tests::getchar_empty_is_minus_one_nonblocking ... ok
test sbi::legacy::tests::putchar_emits_and_returns_zero ... ok
test sbi::dbcn::tests::write_attack_matrix ... ok
test sbi::rfence::tests::fences_flush_and_masks_validate ... ok
test sbi::srst::tests::shutdown_reboot_and_error_paths ... ok
test sbi::dbcn::tests::write_reads_guest_dram_and_reports_count ... ok
test sbi::tests::probe_set_matches_plan ... ok
test prof::tests::histogram_memory_is_fixed ... ok
test sbi::time::tests::set_timer_replaces_and_cancels ... ok
test tests::kernel_footprint_falls_back_to_file_len ... ok
test tests::group_batches_coalesces_disconnected_chunks ... ok
test tests::kernel_footprint_honours_image_size ... ok
test sbi::tests::unknown_and_pending_eids_not_supported ... ok
test tests::version_matches_manifest ... ok
test time::tests::huge_gap_jumps_with_notification ... ok
test tests::machine_allocates_requested_ram ... ok
test time::tests::icount_is_pure_function_of_retired ... ok
test tests::machine_tolerates_zero_ram ... ok
test time::tests::respects_software_mtime_write_as_floor ... ok
test time::tests::wallclock_never_steps_backward_under_jittery_host ... ok
test pmp_audit_tests::su_pmp_audit_work_is_zero_for_populated_caches ... ok
test time::tests::moderate_gap_slews_at_bounded_rate ... ok
test resume::resume_tests::a_mostly_zero_buffer_compresses_far_under_ram_size ... ok
test resume::resume_tests::decode_sparse_never_panics_on_random_input ... ok
test ram::resume_snapshot_tests::a_mostly_zero_ram_snapshot_is_far_under_ram_size ... ok
test dev::virtio::console::tests::virtio_console_agent_and_port0_data_queues_keep_frame_bytes_and_backpressure_separate ... ok
test resume::resume_tests::the_parser_never_panics_on_any_truncation_or_flip ... ok
test dev::virtio::mmio::tests::register_fuzz_1e6 ... ok
test sbi::tests::dispatcher_fuzz_1e6 ... ok
test hart::regs::proptests::writes_track_oracle_and_x0_stays_zero ... ok
test dev::virtio::gpu::damage::tests::seeded_random_rectangles_never_drop_reference_damage ... ok
1280x800 transfer: 139.664542ms
test dev::virtio::gpu::resources::tests::gpu_transfer_full_frame_native_budget ... ok
test dev::virtio::gpu::resources::tests::gpu_resources_create_repeated_rejections_do_not_grow_map ... ok
test ram::resume_snapshot_tests::a_mostly_zero_256_mib_ram_encodes_under_15_percent_and_restores_byte_identically ... ok

test result: ok. 275 passed; 0 failed; 0 ignored; 0 measured; 0 filtered out; finished in 3.01s

cargo test -p wasm-vm-core --test pmp_privilege_audit --test predecode_entry_safety --test pmp --test privilege --test tlb --test cpu_resume --test reset --test sv39 --features trace -- --nocapture
   Compiling wasm-vm-core v0.0.1 (/private/var/folders/nr/cyvk1qc14jj5c081vj1xts000000gn/T/tmp.8yisn79bBj/repo/crates/core)
    Finished `test` profile [unoptimized + debuginfo] target(s) in 1.78s
     Running tests/cpu_resume.rs (target/debug/deps/cpu_resume-ce0e30e4466d52b3)

running 6 tests
test malformed_cpu_payload_is_rejected_and_leaves_hart_unchanged ... ok
test resume_places_the_timer_interrupt_identically ... ok
test whole_machine_resume_round_trips ... ok
test virtio_blk_and_net_sections_round_trip_at_machine_level ... ok
test restore_over_dirty_state_is_byte_identical ... ok
test resume_trace_matches_continuation ... ok

test result: ok. 6 passed; 0 failed; 0 ignored; 0 measured; 0 filtered out; finished in 1.44s

     Running tests/pmp.rs (target/debug/deps/pmp-6d703c9c3c2ebdd4)

running 12 tests
test lowest_numbered_matching_entry_wins ... ok
test locking_applies_to_m_and_freezes_the_entry ... ok
test mprv_applies_pmp_as_mpp_for_loads_but_not_fetches ... ok
test na4_protects_exactly_four_bytes ... ok
test napot_grants_rwx_and_off_default_denies_su ... ok
test no_armed_entry_denies_su_but_allows_m ... ok
test odd_pmpcfg_is_illegal_and_pmpaddr_high_bits_read_zero ... ok
test all_64_entries_configurable_and_enforced_e1t27 ... ok
test reserved_r0_w1_cfg_is_legalized_to_w0 ... ok
test tor_readonly_for_s_with_straddle_and_store_faults ... ok
test mprv_does_not_affect_fetch_end_to_end ... ok
test u_mode_fetch_without_grant_raises_instruction_access_fault ... ok

test result: ok. 12 passed; 0 failed; 0 ignored; 0 measured; 0 filtered out; finished in 0.01s

     Running tests/pmp_privilege_audit.rs (target/debug/deps/pmp_privilege_audit-588103b88049c371)

running 4 tests
SU_REVOKE S->U cache=false retired=1 hash=59514d8d732ca0e2 fault=80000004
SU_MIDBLOCK S->U cache=false retired=0 x6=0 fault=80000004
SU_MIDBLOCK S->U cache=true retired=0 x6=0 fault=80000004
SU_REVOKE S->U cache=true retired=1 hash=59514d8d732ca0e2 fault=80000004
SU_REVOKE U->S cache=false retired=1 hash=59514d8d732ca0e2 fault=80000004
SU_MIDBLOCK U->S cache=false retired=0 x6=0 fault=80000004
SU_REVOKE U->S cache=true retired=1 hash=59514d8d732ca0e2 fault=80000004
test su_revision_revocation ... ok
SU_MIDBLOCK U->S cache=true retired=0 x6=0 fault=80000004
test su_midblock_revision_revocation ... ok
SU_RESTORE retired=2000 hash=8907ff1cb93090b5 ram_sha256=14118a1afcb43237022d6fb90905fd2420e80af1850fbcee2df81f78a3ecc5e0
test su_snapshot_and_host_sequence ... ok
SU_TRACE turns=1 retired=7 hash=1046a1baefeab5ca ram_sha256=14118a1afcb43237022d6fb90905fd2420e80af1850fbcee2df81f78a3ecc5e0
core 0: 0x000000008000010c (0x10200073)
core 0: 0x0000000080000000 (0x00128293) x5 0x0000000000000001
core 0: 0x0000000080000100 (0x14102373) x6 0x0000000080000004
core 0: 0x0000000080000104 (0x00430313) x6 0x0000000080000008
core 0: 0x0000000080000108 (0x14131073)
core 0: 0x000000008000010c (0x10200073)
core 0: 0x0000000080000008 (0xff9ff06f)
SU_TRACE turns=7 retired=43 hash=bdacf09cb6d2a951 ram_sha256=14118a1afcb43237022d6fb90905fd2420e80af1850fbcee2df81f78a3ecc5e0
SU_TRACE turns=37 retired=223 hash=eac08f91a4e7b526 ram_sha256=14118a1afcb43237022d6fb90905fd2420e80af1850fbcee2df81f78a3ecc5e0
SU_TRACE turns=191 retired=1147 hash=107b228d8e75d2b9 ram_sha256=14118a1afcb43237022d6fb90905fd2420e80af1850fbcee2df81f78a3ecc5e0
test su_guest_trace_parity ... ok

test result: ok. 4 passed; 0 failed; 0 ignored; 0 measured; 0 filtered out; finished in 1.17s

     Running tests/predecode_entry_safety.rs (target/debug/deps/predecode_entry_safety-ab2a241d29290a90)

running 7 tests
test cached_entry_rechecks_revoked_pmp_execute_permission ... ok
test pmp_change_invalidates_cached_interior_permission ... ok
test guest_mret_invalidates_cached_interior_permission_before_successor ... ok
test dma_write_between_run_chunks_invalidates_before_next_entry ... ok
test mode_change_with_full_grant_retains_cached_code ... ok
test privilege_change_invalidates_cached_interior_permission ... ok
test two_virtual_aliases_reuse_one_physical_entry ... ok

test result: ok. 7 passed; 0 failed; 0 ignored; 0 measured; 0 filtered out; finished in 0.25s

     Running tests/privilege.rs (target/debug/deps/privilege-d67f3b18ad37b362)

running 11 tests
test mode_never_changes_via_plain_csr_write ... ok
test sie_sip_are_mideleg_gated ... ok
test trap_to_s_and_sret_field_shuffle ... ok
test mret_below_m_is_illegal ... ok
test mret_to_u_clears_mprv_then_mcsr_from_u_traps ... ok
test sstatus_write_touches_only_s_bits ... ok
test trap_to_m_and_mret_field_shuffle ... ok
test wfi_traps_when_tw_set_below_m ... ok
test tvm_makes_satp_access_illegal_in_s_mode ... ok
test ecall_cause_depends_on_mode ... ok
test sret_privilege_and_tsr ... ok

test result: ok. 11 passed; 0 failed; 0 ignored; 0 measured; 0 filtered out; finished in 0.01s

     Running tests/reset.rs (target/debug/deps/reset-a0ca1fbe1193769c)

running 4 tests
test writing_x0_leaves_it_zero ... ok
test reset_is_bit_identical_from_any_prior_state ... ok
test fresh_hart_is_in_reset_state ... ok
test reset_after_10k_instructions_matches_fresh ... ok

test result: ok. 4 passed; 0 failed; 0 ignored; 0 measured; 0 filtered out; finished in 0.01s

     Running tests/sv39.rs (target/debug/deps/sv39-b9d06b6f7c8a6080)

running 11 tests
test bare_and_m_mode_are_identity ... ok
test misaligned_superpage_faults ... ok
test mprv_translates_loads_as_mpp_but_not_fetches ... ok
test identity_4k_translation_and_offset ... ok
test non_canonical_va_faults ... ok
test ptw_pte_read_denied_by_pmp_is_access_fault_not_page_fault ... ok
test superpage_2mib_and_1gib_pass_offset_bits ... ok
test svade_a_and_d_trap_then_succeed ... ok
test sum_mxr_and_u_page_privilege ... ok
test invalid_and_reserved_ptes_fault_per_access ... ok
test reserved_high_pte_bits_page_fault ... ok

test result: ok. 11 passed; 0 failed; 0 ignored; 0 measured; 0 filtered out; finished in 0.10s

     Running tests/tlb.rs (target/debug/deps/tlb-d88baeaa50554902)

running 15 tests
test superpage_entry_serves_whole_2mib_range ... ok
test replacement_is_deterministic ... ok
test disabled_tlb_walks_every_access ... ok
test va_targeted_fence_spares_the_alias ... ok
test va_fence_flushes_a_global_entry ... ok
test caches_translation_stale_until_addr_fence ... ok
test permission_recheck_is_live_no_flush_needed ... ok
test full_flush_empties_including_global ... ok
test asid_flush_spares_global_and_other_asid ... ok
test faulting_va_is_never_cached ... ok
test store_not_served_by_load_filled_clean_page ... ok
test sfence_vma_retires_in_s_without_tvm ... ok
test executed_sfence_vma_flushes_only_the_targeted_va ... ok
test sfence_vma_illegal_in_s_when_tvm_set ... ok
test sfence_vma_illegal_in_u_mode ... ok

test result: ok. 15 passed; 0 failed; 0 ignored; 0 measured; 0 filtered out; finished in 0.25s

cargo build -p wasm-vm-core --no-default-features --target wasm32-unknown-unknown
   Compiling typenum v1.20.1
   Compiling bitflags v2.13.0
   Compiling smallvec v1.15.2
   Compiling cfg-if v1.0.4
   Compiling log v0.4.33
   Compiling rustc_apfloat v0.2.3+llvm-462a31f5a5ab
   Compiling generic-array v0.14.7
   Compiling crypto-common v0.1.7
   Compiling block-buffer v0.10.4
   Compiling digest v0.10.7
   Compiling sha2 v0.10.9
   Compiling wasm-vm-core v0.0.1 (/private/var/folders/nr/cyvk1qc14jj5c081vj1xts000000gn/T/tmp.8yisn79bBj/repo/crates/core)
    Finished `dev` profile [unoptimized + debuginfo] target(s) in 1.98s
wasm-pack test --node crates/wasm --test pmp_privilege_audit --test jit_browser_parity -- --nocapture
[INFO]: 🎯  Checking for the Wasm target...
   Compiling unicode-ident v1.0.24
   Compiling once_cell v1.21.4
   Compiling futures-core v0.3.32
   Compiling slab v0.4.12
   Compiling pin-project-lite v0.2.17
   Compiling futures-task v0.3.32
   Compiling serde_core v1.0.228
   Compiling byteorder v1.5.0
   Compiling zmij v1.0.21
   Compiling memchr v2.8.2
   Compiling itoa v1.0.18
   Compiling stable_deref_trait v1.2.1
   Compiling tinyvec_macros v0.1.1
   Compiling wasm-vm-core v0.0.1 (/private/var/folders/nr/cyvk1qc14jj5c081vj1xts000000gn/T/tmp.8yisn79bBj/repo/crates/core)
   Compiling managed v0.8.0
   Compiling bitflags v1.3.2
   Compiling tinyvec v1.12.0
   Compiling libm v0.2.16
   Compiling wasm-bindgen-shared v0.2.126
   Compiling wasm-vm-wasm-emit v0.0.1 (/private/var/folders/nr/cyvk1qc14jj5c081vj1xts000000gn/T/tmp.8yisn79bBj/repo/crates/wasm-emit)
   Compiling wasm-bindgen-test-shared v0.2.126
   Compiling cast v0.3.0
   Compiling nu-ansi-term v0.50.3
   Compiling futures-util v0.3.32
   Compiling hash32 v0.3.1
   Compiling oorandom v11.1.5
   Compiling wasm-bindgen v0.2.126
   Compiling heapless v0.9.3
   Compiling unicode-normalization v0.1.25
   Compiling smoltcp v0.13.1
   Compiling num-traits v0.2.19
   Compiling console_error_panic_hook v0.1.7
   Compiling js-sys v0.3.103
   Compiling serde_json v1.0.150
   Compiling serde v1.0.228
   Compiling wasm-vm-storage v0.0.1 (/private/var/folders/nr/cyvk1qc14jj5c081vj1xts000000gn/T/tmp.8yisn79bBj/repo/crates/storage)
   Compiling wasm-vm-jit-translate v0.0.1 (/private/var/folders/nr/cyvk1qc14jj5c081vj1xts000000gn/T/tmp.8yisn79bBj/repo/crates/jit-translate)
   Compiling wasm-vm-slirp v0.0.0 (/private/var/folders/nr/cyvk1qc14jj5c081vj1xts000000gn/T/tmp.8yisn79bBj/repo/crates/slirp)
   Compiling wasm-bindgen-futures v0.4.76
   Compiling web-sys v0.3.103
   Compiling getrandom v0.2.17
   Compiling wasm-bindgen-test v0.3.76
   Compiling console_log v1.0.0
   Compiling wasm-vm-wasm v0.0.1 (/private/var/folders/nr/cyvk1qc14jj5c081vj1xts000000gn/T/tmp.8yisn79bBj/repo/crates/wasm)
warning: unused import: `Exception`
 --> crates/wasm/tests/hart_ctrl.rs:8:26
  |
8 | use wasm_vm_core::hart::{Exception, Hart};
  |                          ^^^^^^^^^
  |
  = note: `#[warn(unused_imports)]` (part of `#[warn(unused)]`) on by default

warning: `wasm-vm-wasm` (test "hart_ctrl") generated 1 warning (run `cargo fix --test "hart_ctrl" -p wasm-vm-wasm` to apply 1 suggestion)
    Finished `dev` profile [unoptimized + debuginfo] target(s) in 10.37s
[INFO]: ⬇️  Installing wasm-bindgen...
    Finished `test` profile [unoptimized + debuginfo] target(s) in 0.05s
     Running tests/jit_browser_parity.rs (/private/var/folders/nr/cyvk1qc14jj5c081vj1xts000000gn/T/tmp.8yisn79bBj/repo/target/wasm32-unknown-unknown/debug/deps/jit_browser_parity-6cc578c42c9ecada.wasm)
running 35 tests
test browser_handles_remain_bounded_across_retranslation_churn ... ignored, long browser externref/eviction churn; run explicitly for E4-T33 evidence
Invoking test: unexpected_js_exception_fails_closed_without_commit_and_cleans_host
test unexpected_js_exception_fails_closed_without_commit_and_cleans_host ... ok
Invoking test: production_browser_budget_stays_below_measured_instance_cliff
test production_browser_budget_stays_below_measured_instance_cliff ... ok
Invoking test: page_write_invalidates_compiled_block
test page_write_invalidates_compiled_block ... ok
Invoking test: execute_miss_preserves_public_guard_and_guest_state
test execute_miss_preserves_public_guard_and_guest_state ... ok
Invoking test: directed_eviction_through_the_single_ordered_path
test directed_eviction_through_the_single_ordered_path ... ok
Invoking test: compile_instantiate_and_cache_by_phys_pc
test compile_instantiate_and_cache_by_phys_pc ... ok
Invoking test: chain_edge_links_and_unlinks_on_invalidation
test chain_edge_links_and_unlinks_on_invalidation ... ok
Invoking test: bulk_handoff_preserves_all_registers_and_virtual_pc_on_precise_fault
test bulk_handoff_preserves_all_registers_and_virtual_pc_on_precise_fault ... ok
Invoking test: browser_run_chunk_scope_caps_all_internal_subruns_to_eight_installs
test browser_run_chunk_scope_caps_all_internal_subruns_to_eight_installs ... ok
Invoking test: browser_jit_six_op_loop_is_exactly_budgeted
test browser_jit_six_op_loop_is_exactly_budgeted ... ok
Invoking test: browser_jit_matches_interpreter_m_block
test browser_jit_matches_interpreter_m_block ... ok
Invoking test: browser_jit_matches_interpreter_i_block
test browser_jit_matches_interpreter_i_block ... ok
Invoking test: browser_jit_matches_interpreter_a_block
test browser_jit_matches_interpreter_a_block ... ok
Invoking test: browser_inline_tlb_matches_interpreter_for_ram_loop
test browser_inline_tlb_matches_interpreter_for_ram_loop ... ok
Invoking test: browser_inline_static_link_unlinks_and_rearms_after_target_reinstall
test browser_inline_static_link_unlinks_and_rearms_after_target_reinstall ... ok
Invoking test: browser_inline_static_link_refuses_after_execute_permission_change
test browser_inline_static_link_refuses_after_execute_permission_change ... ok
Invoking test: browser_inline_static_guard_rejects_remapped_target_page
test browser_inline_static_guard_rejects_remapped_target_page ... ok
Invoking test: browser_inline_static_cross_page_tail_refuses_before_target_entry
test browser_inline_static_cross_page_tail_refuses_before_target_entry ... ok
Invoking test: browser_inline_static_cross_batch_target_fault_is_precise
test browser_inline_static_cross_batch_target_fault_is_precise ... ok
Invoking test: browser_inline_static_cross_batch_load_store_matches_interpreter
test browser_inline_static_cross_batch_load_store_matches_interpreter ... ok
Invoking test: browser_inline_static_cross_batch_link_executes_and_misses_safely
test browser_inline_static_cross_batch_link_executes_and_misses_safely ... ok
Invoking test: browser_inline_static_code_store_cuts_link_before_target_reuse
test browser_inline_static_code_store_cuts_link_before_target_reuse ... ok
Invoking test: browser_inline_static_chain_reaches_five_blocks_in_one_engine_call
test browser_inline_static_chain_reaches_five_blocks_in_one_engine_call ... ok
Invoking test: browser_inline_raw_store_to_compiled_page_aborts_before_successor
test browser_inline_raw_store_to_compiled_page_aborts_before_successor ... ok
Invoking test: browser_inline_raw_store_commits_reservation_and_code_log
test browser_inline_raw_store_commits_reservation_and_code_log ... ok
Invoking test: browser_inline_dynamic_jalr_links_switch_and_unlinks
test browser_inline_dynamic_jalr_links_switch_and_unlinks ... ok
Invoking test: browser_inline_direct_chain_reports_bounded_retirement
test browser_inline_direct_chain_reports_bounded_retirement ... ok
Invoking test: browser_inline_direct_chain_honors_depth_budget
test browser_inline_direct_chain_honors_depth_budget ... ok
Invoking test: browser_inline_data_store_stays_chained_but_atomic_successor_waits_for_commit
test browser_inline_data_store_stays_chained_but_atomic_successor_waits_for_commit ... ok
Invoking test: browser_handoff_refreshes_after_outer_growth_on_recorded_precise_fault
test browser_handoff_refreshes_after_outer_growth_on_recorded_precise_fault ... ok
Invoking test: browser_handoff_refreshes_after_outer_growth_during_compiled_call
test browser_handoff_refreshes_after_outer_growth_during_compiled_call ... ok
Invoking test: browser_dispatch_reuses_memory_views_without_subarray_allocation
test browser_dispatch_reuses_memory_views_without_subarray_allocation ... ok
Invoking test: browser_clean_dispatch_reuses_cached_outer_view_without_constructor
test browser_clean_dispatch_reuses_cached_outer_view_without_constructor ... ok
Invoking test: browser_batch_skips_unsupported_members_without_fragmenting_valid_blocks
test browser_batch_skips_unsupported_members_without_fragmenting_valid_blocks ... ok

test result: ok. 34 passed; 0 failed; 1 ignored; 0 filtered out; finished in 5.57s

     Running tests/pmp_privilege_audit.rs (/private/var/folders/nr/cyvk1qc14jj5c081vj1xts000000gn/T/tmp.8yisn79bBj/repo/target/wasm32-unknown-unknown/debug/deps/pmp_privilege_audit-abd02abbb7b31b49.wasm)
running 5 tests
Invoking test: su_snapshot_and_host_sequence
test su_snapshot_and_host_sequence ... ok
Invoking test: su_revision_revocation
test su_revision_revocation ... ok
Invoking test: su_midblock_revision_revocation
test su_midblock_revision_revocation ... ok
Invoking test: su_guest_trace_parity
test su_guest_trace_parity ... ok
Invoking test: browser_jit_su_transitions_match_interpreter
test browser_jit_su_transitions_match_interpreter ... ok

test result: ok. 5 passed; 0 failed; 0 ignored; 0 filtered out; finished in 1.61s

node --test tools/verify/e5-t22f-browser.test.mjs
✔ engine acceptance owns profiler, image, output and demo controls (0.371625ms)
✔ frozen engine proof rejects dirty or staged imported runtime and fixture inputs (362.358291ms)
ℹ tests 2
ℹ suites 0
ℹ pass 2
ℹ fail 0
ℹ cancelled 0
ℹ skipped 0
ℹ todo 0
ℹ duration_ms 397.550917
E5_T22C_TOOLS_OUT=target/e5-t22f/display-tools E5_T17B_OUT=target/e5-t22f/desktop-image E5_T17B_IMG_SIZE=1G E5_T17B_PACKAGE_LOCK=tools/image/e5-t18e/MANIFEST.txt E5_T18B_INTERACTIVE=1 E5_T18D_RECOVERY=1 E5_T22C_RESIZE=1 bash tools/image/desktop.sh
   Compiling version_check v0.9.5
   Compiling typenum v1.20.1
   Compiling tinyvec_macros v0.1.1
   Compiling libc v0.2.186
   Compiling cfg-if v1.0.4
   Compiling tinyvec v1.12.0
   Compiling generic-array v0.14.7
   Compiling unicode-normalization v0.1.25
   Compiling crypto-common v0.1.7
   Compiling block-buffer v0.10.4
   Compiling digest v0.10.7
   Compiling sha2 v0.10.9
   Compiling wasm-vm-file-agent-storage v0.0.0 (/private/var/folders/nr/cyvk1qc14jj5c081vj1xts000000gn/T/tmp.8yisn79bBj/repo/crates/file-agent-storage)
   Compiling wasm-vm-file-agent v0.0.0 (/private/var/folders/nr/cyvk1qc14jj5c081vj1xts000000gn/T/tmp.8yisn79bBj/repo/crates/file-agent)
    Finished `release` profile [optimized + debuginfo] target(s) in 8.50s
   Compiling wasm-vm-agent-protocol v0.0.1 (/private/var/folders/nr/cyvk1qc14jj5c081vj1xts000000gn/T/tmp.8yisn79bBj/repo/crates/agent-protocol)
   Compiling wasm-vm-guest-agent v0.0.1 (/private/var/folders/nr/cyvk1qc14jj5c081vj1xts000000gn/T/tmp.8yisn79bBj/repo/guest/agent)
    Finished `release` profile [optimized + debuginfo] target(s) in 0.45s
   Compiling wasm-vm-wvseccomp v0.0.0 (/private/var/folders/nr/cyvk1qc14jj5c081vj1xts000000gn/T/tmp.8yisn79bBj/repo/crates/wvseccomp)
    Finished `release` profile [optimized + debuginfo] target(s) in 0.21s
DEPRECATED: The legacy builder is deprecated and will be removed in a future release.
            Install the buildx component to build images with BuildKit:
            https://docs.docker.com/go/buildx/

fetch https://dl-cdn.alpinelinux.org/alpine/v3.20/community/riscv64/APKINDEX.tar.gz
fetch https://dl-cdn.alpinelinux.org/alpine/v3.20/main/riscv64/APKINDEX.tar.gz
OK: 0 MiB in 0 packages
diff: can't stat '/packages.txt/PACKAGES.txt': No such file or directory
make: *** [verify-E5-T22f] Error 1
cold_clone: kept /var/folders/nr/cyvk1qc14jj5c081vj1xts000000gn/T/tmp.8yisn79bBj
cold_clone: verify-E5-T22f FAILED (exit 2)
