]3008;end=d3474562-5c8c-4a2f-bfb6-815d01da0d1b;exit=success\

__WVEND_mu3mmc0o0_0
]3008;end=8f3f45aa-4b25-499d-a71b-b15ddd177401;exit=success\]3008;start=f3d5acc2-ac06-4c6e-9ba5-6583adc47fcc;machineid=5abb4fe4a18644f197581438bd6ee2c7;user=omarchy;hostname=omarchy-demo;bootid=450d9a5f-1fc8-440a-9d2a-21bff69195d1;pid=00000000000000000174;type=shell;cwd=/home/omarchy\[?2004h[omarchy@omarchy-demo ~]$ 
__WVEND_mu3mnkj31_0
]3008;end=b477822f-042a-4e93-823d-8f3f75996ed5;exit=success\
__WVEND_mu3moo6d2_75
]3008;end=68be82b3-b979-4170-9609-2a8273f0393b;exit=success\
__WVEND_mu3mos1i3_75
]3008;end=ab0d02b5-558b-4f59-a6bd-18b53aae7e87;exit=success\
__WVEND_mu3mox4k4_75
]3008;end=c137fc96-dfef-4528-bbfd-0197b3a7a429;exit=success\
__WVEND_mu3mp2ry5_75
]3008;end=0bdbb05c-e4dd-45b5-b049-6656434458bb;exit=success\
__WVEND_mu3mp8t76_75
]3008;end=8af2194b-e34e-41a7-a78b-c8ac3155551d;exit=success\
__WVEND_mu3mpe347_75
]3008;end=025525aa-9c6d-43c0-b0c4-fa17bb3939a9;exit=success\
__WVEND_mu3mpin48_75
]3008;end=be37a2c7-86b5-42a8-a37a-e8fa7d46e09a;exit=success\
__WVEND_mu3mpnqe9_75
]3008;end=9d4f4d8a-8cce-4ebc-ac20-b5fb7a250b4e;exit=success\
__WVEND_mu3mpsnf10_75
]3008;end=bb37d754-4cc4-4178-937c-27afb2e7e96d;exit=success\__WVEND_mu3mq02f11_75
]3008;end=61bd07d3-2b49-49e4-abee-8e4e27051241;exit=success\
__WVEND_mu3mq7mj12_75
]3008;end=59f3db7c-6b6c-46b7-bde6-5f6f0a5cf463;exit=success\
__WVEND_mu3mqfnp13_75
]3008;end=1d3697a7-4fd9-4589-b222-ab3bceef1dec;exit=success\
__WVEND_mu3mqnen14_75
]3008;end=28b06a94-9ed4-4fb4-82ef-d5037e0f6869;exit=success\
__WVEND_mu3mqux815_75
]3008;end=de512908-e286-4b30-9b46-48af0a74b8dc;exit=success\