✔ offline names cannot be applied to different executable bytes (2.082458ms)
✔ time-weighted samples resolve only the bound module, retaining unrelated JIT names (0.360917ms)
✔ service-isolated startup failure is retained without claiming input acceptance (1.011166ms)
✔ rejects unsolicited agent frames, hidden Explorer and Docker calls (0.932708ms)
✔ does not accept a success label without physical input, timing and fresh frames (2.350666ms)
✔ trial is local, explicit, fixed-budget and does not accept renderer/timeout tuning (1.700375ms)
✔ residency URLs differ only in the fixed module cap with recycling disabled (0.513583ms)
✔ residency checks the actual selected cap and rejects recycling or policy drift (0.415541ms)
✔ pair driver rejects unknown experiments before starting any arm (3.091209ms)
✔ arm URLs have exactly one policy difference and forbid inherited query tuning (0.254375ms)
✔ all four R3 source bindings and image layout must match (0.290916ms)
✔ actual runtime must match the selected arm with observer/timing off (1.953208ms)
✔ deadline accounts for queue delay and rejects late completion without starting expired work (6.191416ms)
✔ real recorder retains physical-only writing, fixed deadlines, fresh presentation and owned shutdown (1.322042ms)
✔ captured-real R2: diagnostic observations and both raw process samples validate (13.221333ms)
✔ captured-real mutation: untrusted physical input is rejected (2.349125ms)
✔ captured-real mutation: changed actual clock is rejected (2.34825ms)
✔ captured-real mutation: wrong R3 source hash is rejected (2.194959ms)
✔ captured-real mutation: modified raw process output disagrees with the wire (7.163ms)
✔ captured-real mutation: extra explicit serial command is rejected (6.709375ms)
✔ captured-real mutation: a long completed RPC cannot fit a forged 1000ms sample envelope (5.752792ms)
✔ captured-real mutation: RPC remaining timeout cannot exceed the outer deadline (5.81325ms)
✔ verifier P7: forged 1000ms budget and early finish cannot hide unchanged 49488ms RPC (5.843417ms)
✔ owned watchdog caps setup and navigation once, and normal close cancels timers (0.802292ms)
✔ post-verdict capture has one fixed extra allowance and messages cannot rearm it (0.191ms)
✔ stalled owned browser/recorder is killed and missing close settles as unconfirmed (2.035167ms)
✔ already exited browser is not killed; watchdog intervention never looks like a normal pass (0.135459ms)
✔ future/invalid navigation cannot extend setup (0.081375ms)
✔ recorder exit cannot orphan its browser or kill an already-exited recorder group (0.121708ms)
✔ exit before stdio close never sends a later watchdog signal to the exited recorder (0.082792ms)
✔ synthetic actual input-trial reaches physical keys without mapped-client/active-window RPCs (19.082584ms)
✔ synthetic capture and verify retain actual mapped-Foot and active-window checks before keys (4.886667ms)
✔ synthetic missing application readiness or lost canvas focus forbids any key (1.2535ms)
✔ synthetic actual nonce reader rejects mismatched bytes in a successful RPC response (12.713ms)
✔ synthetic late typing/readback and stale presentation cannot publish success (52.322583ms)
✔ synthetic timing observation uses same-page actual recorded event fields, not probe completion (12.472792ms)
✔ profile validates exact worker, span, sample references and an unambiguous tree (3.503875ms)
✔ capture cannot attach before failed deadline or without the failure image (2.392125ms)
✔ synthetic capture preserves failed verdict and binds raw bytes; not a guest success fixture (3.326417ms)
✔ a profiler that mutates the verdict is rejected and closed without a usable profile (1.409417ms)
✔ cleanup timing annotations do not change the frozen input verdict (0.188042ms)
✔ an attachment completing after the fixed capture deadline cannot start sampling (0.895375ms)
✔ absent desktop residency stays undefined so the loader retains its default (1.487958ms)
✔ desktop forwards existing repack-off policy unchanged to the worker boundary (0.276333ms)
✔ desktop forwards existing cap-256 policy unchanged to the worker boundary (0.239ms)
✔ desktop forwards existing cap-1024 policy unchanged to the worker boundary (0.238334ms)
✔ desktop does not normalize empty or unsupported labels into a default (0.828209ms)
✔ cold recycling omission/false never accesses the machine; invalid values are not coerced (0.480167ms)
✔ explicit recycling verifies the actual executor and enabled report without implicit JIT (0.695417ms)
✔ local-origin gate accepts only the requested loopback origins (0.318042ms)
✔ loader has a default-off strict selection gate before any asset fetch (1.581083ms)
✔ loader applies recycling after restore and before execution, with no controller mutation RPC (0.104666ms)
✔ Omarchy selects recycling only for literal 1 on a loopback origin (2.939375ms)
✔ lazy Omarchy discards pre-controller and dormant bytes; availability reads are passive (2.762958ms)
✔ CLI retains a bounded owned pre-controller queue and automatically starts exactly once (0.926333ms)
✔ retired lazy references cannot activate; old active transports cannot send into any owner (0.39825ms)
✔ explicit restore uses the real Channel fresh HELLO, not preloaded Omarchy output (14.077959ms)
✔ actual main publishes the winning generation during early guest-ready, never query identity (2.576416ms)
✔ actual main supplied restore bypasses default; omitted channel activates one shared session (0.728709ms)
✔ actual main fences retirement immediately and ignores late callbacks/retained channels (1.573583ms)
✔ requires a mapped Omarchy bar and background, not a process or login banner (0.853375ms)
✔ a black or solid framebuffer is not rendered desktop evidence (3.853458ms)
✔ the actual ready lifecycle is once per authoritative generation and isolates Omarchy (3.1445ms)
✔ actual RPC gate rejects no-owner/retired work and fences late CLI completion (0.715583ms)
✔ the authoritative Omarchy key blocks service RPC even when the page is not marked desktop (0.3115ms)
✔ desktop control entry points remain wired to the existing production bridges (0.224083ms)
✔ host-only preboot Docker affordance remains available, but an Omarchy owner blocks it (0.261167ms)
✔ a retired CLI log refresh cannot create a stream for the Omarchy owner (0.606666ms)
✔ retired catalog/probe/snapshot/container completions cannot repaint a replacement owner (1.750542ms)
✔ retired container action completion cannot apply to the next session (0.563833ms)
ℹ tests 70
ℹ suites 0
ℹ pass 70
ℹ fail 0
ℹ cancelled 0
ℹ skipped 0
ℹ todo 0
ℹ duration_ms 147.546875
