✔ completion is absent by default and requires exact string 1 plus reuse (1.831583ms)
✔ completion rejects every tuning/instrumentation/command flag, including empty values (0.287708ms)
✔ completion permits existing bounded key delay without altering the command or tuning defaults (0.136167ms)
✔ only the dedicated cap AssertionError with valid original boundaries can be retained (2.877ms)
✔ completion executes real normal audit, drag phases and second restore, persists diagnostics then rethrows original cap (2.556541ms)
✔ completion at the exact cap stays diagnostic and never takes the normal artifact path (0.890167ms)
✔ missing guest release proof blocks functional completion and retains the original timing cap with the later error (0.882917ms)
✔ F1: completed evidence rethrows the exact cap without a duplicate failed phase or failure artifact (1.232583ms)
✔ F1: only the identical successfully reported cap bypasses outer failure reporting (1.301459ms)
✔ F1: the original cap thrown by an incomplete final write must not be treated as already reported (1.709875ms)
✔ F1: a different error from final stdout reporting remains captured after successful completion writes (0.688625ms)
✔ ordinary reuse keeps its original cap failure and early diagnostic-only success (0.707458ms)
✔ functional assertions fail fast, including an unrelated failure with the cap's identical shape (3.629166ms)
✔ later {"failAudit":"normal"} failure retains timing evidence and refuses completion success (0.439125ms)
✔ later {"failAudit":"drag"} failure retains timing evidence and refuses completion success (0.569208ms)
✔ later {"failRestore":true} failure retains timing evidence and refuses completion success (0.829084ms)
✔ persistent-context identity uses CDP with no Browser object and always detaches (0.573959ms)
✔ finish refuses a dropped cap or contradictory metadata before writing any completion success (10.333458ms)
✔ observed drag translation accepts only finite same-row rightward 64..96px geometry (0.471875ms)
✔ drag translation permits only the exact 32px panel clamp or same-row rounding with unchanged height (0.339083ms)
✔ drag proof polls read-only geometry before pausing and independently rechecks the paused titlebar (0.894792ms)
✔ missing, stale, wrong-direction and wrong-window drag evidence expires at 15s without pausing or saving (2.41775ms)
✔ pause refusal or a superseded paused titlebar cannot satisfy drag proof or publish a checkpoint (1.045125ms)
✔ F2: default normal snapshot confirms pause, saves, and audits the frozen pair before declaring normal ready (0.530875ms)
✔ F2: an unconfirmed default normal pause refuses before any snapshot save (0.335375ms)
✔ F2: default normal publication refuses a generation advance and retains the actual failed audit (0.386708ms)
✔ frozen checkpoint audit reads both pause/generation endpoints and the actual session envelope in order (0.623625ms)
✔ frozen checkpoint audit refuses stale, advancing, unpaused or mismatched-envelope state and retains raw observations (9.284ms)
✔ a failed frozen audit at publication or before reload stays fail-fast and preserves the original timing failure (1.354125ms)
✔ completion output guard permits only new/empty output and runs before browser or failure capture (0.996292ms)
✔ hover reader selects the latest coordinate-bearing tablet move without modifying the frame ledger (1.50375ms)
✔ a no-click mapped move requires cursor acknowledgment followed by one full second of stationary observations (1.12125ms)
✔ one-pixel titlebar rounding and normalized-frame rounding are accepted, not treated as drag (0.499125ms)
✔ the restored rectangle must identify the actual paused saved window before any hover move (3.178333ms)
✔ missing/ambiguous observed titlebars and two-pixel motion on every edge refuse (2.707708ms)
✔ a delayed compositor movement after initial cursor acknowledgment still fails (0.467458ms)
✔ frame coordinates, device/source, fresh frame count and actual guest cursor are all required (9.155625ms)
✔ held buttons at either boundary and a missing pointer baseline cannot stand in for guest release (1.123042ms)
✔ the no-click target must stay below the panel and visibly separated from the saved endpoint (0.509958ms)
✔ invalid initial timestamps refuse before input and NaN/infinite/regressing samples cannot satisfy the interval (1.8375ms)
✔ even a nonadvancing observation clock remains bounded by the real 15-second polling deadline (0.905125ms)
✔ the independent 64-sample guard refuses before a 65th browser observation (1.028708ms)
✔ the existing uppercase and shifted-symbol map retains every base key and physical transition order (3.200625ms)
✔ default 100ms setup pacing separates lowercase, modifier and shifted-symbol edges at exact times (0.557125ms)
✔ explicit zero keeps the identical key sequence with no additional waits (0.652417ms)
✔ unmapped controls and high characters retain type passthrough without fabricated Shift transitions (0.41675ms)
✔ typeCommand preserves command/marker and holds Enter for the selected delay with no extra trailing wait (1.066542ms)
✔ the actual 5ms post-restore command charges all 95ms to the original T0 and keeps the two-second cap (1.095584ms)
✔ the transition oracle kills the former burst helper even if its final elapsed time is padded to match (0.421625ms)
ℹ tests 49
ℹ suites 0
ℹ pass 49
ℹ fail 0
ℹ cancelled 0
ℹ skipped 0
ℹ todo 0
ℹ duration_ms 91.726666
