[e5-t26f] {"phase":"server:startup","event":"start","timestamp":"2026-09-08T05:28:48.600Z","elapsedMs":1}
[e5-t26f] DIAGNOSTIC ITERATION ONLY — not acceptance; retained profiles are never deleted
[e5-t26f] {"phase":"server:startup","event":"done","timestamp":"2026-09-08T05:28:48.911Z","elapsedMs":312}
[e5-t26f] {"phase":"browser:launch","event":"start","timestamp":"2026-09-08T05:28:48.911Z","elapsedMs":312}
[e5-t26f] {"phase":"browser:launch","event":"done","timestamp":"2026-09-08T05:28:51.003Z","elapsedMs":2404}
[e5-t26f] {"phase":"browser:initial-load","event":"start","timestamp":"2026-09-08T05:28:51.004Z","elapsedMs":2405}
[e5-t26f] {"phase":"browser:initial-load","event":"done","timestamp":"2026-09-08T05:28:51.153Z","elapsedMs":2554}
[e5-t26f] {"phase":"readiness:initial desktop ready","event":"start","timestamp":"2026-09-08T05:28:51.153Z","elapsedMs":2554}
[e5-t26f] {"timestamp":"2026-09-08T05:29:21.004Z","phase":"readiness:initial desktop ready","event":"sample","probeMs":2,"ready":null,"restored":null,"status":"linux: booting","serialTail":"nit as init process\r\n\r\n   OpenRC 0.54 is starting up Linux 6.6.63 (riscv64)\r\n\r\n * Mounting /proc ... [ ok ]\r\n * Mounting /run ... [ ok ]\r\n * /run/openrc: creating directory\r\n * /run/lock: creating directory\r\n * /run/lock: correcting owner\r\n","frameCount":4,"pointerFrames":0,"keyboardFrames":0,"launch":null,"command":null,"focus":null,"agent":{"state":"idle","transportGeneration":0,"bytesReceived":0,"bytesSent":0,"pendingBytes":0},"presentation":{"successfulPresents":4,"scheduler":null},"audio":{"policy":"locked","context":"suspended","renderedFrames":847767,"pcm":{"available":true,"writeIndex":0,"readIndex":0,"fillFrames":0,"capacityFrames":4096,"writtenFrames":4096,"inspectedFrames":4096,"nonSilentFrames":0,"maxAbs":0}}}
[e5-t26f] {"timestamp":"2026-09-08T05:29:51.003Z","phase":"readiness:initial desktop ready","event":"sample","probeMs":1,"ready":null,"restored":null,"status":"linux: booting","serialTail":"reating directory\r\n * /run/lock: correcting owner\r\n * Caching service dependencies ... [ ok ]\r\n * Remounting devtmpfs on /dev ... [ ok ]\r\n * Mounting /dev/mqueue ... [ ok ]\r\n * Mounting /dev/pts ... [ ok ]\r\n * Mounting /dev/shm ... [ ok ]\r\n","frameCount":4,"pointerFrames":0,"keyboardFrames":0,"launch":null,"command":null,"focus":null,"agent":{"state":"idle","transportGeneration":0,"bytesReceived":0,"bytesSent":0,"pendingBytes":0},"presentation":{"successfulPresents":4,"scheduler":null},"audio":{"policy":"locked","context":"suspended","renderedFrames":1669143,"pcm":{"available":true,"writeIndex":0,"readIndex":0,"fillFrames":0,"capacityFrames":4096,"writtenFrames":4096,"inspectedFrames":4096,"nonSilentFrames":0,"maxAbs":0}}}
[e5-t26f] {"timestamp":"2026-09-08T05:30:21.003Z","phase":"readiness:initial desktop ready","event":"sample","probeMs":1,"ready":null,"restored":null,"status":"linux: booting","serialTail":"]\r\n * Mounting security filesystem ... [ ok ]\r\n * Mounting debug filesystem ... [ ok ]\r\n * Starting udev ... [ ok ]\r\n * Generating a rule to create a /dev/root symlink ... [ ok ]\r\n * Populating /dev with existing devices through uevents ...","frameCount":4,"pointerFrames":0,"keyboardFrames":0,"launch":null,"command":null,"focus":null,"agent":{"state":"idle","transportGeneration":0,"bytesReceived":0,"bytesSent":0,"pendingBytes":0},"presentation":{"successfulPresents":4,"scheduler":null},"audio":{"policy":"locked","context":"suspended","renderedFrames":2444055,"pcm":{"available":true,"writeIndex":0,"readIndex":0,"fillFrames":0,"capacityFrames":4096,"writtenFrames":4096,"inspectedFrames":4096,"nonSilentFrames":0,"maxAbs":0}}}
[e5-t26f] {"timestamp":"2026-09-08T05:30:51.004Z","phase":"readiness:initial desktop ready","event":"sample","probeMs":0,"ready":null,"restored":null,"status":"linux: booting","serialTail":" ok ]\r\n * Mounting debug filesystem ... [ ok ]\r\n * Starting udev ... [ ok ]\r\n * Generating a rule to create a /dev/root symlink ... [ ok ]\r\n * Populating /dev with existing devices through uevents ... [ ok ]\r\n * Loading hardware drivers ...","frameCount":4,"pointerFrames":0,"keyboardFrames":0,"launch":null,"command":null,"focus":null,"agent":{"state":"idle","transportGeneration":0,"bytesReceived":0,"bytesSent":0,"pendingBytes":0},"presentation":{"successfulPresents":4,"scheduler":null},"audio":{"policy":"locked","context":"suspended","renderedFrames":3219095,"pcm":{"available":true,"writeIndex":0,"readIndex":0,"fillFrames":0,"capacityFrames":4096,"writtenFrames":4096,"inspectedFrames":4096,"nonSilentFrames":0,"maxAbs":0}}}
[e5-t26f] {"timestamp":"2026-09-08T05:31:21.005Z","phase":"readiness:initial desktop ready","event":"sample","probeMs":1,"ready":null,"restored":null,"status":"linux: booting","serialTail":" ok ]\r\n * Mounting debug filesystem ... [ ok ]\r\n * Starting udev ... [ ok ]\r\n * Generating a rule to create a /dev/root symlink ... [ ok ]\r\n * Populating /dev with existing devices through uevents ... [ ok ]\r\n * Loading hardware drivers ...","frameCount":4,"pointerFrames":0,"keyboardFrames":0,"launch":null,"command":null,"focus":null,"agent":{"state":"idle","transportGeneration":0,"bytesReceived":0,"bytesSent":0,"pendingBytes":0},"presentation":{"successfulPresents":4,"scheduler":null},"audio":{"policy":"locked","context":"suspended","renderedFrames":3995159,"pcm":{"available":true,"writeIndex":0,"readIndex":0,"fillFrames":0,"capacityFrames":4096,"writtenFrames":4096,"inspectedFrames":4096,"nonSilentFrames":0,"maxAbs":0}}}
[e5-t26f] {"timestamp":"2026-09-08T05:31:51.006Z","phase":"readiness:initial desktop ready","event":"sample","probeMs":1,"ready":null,"restored":null,"status":"linux: booting","serialTail":" ok ]\r\n * Mounting debug filesystem ... [ ok ]\r\n * Starting udev ... [ ok ]\r\n * Generating a rule to create a /dev/root symlink ... [ ok ]\r\n * Populating /dev with existing devices through uevents ... [ ok ]\r\n * Loading hardware drivers ...","frameCount":4,"pointerFrames":0,"keyboardFrames":0,"launch":null,"command":null,"focus":null,"agent":{"state":"idle","transportGeneration":0,"bytesReceived":0,"bytesSent":0,"pendingBytes":0},"presentation":{"successfulPresents":4,"scheduler":null},"audio":{"policy":"locked","context":"suspended","renderedFrames":4770071,"pcm":{"available":true,"writeIndex":0,"readIndex":0,"fillFrames":0,"capacityFrames":4096,"writtenFrames":4096,"inspectedFrames":4096,"nonSilentFrames":0,"maxAbs":0}}}
[e5-t26f] {"timestamp":"2026-09-08T05:32:21.008Z","phase":"readiness:initial desktop ready","event":"sample","probeMs":1,"ready":null,"restored":null,"status":"linux: booting","serialTail":"ng system clock using the hardware clock [UTC] ...hwclock: select() to /dev/rtc0 to wait for clock tick timed out\r\n * Failed to set the system clock\r\n [ !! ]\r\n * Checking local filesystems  ... [ ok ]\r\n * Remounting filesystems ... [ ok ]\r\n","frameCount":4,"pointerFrames":0,"keyboardFrames":0,"launch":null,"command":null,"focus":null,"agent":{"state":"idle","transportGeneration":0,"bytesReceived":0,"bytesSent":0,"pendingBytes":0},"presentation":{"successfulPresents":4,"scheduler":null},"audio":{"policy":"locked","context":"suspended","renderedFrames":5545751,"pcm":{"available":true,"writeIndex":0,"readIndex":0,"fillFrames":0,"capacityFrames":4096,"writtenFrames":4096,"inspectedFrames":4096,"nonSilentFrames":0,"maxAbs":0}}}
[e5-t26f] {"timestamp":"2026-09-08T05:32:51.007Z","phase":"readiness:initial desktop ready","event":"sample","probeMs":1,"ready":null,"restored":null,"status":"linux: booting","serialTail":"ser login records ... [ ok ]\r\n * Cleaning /tmp directory ... [ ok ]\r\n * Setting hostname ... [ ok ]\r\n * Seeding random number generator ... * Saving 256 bits of creditable seed for next boot\r\n [ ok ]\r\n * Starting busybox syslog ... [ ok ]\r\n","frameCount":4,"pointerFrames":0,"keyboardFrames":0,"launch":null,"command":null,"focus":null,"agent":{"state":"idle","transportGeneration":0,"bytesReceived":0,"bytesSent":0,"pendingBytes":0},"presentation":{"successfulPresents":4,"scheduler":null},"audio":{"policy":"locked","context":"suspended","renderedFrames":6321431,"pcm":{"available":true,"writeIndex":0,"readIndex":0,"fillFrames":0,"capacityFrames":4096,"writtenFrames":4096,"inspectedFrames":4096,"nonSilentFrames":0,"maxAbs":0}}}
[e5-t26f] {"timestamp":"2026-09-08T05:33:21.008Z","phase":"readiness:initial desktop ready","event":"sample","probeMs":1,"ready":null,"restored":null,"status":"linux: booting","serialTail":"table seed for next boot\r\n [ ok ]\r\n * Starting busybox syslog ... [ ok ]\r\n * Starting seatd ... [ ok ]\r\n * Waiting for uevents to be processed ... [ ok ]\r\n * Starting networking ... *   lo ... [ ok ]\r\n *   eth0 ...udhcpc: started, v1.36.1\r\n","frameCount":4,"pointerFrames":0,"keyboardFrames":0,"launch":null,"command":null,"focus":null,"agent":{"state":"idle","transportGeneration":0,"bytesReceived":0,"bytesSent":0,"pendingBytes":0},"presentation":{"successfulPresents":4,"scheduler":null},"audio":{"policy":"locked","context":"suspended","renderedFrames":7097751,"pcm":{"available":true,"writeIndex":0,"readIndex":0,"fillFrames":0,"capacityFrames":4096,"writtenFrames":4096,"inspectedFrames":4096,"nonSilentFrames":0,"maxAbs":0}}}
[e5-t26f] {"timestamp":"2026-09-08T05:33:51.008Z","phase":"readiness:initial desktop ready","event":"sample","probeMs":1,"ready":null,"restored":null,"status":"linux: booting","serialTail":"hcpc: no lease, forking to background\r\n [ ok ]\r\n * Starting wasm-vm file transfer agent ... [ ok ]\r\n * Starting wasm-vm virtio agent ... [ ok ]\r\n\r\r\nWelcome to Alpine Linux 3.20\r\n\rKernel 6.6.63 on an riscv64 (/dev/ttyS0)\r\n\r\r\n\rwasm-vm login: ","frameCount":12,"pointerFrames":0,"keyboardFrames":0,"launch":null,"command":null,"focus":null,"agent":{"state":"idle","transportGeneration":0,"bytesReceived":18,"bytesSent":0,"pendingBytes":18},"presentation":{"successfulPresents":12,"scheduler":null},"audio":{"policy":"locked","context":"suspended","renderedFrames":7873559,"pcm":{"available":true,"writeIndex":0,"readIndex":0,"fillFrames":0,"capacityFrames":4096,"writtenFrames":4096,"inspectedFrames":4096,"nonSilentFrames":0,"maxAbs":0}}}
[e5-t26f] {"timestamp":"2026-09-08T05:34:21.008Z","phase":"readiness:initial desktop ready","event":"sample","probeMs":1,"ready":null,"restored":null,"status":"linux: booting","serialTail":"hcpc: no lease, forking to background\r\n [ ok ]\r\n * Starting wasm-vm file transfer agent ... [ ok ]\r\n * Starting wasm-vm virtio agent ... [ ok ]\r\n\r\r\nWelcome to Alpine Linux 3.20\r\n\rKernel 6.6.63 on an riscv64 (/dev/ttyS0)\r\n\r\r\n\rwasm-vm login: ","frameCount":13,"pointerFrames":0,"keyboardFrames":0,"launch":null,"command":null,"focus":null,"agent":{"state":"idle","transportGeneration":0,"bytesReceived":18,"bytesSent":0,"pendingBytes":18},"presentation":{"successfulPresents":13,"scheduler":null},"audio":{"policy":"locked","context":"suspended","renderedFrames":8648855,"pcm":{"available":true,"writeIndex":0,"readIndex":0,"fillFrames":0,"capacityFrames":4096,"writtenFrames":4096,"inspectedFrames":4096,"nonSilentFrames":0,"maxAbs":0}}}
[e5-t26f] {"timestamp":"2026-09-08T05:34:51.008Z","phase":"readiness:initial desktop ready","event":"sample","probeMs":1,"ready":null,"restored":null,"status":"linux: booting","serialTail":"hcpc: no lease, forking to background\r\n [ ok ]\r\n * Starting wasm-vm file transfer agent ... [ ok ]\r\n * Starting wasm-vm virtio agent ... [ ok ]\r\n\r\r\nWelcome to Alpine Linux 3.20\r\n\rKernel 6.6.63 on an riscv64 (/dev/ttyS0)\r\n\r\r\n\rwasm-vm login: ","frameCount":13,"pointerFrames":0,"keyboardFrames":0,"launch":null,"command":null,"focus":null,"agent":{"state":"idle","transportGeneration":0,"bytesReceived":18,"bytesSent":0,"pendingBytes":18},"presentation":{"successfulPresents":13,"scheduler":null},"audio":{"policy":"locked","context":"suspended","renderedFrames":9424791,"pcm":{"available":true,"writeIndex":0,"readIndex":0,"fillFrames":0,"capacityFrames":4096,"writtenFrames":4096,"inspectedFrames":4096,"nonSilentFrames":0,"maxAbs":0}}}
[e5-t26f] {"timestamp":"2026-09-08T05:35:21.010Z","phase":"readiness:initial desktop ready","event":"sample","probeMs":1,"ready":null,"restored":null,"status":"linux: booting","serialTail":"hcpc: no lease, forking to background\r\n [ ok ]\r\n * Starting wasm-vm file transfer agent ... [ ok ]\r\n * Starting wasm-vm virtio agent ... [ ok ]\r\n\r\r\nWelcome to Alpine Linux 3.20\r\n\rKernel 6.6.63 on an riscv64 (/dev/ttyS0)\r\n\r\r\n\rwasm-vm login: ","frameCount":13,"pointerFrames":0,"keyboardFrames":0,"launch":null,"command":null,"focus":null,"agent":{"state":"idle","transportGeneration":0,"bytesReceived":18,"bytesSent":0,"pendingBytes":18},"presentation":{"successfulPresents":13,"scheduler":null},"audio":{"policy":"locked","context":"suspended","renderedFrames":10201623,"pcm":{"available":true,"writeIndex":0,"readIndex":0,"fillFrames":0,"capacityFrames":4096,"writtenFrames":4096,"inspectedFrames":4096,"nonSilentFrames":0,"maxAbs":0}}}
[e5-t26f] {"timestamp":"2026-09-08T05:35:51.010Z","phase":"readiness:initial desktop ready","event":"sample","probeMs":1,"ready":null,"restored":null,"status":"linux: booting","serialTail":"hcpc: no lease, forking to background\r\n [ ok ]\r\n * Starting wasm-vm file transfer agent ... [ ok ]\r\n * Starting wasm-vm virtio agent ... [ ok ]\r\n\r\r\nWelcome to Alpine Linux 3.20\r\n\rKernel 6.6.63 on an riscv64 (/dev/ttyS0)\r\n\r\r\n\rwasm-vm login: ","frameCount":13,"pointerFrames":0,"keyboardFrames":0,"launch":null,"command":null,"focus":null,"agent":{"state":"idle","transportGeneration":0,"bytesReceived":18,"bytesSent":0,"pendingBytes":18},"presentation":{"successfulPresents":13,"scheduler":null},"audio":{"policy":"locked","context":"suspended","renderedFrames":10978711,"pcm":{"available":true,"writeIndex":0,"readIndex":0,"fillFrames":0,"capacityFrames":4096,"writtenFrames":4096,"inspectedFrames":4096,"nonSilentFrames":0,"maxAbs":0}}}
[e5-t26f] {"timestamp":"2026-09-08T05:36:21.011Z","phase":"readiness:initial desktop ready","event":"sample","probeMs":1,"ready":null,"restored":null,"status":"linux: booting","serialTail":"hcpc: no lease, forking to background\r\n [ ok ]\r\n * Starting wasm-vm file transfer agent ... [ ok ]\r\n * Starting wasm-vm virtio agent ... [ ok ]\r\n\r\r\nWelcome to Alpine Linux 3.20\r\n\rKernel 6.6.63 on an riscv64 (/dev/ttyS0)\r\n\r\r\n\rwasm-vm login: ","frameCount":17,"pointerFrames":0,"keyboardFrames":0,"launch":null,"command":null,"focus":null,"agent":{"state":"idle","transportGeneration":0,"bytesReceived":18,"bytesSent":0,"pendingBytes":18},"presentation":{"successfulPresents":17,"scheduler":null},"audio":{"policy":"locked","context":"suspended","renderedFrames":11755031,"pcm":{"available":true,"writeIndex":0,"readIndex":0,"fillFrames":0,"capacityFrames":4096,"writtenFrames":4096,"inspectedFrames":4096,"nonSilentFrames":0,"maxAbs":0}}}
[e5-t26f] {"phase":"readiness:initial desktop ready","event":"done","timestamp":"2026-09-08T05:36:36.020Z","elapsedMs":467421}
[e5-t26f] {"phase":"launch:e5-t26f-terminal-1","event":"start","timestamp":"2026-09-08T05:36:38.037Z","elapsedMs":469438}
[e5-t26f] {"timestamp":"2026-09-08T05:36:51.012Z","phase":"launch:e5-t26f-terminal-1","event":"sample","probeMs":1,"ready":"ready","restored":null,"status":"desktop ready: launcher available","serialTail":"hcpc: no lease, forking to background\r\n [ ok ]\r\n * Starting wasm-vm file transfer agent ... [ ok ]\r\n * Starting wasm-vm virtio agent ... [ ok ]\r\n\r\r\nWelcome to Alpine Linux 3.20\r\n\rKernel 6.6.63 on an riscv64 (/dev/ttyS0)\r\n\r\r\n\rwasm-vm login: ","frameCount":25,"pointerFrames":3,"keyboardFrames":0,"launch":{"label":"e5-t26f-terminal-1","marker":null,"accepted":null,"terminalRendered":false,"terminalMarkerSeen":null,"visualDiffPixels":365,"guestVisible":null,"pointerFrames":null,"keyboardFrames":null},"command":null,"focus":null,"agent":{"state":"ready","transportGeneration":2,"bytesReceived":54,"bytesSent":36,"pendingBytes":0},"presentation":{"successfulPresents":25,"scheduler":null},"audio":{"policy":"unlocked","context":"running","renderedFrames":12790935,"pcm":{"available":true,"writeIndex":0,"readIndex":0,"fillFrames":0,"capacityFrames":4096,"writtenFrames":4096,"inspectedFrames":4096,"nonSilentFrames":0,"maxAbs":0}}}
[e5-t26f] {"timestamp":"2026-09-08T05:37:21.013Z","phase":"launch:e5-t26f-terminal-1","event":"sample","probeMs":1,"ready":"ready","restored":null,"status":"desktop ready: launcher available","serialTail":"hcpc: no lease, forking to background\r\n [ ok ]\r\n * Starting wasm-vm file transfer agent ... [ ok ]\r\n * Starting wasm-vm virtio agent ... [ ok ]\r\n\r\r\nWelcome to Alpine Linux 3.20\r\n\rKernel 6.6.63 on an riscv64 (/dev/ttyS0)\r\n\r\r\n\rwasm-vm login: ","frameCount":28,"pointerFrames":3,"keyboardFrames":0,"launch":{"label":"e5-t26f-terminal-1","marker":null,"accepted":null,"terminalRendered":false,"terminalMarkerSeen":null,"visualDiffPixels":411,"guestVisible":null,"pointerFrames":null,"keyboardFrames":null},"command":null,"focus":null,"agent":{"state":"ready","transportGeneration":2,"bytesReceived":54,"bytesSent":36,"pendingBytes":0},"presentation":{"successfulPresents":28,"scheduler":null},"audio":{"policy":"unlocked","context":"running","renderedFrames":14231191,"pcm":{"available":true,"writeIndex":0,"readIndex":0,"fillFrames":0,"capacityFrames":4096,"writtenFrames":4096,"inspectedFrames":4096,"nonSilentFrames":0,"maxAbs":0}}}
[e5-t26f] {"phase":"launch:e5-t26f-terminal-1","event":"done","timestamp":"2026-09-08T05:37:25.496Z","elapsedMs":516897}
[e5-t26f] {"phase":"focus:terminal-1","event":"start","timestamp":"2026-09-08T05:37:25.496Z","elapsedMs":516897}
[e5-t26f] {"phase":"focus:terminal-1:first-settle","event":"start","timestamp":"2026-09-08T05:37:26.659Z","elapsedMs":518060}
[e5-t26f] {"timestamp":"2026-09-08T05:37:51.012Z","phase":"focus:terminal-1:first-settle","event":"sample","probeMs":1,"ready":"ready","restored":null,"status":"desktop ready: launcher available","serialTail":"hcpc: no lease, forking to background\r\n [ ok ]\r\n * Starting wasm-vm file transfer agent ... [ ok ]\r\n * Starting wasm-vm virtio agent ... [ ok ]\r\n\r\r\nWelcome to Alpine Linux 3.20\r\n\rKernel 6.6.63 on an riscv64 (/dev/ttyS0)\r\n\r\r\n\rwasm-vm login: ","frameCount":35,"pointerFrames":6,"keyboardFrames":0,"launch":{"label":"e5-t26f-terminal-1","marker":null,"accepted":true,"terminalRendered":true,"terminalMarkerSeen":null,"visualDiffPixels":344233,"guestVisible":null,"pointerFrames":3,"keyboardFrames":null},"command":null,"focus":{"label":"terminal-1","marker":null,"accepted":null,"terminalRendered":null,"terminalMarkerSeen":null,"visualDiffPixels":null,"guestVisible":null,"pointerFrames":null,"keyboardFrames":null},"agent":{"state":"ready","transportGeneration":2,"bytesReceived":54,"bytesSent":36,"pendingBytes":0},"presentation":{"successfulPresents":35,"scheduler":null},"audio":{"policy":"unlocked","context":"running","renderedFrames":15671063,"pcm":{"available":true,"writeIndex":0,"readIndex":0,"fillFrames":0,"capacityFrames":4096,"writtenFrames":4096,"inspectedFrames":4096,"nonSilentFrames":0,"maxAbs":0}}}
[e5-t26f] {"timestamp":"2026-09-08T05:38:21.013Z","phase":"focus:terminal-1:first-settle","event":"sample","probeMs":1,"ready":"ready","restored":null,"status":"desktop ready: launcher available","serialTail":"hcpc: no lease, forking to background\r\n [ ok ]\r\n * Starting wasm-vm file transfer agent ... [ ok ]\r\n * Starting wasm-vm virtio agent ... [ ok ]\r\n\r\r\nWelcome to Alpine Linux 3.20\r\n\rKernel 6.6.63 on an riscv64 (/dev/ttyS0)\r\n\r\r\n\rwasm-vm login: ","frameCount":35,"pointerFrames":6,"keyboardFrames":0,"launch":{"label":"e5-t26f-terminal-1","marker":null,"accepted":true,"terminalRendered":true,"terminalMarkerSeen":null,"visualDiffPixels":344233,"guestVisible":null,"pointerFrames":3,"keyboardFrames":null},"command":null,"focus":{"label":"terminal-1","marker":null,"accepted":null,"terminalRendered":null,"terminalMarkerSeen":null,"visualDiffPixels":null,"guestVisible":null,"pointerFrames":null,"keyboardFrames":null},"agent":{"state":"ready","transportGeneration":2,"bytesReceived":54,"bytesSent":36,"pendingBytes":0},"presentation":{"successfulPresents":35,"scheduler":null},"audio":{"policy":"unlocked","context":"running","renderedFrames":17111319,"pcm":{"available":true,"writeIndex":0,"readIndex":0,"fillFrames":0,"capacityFrames":4096,"writtenFrames":4096,"inspectedFrames":4096,"nonSilentFrames":0,"maxAbs":0}}}
[e5-t26f] {"phase":"focus:terminal-1:first-settle","event":"done","timestamp":"2026-09-08T05:38:26.658Z","elapsedMs":578059}
[e5-t26f] {"phase":"focus:terminal-1:second-settle","event":"start","timestamp":"2026-09-08T05:38:27.856Z","elapsedMs":579257}
[e5-t26f] {"timestamp":"2026-09-08T05:38:51.015Z","phase":"focus:terminal-1:second-settle","event":"sample","probeMs":1,"ready":"ready","restored":null,"status":"desktop ready: launcher available","serialTail":"hcpc: no lease, forking to background\r\n [ ok ]\r\n * Starting wasm-vm file transfer agent ... [ ok ]\r\n * Starting wasm-vm virtio agent ... [ ok ]\r\n\r\r\nWelcome to Alpine Linux 3.20\r\n\rKernel 6.6.63 on an riscv64 (/dev/ttyS0)\r\n\r\r\n\rwasm-vm login: ","frameCount":37,"pointerFrames":9,"keyboardFrames":0,"launch":{"label":"e5-t26f-terminal-1","marker":null,"accepted":true,"terminalRendered":true,"terminalMarkerSeen":null,"visualDiffPixels":344233,"guestVisible":null,"pointerFrames":3,"keyboardFrames":null},"command":null,"focus":{"label":"terminal-1","marker":null,"accepted":null,"terminalRendered":null,"terminalMarkerSeen":null,"visualDiffPixels":null,"guestVisible":null,"pointerFrames":null,"keyboardFrames":null},"agent":{"state":"ready","transportGeneration":2,"bytesReceived":54,"bytesSent":36,"pendingBytes":0},"presentation":{"successfulPresents":37,"scheduler":null},"audio":{"policy":"unlocked","context":"running","renderedFrames":18551447,"pcm":{"available":true,"writeIndex":0,"readIndex":0,"fillFrames":0,"capacityFrames":4096,"writtenFrames":4096,"inspectedFrames":4096,"nonSilentFrames":0,"maxAbs":0}}}
[e5-t26f] {"phase":"focus:terminal-1:second-settle","event":"done","timestamp":"2026-09-08T05:38:57.857Z","elapsedMs":609258}
[e5-t26f] {"phase":"focus:terminal-1","event":"done","timestamp":"2026-09-08T05:38:57.859Z","elapsedMs":609260}
[e5-t26f] {"phase":"command:e5t26f-shell-ok:typing","event":"start","timestamp":"2026-09-08T05:38:57.859Z","elapsedMs":609260}
[e5-t26f] {"phase":"command:e5t26f-shell-ok:typing","event":"done","timestamp":"2026-09-08T05:39:02.983Z","elapsedMs":614384}
[e5-t26f] {"phase":"command:e5t26f-shell-ok:completion","event":"start","timestamp":"2026-09-08T05:39:02.983Z","elapsedMs":614384}
[e5-t26f] {"phase":"command:e5t26f-shell-ok:completion","event":"done","timestamp":"2026-09-08T05:39:03.856Z","elapsedMs":615257}
[e5-t26f] {"phase":"agent:agent channel ready","event":"start","timestamp":"2026-09-08T05:39:03.856Z","elapsedMs":615257}
[e5-t26f] {"phase":"agent:agent channel ready","event":"done","timestamp":"2026-09-08T05:39:03.857Z","elapsedMs":615258}
[e5-t26f] {"phase":"command:e5t26f-aplay-ok:typing","event":"start","timestamp":"2026-09-08T05:39:03.857Z","elapsedMs":615258}
[e5-t26f] {"timestamp":"2026-09-08T05:39:21.015Z","phase":"command:e5t26f-aplay-ok:typing","event":"sample","probeMs":1,"ready":"ready","restored":null,"status":"desktop ready: launcher available","serialTail":"hcpc: no lease, forking to background\r\n [ ok ]\r\n * Starting wasm-vm file transfer agent ... [ ok ]\r\n * Starting wasm-vm virtio agent ... [ ok ]\r\n\r\r\nWelcome to Alpine Linux 3.20\r\n\rKernel 6.6.63 on an riscv64 (/dev/ttyS0)\r\n\r\r\n\rwasm-vm login: ","frameCount":122,"pointerFrames":9,"keyboardFrames":469,"launch":{"label":"e5-t26f-terminal-1","marker":null,"accepted":true,"terminalRendered":true,"terminalMarkerSeen":null,"visualDiffPixels":344233,"guestVisible":null,"pointerFrames":3,"keyboardFrames":null},"command":{"label":null,"marker":"e5t26f-aplay-ok","accepted":null,"terminalRendered":null,"terminalMarkerSeen":false,"visualDiffPixels":3339,"guestVisible":null,"pointerFrames":null,"keyboardFrames":null},"focus":{"label":"terminal-1","marker":null,"accepted":true,"terminalRendered":null,"terminalMarkerSeen":null,"visualDiffPixels":null,"guestVisible":null,"pointerFrames":6,"keyboardFrames":null},"agent":{"state":"ready","transportGeneration":2,"bytesReceived":54,"bytesSent":36,"pendingBytes":0},"presentation":{"successfulPresents":122,"scheduler":null},"audio":{"policy":"unlocked","context":"running","renderedFrames":19991447,"pcm":{"available":true,"writeIndex":0,"readIndex":0,"fillFrames":0,"capacityFrames":4096,"writtenFrames":4096,"inspectedFrames":4096,"nonSilentFrames":0,"maxAbs":0}}}
[e5-t26f] {"phase":"command:e5t26f-aplay-ok:typing","event":"done","timestamp":"2026-09-08T05:39:25.121Z","elapsedMs":636522}
[e5-t26f] {"phase":"command:e5t26f-aplay-ok:completion","event":"start","timestamp":"2026-09-08T05:39:25.121Z","elapsedMs":636522}
[e5-t26f] {"phase":"command:e5t26f-aplay-ok:completion","event":"done","timestamp":"2026-09-08T05:39:28.322Z","elapsedMs":639723}
[e5-t26f] {"phase":"launch:e5-t26f-terminal-2","event":"start","timestamp":"2026-09-08T05:39:28.332Z","elapsedMs":639733}
[e5-t26f] {"timestamp":"2026-09-08T05:39:51.016Z","phase":"launch:e5-t26f-terminal-2","event":"sample","probeMs":1,"ready":"ready","restored":null,"status":"desktop ready: launcher available","serialTail":"hcpc: no lease, forking to background\r\n [ ok ]\r\n * Starting wasm-vm file transfer agent ... [ ok ]\r\n * Starting wasm-vm virtio agent ... [ ok ]\r\n\r\r\nWelcome to Alpine Linux 3.20\r\n\rKernel 6.6.63 on an riscv64 (/dev/ttyS0)\r\n\r\r\n\rwasm-vm login: ","frameCount":152,"pointerFrames":12,"keyboardFrames":556,"launch":{"label":"e5-t26f-terminal-2","marker":null,"accepted":null,"terminalRendered":false,"terminalMarkerSeen":null,"visualDiffPixels":451,"guestVisible":null,"pointerFrames":null,"keyboardFrames":null},"command":{"label":null,"marker":"e5t26f-aplay-ok","accepted":true,"terminalRendered":null,"terminalMarkerSeen":true,"visualDiffPixels":6860,"guestVisible":null,"pointerFrames":null,"keyboardFrames":454},"focus":{"label":"terminal-1","marker":null,"accepted":true,"terminalRendered":null,"terminalMarkerSeen":null,"visualDiffPixels":null,"guestVisible":true,"pointerFrames":6,"keyboardFrames":null},"agent":{"state":"ready","transportGeneration":2,"bytesReceived":54,"bytesSent":36,"pendingBytes":0},"presentation":{"successfulPresents":152,"scheduler":null},"audio":{"policy":"unlocked","context":"running","renderedFrames":21429143,"pcm":{"available":true,"writeIndex":2400,"readIndex":2400,"fillFrames":0,"capacityFrames":4096,"writtenFrames":4096,"inspectedFrames":4096,"nonSilentFrames":1920,"maxAbs":0.082000732421875}}}
[e5-t26f] {"phase":"launch:e5-t26f-terminal-2","event":"done","timestamp":"2026-09-08T05:40:12.972Z","elapsedMs":684373}
[e5-t26f] {"phase":"focus:terminal-2","event":"start","timestamp":"2026-09-08T05:40:12.972Z","elapsedMs":684373}
[e5-t26f] {"phase":"focus:terminal-2:first-settle","event":"start","timestamp":"2026-09-08T05:40:14.098Z","elapsedMs":685499}
[e5-t26f] {"timestamp":"2026-09-08T05:40:21.017Z","phase":"focus:terminal-2:first-settle","event":"sample","probeMs":1,"ready":"ready","restored":null,"status":"desktop ready: launcher available","serialTail":"hcpc: no lease, forking to background\r\n [ ok ]\r\n * Starting wasm-vm file transfer agent ... [ ok ]\r\n * Starting wasm-vm virtio agent ... [ ok ]\r\n\r\r\nWelcome to Alpine Linux 3.20\r\n\rKernel 6.6.63 on an riscv64 (/dev/ttyS0)\r\n\r\r\n\rwasm-vm login: ","frameCount":159,"pointerFrames":15,"keyboardFrames":556,"launch":{"label":"e5-t26f-terminal-2","marker":null,"accepted":true,"terminalRendered":true,"terminalMarkerSeen":null,"visualDiffPixels":297928,"guestVisible":null,"pointerFrames":3,"keyboardFrames":null},"command":{"label":null,"marker":"e5t26f-aplay-ok","accepted":true,"terminalRendered":null,"terminalMarkerSeen":true,"visualDiffPixels":6860,"guestVisible":null,"pointerFrames":null,"keyboardFrames":454},"focus":{"label":"terminal-2","marker":null,"accepted":null,"terminalRendered":null,"terminalMarkerSeen":null,"visualDiffPixels":null,"guestVisible":null,"pointerFrames":null,"keyboardFrames":null},"agent":{"state":"ready","transportGeneration":2,"bytesReceived":54,"bytesSent":36,"pendingBytes":0},"presentation":{"successfulPresents":159,"scheduler":null},"audio":{"policy":"unlocked","context":"running","renderedFrames":22869527,"pcm":{"available":true,"writeIndex":2400,"readIndex":2400,"fillFrames":0,"capacityFrames":4096,"writtenFrames":4096,"inspectedFrames":4096,"nonSilentFrames":1920,"maxAbs":0.082000732421875}}}
[e5-t26f] {"timestamp":"2026-09-08T05:40:51.019Z","phase":"focus:terminal-2:first-settle","event":"sample","probeMs":2,"ready":"ready","restored":null,"status":"desktop ready: launcher available","serialTail":"hcpc: no lease, forking to background\r\n [ ok ]\r\n * Starting wasm-vm file transfer agent ... [ ok ]\r\n * Starting wasm-vm virtio agent ... [ ok ]\r\n\r\r\nWelcome to Alpine Linux 3.20\r\n\rKernel 6.6.63 on an riscv64 (/dev/ttyS0)\r\n\r\r\n\rwasm-vm login: ","frameCount":159,"pointerFrames":15,"keyboardFrames":556,"launch":{"label":"e5-t26f-terminal-2","marker":null,"accepted":true,"terminalRendered":true,"terminalMarkerSeen":null,"visualDiffPixels":297928,"guestVisible":null,"pointerFrames":3,"keyboardFrames":null},"command":{"label":null,"marker":"e5t26f-aplay-ok","accepted":true,"terminalRendered":null,"terminalMarkerSeen":true,"visualDiffPixels":6860,"guestVisible":null,"pointerFrames":null,"keyboardFrames":454},"focus":{"label":"terminal-2","marker":null,"accepted":null,"terminalRendered":null,"terminalMarkerSeen":null,"visualDiffPixels":null,"guestVisible":null,"pointerFrames":null,"keyboardFrames":null},"agent":{"state":"ready","transportGeneration":2,"bytesReceived":54,"bytesSent":36,"pendingBytes":0},"presentation":{"successfulPresents":159,"scheduler":null},"audio":{"policy":"unlocked","context":"running","renderedFrames":24309783,"pcm":{"available":true,"writeIndex":2400,"readIndex":2400,"fillFrames":0,"capacityFrames":4096,"writtenFrames":4096,"inspectedFrames":4096,"nonSilentFrames":1920,"maxAbs":0.082000732421875}}}
[e5-t26f] {"phase":"focus:terminal-2:first-settle","event":"done","timestamp":"2026-09-08T05:41:14.098Z","elapsedMs":745499}
[e5-t26f] {"phase":"focus:terminal-2:second-settle","event":"start","timestamp":"2026-09-08T05:41:15.276Z","elapsedMs":746677}
[e5-t26f] {"timestamp":"2026-09-08T05:41:21.018Z","phase":"focus:terminal-2:second-settle","event":"sample","probeMs":1,"ready":"ready","restored":null,"status":"desktop ready: launcher available","serialTail":"hcpc: no lease, forking to background\r\n [ ok ]\r\n * Starting wasm-vm file transfer agent ... [ ok ]\r\n * Starting wasm-vm virtio agent ... [ ok ]\r\n\r\r\nWelcome to Alpine Linux 3.20\r\n\rKernel 6.6.63 on an riscv64 (/dev/ttyS0)\r\n\r\r\n\rwasm-vm login: ","frameCount":161,"pointerFrames":18,"keyboardFrames":556,"launch":{"label":"e5-t26f-terminal-2","marker":null,"accepted":true,"terminalRendered":true,"terminalMarkerSeen":null,"visualDiffPixels":297928,"guestVisible":null,"pointerFrames":3,"keyboardFrames":null},"command":{"label":null,"marker":"e5t26f-aplay-ok","accepted":true,"terminalRendered":null,"terminalMarkerSeen":true,"visualDiffPixels":6860,"guestVisible":null,"pointerFrames":null,"keyboardFrames":454},"focus":{"label":"terminal-2","marker":null,"accepted":null,"terminalRendered":null,"terminalMarkerSeen":null,"visualDiffPixels":null,"guestVisible":null,"pointerFrames":null,"keyboardFrames":null},"agent":{"state":"ready","transportGeneration":2,"bytesReceived":54,"bytesSent":36,"pendingBytes":0},"presentation":{"successfulPresents":161,"scheduler":null},"audio":{"policy":"unlocked","context":"running","renderedFrames":25749655,"pcm":{"available":true,"writeIndex":2400,"readIndex":2400,"fillFrames":0,"capacityFrames":4096,"writtenFrames":4096,"inspectedFrames":4096,"nonSilentFrames":1920,"maxAbs":0.082000732421875}}}
[e5-t26f] {"phase":"focus:terminal-2:second-settle","event":"done","timestamp":"2026-09-08T05:41:45.278Z","elapsedMs":776679}
[e5-t26f] {"phase":"focus:terminal-2","event":"done","timestamp":"2026-09-08T05:41:45.282Z","elapsedMs":776683}
[e5-t26f] {"phase":"cursor:initial-render","event":"start","timestamp":"2026-09-08T05:41:45.282Z","elapsedMs":776683}
[e5-t26f] {"phase":"cursor:initial-render","event":"done","timestamp":"2026-09-08T05:41:46.293Z","elapsedMs":777694}
[e5-t26f] {"phase":"snapshot:normal","event":"start","timestamp":"2026-09-08T05:41:46.293Z","elapsedMs":777694}
[e5-t26f] {"phase":"snapshot:normal","event":"done","timestamp":"2026-09-08T05:41:54.336Z","elapsedMs":785737}
[e5-t26f] {"phase":"diagnostic:checkpoint-seal","event":"start","timestamp":"2026-09-08T05:41:54.337Z","elapsedMs":785738}
[e5-t26f] {"timestamp":"2026-09-08T05:41:54.350Z","phase":"snapshot:normal","event":"sample","probeMs":2131,"ready":"ready","restored":null,"status":"desktop ready: launcher available","serialTail":"hcpc: no lease, forking to background\r\n [ ok ]\r\n * Starting wasm-vm file transfer agent ... [ ok ]\r\n * Starting wasm-vm virtio agent ... [ ok ]\r\n\r\r\nWelcome to Alpine Linux 3.20\r\n\rKernel 6.6.63 on an riscv64 (/dev/ttyS0)\r\n\r\r\n\rwasm-vm login: ","frameCount":163,"pointerFrames":19,"keyboardFrames":556,"launch":{"label":"e5-t26f-terminal-2","marker":null,"accepted":true,"terminalRendered":true,"terminalMarkerSeen":null,"visualDiffPixels":297928,"guestVisible":null,"pointerFrames":3,"keyboardFrames":null},"command":{"label":null,"marker":"e5t26f-aplay-ok","accepted":true,"terminalRendered":null,"terminalMarkerSeen":true,"visualDiffPixels":6860,"guestVisible":null,"pointerFrames":null,"keyboardFrames":454},"focus":{"label":"terminal-2","marker":null,"accepted":true,"terminalRendered":null,"terminalMarkerSeen":null,"visualDiffPixels":null,"guestVisible":null,"pointerFrames":6,"keyboardFrames":null},"agent":{"state":"ready","transportGeneration":2,"bytesReceived":54,"bytesSent":36,"pendingBytes":0},"presentation":{"successfulPresents":163,"scheduler":null},"audio":{"policy":"unlocked","context":"running","renderedFrames":27349271,"pcm":{"available":true,"writeIndex":2400,"readIndex":2400,"fillFrames":0,"capacityFrames":4096,"writtenFrames":4096,"inspectedFrames":4096,"nonSilentFrames":1920,"maxAbs":0.082000732421875}}}
[e5-t26f] {"phase":"diagnostic:checkpoint-seal","event":"done","timestamp":"2026-09-08T05:41:54.690Z","elapsedMs":786091}
{
  "schema": "wasm-vm.e5-t26f.diagnostic-iteration.v1",
  "acceptance": false,
  "milestones": {
    "run": {
      "kind": "diagnostic-iteration",
      "acceptance": false,
      "diagnostic": {
        "mode": "create",
        "directory": "/private/tmp/e5-t26f-headless.koByhb",
        "port": 61629,
        "origin": "http://127.0.0.1:61629",
        "command": null,
        "keyDelayMs": 0,
        "latency": false,
        "cpu": false,
        "guestClock": null,
        "jit": null,
        "residency": null,
        "complete": false
      },
      "postRestoreCommand": "sh /tmp/a",
      "postRestoreKeyDelayMs": 0,
      "binding": {
        "head": "4ae44f3ff8294e5e2a6c5c5ba7e08a9cdf1d3a66",
        "runtimeSha256": "45ce3b925c590fab34b8fd8af85f0bb2ffbec585df2e2586c668869fe4ebca6b",
        "kernelSha256": "af7c4e471ed4dabdbe5a2717d81cc034b511d2b0f7706de66ad9e84e078c7cce",
        "imageSha256": "5530d6585776cf61fcedb98f7a2e75b4293d5f805809e5107cc181fa5dc62550",
        "imageBytes": 1073741824,
        "manifestSha256": "b6257e6c0e6789dee28a4f0a7eae1089193fcec545d467d8a70d245226bb9592",
        "origin": "http://127.0.0.1:61629"
      },
      "profile": "/private/tmp/e5-t26f-headless.koByhb/checkpoint-profile",
      "checkpointFile": "/private/tmp/e5-t26f-headless.koByhb/normal-checkpoint.json",
      "creatorHead": "4ae44f3ff8294e5e2a6c5c5ba7e08a9cdf1d3a66",
      "currentHead": "4ae44f3ff8294e5e2a6c5c5ba7e08a9cdf1d3a66",
      "profileSha256": "946af63958837caed903166854c296eaec1b35e05ff2c301aa3598df76c3d1dc"
    },
    "initialReadiness": {
      "completedAt": "2026-09-08T05:36:36.020Z"
    },
    "shellProbe": {
      "command": "true; printf '\\033[42;30me5t26f-shell-ok\\033[0m\\n'",
      "marker": "e5t26f-shell-ok",
      "beforeFrame": 37,
      "keyboardStart": 0,
      "domEventStart": 0,
      "visualDiffPixels": 2406,
      "terminalMarkerSeen": true,
      "greenPixelsBefore": 1,
      "redPixelsBefore": 0,
      "visualChange": true,
      "afterFrame": 58,
      "redMarkerSeen": false,
      "keyboardFrames": 102,
      "domEvents": 102,
      "inputSequenceMatch": true,
      "inputTraceSha256": null,
      "accepted": true
    },
    "agentProbe": {
      "state": "ready",
      "negotiatedVersion": 1,
      "transportGeneration": 2,
      "bytesReceived": 54,
      "bytesSent": 36,
      "pendingBytes": 0
    },
    "initialAplay": {
      "command": "yes \"$(printf '\\001\\000\\377\\177')\"|head -c3840 >/tmp/p;printf 'aplay -Dhw:0,0 --period-size=480 --buffer-size=960 -f S16_LE -t raw -r48000 -c2 /tmp/p&&printf \"\\033[42me5t26f-aplay\\033[0m\\n\"' >/tmp/a;sh /tmp/a",
      "marker": "e5t26f-aplay-ok",
      "beforeFrame": 58,
      "keyboardStart": 102,
      "domEventStart": 102,
      "visualDiffPixels": 6860,
      "terminalMarkerSeen": true,
      "greenPixelsBefore": 128,
      "redPixelsBefore": 0,
      "visualChange": true,
      "afterFrame": 145,
      "redMarkerSeen": false,
      "keyboardFrames": 454,
      "domEvents": 454,
      "inputSequenceMatch": true,
      "inputTraceSha256": null,
      "accepted": true
    },
    "initialAudio": {
      "before": {
        "available": true,
        "writeIndex": 0,
        "readIndex": 0,
        "fillFrames": 0,
        "capacityFrames": 4096,
        "writtenFrames": 4096,
        "inspectedFrames": 4096,
        "nonSilentFrames": 0,
        "maxAbs": 0
      },
      "after": {
        "available": true,
        "writeIndex": 2400,
        "readIndex": 2400,
        "fillFrames": 0,
        "capacityFrames": 4096,
        "writtenFrames": 2400,
        "inspectedFrames": 2400,
        "nonSilentFrames": 1920,
        "maxAbs": 0.082000732421875
      },
      "outputAttached": true,
      "observedAt": 637344.2049999237
    },
    "twoWindows": {
      "completedAt": "2026-09-08T05:41:45.282Z"
    },
    "initialCursor": {
      "frame": {
        "atMs": 774375,
        "sequence": 19,
        "device": "tablet",
        "mode": "absolute",
        "events": [
          {
            "eventType": 3,
            "code": 0,
            "value": 18431
          },
          {
            "eventType": 3,
            "code": 1,
            "value": 17612
          }
        ],
        "sync": 0,
        "source": "pointermove",
        "coordinates": {
          "x": 18431,
          "y": 17612
        }
      },
      "rendered": {
        "x": 720,
        "y": 430,
        "hotX": 1,
        "hotY": 1,
        "matchedPixels": 94
      }
    },
    "normalSnapshot": {
      "sha256": "3dee2e4deb67a31e3b1c2a8fa217985a88f6be28a70738a5217d791bd6f97acf",
      "byteLength": 2627088,
      "preFrontBufferCrc": "de9083e3",
      "machineResume": {
        "persisted": true,
        "paused": true,
        "preFrontBufferCrc": "de9083e3",
        "overlayGeneration": 627
      }
    }
  },
  "errors": {
    "browser": [],
    "http": []
  }
}
{"code":0,"signal":null}
