✔ make verify-E5-T26f refuses diagnostic create before any build or browser command (16.249875ms)
✔ make verify-E5-T26f refuses diagnostic reuse before any build or browser command (11.12425ms)
✔ cold playback fixture keeps errors and conditional success without verbose parameter dumping (0.610208ms)
✔ one unresolved progress probe prevents subsequent timer ticks from piling up (1.540708ms)
✔ public sample is bounded and excludes pixels, full records and guest control (0.46775ms)
✔ navigation rejection frees the probe; stopped sampling suppresses late results (0.36275ms)
✔ failure artifacts retain phase, error and milestones before browser capture (0.554708ms)
✔ failure capture retains producer PCM even when the command never completes (0.6995ms)
✔ failure capture does not issue requests behind a stuck progress probe (0.387125ms)
✔ cursor timeout uses only the unspent original two-second budget (0.625333ms)
✔ cursor waits through missing/stale pixels, returns matching sample and disposes its handle (0.669291ms)
✔ exhausted cursor budget fails before polling; a polling timeout remains a failure (0.443083ms)
✔ pointer motion precedes the full delayed gesture; no click or physical key occurs early (0.979958ms)
✔ premature audio unlock during the delay fails before the click or command (0.5325ms)
✔ overlapped motion spends the original deadline; late command completion still fails (0.867291ms)
✔ residency selection is exact, reuse-only and requires explicit JIT=1 without auto-enabling it (11.812708ms)
✔ residency metadata and cold/restore query are explicit; omission leaves existing URLs unchanged (4.19175ms)
✔ omitted residency adds no policy access or extra RPC to either existing JIT arm (0.9235ms)
✔ all three residency policies require actual mapped caps at both existing JIT endpoints (0.711333ms)
✔ missing or mismatched actual residency policy/cap refuses at either endpoint and preserves raw failure evidence (14.967792ms)
✔ JIT comparison is exact-string/reuse-only and rejects profiling or command overrides (6.015167ms)
✔ JIT query selection is explicit; omitted acceptance/create/reuse retain jit=1 without state RPCs (2.662209ms)
✔ both JIT arms read actual state before physical input and charge the RPC to the original cursor budget (1.643209ms)
✔ JIT policy mismatches, missing APIs and RPC errors refuse with actual failure milestones (2.095125ms)
✔ JIT measurement rejects stale, reversed and malformed retirement counts without replacing the evidence (1.327084ms)
✔ both JIT arms capture PCM and freeze postRestoreEnd before the second RPC; the original cap still fails (2.657ms)
✔ clock comparison is reuse-only, unprofiled, explicit, and preserves F input/deadline (3.705875ms)
✔ latency opt-in is exactly 1, reuse-only, and never changes the command or key pacing (2.098125ms)
✔ CPU profiling requires exact 1 and reuse, independently of latency and unchanged input (3.24475ms)
✔ default acceptance, create, and latency-only reuse never attach a CPU profiler (1.746416ms)
✔ CPU host adapter uses the owned page session only when Browser is absent (0.3505ms)
✔ CPU artifact retains exact worker, head/runtime binding, original T0 and byte digest; closes once (0.768167ms)
✔ CPU stop/write failures are bounded metadata, preserve T0, and still attempt close once (1.936833ms)
✔ CPU setup failure is captured before finally collection without replacing original error or T0 (0.869666ms)
✔ CPU collection follows frozen PCM/end and precedes the unchanged cap even when collection stalls (1.025291ms)
✔ probes register before physical typing but a stalled RPC cannot delay typing or completion cleanup (0.692625ms)
✔ first non-silent PCM precedes a separately timed existing marker read without extra pixel reads (0.575917ms)
✔ one held scheduler RPC survives a rejected local-stat read without overlap, even at the time limit (1.301917ms)
✔ JIT RPC follows scheduler settlement and holds the whole sample until completion (0.575292ms)
✔ stopping with JIT pending retains scheduler evidence and ignores late success or failure (0.624291ms)
✔ scheduler settlement after stop or the original deadline never requests JIT (1.454875ms)
✔ JIT observations copy only named scalar fields and record a missing API as unavailable (0.616042ms)
✔ without the latency flag neither default nor reuse interaction requests diagnostic JIT stats (0.757792ms)
✔ sampling is capped at 120 PCM/marker records and 24 spaced scheduler reads within the original restore window (6.227584ms)
✔ missing diagnostic APIs are recorded as unavailable without fallback calls (0.443209ms)
✔ latency samples survive the unchanged two-second failure before any failure pixel capture (0.595917ms)
✔ failure is written before a stalled latency collection; timeout persists and never piles up or accepts late data (0.501125ms)
✔ command override refuses acceptance/create and rejects unbounded or multiline input (1.454042ms)
✔ without override all modes keep the exact sh /tmp/a command (1.006334ms)
✔ diagnostic key pacing is bounded, reuse-only, recorded, and inside the original deadline (2.449042ms)
✔ reuse override is recorded verbatim in nonacceptance metadata and the physical command record (0.871959ms)
✔ top-level catch captures the phase before finally cleanup and rethrows the original error (0.36625ms)
✔ a held restore-receipt read starts after timed interaction and must finish before the next save (0.694625ms)
✔ diagnostics require explicit mode, absolute scratch and stable port; default remains fresh acceptance (5.668583ms)
✔ profile creation never overwrites existing data and reuse requires the task marker and completed seal (2.644834ms)
✔ every runtime/kernel/image/origin binding mismatch refuses reuse before copying any profile (3.54925ms)
✔ harness-only HEAD changes permit reuse while preserving creator and current provenance (5.59825ms)
✔ runtime binding hashes actual served JS/WASM/kernel bytes, including uncommitted changes (6.541042ms)
✔ reuse enters autoRestore directly without cold setup or resetting the restored timing boundary (0.550042ms)
✔ reuse cold-boot fallback fails on its first readiness sample instead of waiting for another boot (0.490792ms)
✔ reuse copies a sealed profile, preserves actual envelope/metadata and retains separate failed iterations (5.549875ms)
✔ tampered profile bytes or desktop envelope/normal metadata cannot be reused (2.379958ms)
✔ profile ownership refuses symlinks instead of traversing or overwriting an external profile (2.318917ms)
✔ checkpoint hydration seeds exact bytes once on an inert same-origin bootstrap, never on later navigation (1.416375ms)
✔ checkpoint hydration accepts an identical current envelope but refuses to clobber different data (1.524958ms)
✔ checkpoint hydration refuses any different exact origin before mutation and removes its route (1.567042ms)
✔ checkpoint hydration cleans up its exact route after navigation or evaluation failure (1.249917ms)
✔ completion console capture uses existing listeners, caps text/count, and leaves default error arrays unchanged (0.857333ms)
✔ optional completion generation observations follow drag saves without changing frozen timing (1.876125ms)
✔ completion generation diagnostics retain returned resume before reads and never fabricate unavailable state (0.3115ms)
✔ persistent Chromium identity uses public CDP when browser() is null and always detaches (2.786292ms)
✔ zero PCM and completion attachment/timestamps reach failure milestones before the PCM assertion (1.13575ms)
✔ stale or mismatched actual restore receipt fails after timing and survives in failure milestones (1.197792ms)
✔ legitimate post-restore disk progress never replaces the actual load-time generation (0.610958ms)
✔ missing, unattempted or malformed initial restore evidence cannot borrow a fallback's restored flag (5.094834ms)
✔ post-restore generation cannot move backwards or become unavailable (2.002417ms)
✔ second restore performs the real coherence audit after display/button checks and before evidence (0.06775ms)
ℹ tests 77
ℹ suites 0
ℹ pass 77
ℹ fail 0
ℹ cancelled 0
ℹ skipped 0
ℹ todo 0
ℹ duration_ms 220.365083
