✔ make verify-E5-T26f refuses diagnostic create before any build or browser command (18.199917ms)
✔ make verify-E5-T26f refuses diagnostic reuse before any build or browser command (12.34675ms)
✔ cold playback fixture keeps errors and conditional success without verbose parameter dumping (0.6345ms)
✔ one unresolved progress probe prevents subsequent timer ticks from piling up (1.662667ms)
✔ public sample is bounded and excludes pixels, full records and guest control (0.559666ms)
✔ navigation rejection frees the probe; stopped sampling suppresses late results (0.473334ms)
✔ failure artifacts retain phase, error and milestones before browser capture (0.650125ms)
✔ failure capture retains producer PCM even when the command never completes (0.763417ms)
✔ failure capture does not issue requests behind a stuck progress probe (0.418375ms)
✔ cursor timeout uses only the unspent original two-second budget (0.642667ms)
✔ cursor waits through missing/stale pixels, returns matching sample and disposes its handle (0.677209ms)
✔ exhausted cursor budget fails before polling; a polling timeout remains a failure (0.454541ms)
✔ pointer motion precedes the full delayed gesture; no click or physical key occurs early (1.003ms)
✔ premature audio unlock during the delay fails before the click or command (0.570375ms)
✔ overlapped motion spends the original deadline; late command completion still fails (0.88975ms)
✔ residency selection is exact, reuse-only and requires explicit JIT=1 without auto-enabling it (12.652083ms)
✔ residency metadata and cold/restore query are explicit; omission leaves existing URLs unchanged (4.244167ms)
✔ omitted residency adds no policy access or extra RPC to either existing JIT arm (0.94175ms)
✔ all three residency policies require actual mapped caps at both existing JIT endpoints (0.716666ms)
✔ missing or mismatched actual residency policy/cap refuses at either endpoint and preserves raw failure evidence (16.532958ms)
✔ JIT comparison is exact-string/reuse-only and rejects profiling or command overrides (5.767542ms)
✔ JIT query selection is explicit; omitted acceptance/create/reuse retain jit=1 without state RPCs (2.439625ms)
✔ both JIT arms read actual state before physical input and charge the RPC to the original cursor budget (1.756875ms)
✔ JIT policy mismatches, missing APIs and RPC errors refuse with actual failure milestones (2.313958ms)
✔ JIT measurement rejects stale, reversed and malformed retirement counts without replacing the evidence (1.407125ms)
✔ both JIT arms capture PCM and freeze postRestoreEnd before the second RPC; the original cap still fails (2.962667ms)
✔ clock comparison is reuse-only, unprofiled, explicit, and preserves F input/deadline (4.009333ms)
✔ latency opt-in is exactly 1, reuse-only, and never changes the command or key pacing (2.233125ms)
✔ CPU profiling requires exact 1 and reuse, independently of latency and unchanged input (3.023666ms)
✔ default acceptance, create, and latency-only reuse never attach a CPU profiler (1.54775ms)
✔ CPU host adapter uses the owned page session only when Browser is absent (0.424625ms)
✔ CPU artifact retains exact worker, head/runtime binding, original T0 and byte digest; closes once (0.753916ms)
✔ CPU stop/write failures are bounded metadata, preserve T0, and still attempt close once (0.944708ms)
✔ CPU setup failure is captured before finally collection without replacing original error or T0 (1.313625ms)
✔ CPU collection follows frozen PCM/end and precedes the unchanged cap even when collection stalls (1.432291ms)
✔ probes register before physical typing but a stalled RPC cannot delay typing or completion cleanup (2.905375ms)
✔ first non-silent PCM precedes a separately timed existing marker read without extra pixel reads (0.768375ms)
✔ one held scheduler RPC survives a rejected local-stat read without overlap, even at the time limit (1.674417ms)
✔ JIT RPC follows scheduler settlement and holds the whole sample until completion (0.740667ms)
✔ stopping with JIT pending retains scheduler evidence and ignores late success or failure (0.744ms)
✔ scheduler settlement after stop or the original deadline never requests JIT (1.772875ms)
✔ JIT observations copy only named scalar fields and record a missing API as unavailable (0.755125ms)
✔ without the latency flag neither default nor reuse interaction requests diagnostic JIT stats (0.86425ms)
✔ sampling is capped at 120 PCM/marker records and 24 spaced scheduler reads within the original restore window (2.791042ms)
✔ missing diagnostic APIs are recorded as unavailable without fallback calls (0.470834ms)
✔ latency samples survive the unchanged two-second failure before any failure pixel capture (0.668666ms)
✔ failure is written before a stalled latency collection; timeout persists and never piles up or accepts late data (4.141333ms)
✔ command override refuses acceptance/create and rejects unbounded or multiline input (1.528ms)
✔ without override all modes keep the exact sh /tmp/a command (1.329833ms)
✔ diagnostic key pacing is bounded, reuse-only, recorded, and inside the original deadline (2.659875ms)
✔ reuse override is recorded verbatim in nonacceptance metadata and the physical command record (0.898084ms)
✔ top-level catch captures the phase before finally cleanup and rethrows the original error (0.373375ms)
✔ a held restore-receipt read starts after timed interaction and must finish before the next save (0.898208ms)
✔ diagnostics require explicit mode, absolute scratch and stable port; default remains fresh acceptance (6.028417ms)
✔ profile creation never overwrites existing data and reuse requires the task marker and completed seal (2.708167ms)
✔ every runtime/kernel/image/origin binding mismatch refuses reuse before copying any profile (3.460834ms)
✔ harness-only HEAD changes permit reuse while preserving creator and current provenance (4.218792ms)
✔ runtime binding hashes actual served JS/WASM/kernel bytes, including uncommitted changes (9.3155ms)
✔ reuse enters autoRestore directly without cold setup or resetting the restored timing boundary (0.589708ms)
✔ reuse cold-boot fallback fails on its first readiness sample instead of waiting for another boot (0.477667ms)
✔ reuse copies a sealed profile, preserves actual envelope/metadata and retains separate failed iterations (4.679542ms)
✔ tampered profile bytes or desktop envelope/normal metadata cannot be reused (2.471458ms)
✔ profile ownership refuses symlinks instead of traversing or overwriting an external profile (2.302334ms)
✔ checkpoint hydration seeds exact bytes once on an inert same-origin bootstrap, never on later navigation (1.633125ms)
✔ checkpoint hydration accepts an identical current envelope but refuses to clobber different data (1.7155ms)
✔ checkpoint hydration refuses any different exact origin before mutation and removes its route (1.792125ms)
✔ checkpoint hydration cleans up its exact route after navigation or evaluation failure (1.3775ms)
✔ completion console capture uses existing listeners, caps text/count, and leaves default error arrays unchanged (0.907875ms)
✔ optional completion generation observations follow drag saves without changing frozen timing (2.002959ms)
✔ completion generation diagnostics retain returned resume before reads and never fabricate unavailable state (0.334333ms)
✔ persistent Chromium identity uses public CDP when browser() is null and always detaches (2.21875ms)
✔ zero PCM and completion attachment/timestamps reach failure milestones before the PCM assertion (1.121875ms)
✔ stale or mismatched actual restore receipt fails after timing and survives in failure milestones (1.23875ms)
✔ legitimate post-restore disk progress never replaces the actual load-time generation (0.658166ms)
✔ missing, unattempted or malformed initial restore evidence cannot borrow a fallback's restored flag (6.08325ms)
✔ post-restore generation cannot move backwards or become unavailable (2.391292ms)
✔ second restore performs the real coherence audit after display/button checks and before evidence (0.075625ms)
✔ completion is absent by default and requires exact string 1 plus reuse (1.55575ms)
✔ completion rejects every tuning/instrumentation/command flag, including empty values (0.622125ms)
✔ completion permits existing bounded key delay without altering the command or tuning defaults (0.158667ms)
✔ only the dedicated cap AssertionError with valid original boundaries can be retained (2.761917ms)
✔ completion executes real normal audit, drag phases and second restore, persists diagnostics then rethrows original cap (2.517417ms)
✔ completion at the exact cap stays diagnostic and never takes the normal artifact path (1.096833ms)
✔ F1: completed evidence rethrows the exact cap without a duplicate failed phase or failure artifact (0.928125ms)
✔ F1: only the identical successfully reported cap bypasses outer failure reporting (1.679792ms)
✔ F1: the original cap thrown by an incomplete final write must not be treated as already reported (1.752708ms)
✔ F1: a different error from final stdout reporting remains captured after successful completion writes (1.185167ms)
✔ ordinary reuse keeps its original cap failure and early diagnostic-only success (1.037833ms)
✔ functional assertions fail fast, including an unrelated failure with the cap's identical shape (4.539541ms)
✔ later {"failAudit":"normal"} failure retains timing evidence and refuses completion success (0.503417ms)
✔ later {"failAudit":"drag"} failure retains timing evidence and refuses completion success (0.616084ms)
✔ later {"failRestore":true} failure retains timing evidence and refuses completion success (0.576292ms)
✔ persistent-context identity uses CDP with no Browser object and always detaches (0.387542ms)
✔ finish refuses a dropped cap or contradictory metadata before writing any completion success (9.789666ms)
✔ observed drag translation accepts only finite same-row rightward 64..96px geometry (0.533375ms)
✔ drag translation permits only the exact 32px panel clamp or same-row rounding with unchanged height (0.385625ms)
✔ drag proof polls read-only geometry before pausing and independently rechecks the paused titlebar (0.435375ms)
✔ missing, stale, wrong-direction and wrong-window drag evidence expires at 15s without pausing or saving (3.080084ms)
✔ pause refusal or a superseded paused titlebar cannot satisfy drag proof or publish a checkpoint (1.075583ms)
✔ F2: default normal snapshot confirms pause, saves, and audits the frozen pair before declaring normal ready (0.535584ms)
✔ F2: an unconfirmed default normal pause refuses before any snapshot save (0.359375ms)
✔ F2: default normal publication refuses a generation advance and retains the actual failed audit (0.410875ms)
✔ frozen checkpoint audit reads both pause/generation endpoints and the actual session envelope in order (0.690167ms)
✔ frozen checkpoint audit refuses stale, advancing, unpaused or mismatched-envelope state and retains raw observations (8.0825ms)
✔ a failed frozen audit at publication or before reload stays fail-fast and preserves the original timing failure (1.418541ms)
✔ completion output guard permits only new/empty output and runs before browser or failure capture (1.000333ms)
✔ overlapping Foot bodies select upper left 559, never merged lower left 115 (5.980208ms)
✔ 80px translation preserves titlebar row and left edge with right clipping (7.018333ms)
✔ dark panel rows 0..31 are excluded even without any window (6.047167ms)
✔ blank canvas and fewer than 32 contiguous body rows reject (7.737542ms)
✔ cursor outliers on eight rows do not shift the 24-row modal edges (3.661208ms)
✔ ambiguous left edge rejects instead of choosing a tied mode (3.606958ms)
✔ ambiguous right edge rejects instead of choosing a tied mode (3.863625ms)
✔ 23 agreeing rows are insufficient for a stable edge (3.61075ms)
✔ actual translation guard rejects stale, absent, wrong-row and unrelated movement (7.079792ms)
✔ retained 19fbc770 PNG crop detects actual upper left 557, not merged left 115 (48.718167ms)
✔ real 0f467689 crop proves the exact 19fbc770-to-panel-clamped drag transition (46.108125ms)
✔ non-panel vertical jumps reject independently of horizontal movement and height (5.895209ms)
✔ height changes reject independently at both the original and panel-clamped row (4.872667ms)
✔ actual frozen browser counters produce exact within-run deltas, including nested host entries (1.144875ms)
✔ nested host entries are authoritative and missing nested data cannot fall back to fabricated flat values (2.1685ms)
✔ every counter rejects missing, nonnumeric, fractional, negative or unsafe endpoint values (74.522ms)
✔ every counter rejects decreasing safe nonnegative values (2.948959ms)
✔ zero deltas are valid except guestRetired and retiredViaJit, which must each advance (2.937125ms)
✔ child-failure admission allows only exit 1 with the exact F timing-cap message (4.754334ms)
✔ receipt capture is before decision branching, fallback and the first guest pump (0.428208ms)
✔ no attempted restore keeps the frozen null default: {"usePersist":false} (0.744333ms)
✔ no attempted restore keeps the frozen null default: {"restoreMethod":false} (0.288667ms)
✔ actual stored-restore resume is retained verbatim with its actual generation (0.300041ms)
✔ actual stored-restore missing is retained verbatim with its actual generation (0.270292ms)
✔ actual stored-restore corrupt is retained verbatim with its actual generation (0.635916ms)
✔ actual stored-restore stale is retained verbatim with its actual generation (0.316667ms)
✔ actual stored-restore foreign_build is retained verbatim with its actual generation (0.273ms)
✔ actual stored-restore foreign_image is retained verbatim with its actual generation (0.284709ms)
✔ a thrown stored restore records error and preserves the cold fallback (0.39625ms)
✔ metadata-read failure cannot replace the actual resume result or alter fallback (0.316291ms)
✔ metadata-read failure cannot replace the actual stale result or alter fallback (0.235458ms)
✔ successful shipped fallback does not overwrite a refused stored-restore receipt (0.663417ms)
✔ generation is sampled after the awaited restore settles, never before (0.260792ms)
✔ getter returns independent copies while the actual observation stays frozen (0.435583ms)
✔ later live generation, coherence queries and explicit restores cannot rewrite initial evidence (0.268834ms)
✔ actual initial receipt crosses the linked worker protocol: {} (1.795667ms)
✔ actual initial receipt crosses the linked worker protocol: {"usePersist":false} (0.621666ms)
✔ actual initial receipt crosses the linked worker protocol: {"restoreError":true} (0.584875ms)
ℹ tests 144
ℹ suites 0
ℹ pass 144
ℹ fail 0
ℹ cancelled 0
ℹ skipped 0
ℹ todo 0
ℹ duration_ms 235.506166
