✔ make verify-E5-T26f refuses diagnostic create before any build or browser command (23.666542ms)
✔ make verify-E5-T26f refuses diagnostic reuse before any build or browser command (13.672709ms)
✔ cold playback fixture keeps errors and conditional success without verbose parameter dumping (0.64425ms)
✔ one unresolved progress probe prevents subsequent timer ticks from piling up (1.80275ms)
✔ public sample is bounded and excludes pixels, full records and guest control (0.610459ms)
✔ navigation rejection frees the probe; stopped sampling suppresses late results (0.507292ms)
✔ failure artifacts retain phase, error and milestones before browser capture (0.681167ms)
✔ failure capture retains producer PCM even when the command never completes (0.791709ms)
✔ failure capture does not issue requests behind a stuck progress probe (0.452ms)
✔ cursor timeout uses only the unspent original two-second budget (0.661625ms)
✔ cursor waits through missing/stale pixels, returns matching sample and disposes its handle (0.712583ms)
✔ exhausted cursor budget fails before polling; a polling timeout remains a failure (0.461875ms)
✔ pointer motion precedes the full delayed gesture; no click or physical key occurs early (1.231541ms)
✔ premature audio unlock during the delay fails before the click or command (0.632417ms)
✔ overlapped motion spends the original deadline; late command completion still fails (0.923958ms)
✔ residency selection is exact, reuse-only and requires explicit JIT=1 without auto-enabling it (13.026042ms)
✔ residency metadata and cold/restore query are explicit; omission leaves existing URLs unchanged (4.781375ms)
✔ omitted residency adds no policy access or extra RPC to either existing JIT arm (1.009167ms)
✔ all three residency policies require actual mapped caps at both existing JIT endpoints (0.905375ms)
✔ missing or mismatched actual residency policy/cap refuses at either endpoint and preserves raw failure evidence (17.379209ms)
✔ JIT comparison is exact-string/reuse-only and rejects profiling or command overrides (6.245833ms)
✔ JIT query selection is explicit; omitted acceptance/create/reuse retain jit=1 without state RPCs (2.726917ms)
✔ both JIT arms read actual state before physical input and charge the RPC to the original cursor budget (1.76925ms)
✔ JIT policy mismatches, missing APIs and RPC errors refuse with actual failure milestones (2.350834ms)
✔ JIT measurement rejects stale, reversed and malformed retirement counts without replacing the evidence (1.278542ms)
✔ both JIT arms capture PCM and freeze postRestoreEnd before the second RPC; the original cap still fails (3.097791ms)
✔ clock comparison is reuse-only, unprofiled, explicit, and preserves F input/deadline (4.159583ms)
✔ latency opt-in is exactly 1, reuse-only, and never changes the command or key pacing (2.226542ms)
✔ CPU profiling requires exact 1 and reuse, independently of latency and unchanged input (3.422792ms)
✔ default acceptance, create, and latency-only reuse never attach a CPU profiler (1.750292ms)
✔ CPU host adapter uses the owned page session only when Browser is absent (0.544666ms)
✔ CPU artifact retains exact worker, head/runtime binding, original T0 and byte digest; closes once (0.805458ms)
✔ CPU stop/write failures are bounded metadata, preserve T0, and still attempt close once (0.767917ms)
✔ CPU setup failure is captured before finally collection without replacing original error or T0 (1.001916ms)
✔ CPU collection follows frozen PCM/end and precedes the unchanged cap even when collection stalls (1.372166ms)
✔ probes register before physical typing but a stalled RPC cannot delay typing or completion cleanup (0.872875ms)
✔ first non-silent PCM precedes a separately timed existing marker read without extra pixel reads (0.639125ms)
✔ one held scheduler RPC survives a rejected local-stat read without overlap, even at the time limit (1.53375ms)
✔ JIT RPC follows scheduler settlement and holds the whole sample until completion (0.691ms)
✔ stopping with JIT pending retains scheduler evidence and ignores late success or failure (0.693958ms)
✔ scheduler settlement after stop or the original deadline never requests JIT (1.868ms)
✔ JIT observations copy only named scalar fields and record a missing API as unavailable (0.758042ms)
✔ without the latency flag neither default nor reuse interaction requests diagnostic JIT stats (0.906834ms)
✔ sampling is capped at 120 PCM/marker records and 24 spaced scheduler reads within the original restore window (3.286125ms)
✔ missing diagnostic APIs are recorded as unavailable without fallback calls (0.493125ms)
✔ latency samples survive the unchanged two-second failure before any failure pixel capture (3.671125ms)
✔ failure is written before a stalled latency collection; timeout persists and never piles up or accepts late data (0.537125ms)
✔ command override refuses acceptance/create and rejects unbounded or multiline input (1.588458ms)
✔ without override all modes keep the exact sh /tmp/a command (1.158416ms)
✔ diagnostic key pacing is bounded, reuse-only, recorded, and inside the original deadline (2.772417ms)
✔ reuse override is recorded verbatim in nonacceptance metadata and the physical command record (1.001291ms)
✔ top-level catch captures the phase before finally cleanup and rethrows the original error (0.406916ms)
✔ a held restore-receipt read starts after timed interaction and must finish before the next save (0.750417ms)
✔ diagnostics require explicit mode, absolute scratch and stable port; default remains fresh acceptance (6.469167ms)
✔ profile creation never overwrites existing data and reuse requires the task marker and completed seal (2.836292ms)
✔ every runtime/kernel/image/origin binding mismatch refuses reuse before copying any profile (3.491ms)
✔ harness-only HEAD changes permit reuse while preserving creator and current provenance (4.406667ms)
✔ runtime binding hashes actual served JS/WASM/kernel bytes, including uncommitted changes (8.213083ms)
✔ reuse enters autoRestore directly without cold setup or resetting the restored timing boundary (0.597666ms)
✔ reuse cold-boot fallback fails on its first readiness sample instead of waiting for another boot (0.466ms)
✔ reuse copies a sealed profile, preserves actual envelope/metadata and retains separate failed iterations (4.596833ms)
✔ tampered profile bytes or desktop envelope/normal metadata cannot be reused (2.58075ms)
✔ profile ownership refuses symlinks instead of traversing or overwriting an external profile (2.33125ms)
✔ checkpoint hydration seeds exact bytes once on an inert same-origin bootstrap, never on later navigation (1.339167ms)
✔ checkpoint hydration accepts an identical current envelope but refuses to clobber different data (1.560583ms)
✔ checkpoint hydration refuses any different exact origin before mutation and removes its route (1.742542ms)
✔ checkpoint hydration cleans up its exact route after navigation or evaluation failure (1.253167ms)
✔ completion console capture uses existing listeners, caps text/count, and leaves default error arrays unchanged (0.908166ms)
✔ optional completion generation observations follow drag saves without changing frozen timing (1.881292ms)
✔ completion generation diagnostics retain returned resume before reads and never fabricate unavailable state (0.304167ms)
✔ persistent Chromium identity uses public CDP when browser() is null and always detaches (2.380791ms)
✔ zero PCM and completion attachment/timestamps reach failure milestones before the PCM assertion (1.233958ms)
✔ stale or mismatched actual restore receipt fails after timing and survives in failure milestones (1.259208ms)
✔ legitimate post-restore disk progress never replaces the actual load-time generation (0.749583ms)
✔ missing, unattempted or malformed initial restore evidence cannot borrow a fallback's restored flag (5.641792ms)
✔ post-restore generation cannot move backwards or become unavailable (2.137959ms)
✔ second restore performs the real coherence audit after display/button checks and before evidence (0.066166ms)
✔ completion is absent by default and requires exact string 1 plus reuse (1.567959ms)
✔ completion rejects every tuning/instrumentation/command flag, including empty values (0.696791ms)
✔ completion permits existing bounded key delay without altering the command or tuning defaults (0.168959ms)
✔ only the dedicated cap AssertionError with valid original boundaries can be retained (2.756917ms)
✔ completion executes real normal audit, drag phases and second restore, persists diagnostics then rethrows original cap (2.432625ms)
✔ completion at the exact cap stays diagnostic and never takes the normal artifact path (0.902166ms)
✔ F1: completed evidence rethrows the exact cap without a duplicate failed phase or failure artifact (0.863833ms)
✔ F1: only the identical successfully reported cap bypasses outer failure reporting (1.569ms)
✔ F1: the original cap thrown by an incomplete final write must not be treated as already reported (1.652125ms)
✔ F1: a different error from final stdout reporting remains captured after successful completion writes (1.289ms)
✔ ordinary reuse keeps its original cap failure and early diagnostic-only success (1.092833ms)
✔ functional assertions fail fast, including an unrelated failure with the cap's identical shape (4.491208ms)
✔ later {"failAudit":"normal"} failure retains timing evidence and refuses completion success (0.502583ms)
✔ later {"failAudit":"drag"} failure retains timing evidence and refuses completion success (0.605792ms)
✔ later {"failRestore":true} failure retains timing evidence and refuses completion success (0.559208ms)
✔ persistent-context identity uses CDP with no Browser object and always detaches (0.385708ms)
✔ finish refuses a dropped cap or contradictory metadata before writing any completion success (10.682625ms)
✔ observed drag translation accepts only finite same-row rightward 64..96px geometry (0.573125ms)
✔ drag translation permits only the exact 32px panel clamp or same-row rounding with unchanged height (0.413792ms)
✔ drag proof polls read-only geometry before pausing and independently rechecks the paused titlebar (0.47925ms)
✔ missing, stale, wrong-direction and wrong-window drag evidence expires at 15s without pausing or saving (3.224083ms)
✔ pause refusal or a superseded paused titlebar cannot satisfy drag proof or publish a checkpoint (1.127375ms)
✔ F2: default normal snapshot confirms pause, saves, and audits the frozen pair before declaring normal ready (0.486916ms)
✔ F2: an unconfirmed default normal pause refuses before any snapshot save (0.323166ms)
✔ F2: default normal publication refuses a generation advance and retains the actual failed audit (0.370875ms)
✔ frozen checkpoint audit reads both pause/generation endpoints and the actual session envelope in order (0.617708ms)
✔ frozen checkpoint audit refuses stale, advancing, unpaused or mismatched-envelope state and retains raw observations (7.933125ms)
✔ a failed frozen audit at publication or before reload stays fail-fast and preserves the original timing failure (1.478375ms)
✔ completion output guard permits only new/empty output and runs before browser or failure capture (0.976084ms)
✔ overlapping Foot bodies select upper left 559, never merged lower left 115 (6.404792ms)
✔ 80px translation preserves titlebar row and left edge with right clipping (6.799042ms)
✔ dark panel rows 0..31 are excluded even without any window (5.556666ms)
✔ blank canvas and fewer than 32 contiguous body rows reject (7.677916ms)
✔ cursor outliers on eight rows do not shift the 24-row modal edges (3.766ms)
✔ ambiguous left edge rejects instead of choosing a tied mode (3.43625ms)
✔ ambiguous right edge rejects instead of choosing a tied mode (3.981167ms)
✔ 23 agreeing rows are insufficient for a stable edge (3.801083ms)
✔ actual translation guard rejects stale, absent, wrong-row and unrelated movement (7.250958ms)
✔ retained 19fbc770 PNG crop detects actual upper left 557, not merged left 115 (48.882458ms)
✔ real 0f467689 crop proves the exact 19fbc770-to-panel-clamped drag transition (44.39925ms)
✔ non-panel vertical jumps reject independently of horizontal movement and height (6.156875ms)
✔ height changes reject independently at both the original and panel-clamped row (3.669875ms)
✔ actual frozen browser counters produce exact within-run deltas, including nested host entries (1.22725ms)
✔ nested host entries are authoritative and missing nested data cannot fall back to fabricated flat values (1.96575ms)
✔ every counter rejects missing, nonnumeric, fractional, negative or unsafe endpoint values (76.501958ms)
✔ every counter rejects decreasing safe nonnegative values (2.903834ms)
✔ zero deltas are valid except guestRetired and retiredViaJit, which must each advance (2.929833ms)
✔ child-failure admission allows only exit 1 with the exact F timing-cap message (4.7255ms)
✔ receipt capture is before decision branching, fallback and the first guest pump (0.426375ms)
✔ no attempted restore keeps the frozen null default: {"usePersist":false} (0.751458ms)
✔ no attempted restore keeps the frozen null default: {"restoreMethod":false} (0.269334ms)
✔ actual stored-restore resume is retained verbatim with its actual generation (0.315917ms)
✔ actual stored-restore missing is retained verbatim with its actual generation (0.260083ms)
✔ actual stored-restore corrupt is retained verbatim with its actual generation (0.590708ms)
✔ actual stored-restore stale is retained verbatim with its actual generation (0.236416ms)
✔ actual stored-restore foreign_build is retained verbatim with its actual generation (0.229542ms)
✔ actual stored-restore foreign_image is retained verbatim with its actual generation (0.252125ms)
✔ a thrown stored restore records error and preserves the cold fallback (0.348833ms)
✔ metadata-read failure cannot replace the actual resume result or alter fallback (0.688792ms)
✔ metadata-read failure cannot replace the actual stale result or alter fallback (0.277333ms)
✔ successful shipped fallback does not overwrite a refused stored-restore receipt (0.686459ms)
✔ generation is sampled after the awaited restore settles, never before (0.248292ms)
✔ getter returns independent copies while the actual observation stays frozen (0.43275ms)
✔ later live generation, coherence queries and explicit restores cannot rewrite initial evidence (0.285792ms)
✔ actual initial receipt crosses the linked worker protocol: {} (1.852791ms)
✔ actual initial receipt crosses the linked worker protocol: {"usePersist":false} (0.518625ms)
✔ actual initial receipt crosses the linked worker protocol: {"restoreError":true} (0.49425ms)
ℹ tests 144
ℹ suites 0
ℹ pass 144
ℹ fail 0
ℹ cancelled 0
ℹ skipped 0
ℹ todo 0
ℹ duration_ms 245.1545
