✔ make verify-E5-T26f refuses diagnostic create before any build or browser command (16.260375ms)
✔ make verify-E5-T26f refuses diagnostic reuse before any build or browser command (12.429083ms)
✔ cold playback fixture keeps errors and conditional success without verbose parameter dumping (0.697583ms)
✔ one unresolved progress probe prevents subsequent timer ticks from piling up (1.739791ms)
✔ public sample is bounded and excludes pixels, full records and guest control (0.650666ms)
✔ navigation rejection frees the probe; stopped sampling suppresses late results (0.452ms)
✔ failure artifacts retain phase, error and milestones before browser capture (0.654125ms)
✔ failure capture retains producer PCM even when the command never completes (0.791625ms)
✔ failure capture does not issue requests behind a stuck progress probe (0.438917ms)
✔ cursor timeout uses only the unspent original two-second budget (0.653625ms)
✔ cursor waits through missing/stale pixels, returns matching sample and disposes its handle (0.446542ms)
✔ exhausted cursor budget fails before polling; a polling timeout remains a failure (0.806458ms)
✔ pointer motion precedes the full delayed gesture; no click or physical key occurs early (1.031208ms)
✔ premature audio unlock during the delay fails before the click or command (0.599458ms)
✔ overlapped motion spends the original deadline; late command completion still fails (0.880791ms)
✔ residency selection is exact, reuse-only and requires explicit JIT=1 without auto-enabling it (12.865625ms)
✔ residency metadata and cold/restore query are explicit; omission leaves existing URLs unchanged (4.350834ms)
✔ omitted residency adds no policy access or extra RPC to either existing JIT arm (0.967583ms)
✔ all three residency policies require actual mapped caps at both existing JIT endpoints (1.017417ms)
✔ missing or mismatched actual residency policy/cap refuses at either endpoint and preserves raw failure evidence (16.351792ms)
✔ JIT comparison is exact-string/reuse-only and rejects profiling or command overrides (6.315167ms)
✔ JIT query selection is explicit; omitted acceptance/create/reuse retain jit=1 without state RPCs (2.862875ms)
✔ both JIT arms read actual state before physical input and charge the RPC to the original cursor budget (2.312166ms)
✔ JIT policy mismatches, missing APIs and RPC errors refuse with actual failure milestones (1.577709ms)
✔ JIT measurement rejects stale, reversed and malformed retirement counts without replacing the evidence (1.664542ms)
✔ both JIT arms capture PCM and freeze postRestoreEnd before the second RPC; the original cap still fails (3.020833ms)
✔ clock comparison is reuse-only, unprofiled, explicit, and preserves F input/deadline (3.874ms)
✔ latency opt-in is exactly 1, reuse-only, and never changes the command or key pacing (2.3ms)
✔ CPU profiling requires exact 1 and reuse, independently of latency and unchanged input (3.740792ms)
✔ default acceptance, create, and latency-only reuse never attach a CPU profiler (1.795041ms)
✔ CPU host adapter uses the owned page session only when Browser is absent (0.537916ms)
✔ CPU artifact retains exact worker, head/runtime binding, original T0 and byte digest; closes once (0.802333ms)
✔ CPU stop/write failures are bounded metadata, preserve T0, and still attempt close once (0.763666ms)
✔ CPU setup failure is captured before finally collection without replacing original error or T0 (1.00325ms)
✔ CPU collection follows frozen PCM/end and precedes the unchanged cap even when collection stalls (1.646167ms)
✔ probes register before physical typing but a stalled RPC cannot delay typing or completion cleanup (1.022416ms)
✔ first non-silent PCM precedes a separately timed existing marker read without extra pixel reads (0.652666ms)
✔ one held scheduler RPC survives a rejected local-stat read without overlap, even at the time limit (1.70425ms)
✔ JIT RPC follows scheduler settlement and holds the whole sample until completion (0.743917ms)
✔ stopping with JIT pending retains scheduler evidence and ignores late success or failure (0.785791ms)
✔ scheduler settlement after stop or the original deadline never requests JIT (1.915333ms)
✔ JIT observations copy only named scalar fields and record a missing API as unavailable (0.871875ms)
✔ without the latency flag neither default nor reuse interaction requests diagnostic JIT stats (0.892041ms)
✔ sampling is capped at 120 PCM/marker records and 24 spaced scheduler reads within the original restore window (2.875583ms)
✔ missing diagnostic APIs are recorded as unavailable without fallback calls (0.402583ms)
✔ latency samples survive the unchanged two-second failure before any failure pixel capture (3.454167ms)
✔ failure is written before a stalled latency collection; timeout persists and never piles up or accepts late data (0.503584ms)
✔ command override refuses acceptance/create and rejects unbounded or multiline input (1.40975ms)
✔ without override all modes keep the exact sh /tmp/a command (1.047375ms)
✔ diagnostic key pacing is bounded, reuse-only, recorded, and inside the original deadline (2.597958ms)
✔ reuse override is recorded verbatim in nonacceptance metadata and the physical command record (0.888833ms)
✔ top-level catch captures the phase before finally cleanup and rethrows the original error (0.355166ms)
✔ a held restore-receipt read starts after timed interaction and must finish before the next save (0.955833ms)
✔ diagnostics require explicit mode, absolute scratch and stable port; default remains fresh acceptance (5.885958ms)
✔ profile creation never overwrites existing data and reuse requires the task marker and completed seal (2.7785ms)
✔ every runtime/kernel/image/origin binding mismatch refuses reuse before copying any profile (3.64225ms)
✔ harness-only HEAD changes permit reuse while preserving creator and current provenance (4.4415ms)
✔ runtime binding hashes actual served JS/WASM/kernel bytes, including uncommitted changes (8.412375ms)
✔ reuse enters autoRestore directly without cold setup or resetting the restored timing boundary (0.699167ms)
✔ reuse cold-boot fallback fails on its first readiness sample instead of waiting for another boot (0.614084ms)
✔ reuse copies a sealed profile, preserves actual envelope/metadata and retains separate failed iterations (5.294625ms)
✔ tampered profile bytes or desktop envelope/normal metadata cannot be reused (2.574416ms)
✔ profile ownership refuses symlinks instead of traversing or overwriting an external profile (2.06175ms)
✔ checkpoint hydration seeds exact bytes once on an inert same-origin bootstrap, never on later navigation (1.426208ms)
✔ checkpoint hydration accepts an identical current envelope but refuses to clobber different data (1.614167ms)
✔ checkpoint hydration refuses any different exact origin before mutation and removes its route (1.726042ms)
✔ checkpoint hydration cleans up its exact route after navigation or evaluation failure (1.401209ms)
✔ completion console capture uses existing listeners, caps text/count, and leaves default error arrays unchanged (0.930583ms)
✔ optional completion generation observations follow drag saves without changing frozen timing (2.023417ms)
✔ completion generation diagnostics retain returned resume before reads and never fabricate unavailable state (0.335125ms)
✔ persistent Chromium identity uses public CDP when browser() is null and always detaches (2.748291ms)
✔ zero PCM and completion attachment/timestamps reach failure milestones before the PCM assertion (1.396417ms)
✔ stale or mismatched actual restore receipt fails after timing and survives in failure milestones (1.133625ms)
✔ second restore performs the real coherence audit after display/button checks and before evidence (0.05375ms)
ℹ tests 74
ℹ suites 0
ℹ pass 74
ℹ fail 0
ℹ cancelled 0
ℹ skipped 0
ℹ todo 0
ℹ duration_ms 227.392458
