✔ Channel is not ready until HELLO intersects, then correlates reverse-order PONGs (3.461416ms)
✔ clipboard messages negotiate and preserve strict bounded UTF-8 bytes (1.018333ms)
✔ clipboard frames survive byte dribble and coalescing (0.300167ms)
✔ clipboard messages stay compatible with peers that only advertise PING (0.727583ms)
✔ unknown frames are NAKed without killing the session and subscriptions are typed (0.431542ms)
✔ termination rejects each in-flight PING once, exposes the gap, and reconnects cleanly (0.82525ms)
✔ rehandshake resolves only after a fresh transport HELLO (1.004083ms)
✔ a transport killed during HELLO is discarded and the next generation re-negotiates (0.856ms)
✔ 10,000 PING attempts are backpressured at the pending bound (36.04825ms)
✔ a failed connector retries with bounded backoff and a PING timeout retires only itself (6.709666ms)
✔ stale HELLO and no-common-version peers fail explicitly (0.421083ms)
✔ 100 reconnect cycles keep one transport listener and one user subscription (117.41575ms)
✔ decoder stays bounded across dribble/coalescing and rejects oversized lengths before allocation (0.289459ms)
✔ malformed PING during a live session disconnects instead of guessing at framing (0.10775ms)
✔ MessagePort transport adapter runs the same Channel in a worker-safe endpoint (8.862292ms)
✔ a valid user snapshot always wins (0.342458ms)
✔ a coherent boot snapshot restores when there is no user snapshot (0.054125ms)
✔ an incoherent or absent boot snapshot falls back to a cold boot (0.061875ms)
✔ base id is a deterministic 32-byte SHA-256 of the two artifact hashes (3.051459ms)
✔ loader task quiescence joins held persistence and permanently closes scheduling (0.996792ms)
✔ explicit surface, FIFO input/RPC, exact transferable ownership, Tailscale, and stop order (5.195208ms)
✔ every explicit controller method crosses the runtime and no-provider Tailscale is false/nonfatal (3.279166ms)
✔ guestClock boot data and current machine state traverse the paired worker protocol without rounding or caching (4.006791ms)
✔ worker forwards an invalid clock label to validation and propagates refusal before machine mutation (0.361542ms)
✔ capture PCM_START lifecycle notification crosses the worker boundary (0.460292ms)
✔ display FrameSink projections cross the worker boundary with private pixel ownership (1.626083ms)
✔ display clear controls cross the worker boundary without a pixel payload (1.50475ms)
✔ cursor-plane update and move projections keep MOVE payloads empty and privately owned (2.811416ms)
✔ RPC ids correlate out-of-order results and arbitrary methods are not exposed (0.276625ms)
✔ version mismatch/fatal rejects boot, pending and future calls exactly once (0.138334ms)
✔ fatal after ready rejects pending, whenDone, stats, and future RPCs once (0.152041ms)
✔ worker rejects an unknown method without executing it and propagates controller rejections (2.884583ms)
✔ unknown frames fail closed and Tailscale events remain versioned (1.561333ms)
✔ DONE rejects pending RPCs and DONE-before-READY rejects boot (0.244709ms)
✔ byte RPC encoding errors reject asynchronously (0.206042ms)
✔ silent termination is detected before and after READY and rejects pending work (52.312833ms)
✔ heartbeat bypasses long async RPCs and visibility suspension shifts its deadline (83.605ms)
✔ visibility suspension pauses the pre-READY boot deadline (60.837833ms)
✔ stateDigest gets method-scoped heartbeat grace and the controller remains live afterward (59.548959ms)
✔ every bulk snapshot RPC emits BUSY/IDLE and survives the scoped heartbeat grace (426.7385ms)
✔ natural completion emits a scoped terminal digest before DONE (1.572417ms)
✔ natural completion waits behind a held snapshot RPC before terminal BUSY and cleanup (1.627542ms)
✔ fatal input during natural cleanup wins over clean DONE (1.585458ms)
✔ stop and fatal cleanup are bounded when a dependency never settles (31.67225ms)
✔ stop timeout fails closed without releasing storage under a live loader pump (25.409917ms)
✔ Tailscale UI exceptions are non-fatal (1.914292ms)
✔ backend-neutral stop closes main storage but does not RPC after worker termination (0.248042ms)
✔ desktop restore requires fresh Channel HELLO and applies T22 viewport (0.8125ms)
✔ desktop restore may pause only after the fresh HELLO (0.10175ms)
✔ a dropped Channel or refused restore clears the T22 surface (0.599875ms)
✔ desktop agent bridge owns queued guest bytes, negotiates, reconnects, and drains output (12.856833ms)
✔ absent desktop residency stays undefined so the loader retains its default (1.434333ms)
✔ desktop forwards existing repack-off policy unchanged to the worker boundary (0.292917ms)
✔ desktop forwards existing cap-256 policy unchanged to the worker boundary (0.238834ms)
✔ desktop forwards existing cap-1024 policy unchanged to the worker boundary (0.242ms)
✔ desktop does not normalize empty or unsupported labels into a default (0.835917ms)
✔ transient non-ready inspection resumes a controller paused by readiness (0.679166ms)
✔ readiness inspection does not resume a controller already paused by its owner (0.1055ms)
✔ omitted/icount mode never reads a host clock, including on legacy machines (0.984375ms)
✔ only exact clock labels pass, before accessing the realm or machine (0.286959ms)
✔ wall validation samples the injected performance source once with its receiver (0.074333ms)
✔ wall validation refuses missing, noncallable, nonfinite and negative sources (0.188041ms)
✔ every wall API must exist before setGuestClock can mutate the machine (0.146833ms)
✔ selection happens once, resume only rebases wall, and state is the current machine result (0.418709ms)
✔ machine selection, rebase and state exceptions propagate without fabricated success (0.10025ms)
✔ loader resume rebases before unpausing/scheduling and refuses all later mutations on error (0.87625ms)
✔ loader resumeAfterQuota rebases before unpausing/scheduling and refuses all later mutations on error (0.574917ms)
✔ loader continueReadOnly rebases before unpausing/scheduling and refuses all later mutations on error (0.538084ms)
ℹ tests 68
ℹ suites 0
ℹ pass 68
ℹ fail 0
ℹ cancelled 0
ℹ skipped 0
ℹ todo 0
ℹ duration_ms 810.804834
