[e5-t26f] {"phase":"server:startup","event":"start","timestamp":"2026-09-08T06:41:37.830Z","elapsedMs":0}
[e5-t26f] DIAGNOSTIC ITERATION ONLY — not acceptance; retained profiles are never deleted
[e5-t26f] {"phase":"server:startup","event":"done","timestamp":"2026-09-08T06:41:38.711Z","elapsedMs":881}
[e5-t26f] {"phase":"browser:launch","event":"start","timestamp":"2026-09-08T06:41:38.711Z","elapsedMs":881}
[e5-t26f] {"phase":"browser:launch","event":"done","timestamp":"2026-09-08T06:41:41.395Z","elapsedMs":3565}
[e5-t26f] {"phase":"reload:normal","event":"start","timestamp":"2026-09-08T06:41:41.395Z","elapsedMs":3565}
[e5-t26f] {"phase":"reload:normal","event":"done","timestamp":"2026-09-08T06:41:41.540Z","elapsedMs":3710}
[e5-t26f] {"phase":"readiness:normal:desktop ready","event":"start","timestamp":"2026-09-08T06:41:41.540Z","elapsedMs":3710}
[e5-t26f] {"phase":"readiness:normal:desktop ready","event":"done","timestamp":"2026-09-08T06:41:42.809Z","elapsedMs":4979}
[e5-t26f] {"phase":"restore:normal:completion","event":"start","timestamp":"2026-09-08T06:41:42.809Z","elapsedMs":4979}
[e5-t26f] {"phase":"restore:normal:completion","event":"done","timestamp":"2026-09-08T06:41:42.816Z","elapsedMs":4986}
[e5-t26f] {"phase":"restore:normal:first-present","event":"start","timestamp":"2026-09-08T06:41:42.816Z","elapsedMs":4986}
[e5-t26f] {"phase":"restore:normal:first-present","event":"done","timestamp":"2026-09-08T06:41:42.818Z","elapsedMs":4988}
[e5-t26f] {"phase":"restore:normal:display-checks","event":"start","timestamp":"2026-09-08T06:41:42.818Z","elapsedMs":4988}
[e5-t26f] {"phase":"restore:normal:display-checks","event":"done","timestamp":"2026-09-08T06:41:42.818Z","elapsedMs":4988}
[e5-t26f] {"phase":"post-restore:focus-and-gesture","event":"start","timestamp":"2026-09-08T06:41:42.818Z","elapsedMs":4988}
[e5-t26f] {"phase":"post-restore:focus-and-gesture","event":"done","timestamp":"2026-09-08T06:41:43.193Z","elapsedMs":5363}
[e5-t26f] {"phase":"post-restore:cursor-render","event":"start","timestamp":"2026-09-08T06:41:43.193Z","elapsedMs":5363}
[e5-t26f] {"phase":"post-restore:cursor-render","event":"done","timestamp":"2026-09-08T06:41:43.350Z","elapsedMs":5520}
[e5-t26f] {"phase":"post-restore:audio-unlock","event":"start","timestamp":"2026-09-08T06:41:43.350Z","elapsedMs":5520}
[e5-t26f] {"phase":"post-restore:audio-unlock","event":"done","timestamp":"2026-09-08T06:41:43.353Z","elapsedMs":5523}
[e5-t26f] {"phase":"command:e5t26f-post-aplay:typing","event":"start","timestamp":"2026-09-08T06:41:43.353Z","elapsedMs":5523}
[e5-t26f] {"phase":"command:e5t26f-post-aplay:typing","event":"done","timestamp":"2026-09-08T06:41:58.770Z","elapsedMs":20940}
[e5-t26f] {"phase":"command:e5t26f-post-aplay:completion","event":"start","timestamp":"2026-09-08T06:41:58.770Z","elapsedMs":20940}
[e5-t26f] {"phase":"command:e5t26f-post-aplay:completion","event":"done","timestamp":"2026-09-08T06:42:01.901Z","elapsedMs":24071}
[e5-t26f] {"phase":"post-restore:audio-pcm-and-render","event":"start","timestamp":"2026-09-08T06:42:01.902Z","elapsedMs":24072}
[e5-t26f] {"phase":"post-restore:audio-pcm-and-render","event":"done","timestamp":"2026-09-08T06:42:01.955Z","elapsedMs":24125}
[e5-t26f] {"phase":"post-restore:interaction-checks","event":"start","timestamp":"2026-09-08T06:42:01.955Z","elapsedMs":24125}
[e5-t26f] {"phase":"post-restore:interaction-checks","event":"failed","timestamp":"2026-09-08T06:42:02.002Z","elapsedMs":24172}
node:internal/modules/run_main:107
    triggerUncaughtException(
    ^

AssertionError [ERR_ASSERTION]: post-restore interaction exceeded 2 seconds
    at file:///private/tmp/e5-t26f-typing-runtime.Qkphkq/tools/verify/e5-t26f-browser-roundtrip.mjs:1704:12 {
  generatedMessage: false,
  code: 'ERR_ASSERTION',
  actual: false,
  expected: true,
  operator: '==',
  diff: 'simple'
}

Node.js v24.20.0
