+ git rev-parse HEAD
6a8d3841e18379d665af4c7d8f9449322529636f
+ node --check renderer/virgl-command/tests/draw-acceptance.mjs
+ node --check tools/virgl-command/draw-fixtures.mjs
+ node --check tools/verify-virgl-draw-replay.mjs
+ python3 -m py_compile tools/virgl-command/draw-receipt.py tools/virgl-command/draw-cold.py
+ VIRGL_STATE_EVIDENCE_DIR=/var/folders/nr/cyvk1qc14jj5c081vj1xts000000gn/T/wasm-vm-component-floats-cold-udhbtrt_/wasm-vm/target/evidence/virgl-component-floats-cold/numeric-regression/float-regression/regression/regression/draw/state
+ bash tools/verify-virgl-object-state.sh
+ git rev-parse HEAD
6a8d3841e18379d665af4c7d8f9449322529636f
+ node --check renderer/virgl-command/state.mjs
+ node --check renderer/virgl-command/resources.mjs
+ node --check renderer/virgl-command/tests/state-acceptance.mjs
+ node --check tools/virgl-command/state-fixtures.mjs
+ node --check tools/verify-virgl-object-state.mjs
+ python3 -m py_compile tools/virgl-command/state-receipt.py tools/virgl-command/state-cold.py
+ bash renderer/virgl-shader/build.sh wasm
Pinned virglrenderer 1.3.0: 70 source/generated SHA-256 hashes match
+ node tools/verify-virgl-command-decoder.mjs --output /var/folders/nr/cyvk1qc14jj5c081vj1xts000000gn/T/wasm-vm-component-floats-cold-udhbtrt_/wasm-vm/target/evidence/virgl-component-floats-cold/numeric-regression/float-regression/regression/regression/draw/state/decoder --node-only true
Node command acceptance passed (540 ms)
+ node tools/verify-virgl-resource-transfers.mjs --output /var/folders/nr/cyvk1qc14jj5c081vj1xts000000gn/T/wasm-vm-component-floats-cold-udhbtrt_/wasm-vm/target/evidence/virgl-component-floats-cold/numeric-regression/float-regression/regression/regression/draw/state/resources --node-only true
Node resource acceptance passed (58 ms)
+ node tools/verify-virgl-object-state.mjs --output /var/folders/nr/cyvk1qc14jj5c081vj1xts000000gn/T/wasm-vm-component-floats-cold-udhbtrt_/wasm-vm/target/evidence/virgl-component-floats-cold/numeric-regression/float-regression/regression/regression/draw/state/hardware
Hardware state acceptance passed (162 ms)
+ for attack in constant-bits color-mask
+ node tools/verify-virgl-object-state.mjs --output /var/folders/nr/cyvk1qc14jj5c081vj1xts000000gn/T/wasm-vm-component-floats-cold-udhbtrt_/wasm-vm/target/evidence/virgl-component-floats-cold/numeric-regression/float-regression/regression/regression/draw/state/sabotage-constant-bits --sabotage constant-bits
AssertionError [ERR_ASSERTION]: original fragment constant bits: expected "[1065353216,1065353216,1065353216,1065353216]", got "[1056964608,1065353216,1065353216,1065353216]"

'failed' !== 'passed'

    at file:///private/var/folders/nr/cyvk1qc14jj5c081vj1xts000000gn/T/wasm-vm-component-floats-cold-udhbtrt_/wasm-vm/tools/verify-virgl-object-state.mjs:153:12
+ for attack in constant-bits color-mask
+ node tools/verify-virgl-object-state.mjs --output /var/folders/nr/cyvk1qc14jj5c081vj1xts000000gn/T/wasm-vm-component-floats-cold-udhbtrt_/wasm-vm/target/evidence/virgl-component-floats-cold/numeric-regression/float-regression/regression/regression/draw/state/sabotage-color-mask --sabotage color-mask
AssertionError [ERR_ASSERTION]: original color mask: expected "[true,true,true,true]", got "[false,true,true,true]"

'failed' !== 'passed'

    at file:///private/var/folders/nr/cyvk1qc14jj5c081vj1xts000000gn/T/wasm-vm-component-floats-cold-udhbtrt_/wasm-vm/tools/verify-virgl-object-state.mjs:153:12
+ python3 tools/virgl-command/state-receipt.py /var/folders/nr/cyvk1qc14jj5c081vj1xts000000gn/T/wasm-vm-component-floats-cold-udhbtrt_/wasm-vm/target/evidence/virgl-component-floats-cold/numeric-regression/float-regression/regression/regression/draw/state
E6-T12c receipt passed: original GL state, shader linkage, clear/isolation and wire sabotage controls
+ node tools/verify-virgl-draw-replay.mjs --output /var/folders/nr/cyvk1qc14jj5c081vj1xts000000gn/T/wasm-vm-component-floats-cold-udhbtrt_/wasm-vm/target/evidence/virgl-component-floats-cold/numeric-regression/float-regression/regression/regression/draw/hardware
Hardware draw replay passed (328 ms)
+ for attack in vertex index texel constant blend readback-offset
+ node tools/verify-virgl-draw-replay.mjs --output /var/folders/nr/cyvk1qc14jj5c081vj1xts000000gn/T/wasm-vm-component-floats-cold-udhbtrt_/wasm-vm/target/evidence/virgl-component-floats-cold/numeric-regression/float-regression/regression/regression/draw/sabotage-vertex --sabotage vertex
AssertionError [ERR_ASSERTION]: original phase 0 interior pixel (4,4): expected "[255,0,0,255]", got "[0,0,255,255]"

'failed' !== 'passed'

    at file:///private/var/folders/nr/cyvk1qc14jj5c081vj1xts000000gn/T/wasm-vm-component-floats-cold-udhbtrt_/wasm-vm/tools/verify-virgl-draw-replay.mjs:174:12
+ for attack in vertex index texel constant blend readback-offset
+ node tools/verify-virgl-draw-replay.mjs --output /var/folders/nr/cyvk1qc14jj5c081vj1xts000000gn/T/wasm-vm-component-floats-cold-udhbtrt_/wasm-vm/target/evidence/virgl-component-floats-cold/numeric-regression/float-regression/regression/regression/draw/sabotage-index --sabotage index
AssertionError [ERR_ASSERTION]: original draw replay event 161: out-of-bounds An actual index fetch exceeds vertex storage.: expected true, got false

'failed' !== 'passed'

    at file:///private/var/folders/nr/cyvk1qc14jj5c081vj1xts000000gn/T/wasm-vm-component-floats-cold-udhbtrt_/wasm-vm/tools/verify-virgl-draw-replay.mjs:174:12
+ for attack in vertex index texel constant blend readback-offset
+ node tools/verify-virgl-draw-replay.mjs --output /var/folders/nr/cyvk1qc14jj5c081vj1xts000000gn/T/wasm-vm-component-floats-cold-udhbtrt_/wasm-vm/target/evidence/virgl-component-floats-cold/numeric-regression/float-regression/regression/regression/draw/sabotage-texel --sabotage texel
AssertionError [ERR_ASSERTION]: original phase 0 interior pixel (4,4): expected "[255,0,0,255]", got "[0,0,0,255]"

'failed' !== 'passed'

    at file:///private/var/folders/nr/cyvk1qc14jj5c081vj1xts000000gn/T/wasm-vm-component-floats-cold-udhbtrt_/wasm-vm/tools/verify-virgl-draw-replay.mjs:174:12
+ for attack in vertex index texel constant blend readback-offset
+ node tools/verify-virgl-draw-replay.mjs --output /var/folders/nr/cyvk1qc14jj5c081vj1xts000000gn/T/wasm-vm-component-floats-cold-udhbtrt_/wasm-vm/target/evidence/virgl-component-floats-cold/numeric-regression/float-regression/regression/regression/draw/sabotage-constant --sabotage constant
AssertionError [ERR_ASSERTION]: original phase 0 interior pixel (4,4): expected "[255,0,0,255]", got "[128,0,0,255]"

'failed' !== 'passed'

    at file:///private/var/folders/nr/cyvk1qc14jj5c081vj1xts000000gn/T/wasm-vm-component-floats-cold-udhbtrt_/wasm-vm/tools/verify-virgl-draw-replay.mjs:174:12
+ for attack in vertex index texel constant blend readback-offset
+ node tools/verify-virgl-draw-replay.mjs --output /var/folders/nr/cyvk1qc14jj5c081vj1xts000000gn/T/wasm-vm-component-floats-cold-udhbtrt_/wasm-vm/target/evidence/virgl-component-floats-cold/numeric-regression/float-regression/regression/regression/draw/sabotage-blend --sabotage blend
AssertionError [ERR_ASSERTION]: original phase 2 interior pixel (4,4): expected "[64,0,191,255]", got "[255,0,191,255]"

'failed' !== 'passed'

    at file:///private/var/folders/nr/cyvk1qc14jj5c081vj1xts000000gn/T/wasm-vm-component-floats-cold-udhbtrt_/wasm-vm/tools/verify-virgl-draw-replay.mjs:174:12
+ for attack in vertex index texel constant blend readback-offset
+ node tools/verify-virgl-draw-replay.mjs --output /var/folders/nr/cyvk1qc14jj5c081vj1xts000000gn/T/wasm-vm-component-floats-cold-udhbtrt_/wasm-vm/target/evidence/virgl-component-floats-cold/numeric-regression/float-regression/regression/regression/draw/sabotage-readback-offset --sabotage readback-offset
AssertionError [ERR_ASSERTION]: original phase 0 interior pixel (4,4): expected "[255,0,0,255]", got "[0,0,0,0]"

'failed' !== 'passed'

    at file:///private/var/folders/nr/cyvk1qc14jj5c081vj1xts000000gn/T/wasm-vm-component-floats-cold-udhbtrt_/wasm-vm/tools/verify-virgl-draw-replay.mjs:174:12
+ python3 tools/virgl-command/draw-receipt.py /var/folders/nr/cyvk1qc14jj5c081vj1xts000000gn/T/wasm-vm-component-floats-cold-udhbtrt_/wasm-vm/target/evidence/virgl-component-floats-cold/numeric-regression/float-regression/regression/regression/draw
E6-T12d receipt passed: original draw/pixel replay, isolation and six input sabotage controls
