✔ prewarm sync proof rejects cross-TTY marker evidence (0.524917ms)
✔ prewarm clear proof requires a new real frame and focused Foot (0.110125ms)
✔ post-marker presentation helper rejects typing frames (105.2715ms)
✔ candidate mode is explicitly local-only and hash-bound (0.158875ms)
✔ renderer proof binds current Hyprland PID and instance before physical input (0.145ms)
✔ LP0 is configuration-only evidence and is checked before physical input (0.1045ms)
✔ actual built recording covers served resources and pre-send RPCs, even timed-out ones (0.131083ms)
✔ renderer log parser accepts the real DEBUG suffix labels (0.520625ms)
✔ renderer log parser rejects wrong, missing, ambiguous, and misleading records (0.690958ms)
✔ nonce readback caps every guest RPC by the remaining 120-second deadline (0.171375ms)
✔ unlogged baseline worker evidence is explicitly weaker than a GL label (0.26275ms)
✔ harness-only cold local HTTP selftest serves kernel/chunks and refuses snapshot routes without a browser (190.745917ms)
✔ harness-only actual cold orchestration inspects storage before app and returns after pair without input (2.986042ms)
✔ harness-only capture selects exact overlay when both overlay and snapshot databases exist (1.4005ms)
✔ harness-only cold progress TimeoutError is recorded before startup continues to mandatory desktop capture (0.381959ms)
✔ harness-only progress catch propagates non-Playwright errors and verify-mode timeouts (0.29825ms)
✔ harness-only final desktop TimeoutError remains fatal after a tolerated progress timeout (0.098083ms)
✔ harness-only screenshot helper forwards the supplied timeout and keeps the 20-second default (0.161917ms)
✔ actual direct-pair route fences before navigation and never enters physical input (0.658292ms)
OMARCHY_OPAQUE_PREPARATION {"at":"2026-09-16T05:22:12.298Z","brightPixels":100,"brightColors":20,"nonblank":true,"frames":4}
✔ direct preparation uses embedded active Foot and post-response fresh pixels before export (5.092167ms)
OMARCHY_OPAQUE_PREPARATION {"at":"2026-09-16T05:22:12.359Z","brightPixels":0,"brightColors":0,"nonblank":false,"frames":5}
✔ wrong properties/window, stale image, blank terminal and failed export cannot make a prepared pair (127.666333ms)
✔ native terminal ROI rejects bar-only pixels, wrong geometry and expired startup (3.349584ms)
✔ one synchronous direct batch contains only the specified writes then reads (1.767083ms)
✔ every property and acknowledgment is required; exit0 error strings never pass (3.655125ms)
✔ expired, late and rejected configuration cannot reach input or renew the deadline (0.540625ms)
✔ direct audit binds complete actual wire and rejects reordered, forged, duplicate and late evidence (2.371667ms)
✔ trial is local, explicit, fixed-budget and does not accept renderer/timeout tuning (2.248791ms)
✔ residency URLs differ only in the fixed module cap with recycling disabled (0.559708ms)
✔ residency checks the actual selected cap and rejects recycling or policy drift (0.44225ms)
✔ pair driver rejects unknown experiments before starting any arm (2.948292ms)
✔ arm URLs have exactly one policy difference and forbid inherited query tuning (0.271291ms)
✔ all four R3 source bindings and image layout must match (0.310541ms)
✔ actual runtime must match the selected arm with observer/timing off (1.983ms)
✔ deadline accounts for queue delay and rejects late completion without starting expired work (5.709042ms)
✔ real recorder retains physical-only writing, fixed deadlines, fresh presentation and owned shutdown (1.161042ms)
✔ actual warm capture exports every exact-seed block while paused and binds both headers (80.851792ms)
✔ actual warm capture rejects a running guest, foreign overlay seed and stale restore decision (143.890041ms)
✔ preparation uses a distinct offline budget without altering physical-input deadlines (0.4365ms)
✔ offline preparation exports only after smaller focused visible frame and screenshot (1.721208ms)
✔ offline preparation preserves focus, image, export and startup failures without acceptance (1.569791ms)
✔ native-pixel Foot interior rejects black, bar-only and wrong-location content (4.138958ms)
✔ pair guard rejects foreign core/base/generation and incomplete or duplicate delta records (33.11425ms)
✔ fixed opaque rule requires all real properties and consumes the existing startup deadline (2.205875ms)
✔ an expired or late configuration cannot restart the original clock (0.453625ms)
✔ property audit binds to the wire and rejects missing, forged, duplicate, late and pre-configuration input (3.031208ms)
✔ actual original resource and frame dimensions are required, regardless of canvas size (0.122292ms)
✔ retained real negative input recording passes reusable audit; missing sync or fabricated success fails (34.701084ms)
OMARCHY_OPAQUE_PREPARATION {"at":"2026-09-16T05:22:12.300Z","brightPixels":100,"brightColors":20,"nonblank":true,"frames":4}
✔ opaque preparation uses confirmed window, post-query fresh native pixels and separate bounded export (4.953292ms)
OMARCHY_OPAQUE_PREPARATION {"at":"2026-09-16T05:22:12.361Z","brightPixels":0,"brightColors":0,"nonblank":false,"frames":5}
✔ wrong properties/window, stale image, blank terminal and failed export cannot make a prepared pair (126.328583ms)
✔ native terminal ROI rejects bar-only pixels, wrong geometry and expired startup (3.355917ms)
✔ preparation supplies a fixed extra read command to the wire audit; report text cannot authorize it (0.671083ms)
✔ owned watchdog caps setup and navigation once, and normal close cancels timers (0.808167ms)
✔ offline preparation is separately bounded and cannot extend a physical-input watchdog (1.289875ms)
✔ post-verdict capture has one fixed extra allowance and messages cannot rearm it (0.116958ms)
✔ stalled owned browser/recorder is killed and missing close settles as unconfirmed (0.105375ms)
✔ already exited browser is not killed; watchdog intervention never looks like a normal pass (0.119792ms)
✔ future/invalid navigation cannot extend setup (0.071083ms)
✔ recorder exit cannot orphan its browser or kill an already-exited recorder group (0.112791ms)
✔ exit before stdio close never sends a later watchdog signal to the exited recorder (0.085416ms)
✔ synthetic actual input-trial reaches physical keys without mapped-client/active-window RPCs (17.6655ms)
✔ synthetic actual opaque branch verifies properties before keys and fences after Enter (15.454584ms)
✔ synthetic actual direct-property branch reads all values before keys and fences after Enter (16.140875ms)
✔ synthetic capture and verify retain actual mapped-Foot and active-window checks before keys (3.961167ms)
✔ synthetic missing application readiness or lost canvas focus forbids any key (1.105833ms)
✔ synthetic actual nonce reader rejects mismatched bytes in a successful RPC response (11.665417ms)
✔ synthetic late typing/readback and stale presentation cannot publish success (53.851292ms)
✔ synthetic timing observation uses same-page actual recorded event fields, not probe completion (12.510417ms)
ℹ tests 67
ℹ suites 0
ℹ pass 67
ℹ fail 0
ℹ cancelled 0
ℹ skipped 0
ℹ todo 0
ℹ duration_ms 5114.431375
