[    0.000000] Linux version 6.6.63 (wasmvm@wasmvm) (riscv64-linux-gnu-gcc (Debian 12.2.0-13) 12.2.0, GNU ld (GNU Binutils for Debian) 2.40) #1 SMP Thu Nov 14 2024
[    0.000000] Machine model: riscv-virtio,qemu
[    0.000000] SBI specification v2.0 detected
[    0.000000] SBI implementation ID=0x574d Version=0x100
[    0.000000] SBI TIME extension detected
[    0.000000] SBI IPI extension detected
[    0.000000] SBI RFENCE extension detected
[    0.000000] SBI SRST extension detected
[    0.000000] earlycon: sbi0 at I/O port 0x0 (options '')
[    0.000000] printk: bootconsole [sbi0] enabled
[    0.000000] efi: UEFI not found.
[    0.000000] Zone ranges:
[    0.000000]   DMA32    [mem 0x0000000080000000-0x000000008fffffff]
[    0.000000]   Normal   empty
[    0.000000] Movable zone start for each node
[    0.000000] Early memory node ranges
[    0.000000]   node   0: [mem 0x0000000080000000-0x000000008fffffff]
[    0.000000] Initmem setup node 0 [mem 0x0000000080000000-0x000000008fffffff]
[    0.000000] SBI HSM extension detected
[    0.000000] Falling back to deprecated "riscv,isa"
[    0.000000] riscv: base ISA extensions acdfim
[    0.000000] riscv: ELF capabilities acdfim
[    0.000000] percpu: Embedded 18 pages/cpu s42104 r0 d31624 u73728
[    0.000000] Kernel command line: root=/dev/vda rw console=ttyS0 earlycon=sbi wasmvm.desktop_test=1
[    0.000000] Dentry cache hash table entries: 32768 (order: 6, 262144 bytes, linear)
[    0.000000] Inode-cache hash table entries: 16384 (order: 5, 131072 bytes, linear)
[    0.000000] Built 1 zonelists, mobility grouping on.  Total pages: 64512
[    0.000000] mem auto-init: stack:all(zero), heap alloc:off, heap free:off
[    0.000000] Virtual kernel memory layout:
[    0.000000]       fixmap : 0xff1bfffffea00000 - 0xff1bffffff000000   (6144 kB)
[    0.000000]       pci io : 0xff1bffffff000000 - 0xff1c000000000000   (  16 MB)
[    0.000000]      vmemmap : 0xff1c000000000000 - 0xff20000000000000   (1024 TB)
[    0.000000]      vmalloc : 0xff20000000000000 - 0xff60000000000000   (16384 TB)
[    0.000000]      modules : 0xffffffff0179e000 - 0xffffffff80000000   (2024 MB)
[    0.000000]       lowmem : 0xff60000000000000 - 0xff60000010000000   ( 256 MB)
[    0.000000]       kernel : 0xffffffff80000000 - 0xffffffffffffffff   (2047 MB)
[    0.000000] Memory: 216560K/262144K available (10367K kernel code, 5056K rwdata, 4096K rodata, 2201K init, 539K bss, 45584K reserved, 0K cma-reserved)
[    0.000000] SLUB: HWalign=64, Order=0-3, MinObjects=0, CPUs=1, Nodes=1
[    0.000000] rcu: Hierarchical RCU implementation.
[    0.000000] rcu: 	RCU restricting CPUs from NR_CPUS=64 to nr_cpu_ids=1.
[    0.000000] rcu: 	RCU debug extended QS entry/exit.
[    0.000000] 	Tracing variant of Tasks RCU enabled.
[    0.000000] rcu: RCU calculated value of scheduler-enlistment delay is 25 jiffies.
[    0.000000] rcu: Adjusting geometry for rcu_fanout_leaf=16, nr_cpu_ids=1
[    0.000000] NR_IRQS: 64, nr_irqs: 64, preallocated irqs: 0
[    0.000000] riscv-intc: 64 local interrupts mapped
[    0.000000] plic: plic@c000000: mapped 95 interrupts with 1 handlers for 2 contexts.
[    0.000000] riscv: providing IPIs using SBI IPI extension
[    0.000000] rcu: srcu_init: Setting srcu_struct sizes based on contention.
[    0.000000] clocksource: riscv_clocksource: mask: 0xffffffffffffffff max_cycles: 0x24e6a1710, max_idle_ns: 440795202120 ns
[    0.000002] sched_clock: 64 bits at 10MHz, resolution 100ns, wraps every 4398046511100ns
[    0.001287] Console: colour dummy device 80x25
[    0.001486] Calibrating delay loop (skipped), value calculated using timer frequency.. 20.00 BogoMIPS (lpj=40000)
[    0.001644] pid_max: default: 32768 minimum: 301
[    0.002151] LSM: initializing lsm=capability,integrity
[    0.002878] Mount-cache hash table entries: 512 (order: 0, 4096 bytes, linear)
[    0.003012] Mountpoint-cache hash table entries: 512 (order: 0, 4096 bytes, linear)
[    0.014500] RCU Tasks Trace: Setting shift to 0 and lim to 1 rcu_task_cb_adjust=1 rcu_task_cpu_ids=1.
[    0.015202] riscv: ELF compat mode unsupported
[    0.015283] ASID allocator using 16 bits (65536 entries)
[    0.016150] rcu: Hierarchical SRCU implementation.
[    0.016224] rcu: 	Max phase no-delay instances is 1000.
[    0.017835] EFI services will not be available.
[    0.018675] smp: Bringing up secondary CPUs ...
[    0.018783] smp: Brought up 1 node, 1 CPU
[    0.021287] devtmpfs: initialized
[    0.031918] clocksource: jiffies: mask: 0xffffffff max_cycles: 0xffffffff, max_idle_ns: 7645041785100000 ns
[    0.032071] futex hash table entries: 256 (order: 2, 16384 bytes, linear)
[    0.033112] pinctrl core: initialized pinctrl subsystem
[    0.042725] NET: Registered PF_NETLINK/PF_ROUTE protocol family
[    0.047168] DMA: preallocated 128 KiB GFP_KERNEL pool for atomic allocations
[    0.047380] DMA: preallocated 128 KiB GFP_KERNEL|GFP_DMA32 pool for atomic allocations
[    0.047706] audit: initializing netlink subsys (disabled)
[    0.050995] thermal_sys: Registered thermal governor 'step_wise'
[    0.051165] audit: type=2000 audit(0.044:1): state=initialized audit_enabled=0 res=1
[    0.051406] cpuidle: using governor menu
[    0.073191] cpu0: Ratio of byte access time to unaligned word access is 7.98, unaligned accesses are fast
[    0.094088] HugeTLB: registered 2.00 MiB page size, pre-allocated 0 pages
[    0.094185] HugeTLB: 28 KiB vmemmap can be freed for a 2.00 MiB page
[    0.162065] raid6: int64x8  gen()    42 MB/s
[    0.230636] raid6: int64x4  gen()    57 MB/s
[    0.298974] raid6: int64x2  gen()    58 MB/s
[    0.367571] raid6: int64x1  gen()    52 MB/s
[    0.367653] raid6: using algorithm int64x2 gen() 58 MB/s
[    0.436244] raid6: .... xor() 32 MB/s, rmw enabled
[    0.436325] raid6: using intx1 recovery algorithm
[    0.437299] ACPI: Interpreter disabled.
[    0.438066] iommu: Default domain type: Translated
[    0.438147] iommu: DMA domain TLB invalidation policy: strict mode
[    0.441688] SCSI subsystem initialized
[    0.445080] Advanced Linux Sound Architecture Driver Initialized.
[    0.451199] clocksource: Switched to clocksource riscv_clocksource
[    0.453436] pnp: PnP ACPI: disabled
[    0.515358] NET: Registered PF_INET protocol family
[    0.516759] IP idents hash table entries: 4096 (order: 3, 32768 bytes, linear)
[    0.525922] tcp_listen_portaddr_hash hash table entries: 128 (order: 0, 4096 bytes, linear)
[    0.526114] Table-perturb hash table entries: 65536 (order: 6, 262144 bytes, linear)
[    0.526269] TCP established hash table entries: 2048 (order: 2, 16384 bytes, linear)
[    0.526642] TCP bind hash table entries: 2048 (order: 5, 131072 bytes, linear)
[    0.527869] TCP: Hash tables configured (established 2048 bind 2048)
[    0.528243] UDP hash table entries: 256 (order: 2, 24576 bytes, linear)
[    0.528625] UDP-Lite hash table entries: 256 (order: 2, 24576 bytes, linear)
[    0.529622] NET: Registered PF_UNIX/PF_LOCAL protocol family
[    0.532638] RPC: Registered named UNIX socket transport module.
[    0.532726] RPC: Registered udp transport module.
[    0.532805] RPC: Registered tcp transport module.
[    0.532885] RPC: Registered tcp-with-tls transport module.
[    0.532970] RPC: Registered tcp NFSv4.1 backchannel transport module.
[    0.533302] kvm [1]: hypervisor extension not available
[    0.538694] workingset: timestamp_bits=46 max_order=16 bucket_order=0
[    0.542252] NFS: Registering the id_resolver key type
[    0.542695] Key type id_resolver registered
[    0.542772] Key type id_legacy registered
[    0.542977] nfs4filelayout_init: NFSv4 File Layout Driver Registering...
[    0.543108] nfs4flexfilelayout_init: NFSv4 Flexfile Layout Driver Registering...
[    0.544281] 9p: Installing v9fs 9p2000 file system support
[    1.697175] NET: Registered PF_ALG protocol family
[    1.697277] xor: measuring software checksum speed
[    1.716175]    8regs           :   174 MB/sec
[    1.735065]    8regs_prefetch  :   174 MB/sec
[    1.753973]    32regs          :   174 MB/sec
[    1.772918]    32regs_prefetch :   173 MB/sec
[    1.773002] xor: using function: 32regs (174 MB/sec)
[    1.773303] Block layer SCSI generic (bsg) driver version 0.4 loaded (major 246)
[    1.773406] io scheduler mq-deadline registered
[    1.773490] io scheduler kyber registered
[    1.773644] io scheduler bfq registered
[    1.794847] input: wasm-vm virtio keyboard as /devices/platform/soc/10004000.virtio_mmio/virtio3/input/input0
[    1.797438] input: wasm-vm virtio tablet as /devices/platform/soc/10005000.virtio_mmio/virtio4/input/input1
[    1.799950] input: wasm-vm virtio mouse as /devices/platform/soc/10006000.virtio_mmio/virtio5/input/input2
[    2.187234] Serial: 8250/16550 driver, 4 ports, IRQ sharing disabled
[    2.200932] printk: console [ttyS0] disabled
[    2.203209] 10000000.serial: ttyS0 at MMIO 0x10000000 (irq = 15, base_baud = 230400) is a 16550A
[    2.203421] printk: console [ttyS0] enabled
[    2.203595] printk: bootconsole [sbi0] disabled
[    2.203421] printk: console [ttyS0] enabled
[    2.203595] printk: bootconsole [sbi0] disabled
[    2.206149] SuperH (H)SCI(F) driver initialized
[    2.209679] random: crng init done
[    2.216516] [drm] features: -virgl +edid -resource_blob -host_visible
[    2.216566] [drm] features: -context_init
[    2.217550] [drm] number of scanouts: 1
[    2.217666] [drm] number of cap sets: 0
[    2.222829] [drm] Initialized virtio_gpu 0.1.0 0 for 10008000.virtio_mmio on minor 0
[    2.392104] Console: switching to colour frame buffer device 160x50
[    2.509560] virtio-mmio 10008000.virtio_mmio: [drm] fb0: virtio_gpudrmfb frame buffer device
[    2.544632] loop: module loaded
[    2.544940] virtio_blk virtio0: 1/0/0 default/read/poll queues
[    2.546207] virtio_blk virtio0: [vda] 2097152 512-byte logical blocks (1.07 GB/1.00 GiB)
[    4.861936] mousedev: PS/2 mouse device common for all mice
[    4.866741] goldfish_rtc 101000.rtc: registered as rtc0
[    4.866924] goldfish_rtc 101000.rtc: setting system clock to 2026-09-06T08:24:27 UTC (1788683067)
[    4.870158] syscon-poweroff poweroff: pm_power_off already claimed for sbi_srst_power_off
[    4.870406] syscon-poweroff: probe of poweroff failed with error -16
[    4.872640] device-mapper: ioctl: 4.48.0-ioctl (2023-03-01) initialised: dm-devel@redhat.com
[    4.875399] sdhci: Secure Digital Host Controller Interface driver
[    4.875549] sdhci: Copyright(c) Pierre Ossman
[    4.876576] sdhci-pltfm: SDHCI platform and OF driver helper
[    4.886696] IPVS: Registered protocols (TCP, UDP)
[    4.886870] IPVS: Connection hash table configured (size=4096, memory=32Kbytes)
[    4.888041] IPVS: ipvs loaded.
[    4.888145] IPVS: [rr] scheduler registered.
[    4.889915] Initializing XFRM netlink socket
[    4.890289] NET: Registered PF_INET6 protocol family
[    4.896155] Segment Routing with IPv6
[    4.896448] In-situ OAM (IOAM) with IPv6
[    4.897289] sit: IPv6, IPv4 and MPLS over IPv4 tunneling driver
[    4.901109] NET: Registered PF_PACKET protocol family
[    4.901447] Bridge firewalling registered
[    4.901882] 8021q: 802.1Q VLAN Support v1.8
[    4.902475] 9pnet: Installing 9P2000 support
[    4.902855] Key type dns_resolver registered
[    5.111215] debug_vm_pgtable: [debug_vm_pgtable         ]: Validating architecture page table helpers
[    5.122975] Btrfs loaded, zoned=no, fsverity=no
[    5.130746] Legacy PMU implementation is available
[    5.131837] clk: Disabling unused clocks
[    5.131979] ALSA device list:
[    5.132075]   #0: VirtIO SoundCard at platform/10007000.virtio_mmio/virtio6
[   17.138392] EXT4-fs (vda): mounted filesystem a11ce000-0e2f-4c18-b007-f50000000018 r/w with ordered data mode. Quota mode: disabled.
[   17.138683] VFS: Mounted root (ext4 filesystem) on device 254:0.
[   17.139379] devtmpfs: mounted
[   17.145915] Freeing unused kernel image (initmem) memory: 2200K
[   17.146083] Run /sbin/init as init process

   OpenRC 0.54 is starting up Linux 6.6.63 (riscv64)

 * Mounting /proc ... [ ok ]
 * Mounting /run ... [ ok ]
 * /run/openrc: creating directory
 * /run/lock: creating directory
 * /run/lock: correcting owner
 * Caching service dependencies ... [ ok ]
 * Remounting devtmpfs on /dev ... [ ok ]
 * Mounting /dev/mqueue ... [ ok ]
 * Mounting /dev/pts ... [ ok ]
 * Mounting /dev/shm ... [ ok ]
 * Mounting /sys ... [ ok ]
 * Mounting security filesystem ... [ ok ]
 * Mounting debug filesystem ... [ ok ]
 * Starting udev ... [ ok ]
 * Generating a rule to create a /dev/root symlink ... [ ok ]
 * Populating /dev with existing devices through uevents ... [ ok ]
 * Loading hardware drivers ...modprobe: can't change directory to '/lib/modules': No such file or directory
 [ ok ]
 * Loading modules ...modprobe: can't change directory to '/lib/modules': No such file or directory
modprobe: can't change directory to '/lib/modules': No such file or directory
 [ ok ]
 * Setting system clock using the hardware clock [UTC] ...hwclock: select() to /dev/rtc0 to wait for clock tick timed out
 * Failed to set the system clock
 [ !! ]
 * Checking local filesystems  ... [ ok ]
 * Remounting filesystems ... [ ok ]
 * Activating swap devices ... [ ok ]
 * Mounting local filesystems ... [ ok ]
 * Migrating /var/lock to /run/lock ... [ ok ]
 * Creating user login records ... [ ok ]
 * Cleaning /tmp directory ... [ ok ]
 * Setting hostname ... [ ok ]
 * Seeding random number generator ... * Saving 256 bits of creditable seed for next boot
 [ ok ]
 * Starting busybox syslog ... [ ok ]
 * Starting seatd ... [ ok ]
 * Waiting for uevents to be processed ... [ ok ]
 * Starting networking ... *   lo ... [ ok ]
 *   eth0 ...udhcpc: started, v1.36.1
udhcpc: broadcasting discover
udhcpc: broadcasting discover
udhcpc: broadcasting discover
udhcpc: broadcasting discover
udhcpc: broadcasting discover
udhcpc failed to get a DHCP lease
udhcpc: no lease, forking to background
 [ ok ]
 * Starting wasm-vm file transfer agent ... [ ok ]
 * Starting wasm-vm virtio agent ... [ ok ]

E5T18D_TEST_CONSOLE_READY
E5T18D_STATUS_BEGIN
desktop.attempts=1
desktop.ready=1 962
desktop.failed=absent
weston.pid=962
2026-09-06T08:28:27Z E5T18D event=boot-runtime-ready
2026-09-06T08:29:08Z E5T18D event=attempt attempt=1 backend=drm renderer=pixman
2026-09-06T08:29:08Z E5T18D event=started attempt=1 pid=962
2026-09-06T08:29:12Z E5T18D event=ready attempt=1 pid=962
E5T18D_STATUS_END
E5T22C_DISPLAY_BEGIN
WV_DISPLAY ns=302783933000 id=16 name=Virtual-1 width=1280 height=800 refresh=59998 scale=1 edid_width=1280 edid_height=800 edid=00ffffffffffff005ecd010001000000011e0104a52215780a9605a3544c99260f505400000001010101010101010101010101010101031c00a050201e302814730054d21000001a000000fd001e780ffa3c010a202020202020000000fc005741534d20564d0a2020202020000000ff0057564d2d303030310a2020202000c6
E5T22C_DISPLAY_END
E5T18D_LOG_BEGIN
Date: 2026-09-06 UTC
[08:29:09.664] weston 12.0.4
               https://wayland.freedesktop.org
               Bug reports to: https://gitlab.freedesktop.org/wayland/weston/issues/
               Build: 12.0.4
[08:29:09.665] Command line: weston --config=/etc/xdg/weston/weston.ini --backend=drm --renderer=pixman --socket=wayland-0
[08:29:09.665] OS: Linux, 6.6.63, #1 SMP Thu Nov 14 2024, riscv64
[08:29:09.665] Flight recorder: enabled
[08:29:09.667] Using config file '/etc/xdg/weston/weston.ini'
[08:29:09.674] Output repaint window is 7 ms maximum.
[08:29:09.716] Loading module '/usr/lib/libweston-12/drm-backend.so'
[08:29:10.148] initializing drm backend
[08:29:10.148] Trying libseat launcher...
[08:29:10.149] [libseat/libseat.c:73] Seat opened with backend 'seatd'
[08:29:10.149] [libseat/backend/seatd.c:212] Enabling seat
[08:29:10.150] libseat: session control granted
[08:29:10.160] using /dev/dri/card0
[08:29:10.160] DRM: supports atomic modesetting
[08:29:10.161] DRM: does not support GBM modifiers
[08:29:10.161] DRM: does not support async page flipping
[08:29:10.161] DRM: supports picture aspect ratio
[08:29:10.161] Using Pixman renderer
[08:29:10.311] event0  - wasm-vm virtio keyboard: is tagged by udev as: Keyboard
[08:29:10.316] event0  - wasm-vm virtio keyboard: device is a keyboard
[08:29:10.356] event1  - wasm-vm virtio tablet: is tagged by udev as: Mouse
[08:29:10.375] event1  - wasm-vm virtio tablet: device is a pointer
[08:29:10.410] event2  - wasm-vm virtio mouse: is tagged by udev as: Mouse
[08:29:10.419] event2  - wasm-vm virtio mouse: device is a pointer
[08:29:11.407] libinput: configuring device "wasm-vm virtio keyboard".
[08:29:11.407] libinput: configuring device "wasm-vm virtio tablet".
[08:29:11.407] input device event1 has no enabled output associated (none named), skipping calibration for now.
[08:29:11.408] libinput: configuring device "wasm-vm virtio mouse".
[08:29:11.410] DRM: head 'Virtual-1' found, connector 34 is connected, EDID make 'WVM', model 'WASM VM', serial 'WVM-0001'
               Supported EOTF modes: SDR
[08:29:11.412] Registered plugin API 'weston_drm_output_api_v1' of size 40
[08:29:11.412] Registered plugin API 'weston_drm_virtual_output_api_v2' of size 48
[08:29:11.412] Color manager: no-op
[08:29:11.413] Output 'Virtual-1' attempts EOTF mode: SDR
[08:29:11.413] Output 'Virtual-1' using color profile: built-in default sRGB SDR profile
[08:29:11.512] DRM: output Virtual-1 uses shadow framebuffer.
[08:29:11.512] Output Virtual-1 (crtc 33) video modes:
               1280x800@60.0, preferred, current, 71.7 MHz
[08:29:11.513] associating input device event0 with output Virtual-1 (none by udev)
[08:29:11.513] associating input device event1 with output Virtual-1 (none by udev)
[08:29:11.516] associating input device event2 with output Virtual-1 (none by udev)
[08:29:11.516] Output 'Virtual-1' enabled with head(s) Virtual-1
[08:29:11.517] Compositor capabilities:
               arbitrary surface rotation: yes
               screen capture uses y-flip: no
               cursor planes: yes
               arbitrary resolutions: no
               view mask clipping: yes
               explicit sync: no
               color operations: no
               presentation clock: CLOCK_MONOTONIC, id 1
               presentation clock resolution: 0.000000001 s
[08:29:11.518] Loading module '/usr/lib/weston/desktop-shell.so'
[08:29:11.525] Loading module '/usr/lib/weston/wv-display-resize.so'
[08:29:11.526] WV_DISPLAY enabled bounded 100ms EDID watcher
[08:29:11.526] launching '/usr/libexec/weston-keyboard'
[08:29:11.542] launching '/usr/libexec/weston-desktop-shell'
could not load cursor 'dnd-move'
could not load cursor 'dnd-copy'
could not load cursor 'dnd-none'
could not load cursor 'dnd-move'
could not load cursor 'dnd-copy'
could not load cursor 'dnd-none'
[08:29:25.416] unexpectedly large timestamp jump (from 300135 to 301363)
E5T18D_LOG_END
WV_DISPLAY ns=303339509800 id=16 name=Virtual-1 width=1280 height=800 refresh=59998 scale=1 edid_width=1280 edid_height=800 edid=00ffffffffffff005ecd010001000000011e0104a52215780a9605a3544c99260f505400000001010101010101010101010101010101031c00a050201e302814730054d21000001a000000fd001e780ffa3c010a202020202020000000fc005741534d20564d0a2020202020000000ff0057564d2d303030310a2020202000c6
E5T22C_DISPLAY_BEGIN
WV_DISPLAY ns=303936450100 id=16 name=Virtual-1 width=1280 height=800 refresh=59998 scale=1 edid_width=1280 edid_height=800 edid=00ffffffffffff005ecd010001000000011e0104a52215780a9605a3544c99260f505400000001010101010101010101010101010101031c00a050201e302814730054d21000001a000000fd001e780ffa3c010a202020202020000000fc005741534d20564d0a2020202020000000ff0057564d2d303030310a2020202000c6
WV_CLIENT pid=1019 exe=/usr/bin/foot
E5T22C_DISPLAY_END
WV_DISPLAY_REMOVED id=16
E5T22C_DISPLAY_BEGIN
WV_DISPLAY ns=304688539100 id=22 name=Virtual-1 width=803 height=603 refresh=59992 scale=1 edid_width=803 edid_height=603 edid=00ffffffffffff005ecd010001000000011e0104a51510780a9605a3544c99260f505400000001010101010101010101010101010101490e23a0305b1e2028147300d2a00000001a000000fd001e780ffa3c010a202020202020000000fc005741534d20564d0a2020202020000000ff0057564d2d303030310a202020200036
WV_DISPLAY ns=304803054200 id=22 name=Virtual-1 width=803 height=603 refresh=59992 scale=1 edid_width=803 edid_height=603 edid=00ffffffffffff005ecd010001000000011e0104a51510780a9605a3544c99260f505400000001010101010101010101010101010101490e23a0305b1e2028147300d2a00000001a000000fd001e780ffa3c010a202020202020000000fc005741534d20564d0a2020202020000000ff0057564d2d303030310a202020200036
WV_CLIENT pid=1019 exe=/usr/bin/foot
E5T22C_DISPLAY_END
WV_DISPLAY_REMOVED id=22
WV_DISPLAY ns=305469253200 id=23 name=Virtual-1 width=640 height=480 refresh=60000 scale=1 edid_width=640 edid_height=480 edid=00ffffffffffff005ecd010001000000011e0104a5110d780a9605a3544c99260f505400000001010101010101010101010101010101900980a020e01e1028147300aa820000001a000000fd001e780ffa3c010a202020202020000000fc005741534d20564d0a2020202020000000ff0057564d2d303030310a20202020007f
E5T22C_DISPLAY_BEGIN
WV_DISPLAY ns=305728522700 id=23 name=Virtual-1 width=640 height=480 refresh=60000 scale=1 edid_width=640 edid_height=480 edid=00ffffffffffff005ecd010001000000011e0104a5110d780a9605a3544c99260f505400000001010101010101010101010101010101900980a020e01e1028147300aa820000001a000000fd001e780ffa3c010a202020202020000000fc005741534d20564d0a2020202020000000ff0057564d2d303030310a20202020007f
WV_CLIENT pid=1019 exe=/usr/bin/foot
E5T22C_DISPLAY_END
WV_DISPLAY_REMOVED id=23
WV_DISPLAY ns=306229459100 id=24 name=Virtual-1 width=640 height=480 refresh=60000 scale=1 edid_width=1280 edid_height=800 edid=00ffffffffffff005ecd010001000000011e0104a52215780a9605a3544c99260f505400000001010101010101010101010101010101031c00a050201e302814730054d21000001a000000fd001e780ffa3c010a202020202020000000fc005741534d20564d0a2020202020000000ff0057564d2d303030310a2020202000c6
WV_DISPLAY_REMOVED id=24
WV_DISPLAY ns=306868492000 id=25 name=Virtual-1 width=1280 height=800 refresh=59998 scale=1 edid_width=1280 edid_height=800 edid=00ffffffffffff005ecd010001000000011e0104a52215780a9605a3544c99260f505400000001010101010101010101010101010101031c00a050201e302814730054d21000001a000000fd001e780ffa3c010a202020202020000000fc005741534d20564d0a2020202020000000ff0057564d2d303030310a2020202000c6
E5T22C_DISPLAY_BEGIN
WV_DISPLAY ns=307111796000 id=25 name=Virtual-1 width=1280 height=800 refresh=59998 scale=1 edid_width=1280 edid_height=800 edid=00ffffffffffff005ecd010001000000011e0104a52215780a9605a3544c99260f505400000001010101010101010101010101010101031c00a050201e302814730054d21000001a000000fd001e780ffa3c010a202020202020000000fc005741534d20564d0a2020202020000000ff0057564d2d303030310a2020202000c6
WV_CLIENT pid=1019 exe=/usr/bin/foot
E5T22C_DISPLAY_END
WV_DISPLAY_REMOVED id=25
WV_DISPLAY ns=308059810800 id=26 name=Virtual-1 width=1280 height=800 refresh=59998 scale=1 edid_width=2560 edid_height=1600 edid=00ffffffffffff005ecd010001000000011e0104a5442a780a9605a3544c99260f505400000001010101010101010101010101010101606f0040a14032605028c600a8a42100001a000000fd001e780ffa3c010a202020202020000000fc005741534d20564d0a2020202020000000ff0057564d2d303030310a2020202000c4
WV_DISPLAY_REMOVED id=26
WV_DISPLAY ns=309368798700 id=27 name=Virtual-1 width=2560 height=1600 refresh=60000 scale=1 edid_width=2560 edid_height=1600 edid=00ffffffffffff005ecd010001000000011e0104a5442a780a9605a3544c99260f505400000001010101010101010101010101010101606f0040a14032605028c600a8a42100001a000000fd001e780ffa3c010a202020202020000000fc005741534d20564d0a2020202020000000ff0057564d2d303030310a2020202000c4
E5T22C_DISPLAY_BEGIN
WV_DISPLAY ns=314534556800 id=16 name=Virtual-1 width=2560 height=1600 refresh=60000 scale=1 edid_width=2560 edid_height=1600 edid=00ffffffffffff005ecd010001000000011e0104a5442a780a9605a3544c99260f505400000001010101010101010101010101010101606f0040a14032605028c600a8a42100001a000000fd001e780ffa3c010a202020202020000000fc005741534d20564d0a2020202020000000ff0057564d2d303030310a2020202000c4
E5T22C_DISPLAY_END
E5T22C_DISPLAY_BEGIN
WV_DISPLAY ns=320563855100 id=16 name=Virtual-1 width=801 height=601 refresh=59994 scale=1 edid_width=801 edid_height=601 edid=00ffffffffffff005ecd010001000000011e0104a51510780a9605a3544c99260f505400000001010101010101010101010101010101360e21a030591e2028147300d2a00000001a000000fd001e780ffa3c010a202020202020000000fc005741534d20564d0a2020202020000000ff0057564d2d303030310a20202020004d
E5T22C_DISPLAY_END
E5T18D_LOG_BEGIN
 sRGB SDR profile
[08:29:28.752] DRM: output Virtual-1 uses shadow framebuffer.
[08:29:28.752] Output Virtual-1 (crtc 33) video modes:
               640x480@60.0, preferred, current, 24.5 MHz
               1280x800@60.0, preferred, 71.7 MHz
[08:29:28.753] associating input device event0 with output Virtual-1 (none by udev)
[08:29:28.754] associating input device event1 with output Virtual-1 (none by udev)
[08:29:28.756] associating input device event2 with output Virtual-1 (none by udev)
[08:29:28.768] Output 'Virtual-1' enabled with head(s) Virtual-1
[08:29:28.768] WV_DISPLAY_APPLIED output=Virtual-1 width=640 height=480
[08:29:28.863] DRM: head 'Virtual-1' updated, connector 34 is connected, EDID make 'WVM', model 'WASM VM', serial 'WVM-0001'
               Supported EOTF modes: SDR
[08:29:28.863] Detected a monitor change on head 'Virtual-1', not bothering to do anything about it.
[08:29:28.872] Disabling output Virtual-1
[08:29:28.885] output for input device event0 removed
[08:29:28.888] output for input device event1 removed
[08:29:28.889] output for input device event2 removed
[08:29:28.889] Output 'Virtual-1' attempts EOTF mode: SDR
[08:29:28.889] Output 'Virtual-1' using color profile: built-in default sRGB SDR profile
[08:29:29.204] DRM: output Virtual-1 uses shadow framebuffer.
[08:29:29.205] Output Virtual-1 (crtc 33) video modes:
               1280x800@60.0, preferred, current, 71.7 MHz
[08:29:29.205] associating input device event0 with output Virtual-1 (none by udev)
[08:29:29.205] associating input device event1 with output Virtual-1 (none by udev)
[08:29:29.207] associating input device event2 with output Virtual-1 (none by udev)
[08:29:29.208] Output 'Virtual-1' enabled with head(s) Virtual-1
[08:29:29.215] WV_DISPLAY_APPLIED output=Virtual-1 width=1280 height=800
[08:29:30.000] Disabling output Virtual-1
[08:29:30.018] output for input device event0 removed
[08:29:30.018] output for input device event1 removed
[08:29:30.018] output for input device event2 removed
[08:29:30.018] Output 'Virtual-1' attempts EOTF mode: SDR
[08:29:30.019] Output 'Virtual-1' using color profile: built-in default sRGB SDR profile
[08:29:30.396] DRM: output Virtual-1 uses shadow framebuffer.
[08:29:30.396] Output Virtual-1 (crtc 33) video modes:
               1280x800@60.0, preferred, current, 71.7 MHz
[08:29:30.397] associating input device event0 with output Virtual-1 (none by udev)
[08:29:30.397] associating input device event1 with output Virtual-1 (none by udev)
[08:29:30.399] associating input device event2 with output Virtual-1 (none by udev)
[08:29:30.399] Output 'Virtual-1' enabled with head(s) Virtual-1
[08:29:30.399] WV_DISPLAY_APPLIED output=Virtual-1 width=1280 height=800
[08:29:30.683] DRM: head 'Virtual-1' updated, connector 34 is connected, EDID make 'WVM', model 'WASM VM', serial 'WVM-0001'
               Supported EOTF modes: SDR
[08:29:30.683] Detected a monitor change on head 'Virtual-1', not bothering to do anything about it.
[08:29:30.696] Disabling output Virtual-1
[08:29:30.717] output for input device event0 removed
[08:29:30.717] output for input device event1 removed
[08:29:30.717] output for input device event2 removed
[08:29:30.789] Output 'Virtual-1' attempts EOTF mode: SDR
[08:29:30.789] Output 'Virtual-1' using color profile: built-in default sRGB SDR profile
[08:29:31.992] DRM: output Virtual-1 uses shadow framebuffer.
[08:29:31.992] Output Virtual-1 (crtc 33) video modes:
               2560x1600@60.0, preferred, current, 285.1 MHz
               1280x800@60.0, preferred, 71.7 MHz
[08:29:31.993] associating input device event0 with output Virtual-1 (none by udev)
[08:29:31.993] associating input device event1 with output Virtual-1 (none by udev)
[08:29:31.995] associating input device event2 with output Virtual-1 (none by udev)
[08:29:31.995] Output 'Virtual-1' enabled with head(s) Virtual-1
[08:29:31.995] WV_DISPLAY_APPLIED output=Virtual-1 width=2560 height=1600
[08:29:32.626] background surface gone
[08:29:32.626] panel surface gone
[08:29:32.627] background surface gone
[08:29:32.627] panel surface gone
[08:29:32.628] background surface gone
[08:29:32.629] panel surface gone
[08:29:32.629] background surface gone
[08:29:32.630] panel surface gone
[08:29:32.655] Error: /usr/libexec/weston-desktop-shell apparently cannot run at all.
               Quitting...[08:29:32.655] panel surface gone
[08:29:32.656] background surface gone
[08:29:32.672] event0  - wasm-vm virtio keyboard: device removed
[08:29:32.696] event1  - wasm-vm virtio tablet: device removed
[08:29:32.708] event2  - wasm-vm virtio mouse: device removed
Date: 2026-09-06 UTC
[08:29:34.492] weston 12.0.4
               https://wayland.freedesktop.org
               Bug reports to: https://gitlab.freedesktop.org/wayland/weston/issues/
               Build: 12.0.4
[08:29:34.492] Command line: weston --config=/etc/xdg/weston/weston.ini --backend=drm --renderer=pixman --socket=wayland-0
[08:29:34.493] OS: Linux, 6.6.63, #1 SMP Thu Nov 14 2024, riscv64
[08:29:34.493] Flight recorder: enabled
[08:29:34.494] Using config file '/etc/xdg/weston/weston.ini'
[08:29:34.495] Output repaint window is 7 ms maximum.
[08:29:34.496] Loading module '/usr/lib/libweston-12/drm-backend.so'
[08:29:34.535] initializing drm backend
[08:29:34.536] Trying libseat launcher...
[08:29:34.537] [libseat/libseat.c:73] Seat opened with backend 'seatd'
[08:29:34.537] [libseat/backend/seatd.c:212] Enabling seat
[08:29:34.538] libseat: session control granted
[08:29:34.547] using /dev/dri/card0
[08:29:34.548] DRM: supports atomic modesetting
[08:29:34.548] DRM: does not support GBM modifiers
[08:29:34.548] DRM: does not support async page flipping
[08:29:34.549] DRM: supports picture aspect ratio
[08:29:34.549] Using Pixman renderer
[08:29:34.673] event0  - wasm-vm virtio keyboard: is tagged by udev as: Keyboard
[08:29:34.678] event0  - wasm-vm virtio keyboard: device is a keyboard
[08:29:34.718] event1  - wasm-vm virtio tablet: is tagged by udev as: Mouse
[08:29:34.736] event1  - wasm-vm virtio tablet: device is a pointer
[08:29:34.772] event2  - wasm-vm virtio mouse: is tagged by udev as: Mouse
[08:29:34.781] event2  - wasm-vm virtio mouse: device is a pointer
[08:29:35.282] libinput: configuring device "wasm-vm virtio keyboard".
[08:29:35.282] libinput: configuring device "wasm-vm virtio tablet".
[08:29:35.282] input device event1 has no enabled output associated (none named), skipping calibration for now.
[08:29:35.282] libinput: configuring device "wasm-vm virtio mouse".
[08:29:35.285] DRM: head 'Virtual-1' found, connector 34 is connected, EDID make 'WVM', model 'WASM VM', serial 'WVM-0001'
               Supported EOTF modes: SDR
[08:29:35.286] Registered plugin API 'weston_drm_output_api_v1' of size 40
[08:29:35.286] Registered plugin API 'weston_drm_virtual_output_api_v2' of size 48
[08:29:35.286] Color manager: no-op
[08:29:35.287] Output 'Virtual-1' attempts EOTF mode: SDR
[08:29:35.287] Output 'Virtual-1' using color profile: built-in default sRGB SDR profile
[08:29:35.709] DRM: output Virtual-1 uses shadow framebuffer.
[08:29:35.709] Output Virtual-1 (crtc 33) video modes:
               2560x1600@60.0, preferred, current, 285.1 MHz
[08:29:35.709] associating input device event0 with output Virtual-1 (none by udev)
[08:29:35.710] associating input device event1 with output Virtual-1 (none by udev)
[08:29:35.713] associating input device event2 with output Virtual-1 (none by udev)
[08:29:35.713] Output 'Virtual-1' enabled with head(s) Virtual-1
[08:29:35.713] Compositor capabilities:
               arbitrary surface rotation: yes
               screen capture uses y-flip: no
               cursor planes: yes
               arbitrary resolutions: no
               view mask clipping: yes
               explicit sync: no
               color operations: no
               presentation clock: CLOCK_MONOTONIC, id 1
               presentation clock resolution: 0.000000001 s
[08:29:35.715] Loading module '/usr/lib/weston/desktop-shell.so'
[08:29:35.719] Loading module '/usr/lib/weston/wv-display-resize.so'
[08:29:35.720] WV_DISPLAY enabled bounded 100ms EDID watcher
[08:29:35.721] launching '/usr/libexec/weston-keyboard'
[08:29:35.736] launching '/usr/libexec/weston-desktop-shell'
could not load cursor 'dnd-move'
could not load cursor 'dnd-copy'
could not load cursor 'dnd-none'
could not load cursor 'dnd-move'
could not load cursor 'dnd-copy'
could not load cursor 'dnd-none'
[08:29:37.416] Disabling output Virtual-1
[08:29:37.732] output for input device event0 removed
[08:29:37.732] output for input device event1 removed
[08:29:37.732] output for input device event2 removed
[08:29:37.733] Output 'Virtual-1' attempts EOTF mode: SDR
[08:29:37.733] Output 'Virtual-1' using color profile: built-in default sRGB SDR profile
[08:29:39.116] DRM: output Virtual-1 uses shadow framebuffer.
[08:29:39.116] Output Virtual-1 (crtc 33) video modes:
               2560x1600@60.0, preferred, current, 285.1 MHz
[08:29:39.117] associating input device event0 with output Virtual-1 (none by udev)
[08:29:39.117] associating input device event1 with output Virtual-1 (none by udev)
[08:29:39.125] associating input device event2 with output Virtual-1 (none by udev)
[08:29:39.125] Output 'Virtual-1' enabled with head(s) Virtual-1
[08:29:39.125] WV_DISPLAY_APPLIED output=Virtual-1 width=2560 height=1600
[08:29:39.880] DRM: head 'Virtual-1' updated, connector 34 is connected, EDID make 'WVM', model 'WASM VM', serial 'WVM-0001'
               Supported EOTF modes: SDR
[08:29:39.883] Detected a monitor change on head 'Virtual-1', not bothering to do anything about it.
[08:29:39.892] background surface gone
[08:29:39.893] panel surface gone
[08:29:39.894] Disabling output Virtual-1
[08:29:39.923] output for input device event0 removed
[08:29:39.924] output for input device event1 removed
[08:29:39.932] output for input device event2 removed
[08:29:39.936] Error: /usr/libexec/weston-desktop-shell apparently cannot run at all.
               Quitting...[08:29:39.968] event0  - wasm-vm virtio keyboard: device removed
[08:29:39.988] event1  - wasm-vm virtio tablet: device removed
[08:29:40.008] event2  - wasm-vm virtio mouse: device removed
Date: 2026-09-06 UTC
[08:29:41.730] weston 12.0.4
               https://wayland.freedesktop.org
               Bug reports to: https://gitlab.freedesktop.org/wayland/weston/issues/
               Build: 12.0.4
[08:29:41.731] Command line: weston --config=/etc/xdg/weston/weston.ini --backend=drm --renderer=pixman --socket=wayland-0
[08:29:41.731] OS: Linux, 6.6.63, #1 SMP Thu Nov 14 2024, riscv64
[08:29:41.731] Flight recorder: enabled
[08:29:41.733] Using config file '/etc/xdg/weston/weston.ini'
[08:29:41.734] Output repaint window is 7 ms maximum.
[08:29:41.734] Loading module '/usr/lib/libweston-12/drm-backend.so'
[08:29:41.774] initializing drm backend
[08:29:41.774] Trying libseat launcher...
[08:29:41.776] [libseat/libseat.c:73] Seat opened with backend 'seatd'
[08:29:41.776] [libseat/backend/seatd.c:212] Enabling seat
[08:29:41.776] libseat: session control granted
[08:29:41.786] using /dev/dri/card0
[08:29:41.787] DRM: supports atomic modesetting
[08:29:41.787] DRM: does not support GBM modifiers
[08:29:41.787] DRM: does not support async page flipping
[08:29:41.787] DRM: supports picture aspect ratio
[08:29:41.788] Using Pixman renderer
[08:29:41.911] event0  - wasm-vm virtio keyboard: is tagged by udev as: Keyboard
[08:29:41.915] event0  - wasm-vm virtio keyboard: device is a keyboard
[08:29:41.955] event1  - wasm-vm virtio tablet: is tagged by udev as: Mouse
[08:29:41.974] event1  - wasm-vm virtio tablet: device is a pointer
[08:29:42.009] event2  - wasm-vm virtio mouse: is tagged by udev as: Mouse
[08:29:42.018] event2  - wasm-vm virtio mouse: device is a pointer
[08:29:42.516] libinput: configuring device "wasm-vm virtio keyboard".
[08:29:42.516] libinput: configuring device "wasm-vm virtio tablet".
[08:29:42.516] input device event1 has no enabled output associated (none named), skipping calibration for now.
[08:29:42.517] libinput: configuring device "wasm-vm virtio mouse".
[08:29:42.519] DRM: head 'Virtual-1' found, connector 34 is connected, EDID make 'WVM', model 'WASM VM', serial 'WVM-0001'
               Supported EOTF modes: SDR
[08:29:42.520] Registered plugin API 'weston_drm_output_api_v1' of size 40
[08:29:42.521] Registered plugin API 'weston_drm_virtual_output_api_v2' of size 48
[08:29:42.521] Color manager: no-op
[08:29:42.521] Output 'Virtual-1' attempts EOTF mode: SDR
[08:29:42.521] Output 'Virtual-1' using color profile: built-in default sRGB SDR profile
[08:29:42.569] DRM: output Virtual-1 uses shadow framebuffer.
[08:29:42.570] Output Virtual-1 (crtc 33) video modes:
               801x601@60.0, preferred, current, 36.4 MHz
[08:29:42.570] associating input device event0 with output Virtual-1 (none by udev)
[08:29:42.570] associating input device event1 with output Virtual-1 (none by udev)
[08:29:42.573] associating input device event2 with output Virtual-1 (none by udev)
[08:29:42.574] Output 'Virtual-1' enabled with head(s) Virtual-1
[08:29:42.574] Compositor capabilities:
               arbitrary surface rotation: yes
               screen capture uses y-flip: no
               cursor planes: yes
               arbitrary resolutions: no
               view mask clipping: yes
               explicit sync: no
               color operations: no
               presentation clock: CLOCK_MONOTONIC, id 1
               presentation clock resolution: 0.000000001 s
[08:29:42.576] Loading module '/usr/lib/weston/desktop-shell.so'
[08:29:42.580] Loading module '/usr/lib/weston/wv-display-resize.so'
[08:29:42.582] WV_DISPLAY enabled bounded 100ms EDID watcher
[08:29:42.582] launching '/usr/libexec/weston-keyboard'
[08:29:42.598] launching '/usr/libexec/weston-desktop-shell'
could not load cursor 'dnd-move'
could not load cursor 'dnd-copy'
could not load cursor 'dnd-none'
could not load cursor 'dnd-move'
could not load cursor 'dnd-copy'
could not load cursor 'dnd-none'
[08:29:43.458] Disabling output Virtual-1
[08:29:43.504] output for input device event0 removed
[08:29:43.504] output for input device event1 removed
[08:29:43.505] output for input device event2 removed
[08:29:43.505] Output 'Virtual-1' attempts EOTF mode: SDR
[08:29:43.505] Output 'Virtual-1' using color profile: built-in default sRGB SDR profile
[08:29:43.676] DRM: output Virtual-1 uses shadow framebuffer.
[08:29:43.676] Output Virtual-1 (crtc 33) video modes:
               801x601@60.0, preferred, current, 36.4 MHz
[08:29:43.677] associating input device event0 with output Virtual-1 (none by udev)
[08:29:43.677] associating input device event1 with output Virtual-1 (none by udev)
[08:29:43.679] associating input device event2 with output Virtual-1 (none by udev)
[08:29:43.679] Output 'Virtual-1' enabled with head(s) Virtual-1
[08:29:43.680] WV_DISPLAY_APPLIED output=Virtual-1 width=801 height=601
[08:29:43.827] Disabling output Virtual-1
[08:29:43.844] output for input device event0 removed
[08:29:43.844] output for input device event1 removed
[08:29:43.844] output for input device event2 removed
[08:29:43.936] Output 'Virtual-1' attempts EOTF mode: SDR
[08:29:43.936] Output 'Virtual-1' using color profile: built-in default sRGB SDR profile
[08:29:44.088] DRM: output Virtual-1 uses shadow framebuffer.
[08:29:44.088] Output Virtual-1 (crtc 33) video modes:
               802x601@60.0, preferred, current, 36.4 MHz
               801x601@60.0, preferred, 36.4 MHz
[08:29:44.089] associating input device event0 with output Virtual-1 (none by udev)
[08:29:44.089] associating input device event1 with output Virtual-1 (none by udev)
[08:29:44.091] associating input device event2 with output Virtual-1 (none by udev)
[08:29:44.091] Output 'Virtual-1' enabled with head(s) Virtual-1
[08:29:44.092] WV_DISPLAY_APPLIED output=Virtual-1 width=802 height=601
[08:29:44.752] Error: /usr/libexec/weston-desktop-shell apparently cannot run at all.
               Quitting...[08:29:44.753] panel surface gone
[08:29:44.753] background surface gone
[08:29:44.770] event0  - wasm-vm virtio keyboard: device removed
[08:29:44.792] event1  - wasm-vm virtio tablet: device removed
[08:29:44.816] event2  - wasm-vm virtio mouse: device removed
E5T18D_LOG_END
