{
  "head": "f89062c73ec6d6b8e9ce0d88bd3ebdb2fc7edb93",
  "report": {
    "size": 843199,
    "sha256": "f1b74d8d1577b4816f989054b5d6ecfb9587babb25bdc4833c47d0f3c6b1b3c4"
  },
  "receipt": {
    "size": 30255,
    "sha256": "e290a069d5cce71849d99ef96d37b6bc522c5c8623910577ca331379979cbdc2"
  },
  "literalOracle": {
    "literalOracle": "held",
    "bytes": 16,
    "sha256": "4d765b07e89e552fac50d26caa98561c2368728e78057ee13c1115ba037214e8"
  },
  "provenance": [
    {
      "role": "kernel",
      "size": 24208896,
      "sha256": "3cf8bed0d9a9941a6f2f81b7c8de86cefcba3e4e6bd5e5846bd395714a25642d"
    },
    {
      "role": "bootSnapshot",
      "size": 205400326,
      "sha256": "265551f8ff8bed6bd5c0d775852c72c81cf448d4ecdc3f1b89f56fdbf60a0cd8"
    },
    {
      "role": "overlayDelta",
      "size": 1285559,
      "sha256": "1b6b6598373a65b97bfe564ea023cd78938e84f15bbe4f9c04b87625371cfa4c"
    },
    {
      "role": "chunkManifest",
      "size": 1097812,
      "sha256": "5f6a080986a423e5d77d2ec794eee3e42359ccc7d8a5fd23071a7420f4f23d44"
    }
  ],
  "sources": 47,
  "resources": {
    "served": 96,
    "distinct": 73,
    "gitResources": 67
  },
  "physical": {
    "nonce": "d1789351536e2a1c",
    "guestFile": "/tmp/desktop-keys-68240c0ab6976c7f",
    "keys": 128,
    "acknowledgments": 256,
    "inputLine": "printf '\\n__WVBEGIN_mu4x2gh028\\n'; if [ -f '/tmp/desktop-keys-68240c0ab6976c7f' ]; then cat '/tmp/desktop-keys-68240c0ab6976c7f'; else (exit 75); fi; printf '\\n__WVEND_mu4x2gh028_%s\\n' \"$?\"",
    "fence": "mu4x2gh028",
    "rawCompletion": {
      "start": 28202,
      "end": 28226,
      "index": 1159,
      "timestamp": "2026-09-17T02:34:49.310Z"
    },
    "elapsedMs": 67556,
    "captureDelayMs": 15021
  },
  "timing": {
    "startedAt": "2026-09-17T02:35:04.343Z",
    "deadlineAt": "2026-09-17T02:38:04.343Z",
    "finishedAt": "2026-09-17T02:37:44.601Z",
    "diagnosticElapsedMs": 160258,
    "startDelayAfterOriginalMs": 12,
    "noContinuationStimuli": true,
    "cleanupMs": 1142
  },
  "original": {
    "result": "input-trial-physical-nonce-and-fresh-presentation",
    "nonceCompletedAt": "2026-09-17T02:34:49.310Z",
    "responseImageCapturedAt": "2026-09-17T02:35:04.331Z",
    "captureDeadlineAt": "2026-09-17T02:35:09.310Z",
    "presentationAfter": {
      "backend": "canvas2d",
      "defaultBackend": "canvas2d",
      "width": 1280,
      "height": 800,
      "fixedViewport": true,
      "sizeMismatch": true,
      "framesReceived": 5,
      "successfulPresents": 5,
      "drawnPresents": 5,
      "drawnBytes": 20480000,
      "replayedFrames": 0,
      "droppedFrames": 0,
      "contextLosses": 0,
      "contextRestores": 0,
      "fallbacks": 0,
      "listenerCount": 2,
      "scheduler": {
        "enqueued": 5,
        "coalesced": 0,
        "presented": 5,
        "skipped": 0,
        "overruns": 0,
        "pending": 0,
        "maxPending": 1,
        "paused": false,
        "disposed": false,
        "scheduled": false,
        "hidden": false,
        "mode": "raf",
        "timerMs": 250
      },
      "gpu": {
        "framesReceived": 5,
        "enqueued": 5,
        "coalesced": 0,
        "presented": 5,
        "successfulPresents": 5,
        "skipped": 0,
        "droppedFrames": 0,
        "overruns": 0,
        "pending": 0,
        "maxPending": 1,
        "uploadedBytes": 20480000,
        "drawnPresents": 5,
        "drawnBytes": 20480000,
        "width": 1280,
        "height": 800
      },
      "latest": {
        "rect": {
          "x": 10,
          "y": 36,
          "width": 1260,
          "height": 754
        },
        "resourceWidth": 1280,
        "resourceHeight": 832
      },
      "errors": []
    },
    "pngSha256": "431be977157bf77dcd21ca8bf3b640bce9e02dc8c54f09a30d58af78a8195b24",
    "image": {
      "size": 10908,
      "sha256": "431be977157bf77dcd21ca8bf3b640bce9e02dc8c54f09a30d58af78a8195b24"
    }
  },
  "checkpoints": [
    {
      "offsetMs": 0,
      "measuredOffsetMs": 3,
      "afterOriginalImageMs": 15,
      "frameSequence": 5,
      "frameAt": "2026-09-17T02:35:04.286Z",
      "frameScanout": 0,
      "received": 5,
      "capturedAt": "2026-09-17T02:35:04.346Z",
      "finishedAt": "2026-09-17T02:35:04.598Z",
      "raw": {
        "size": 4259840,
        "sha256": "c40efc5e5c8d199a4ab1e8c8f7015bc4b64a6a93c35340f13db5ea1ec725495b"
      },
      "canvas": {
        "size": 4096000,
        "sha256": "8938e2a32c3293dfef777fa2389fd331784dd77b9dd489ecf1d786f276ca92c4"
      },
      "png": {
        "size": 10908,
        "sha256": "431be977157bf77dcd21ca8bf3b640bce9e02dc8c54f09a30d58af78a8195b24"
      },
      "workerToCanvas": {
        "equal": true,
        "changedBytes": 0,
        "changedPixels": 0,
        "first": null,
        "bounds": null,
        "leftSha256": "8938e2a32c3293dfef777fa2389fd331784dd77b9dd489ecf1d786f276ca92c4",
        "rightSha256": "8938e2a32c3293dfef777fa2389fd331784dd77b9dd489ecf1d786f276ca92c4"
      },
      "pngToCanvas": {
        "equal": true,
        "changedBytes": 0,
        "changedPixels": 0,
        "first": null,
        "bounds": null,
        "leftSha256": "8938e2a32c3293dfef777fa2389fd331784dd77b9dd489ecf1d786f276ca92c4",
        "rightSha256": "8938e2a32c3293dfef777fa2389fd331784dd77b9dd489ecf1d786f276ca92c4"
      },
      "changeSincePrevious": null
    },
    {
      "offsetMs": 40000,
      "measuredOffsetMs": 40003,
      "afterOriginalImageMs": 40015,
      "frameSequence": 7,
      "frameAt": "2026-09-17T02:35:33.352Z",
      "frameScanout": 0,
      "received": 7,
      "capturedAt": "2026-09-17T02:35:44.346Z",
      "finishedAt": "2026-09-17T02:35:44.597Z",
      "raw": {
        "size": 4259840,
        "sha256": "c40efc5e5c8d199a4ab1e8c8f7015bc4b64a6a93c35340f13db5ea1ec725495b"
      },
      "canvas": {
        "size": 4096000,
        "sha256": "8938e2a32c3293dfef777fa2389fd331784dd77b9dd489ecf1d786f276ca92c4"
      },
      "png": {
        "size": 10908,
        "sha256": "431be977157bf77dcd21ca8bf3b640bce9e02dc8c54f09a30d58af78a8195b24"
      },
      "workerToCanvas": {
        "equal": true,
        "changedBytes": 0,
        "changedPixels": 0,
        "first": null,
        "bounds": null,
        "leftSha256": "8938e2a32c3293dfef777fa2389fd331784dd77b9dd489ecf1d786f276ca92c4",
        "rightSha256": "8938e2a32c3293dfef777fa2389fd331784dd77b9dd489ecf1d786f276ca92c4"
      },
      "pngToCanvas": {
        "equal": true,
        "changedBytes": 0,
        "changedPixels": 0,
        "first": null,
        "bounds": null,
        "leftSha256": "8938e2a32c3293dfef777fa2389fd331784dd77b9dd489ecf1d786f276ca92c4",
        "rightSha256": "8938e2a32c3293dfef777fa2389fd331784dd77b9dd489ecf1d786f276ca92c4"
      },
      "changeSincePrevious": {
        "equal": true,
        "changedBytes": 0,
        "changedPixels": 0,
        "first": null,
        "bounds": null,
        "leftSha256": "8938e2a32c3293dfef777fa2389fd331784dd77b9dd489ecf1d786f276ca92c4",
        "rightSha256": "8938e2a32c3293dfef777fa2389fd331784dd77b9dd489ecf1d786f276ca92c4"
      }
    },
    {
      "offsetMs": 80000,
      "measuredOffsetMs": 80003,
      "afterOriginalImageMs": 80015,
      "frameSequence": 10,
      "frameAt": "2026-09-17T02:36:17.592Z",
      "frameScanout": 0,
      "received": 10,
      "capturedAt": "2026-09-17T02:36:24.346Z",
      "finishedAt": "2026-09-17T02:36:24.607Z",
      "raw": {
        "size": 4259840,
        "sha256": "6e1ffa0312c12b67245eaeb9f6e3eac02b699b5ccee6f0998f31410ced8db992"
      },
      "canvas": {
        "size": 4096000,
        "sha256": "6564a48cc31b88c0aa36bd55c4382d742391b1020bf63f738096a23aaf0510f1"
      },
      "png": {
        "size": 15809,
        "sha256": "d05f6a7b8984e0a13c90dd546622c0ead2ff3983b081d5abb7a4e6d8cc9e8381"
      },
      "workerToCanvas": {
        "equal": true,
        "changedBytes": 0,
        "changedPixels": 0,
        "first": null,
        "bounds": null,
        "leftSha256": "6564a48cc31b88c0aa36bd55c4382d742391b1020bf63f738096a23aaf0510f1",
        "rightSha256": "6564a48cc31b88c0aa36bd55c4382d742391b1020bf63f738096a23aaf0510f1"
      },
      "pngToCanvas": {
        "equal": true,
        "changedBytes": 0,
        "changedPixels": 0,
        "first": null,
        "bounds": null,
        "leftSha256": "6564a48cc31b88c0aa36bd55c4382d742391b1020bf63f738096a23aaf0510f1",
        "rightSha256": "6564a48cc31b88c0aa36bd55c4382d742391b1020bf63f738096a23aaf0510f1"
      },
      "changeSincePrevious": {
        "equal": false,
        "changedBytes": 9699,
        "changedPixels": 3243,
        "first": {
          "byte": 267072,
          "left": 192,
          "right": 26
        },
        "bounds": {
          "minX": 28,
          "minY": 52,
          "maxX": 653,
          "maxY": 422
        },
        "leftSha256": "8938e2a32c3293dfef777fa2389fd331784dd77b9dd489ecf1d786f276ca92c4",
        "rightSha256": "6564a48cc31b88c0aa36bd55c4382d742391b1020bf63f738096a23aaf0510f1"
      }
    },
    {
      "offsetMs": 120000,
      "measuredOffsetMs": 120002,
      "afterOriginalImageMs": 120014,
      "frameSequence": 13,
      "frameAt": "2026-09-17T02:37:02.300Z",
      "frameScanout": 0,
      "received": 13,
      "capturedAt": "2026-09-17T02:37:04.345Z",
      "finishedAt": "2026-09-17T02:37:04.598Z",
      "raw": {
        "size": 4259840,
        "sha256": "6e1ffa0312c12b67245eaeb9f6e3eac02b699b5ccee6f0998f31410ced8db992"
      },
      "canvas": {
        "size": 4096000,
        "sha256": "6564a48cc31b88c0aa36bd55c4382d742391b1020bf63f738096a23aaf0510f1"
      },
      "png": {
        "size": 15809,
        "sha256": "d05f6a7b8984e0a13c90dd546622c0ead2ff3983b081d5abb7a4e6d8cc9e8381"
      },
      "workerToCanvas": {
        "equal": true,
        "changedBytes": 0,
        "changedPixels": 0,
        "first": null,
        "bounds": null,
        "leftSha256": "6564a48cc31b88c0aa36bd55c4382d742391b1020bf63f738096a23aaf0510f1",
        "rightSha256": "6564a48cc31b88c0aa36bd55c4382d742391b1020bf63f738096a23aaf0510f1"
      },
      "pngToCanvas": {
        "equal": true,
        "changedBytes": 0,
        "changedPixels": 0,
        "first": null,
        "bounds": null,
        "leftSha256": "6564a48cc31b88c0aa36bd55c4382d742391b1020bf63f738096a23aaf0510f1",
        "rightSha256": "6564a48cc31b88c0aa36bd55c4382d742391b1020bf63f738096a23aaf0510f1"
      },
      "changeSincePrevious": {
        "equal": true,
        "changedBytes": 0,
        "changedPixels": 0,
        "first": null,
        "bounds": null,
        "leftSha256": "6564a48cc31b88c0aa36bd55c4382d742391b1020bf63f738096a23aaf0510f1",
        "rightSha256": "6564a48cc31b88c0aa36bd55c4382d742391b1020bf63f738096a23aaf0510f1"
      }
    },
    {
      "offsetMs": 160000,
      "measuredOffsetMs": 160002,
      "afterOriginalImageMs": 160014,
      "frameSequence": 15,
      "frameAt": "2026-09-17T02:37:32.290Z",
      "frameScanout": 0,
      "received": 15,
      "capturedAt": "2026-09-17T02:37:44.345Z",
      "finishedAt": "2026-09-17T02:37:44.601Z",
      "raw": {
        "size": 4259840,
        "sha256": "6e1ffa0312c12b67245eaeb9f6e3eac02b699b5ccee6f0998f31410ced8db992"
      },
      "canvas": {
        "size": 4096000,
        "sha256": "6564a48cc31b88c0aa36bd55c4382d742391b1020bf63f738096a23aaf0510f1"
      },
      "png": {
        "size": 15809,
        "sha256": "d05f6a7b8984e0a13c90dd546622c0ead2ff3983b081d5abb7a4e6d8cc9e8381"
      },
      "workerToCanvas": {
        "equal": true,
        "changedBytes": 0,
        "changedPixels": 0,
        "first": null,
        "bounds": null,
        "leftSha256": "6564a48cc31b88c0aa36bd55c4382d742391b1020bf63f738096a23aaf0510f1",
        "rightSha256": "6564a48cc31b88c0aa36bd55c4382d742391b1020bf63f738096a23aaf0510f1"
      },
      "pngToCanvas": {
        "equal": true,
        "changedBytes": 0,
        "changedPixels": 0,
        "first": null,
        "bounds": null,
        "leftSha256": "6564a48cc31b88c0aa36bd55c4382d742391b1020bf63f738096a23aaf0510f1",
        "rightSha256": "6564a48cc31b88c0aa36bd55c4382d742391b1020bf63f738096a23aaf0510f1"
      },
      "changeSincePrevious": {
        "equal": true,
        "changedBytes": 0,
        "changedPixels": 0,
        "first": null,
        "bounds": null,
        "leftSha256": "6564a48cc31b88c0aa36bd55c4382d742391b1020bf63f738096a23aaf0510f1",
        "rightSha256": "6564a48cc31b88c0aa36bd55c4382d742391b1020bf63f738096a23aaf0510f1"
      }
    }
  ],
  "finalProbe": {
    "disposed": true,
    "seen": 15,
    "evicted": 7,
    "retained": 8,
    "events": 15
  },
  "candidate": {
    "normalizedUrl": "http://127.0.0.1:1/app.html?guest=omarchy&desktop=1&omarchyDivider=64&jit=1&jitColdCounterRecycling=1&jitResidency=cap-1024&decodedCacheEntries=16384#ide",
    "baselineUrls": {
      "AW": "http://127.0.0.1:1/app.html?guest=omarchy&desktop=1&omarchyDivider=64&jit=1&jitColdCounterRecycling=1&jitResidency=cap-1024#ide",
      "AX": "http://127.0.0.1:1/app.html?guest=omarchy&desktop=1&omarchyDivider=64&jit=1&jitColdCounterRecycling=1&jitResidency=cap-1024&decodedCacheEntries=16384#ide"
    },
    "actualRuntime": [
      {
        "timestamp": "2026-09-17T02:33:39.089Z",
        "policy": "cap-1024",
        "cap": 1024,
        "decodedCacheEntries": 16384,
        "recycling": true
      },
      {
        "timestamp": "2026-09-17T02:35:04.343Z",
        "policy": "cap-1024",
        "cap": 1024,
        "decodedCacheEntries": 16384,
        "recycling": true
      }
    ]
  },
  "carried": [
    {
      "file": "tools/verify/omarchy-display-late-probe.mjs",
      "size": 8730,
      "sha256": "7937dfb4e8ec9bc0a3290bfaf006fe66ef97f0bb3815a470d7f08ba14c40dc4f"
    },
    {
      "file": "tools/verify/omarchy-display-pixel-probe.mjs",
      "size": 9216,
      "sha256": "c7418e0640265d4e29e9c49891bce6a67bb1aeb40a8e584989d2b213e288aa0f"
    },
    {
      "file": "tools/verify/omarchy-owned-trial.mjs",
      "size": 4305,
      "sha256": "6904fd446adef5b247ea9fd1338ddad36b67f3c4836880872bdde46b8f7faec8"
    },
    {
      "file": "tools/verify/omarchy-input-trial.mjs",
      "size": 6750,
      "sha256": "721c2e179205e58d0514cfea93c308c1449a9f96e91508a17727c8dd6d701aa8"
    },
    {
      "file": "web/dist/pkg/wasm_vm_wasm_bg.wasm",
      "size": 1602266,
      "sha256": "7d7b300003cf68076c28958694062dacf3c879efe921bc631bade568ee143bdf"
    }
  ],
  "continuation": {
    "messages": 630,
    "onlyExistingKeyboardLedReads": true,
    "noPhysicalOrSerialInput": true,
    "noReadinessOrConfigurationWrites": true
  },
  "retainedFrames": [
    {
      "sequence": 8,
      "timestamp": "2026-09-17T02:35:47.591Z",
      "afterEnterMs": 125837,
      "afterNonceMs": 58281,
      "size": 4259840,
      "sha256": "7c330b9ee04ce462d49215419827e41546aa4add2a355b2c81bdc686fe57daab",
      "changeFromBaseline": {
        "equal": false,
        "changedBytes": 633,
        "changedPixels": 221,
        "first": {
          "byte": 2050560,
          "left": 84,
          "right": 26
        },
        "bounds": {
          "minX": 639,
          "minY": 400,
          "maxX": 653,
          "maxY": 422
        },
        "leftSha256": "8938e2a32c3293dfef777fa2389fd331784dd77b9dd489ecf1d786f276ca92c4",
        "rightSha256": "b9e3e04c277075202927bf013d2ba6b6e8ca8a87ed474fefa9dbf564ce7c8e82"
      },
      "changeFromPreviousRetained": {
        "equal": false,
        "changedBytes": 633,
        "changedPixels": 221,
        "first": {
          "byte": 2050560,
          "left": 84,
          "right": 26
        },
        "bounds": {
          "minX": 639,
          "minY": 400,
          "maxX": 653,
          "maxY": 422
        },
        "leftSha256": "8938e2a32c3293dfef777fa2389fd331784dd77b9dd489ecf1d786f276ca92c4",
        "rightSha256": "b9e3e04c277075202927bf013d2ba6b6e8ca8a87ed474fefa9dbf564ce7c8e82"
      }
    },
    {
      "sequence": 9,
      "timestamp": "2026-09-17T02:36:02.204Z",
      "afterEnterMs": 140450,
      "afterNonceMs": 72894,
      "size": 4259840,
      "sha256": "7c330b9ee04ce462d49215419827e41546aa4add2a355b2c81bdc686fe57daab",
      "changeFromBaseline": {
        "equal": false,
        "changedBytes": 633,
        "changedPixels": 221,
        "first": {
          "byte": 2050560,
          "left": 84,
          "right": 26
        },
        "bounds": {
          "minX": 639,
          "minY": 400,
          "maxX": 653,
          "maxY": 422
        },
        "leftSha256": "8938e2a32c3293dfef777fa2389fd331784dd77b9dd489ecf1d786f276ca92c4",
        "rightSha256": "b9e3e04c277075202927bf013d2ba6b6e8ca8a87ed474fefa9dbf564ce7c8e82"
      },
      "changeFromPreviousRetained": {
        "equal": true,
        "changedBytes": 0,
        "changedPixels": 0,
        "first": null,
        "bounds": null,
        "leftSha256": "b9e3e04c277075202927bf013d2ba6b6e8ca8a87ed474fefa9dbf564ce7c8e82",
        "rightSha256": "b9e3e04c277075202927bf013d2ba6b6e8ca8a87ed474fefa9dbf564ce7c8e82"
      }
    },
    {
      "sequence": 10,
      "timestamp": "2026-09-17T02:36:17.592Z",
      "afterEnterMs": 155838,
      "afterNonceMs": 88282,
      "size": 4259840,
      "sha256": "6e1ffa0312c12b67245eaeb9f6e3eac02b699b5ccee6f0998f31410ced8db992",
      "changeFromBaseline": {
        "equal": false,
        "changedBytes": 9699,
        "changedPixels": 3243,
        "first": {
          "byte": 267072,
          "left": 192,
          "right": 26
        },
        "bounds": {
          "minX": 28,
          "minY": 52,
          "maxX": 653,
          "maxY": 422
        },
        "leftSha256": "8938e2a32c3293dfef777fa2389fd331784dd77b9dd489ecf1d786f276ca92c4",
        "rightSha256": "6564a48cc31b88c0aa36bd55c4382d742391b1020bf63f738096a23aaf0510f1"
      },
      "changeFromPreviousRetained": {
        "equal": false,
        "changedBytes": 9066,
        "changedPixels": 3022,
        "first": {
          "byte": 267072,
          "left": 192,
          "right": 26
        },
        "bounds": {
          "minX": 28,
          "minY": 52,
          "maxX": 641,
          "maxY": 85
        },
        "leftSha256": "b9e3e04c277075202927bf013d2ba6b6e8ca8a87ed474fefa9dbf564ce7c8e82",
        "rightSha256": "6564a48cc31b88c0aa36bd55c4382d742391b1020bf63f738096a23aaf0510f1"
      }
    },
    {
      "sequence": 11,
      "timestamp": "2026-09-17T02:36:31.739Z",
      "afterEnterMs": 169985,
      "afterNonceMs": 102429,
      "size": 4259840,
      "sha256": "6e1ffa0312c12b67245eaeb9f6e3eac02b699b5ccee6f0998f31410ced8db992",
      "changeFromBaseline": {
        "equal": false,
        "changedBytes": 9699,
        "changedPixels": 3243,
        "first": {
          "byte": 267072,
          "left": 192,
          "right": 26
        },
        "bounds": {
          "minX": 28,
          "minY": 52,
          "maxX": 653,
          "maxY": 422
        },
        "leftSha256": "8938e2a32c3293dfef777fa2389fd331784dd77b9dd489ecf1d786f276ca92c4",
        "rightSha256": "6564a48cc31b88c0aa36bd55c4382d742391b1020bf63f738096a23aaf0510f1"
      },
      "changeFromPreviousRetained": {
        "equal": true,
        "changedBytes": 0,
        "changedPixels": 0,
        "first": null,
        "bounds": null,
        "leftSha256": "6564a48cc31b88c0aa36bd55c4382d742391b1020bf63f738096a23aaf0510f1",
        "rightSha256": "6564a48cc31b88c0aa36bd55c4382d742391b1020bf63f738096a23aaf0510f1"
      }
    },
    {
      "sequence": 12,
      "timestamp": "2026-09-17T02:36:45.780Z",
      "afterEnterMs": 184026,
      "afterNonceMs": 116470,
      "size": 4259840,
      "sha256": "6e1ffa0312c12b67245eaeb9f6e3eac02b699b5ccee6f0998f31410ced8db992",
      "changeFromBaseline": {
        "equal": false,
        "changedBytes": 9699,
        "changedPixels": 3243,
        "first": {
          "byte": 267072,
          "left": 192,
          "right": 26
        },
        "bounds": {
          "minX": 28,
          "minY": 52,
          "maxX": 653,
          "maxY": 422
        },
        "leftSha256": "8938e2a32c3293dfef777fa2389fd331784dd77b9dd489ecf1d786f276ca92c4",
        "rightSha256": "6564a48cc31b88c0aa36bd55c4382d742391b1020bf63f738096a23aaf0510f1"
      },
      "changeFromPreviousRetained": {
        "equal": true,
        "changedBytes": 0,
        "changedPixels": 0,
        "first": null,
        "bounds": null,
        "leftSha256": "6564a48cc31b88c0aa36bd55c4382d742391b1020bf63f738096a23aaf0510f1",
        "rightSha256": "6564a48cc31b88c0aa36bd55c4382d742391b1020bf63f738096a23aaf0510f1"
      }
    },
    {
      "sequence": 13,
      "timestamp": "2026-09-17T02:37:02.300Z",
      "afterEnterMs": 200546,
      "afterNonceMs": 132990,
      "size": 4259840,
      "sha256": "6e1ffa0312c12b67245eaeb9f6e3eac02b699b5ccee6f0998f31410ced8db992",
      "changeFromBaseline": {
        "equal": false,
        "changedBytes": 9699,
        "changedPixels": 3243,
        "first": {
          "byte": 267072,
          "left": 192,
          "right": 26
        },
        "bounds": {
          "minX": 28,
          "minY": 52,
          "maxX": 653,
          "maxY": 422
        },
        "leftSha256": "8938e2a32c3293dfef777fa2389fd331784dd77b9dd489ecf1d786f276ca92c4",
        "rightSha256": "6564a48cc31b88c0aa36bd55c4382d742391b1020bf63f738096a23aaf0510f1"
      },
      "changeFromPreviousRetained": {
        "equal": true,
        "changedBytes": 0,
        "changedPixels": 0,
        "first": null,
        "bounds": null,
        "leftSha256": "6564a48cc31b88c0aa36bd55c4382d742391b1020bf63f738096a23aaf0510f1",
        "rightSha256": "6564a48cc31b88c0aa36bd55c4382d742391b1020bf63f738096a23aaf0510f1"
      }
    },
    {
      "sequence": 14,
      "timestamp": "2026-09-17T02:37:17.980Z",
      "afterEnterMs": 216226,
      "afterNonceMs": 148670,
      "size": 4259840,
      "sha256": "6e1ffa0312c12b67245eaeb9f6e3eac02b699b5ccee6f0998f31410ced8db992",
      "changeFromBaseline": {
        "equal": false,
        "changedBytes": 9699,
        "changedPixels": 3243,
        "first": {
          "byte": 267072,
          "left": 192,
          "right": 26
        },
        "bounds": {
          "minX": 28,
          "minY": 52,
          "maxX": 653,
          "maxY": 422
        },
        "leftSha256": "8938e2a32c3293dfef777fa2389fd331784dd77b9dd489ecf1d786f276ca92c4",
        "rightSha256": "6564a48cc31b88c0aa36bd55c4382d742391b1020bf63f738096a23aaf0510f1"
      },
      "changeFromPreviousRetained": {
        "equal": true,
        "changedBytes": 0,
        "changedPixels": 0,
        "first": null,
        "bounds": null,
        "leftSha256": "6564a48cc31b88c0aa36bd55c4382d742391b1020bf63f738096a23aaf0510f1",
        "rightSha256": "6564a48cc31b88c0aa36bd55c4382d742391b1020bf63f738096a23aaf0510f1"
      }
    },
    {
      "sequence": 15,
      "timestamp": "2026-09-17T02:37:32.290Z",
      "afterEnterMs": 230536,
      "afterNonceMs": 162980,
      "size": 4259840,
      "sha256": "6e1ffa0312c12b67245eaeb9f6e3eac02b699b5ccee6f0998f31410ced8db992",
      "changeFromBaseline": {
        "equal": false,
        "changedBytes": 9699,
        "changedPixels": 3243,
        "first": {
          "byte": 267072,
          "left": 192,
          "right": 26
        },
        "bounds": {
          "minX": 28,
          "minY": 52,
          "maxX": 653,
          "maxY": 422
        },
        "leftSha256": "8938e2a32c3293dfef777fa2389fd331784dd77b9dd489ecf1d786f276ca92c4",
        "rightSha256": "6564a48cc31b88c0aa36bd55c4382d742391b1020bf63f738096a23aaf0510f1"
      },
      "changeFromPreviousRetained": {
        "equal": true,
        "changedBytes": 0,
        "changedPixels": 0,
        "first": null,
        "bounds": null,
        "leftSha256": "6564a48cc31b88c0aa36bd55c4382d742391b1020bf63f738096a23aaf0510f1",
        "rightSha256": "6564a48cc31b88c0aa36bd55c4382d742391b1020bf63f738096a23aaf0510f1"
      }
    }
  ],
  "firstRetainedTextFrame": {
    "sequence": 10,
    "timestamp": "2026-09-17T02:36:17.592Z",
    "afterEnterMs": 155838,
    "afterNonceMs": 88282,
    "size": 4259840,
    "sha256": "6e1ffa0312c12b67245eaeb9f6e3eac02b699b5ccee6f0998f31410ced8db992",
    "changeFromBaseline": {
      "equal": false,
      "changedBytes": 9699,
      "changedPixels": 3243,
      "first": {
        "byte": 267072,
        "left": 192,
        "right": 26
      },
      "bounds": {
        "minX": 28,
        "minY": 52,
        "maxX": 653,
        "maxY": 422
      },
      "leftSha256": "8938e2a32c3293dfef777fa2389fd331784dd77b9dd489ecf1d786f276ca92c4",
      "rightSha256": "6564a48cc31b88c0aa36bd55c4382d742391b1020bf63f738096a23aaf0510f1"
    },
    "changeFromPreviousRetained": {
      "equal": false,
      "changedBytes": 9066,
      "changedPixels": 3022,
      "first": {
        "byte": 267072,
        "left": 192,
        "right": 26
      },
      "bounds": {
        "minX": 28,
        "minY": 52,
        "maxX": 641,
        "maxY": 85
      },
      "leftSha256": "b9e3e04c277075202927bf013d2ba6b6e8ca8a87ed474fefa9dbf564ce7c8e82",
      "rightSha256": "6564a48cc31b88c0aa36bd55c4382d742391b1020bf63f738096a23aaf0510f1"
    }
  },
  "attacks": [
    {
      "name": "actual-cache4096-forged-as16384",
      "rejected": true,
      "error": "AssertionError [ERR_ASSERTION]: Expected values to be strictly equal:\n\n4096 !== 16384\n"
    },
    {
      "name": "actual-cap256",
      "rejected": true,
      "error": "AssertionError [ERR_ASSERTION]: Expected values to be strictly equal:\n\n256 !== 1024\n"
    },
    {
      "name": "raw-nonce-forgery",
      "rejected": true,
      "error": "AssertionError [ERR_ASSERTION]: no timely nonce on the raw wire"
    },
    {
      "name": "extended-original-readback-deadline",
      "rejected": true,
      "error": "AssertionError [ERR_ASSERTION]: Expected values to be strictly equal:\n+ actual - expected\n\n+ 1789612721754\n- 1789612541754\n         ^\n"
    },
    {
      "name": "late-image-promoted-to-product-image-time",
      "rejected": true,
      "error": "AssertionError [ERR_ASSERTION]: The expression evaluated to a falsy value:\n\n  assert.ok(Date.parse(report.trial.responseImageCapturedAt) <= Date.parse(report.trial.captureDeadlineAt))\n"
    },
    {
      "name": "diagnostic-promoted-to-desktop-success",
      "rejected": true,
      "error": "AssertionError [ERR_ASSERTION]: Expected values to be strictly equal:\n\ntrue !== false\n"
    },
    {
      "name": "extended-continuation-deadline",
      "rejected": true,
      "error": "AssertionError [ERR_ASSERTION]: Expected values to be strictly equal:\n\n180001 !== 180000\n"
    },
    {
      "name": "frame-count-only-screenshot-binding",
      "rejected": true,
      "error": "AssertionError [ERR_ASSERTION]: Expected values to be strictly equal:\n\n11 !== 10\n"
    }
  ],
  "workerEvidenceFiles": {
    "IMAGE-REVIEW.md": {
      "size": 502,
      "sha256": "e34de87f0451913cb7cab873ab8f9b6caf2a2ff399ba7e36792decfe41b7da33"
    },
    "RESULT.md": {
      "size": 2103,
      "sha256": "d8d7117686d7ad70b2ef9302b07c1aefa38b74d98a59f2736136cdc88b84a000"
    },
    "desktop/desktop-keyboard.png": {
      "size": 10908,
      "sha256": "431be977157bf77dcd21ca8bf3b640bce9e02dc8c54f09a30d58af78a8195b24"
    },
    "desktop/desktop.png": {
      "size": 10912,
      "sha256": "2b9c0a0815e29d5e5385df5ae68cc08539c6919c559d951b6da658db280be155"
    },
    "desktop/display-pixels/canvas.rgba": {
      "size": 4096000,
      "sha256": "6564a48cc31b88c0aa36bd55c4382d742391b1020bf63f738096a23aaf0510f1"
    },
    "desktop/display-pixels/frame-10.bgra": {
      "size": 4259840,
      "sha256": "6e1ffa0312c12b67245eaeb9f6e3eac02b699b5ccee6f0998f31410ced8db992"
    },
    "desktop/display-pixels/frame-11.bgra": {
      "size": 4259840,
      "sha256": "6e1ffa0312c12b67245eaeb9f6e3eac02b699b5ccee6f0998f31410ced8db992"
    },
    "desktop/display-pixels/frame-12.bgra": {
      "size": 4259840,
      "sha256": "6e1ffa0312c12b67245eaeb9f6e3eac02b699b5ccee6f0998f31410ced8db992"
    },
    "desktop/display-pixels/frame-13.bgra": {
      "size": 4259840,
      "sha256": "6e1ffa0312c12b67245eaeb9f6e3eac02b699b5ccee6f0998f31410ced8db992"
    },
    "desktop/display-pixels/frame-14.bgra": {
      "size": 4259840,
      "sha256": "6e1ffa0312c12b67245eaeb9f6e3eac02b699b5ccee6f0998f31410ced8db992"
    },
    "desktop/display-pixels/frame-15.bgra": {
      "size": 4259840,
      "sha256": "6e1ffa0312c12b67245eaeb9f6e3eac02b699b5ccee6f0998f31410ced8db992"
    },
    "desktop/display-pixels/frame-8.bgra": {
      "size": 4259840,
      "sha256": "7c330b9ee04ce462d49215419827e41546aa4add2a355b2c81bdc686fe57daab"
    },
    "desktop/display-pixels/frame-9.bgra": {
      "size": 4259840,
      "sha256": "7c330b9ee04ce462d49215419827e41546aa4add2a355b2c81bdc686fe57daab"
    },
    "desktop/late-display/checkpoint-0-canvas.gz": {
      "size": 10707,
      "sha256": "ad329fe44943eb16a7406431247ed5af2f0f6f73186202e2feb8054aa54b9092"
    },
    "desktop/late-display/checkpoint-0-frame.gz": {
      "size": 10967,
      "sha256": "890e7e5c497a077ed11819ac2590b0b33c4b24f932177370337744d90d8c012f"
    },
    "desktop/late-display/checkpoint-0.png": {
      "size": 10908,
      "sha256": "431be977157bf77dcd21ca8bf3b640bce9e02dc8c54f09a30d58af78a8195b24"
    },
    "desktop/late-display/checkpoint-120000-canvas.gz": {
      "size": 14277,
      "sha256": "21bac022e5de9bd2481d4aac99b6adf9f3b475df223d5d81c9000d639e8ca42b"
    },
    "desktop/late-display/checkpoint-120000-frame.gz": {
      "size": 14534,
      "sha256": "a368bbec390665a4ceef94e330bcc6bc15973cb989a70a3053e00388608eb222"
    },
    "desktop/late-display/checkpoint-120000.png": {
      "size": 15809,
      "sha256": "d05f6a7b8984e0a13c90dd546622c0ead2ff3983b081d5abb7a4e6d8cc9e8381"
    },
    "desktop/late-display/checkpoint-160000-canvas.gz": {
      "size": 14277,
      "sha256": "21bac022e5de9bd2481d4aac99b6adf9f3b475df223d5d81c9000d639e8ca42b"
    },
    "desktop/late-display/checkpoint-160000-frame.gz": {
      "size": 14534,
      "sha256": "a368bbec390665a4ceef94e330bcc6bc15973cb989a70a3053e00388608eb222"
    },
    "desktop/late-display/checkpoint-160000.png": {
      "size": 15809,
      "sha256": "d05f6a7b8984e0a13c90dd546622c0ead2ff3983b081d5abb7a4e6d8cc9e8381"
    },
    "desktop/late-display/checkpoint-40000-canvas.gz": {
      "size": 10707,
      "sha256": "ad329fe44943eb16a7406431247ed5af2f0f6f73186202e2feb8054aa54b9092"
    },
    "desktop/late-display/checkpoint-40000-frame.gz": {
      "size": 10967,
      "sha256": "890e7e5c497a077ed11819ac2590b0b33c4b24f932177370337744d90d8c012f"
    },
    "desktop/late-display/checkpoint-40000.png": {
      "size": 10908,
      "sha256": "431be977157bf77dcd21ca8bf3b640bce9e02dc8c54f09a30d58af78a8195b24"
    },
    "desktop/late-display/checkpoint-80000-canvas.gz": {
      "size": 14277,
      "sha256": "21bac022e5de9bd2481d4aac99b6adf9f3b475df223d5d81c9000d639e8ca42b"
    },
    "desktop/late-display/checkpoint-80000-frame.gz": {
      "size": 14534,
      "sha256": "a368bbec390665a4ceef94e330bcc6bc15973cb989a70a3053e00388608eb222"
    },
    "desktop/late-display/checkpoint-80000.png": {
      "size": 15809,
      "sha256": "d05f6a7b8984e0a13c90dd546622c0ead2ff3983b081d5abb7a4e6d8cc9e8381"
    },
    "desktop/latest.png": {
      "size": 17305,
      "sha256": "a153f96815a43f4187e1daa5d319a90c8c927ead8b495914fbac490d2db46353"
    },
    "desktop/prepared-direct.png": {
      "size": 11336,
      "sha256": "6f9aa9ba446807c988dc28e89e62919088b97c6a4be668d5eca88f944b44463d"
    },
    "desktop/report.json": {
      "size": 843199,
      "sha256": "f1b74d8d1577b4816f989054b5d6ecfb9587babb25bdc4833c47d0f3c6b1b3c4"
    },
    "desktop/serial.log": {
      "size": 6426,
      "sha256": "5cbe524f0084653b963edb44c5c9aeef0f864fc5ebadd9e0086837f6ebd3b243"
    },
    "desktop.log": {
      "size": 4564,
      "sha256": "ee7965758491af3a5858bc4b3cd69ab30009f2d095c3b84c34a70cba490634a0"
    },
    "run.json": {
      "size": 30255,
      "sha256": "e290a069d5cce71849d99ef96d37b6bc522c5c8623910577ca331379979cbdc2"
    }
  },
  "limitations": [
    "Frame bytes 1 through 7 were evicted from the final ring; checkpoints preserve 5 and 7.",
    "No retained pixel evidence demonstrates a terminal response within Enter+120s; first retained terminal text is frame10.",
    "The final runtime counters are from the original product capture, not continuation end."
  ],
  "desktopAcceptance": false
}
