^D✖ pointer motion precedes the full delayed gesture; no click or physical key occurs early (3.097667ms)
ℹ tests 1
ℹ suites 0
ℹ pass 0
ℹ fail 1
ℹ cancelled 0
ℹ skipped 0
ℹ todo 0
ℹ duration_ms 41.316334

✖ failing tests:

test at e5-t26f-browser-roundtrip.test.mjs:346:1
✖ pointer motion precedes the full delayed gesture; no click or physical key occurs early (3.097667ms)
  AssertionError [ERR_ASSERTION]: Expected values to be strictly deep-equal:
  + actual - expected
  
    [
  -   'move',
      'delay-start'
    ]
  
      at TestContext.<anonymous> (file:///private/tmp/e5-t26f-harness-sabotage.h7F0r3/e5-t26f-browser-roundtrip.test.mjs:351:12)
      at async Test.run (node:internal/test_runner/test:1404:7)
      at async startSubtestAfterBootstrap (node:internal/test_runner/harness:387:3) {
    generatedMessage: true,
    code: 'ERR_ASSERTION',
    actual: [
      'delay-start', 'delay-end',
      'move',        'down',
      'up',          'command:sh /tmp/a',
      'key:s',       'key:h',
      'key: ',       'key:/',
      'key:t',       'key:m',
      'key:p',       'key:/',
      'key:a',       'key:Enter'
    ],
    expected: [ 'move', 'delay-start' ],
    operator: 'deepStrictEqual',
    diff: 'simple'
  }
