

__WVEND_mu4nziqw0_0
]3008;end=2c59a913-1bbb-4ba3-8359-47d74760dade;exit=success\]3008;start=7f12dea0-a834-4ff2-95ce-4235dd1f5101;machineid=455fe413946b4a55a4bfc5f819dcc6d6;user=omarchy;hostname=omarchy-demo;bootid=9a5fad90-09ed-41a8-9309-7c396c980f14;pid=00000000000000000175;type=shell;cwd=/home/omarchy\[?2004h[omarchy@omarchy-demo ~]$ 
__WVEND_mu4o04j01_0

__WVEND_mu4o06fi2_0
]3008;end=be29b9f8-e59a-4d77-8efd-a84001fde39c;exit=success\]3008;start=7f12dea0-a834-4ff2-95ce-4235dd1f5101;machineid=455fe413946b4a55a4bfc5f819dcc6d6;user=omarchy;hostname=omarchy-demo;bootid=9a5fad90-09ed-41a8-9309-7c396c980f14;pid=00000000000000000175;type=shell;cwd=/home/omarchy\[?2004h[omarchy@omarchy-demo ~]$ 
__WVEND_mu4o0hmi3_75
]3008;end=e891a853-ee08-4b40-8a6b-b3fd1d5a2790;exit=success\
__WVEND_mu4o0jqo4_75
]3008;end=cc76f4e5-8261-4701-982a-4beabda416fa;exit=success\
__WVEND_mu4o0lz25_75
]3008;end=1fc3fdbe-fa6d-4d58-b251-6ce1fb369e63;exit=success\
__WVEND_mu4o0ojt6_75
]3008;end=38d41271-2d2e-4f76-983c-2c5cef5cfa10;exit=success\
__WVEND_mu4o0r287_75
]3008;end=194346e3-aab2-44f7-9dd8-936efa980290;exit=success\
__WVEND_mu4o0t9k8_75
]3008;end=64d588f1-3510-4c17-ade6-a7dc3c3d98b9;exit=success\
__WVEND_mu4o0vg49_75
]3008;end=344b8c7f-c720-4679-9507-6daae34e41e0;exit=success\__WVEND_mu4o0yg610_75
]3008;end=6808f953-e081-4a45-8534-d8597fb5b359;exit=success\
__WVEND_mu4o11a611_75
]3008;end=f93b2e45-9b68-47d4-a2e7-11330db2e49c;exit=success\
__WVEND_mu4o141d12_75
]3008;end=26e9f9ef-a49e-48e1-afd9-26c66fe173b1;exit=success\
__WVEND_mu4o16k313_75
]3008;end=83718c54-d2f2-4d4a-a84e-dc96ce2b0c1d;exit=success\
__WVEND_mu4o193p14_75
]3008;end=e52fd33d-f3c2-4528-aaca-0d71efe18289;exit=success\
__WVEND_mu4o1bim15_75
]3008;end=d9550867-3c60-4590-a8ae-b637bfb631e9;exit=success\
__WVEND_mu4o1duc16_75
]3008;end=b157b80a-2888-4f23-b844-93571427106b;exit=success\
__WVEND_mu4o1gan17_75
]3008;end=c5508318-be53-413c-87f3-a147799648ed;exit=success\
__WVEND_mu4o1iuf18_75
]3008;end=e6797a1f-6acc-48b9-8def-b5589cd2d0ff;exit=success\
__WVEND_mu4o1la019_75
]3008;end=e22d692e-3b26-4c1c-881e-7cfa20360cb3;exit=success\
__WVEND_mu4o1nvj20_75
]3008;end=af20f328-d4c5-455b-a8ca-ff70cf0919e4;exit=success\
__WVEND_mu4o1qii21_75
]3008;end=4f9182b6-329f-4657-8b3a-b18d1e7c7d9d;exit=success\
__WVEND_mu4o1t0122_75
]3008;end=99798ff2-1309-4eb9-b61b-3ada93369a4b;exit=success\
__WVEND_mu4o1vgi23_75
]3008;end=af0bdf52-5dce-4eae-a140-fd260307881a;exit=success\
__WVEND_mu4o1y3a24_75
]3008;end=d06d0087-6381-4c78-8a0c-113d950b5b9f;exit=success\
__WVEND_mu4o20oi25_75
]3008;end=f3b66c00-04db-46b8-ad3d-0573b58617c9;exit=success\
__WVEND_mu4o237y26_75
]3008;end=2d1d180f-d7c9-4efb-8cf6-6b14a9b8d610;exit=success\
__WVEND_mu4o25vu27_75
]3008;end=b388fa05-3a4f-4d41-9811-f163dca901df;exit=success\
__WVEND_mu4o28l128_0
]3008;end=d6c8ea2f-509c-4f61-99ba-868790e8bc61;exit=success\