bridge.c:37:virgl_logv	0	static
bridge.c:42:vrend_debug	0	static
bridge.c:47:vrend_print_context_name	0	static
bridge.c:50:os_get_option	0	static
bridge.c:51:os_log_message	0	static
bridge.c:863:bridge_translate	160	dynamic
bridge.c:79:error	32	static
bridge.c:637:check_input	224	dynamic
bridge.c:711:convert	256	dynamic
bridge.c:53:append	160	dynamic
bridge.c:809:stage_result	208	static
bridge.c:615:cleanup	80	static
bridge.c:632:numeric_rejection	16	static
bridge.c:878:bridge_translate_pair	320	dynamic
bridge.c:67:json_string	112	static
bridge.c:88:space	112	static
bridge.c:89:punctuation	64	static
bridge.c:96:word	80	static
bridge.c:571:validate	48	static
bridge.c:507:validate_body	544	dynamic
bridge.c:104:end	32	static
bridge.c:105:index_number	144	static
bridge.c:237:literal_float_bits	160	dynamic
bridge.c:221:literal_float	192	dynamic
bridge.c:128:register_name	144	static
bridge.c:379:control	224	dynamic
bridge.c:185:source	352	dynamic
bridge.c:335:flow_snapshot	320	static
bridge.c:360:flow_join	304	static
bridge.c:583:io_metadata	320	dynamic
vendor/src/vrend/vrend_strbuf.h:223:strarray_free	112	static
bridge.c:__llvm_profile_runtime_user	0	static
bridge.c:asan.module_ctor	16	static
bridge.c:asan.module_dtor	16	static
