Cloning into '/var/folders/nr/cyvk1qc14jj5c081vj1xts000000gn/T/wasm-vm-handoff-cold-t24eeptc/repo'...
done.
HEAD is now at 26f63873 test: prove disjoint register-mask composition and stamps
cargo fmt --all --check
node --check tools/verify/jit-sparse-handoff-benchmark.mjs
cargo clippy -p wasm-vm-core --lib --test jit_sparse_handoff --example jit_handoff_probe --features trace -- -D warnings
   Compiling libc v0.2.186
   Compiling proc-macro2 v1.0.106
    Checking cfg-if v1.0.4
   Compiling unicode-ident v1.0.24
   Compiling quote v1.0.46
   Compiling zerocopy v0.8.52
   Compiling version_check v0.9.5
   Compiling getrandom v0.3.4
   Compiling serde_core v1.0.228
   Compiling crossbeam-utils v0.8.21
    Checking bitflags v2.13.0
    Checking typenum v1.20.1
   Compiling autocfg v1.5.1
   Compiling getrandom v0.4.3
   Compiling serde v1.0.228
   Compiling rustix v1.1.4
   Compiling zmij v1.0.21
    Checking regex-syntax v0.8.11
   Compiling serde_json v1.0.150
   Compiling generic-array v0.14.7
   Compiling num-traits v0.2.19
    Checking either v1.16.0
    Checking once_cell v1.21.4
    Checking itoa v1.0.18
   Compiling rustc_apfloat v0.2.3+llvm-462a31f5a5ab
    Checking clap_lex v1.1.0
   Compiling rayon-core v1.13.0
    Checking fastrand v2.4.1
    Checking ciborium-io v0.2.2
    Checking anstyle v1.0.14
    Checking memchr v2.8.2
    Checking clap_builder v4.6.0
    Checking crossbeam-epoch v0.9.18
    Checking regex-automata v0.4.14
    Checking crossbeam-deque v0.8.6
    Checking itertools v0.10.5
    Checking cast v0.3.0
    Checking fnv v1.0.7
    Checking smallvec v1.15.2
    Checking bit-vec v0.8.0
    Checking quick-error v1.2.3
    Checking same-file v1.0.6
    Checking criterion-plot v0.5.0
    Checking walkdir v2.5.0
    Checking errno v0.3.14
    Checking cpufeatures v0.2.17
    Checking rand_core v0.9.5
    Checking wait-timeout v0.2.1
    Checking bit-set v0.8.0
    Checking is-terminal v0.4.17
    Checking regex v1.12.4
    Checking clap v4.6.1
    Checking rand v0.9.4
    Checking rand_xorshift v0.4.0
    Checking anes v0.1.6
    Checking unarray v0.1.4
    Checking oorandom v11.1.5
    Checking log v0.4.33
   Compiling syn v2.0.118
    Checking tempfile v3.27.0
    Checking rusty-fork v0.3.1
    Checking block-buffer v0.10.4
    Checking crypto-common v0.1.7
    Checking digest v0.10.7
    Checking sha2 v0.10.9
   Compiling zerocopy-derive v0.8.52
   Compiling serde_derive v1.0.228
    Checking rayon v1.12.0
    Checking wasm-vm-core v0.0.1 (/private/var/folders/nr/cyvk1qc14jj5c081vj1xts000000gn/T/wasm-vm-handoff-cold-t24eeptc/repo/crates/core)
    Checking tinytemplate v1.2.1
    Checking half v2.7.1
    Checking ppv-lite86 v0.2.21
    Checking rand_chacha v0.9.0
    Checking ciborium-ll v0.2.2
    Checking proptest v1.11.0
    Checking ciborium v0.2.2
    Checking criterion v0.5.1
    Finished `dev` profile [unoptimized + debuginfo] target(s) in 5.13s
cargo test -p wasm-vm-core --lib sparse_mask_stamp
   Compiling cfg-if v1.0.4
   Compiling bitflags v2.13.0
   Compiling typenum v1.20.1
   Compiling libc v0.2.186
   Compiling serde_core v1.0.228
   Compiling crossbeam-utils v0.8.21
   Compiling once_cell v1.21.4
   Compiling either v1.16.0
   Compiling regex-syntax v0.8.11
   Compiling zmij v1.0.21
   Compiling fastrand v2.4.1
   Compiling anstyle v1.0.14
   Compiling ciborium-io v0.2.2
   Compiling clap_lex v1.1.0
   Compiling itoa v1.0.18
   Compiling zerocopy v0.8.52
   Compiling memchr v2.8.2
   Compiling num-traits v0.2.19
   Compiling itertools v0.10.5
   Compiling clap_builder v4.6.0
   Compiling cast v0.3.0
   Compiling same-file v1.0.6
   Compiling fnv v1.0.7
   Compiling bit-vec v0.8.0
   Compiling quick-error v1.2.3
   Compiling walkdir v2.5.0
   Compiling anes v0.1.6
   Compiling unarray v0.1.4
   Compiling oorandom v11.1.5
   Compiling crossbeam-epoch v0.9.18
   Compiling bit-set v0.8.0
   Compiling smallvec v1.15.2
   Compiling getrandom v0.3.4
   Compiling errno v0.3.14
   Compiling getrandom v0.4.3
   Compiling rand_core v0.9.5
   Compiling wait-timeout v0.2.1
   Compiling generic-array v0.14.7
   Compiling rustix v1.1.4
   Compiling crossbeam-deque v0.8.6
   Compiling cpufeatures v0.2.17
   Compiling is-terminal v0.4.17
   Compiling rustc_apfloat v0.2.3+llvm-462a31f5a5ab
   Compiling log v0.4.33
   Compiling rand v0.9.4
   Compiling rand_xorshift v0.4.0
   Compiling rayon-core v1.13.0
   Compiling criterion-plot v0.5.0
   Compiling block-buffer v0.10.4
   Compiling crypto-common v0.1.7
   Compiling digest v0.10.7
   Compiling rayon v1.12.0
   Compiling sha2 v0.10.9
   Compiling regex-automata v0.4.14
   Compiling tempfile v3.27.0
   Compiling clap v4.6.1
   Compiling rusty-fork v0.3.1
   Compiling serde v1.0.228
   Compiling serde_json v1.0.150
   Compiling tinytemplate v1.2.1
   Compiling regex v1.12.4
   Compiling half v2.7.1
   Compiling ppv-lite86 v0.2.21
   Compiling rand_chacha v0.9.0
   Compiling ciborium-ll v0.2.2
   Compiling proptest v1.11.0
   Compiling ciborium v0.2.2
   Compiling criterion v0.5.1
   Compiling wasm-vm-core v0.0.1 (/private/var/folders/nr/cyvk1qc14jj5c081vj1xts000000gn/T/wasm-vm-handoff-cold-t24eeptc/repo/crates/core)
    Finished `test` profile [unoptimized + debuginfo] target(s) in 6.15s
     Running unittests src/lib.rs (target/debug/deps/wasm_vm_core-a59d5c538677c031)

running 1 test
test hart::regs::tests::sparse_mask_stamp_wraps_once_and_empty_masks_do_not_mutate ... ok

test result: ok. 1 passed; 0 failed; 0 ignored; 0 measured; 381 filtered out; finished in 0.00s

cargo test -p wasm-vm-core --test jit_sparse_handoff -- --nocapture
   Compiling wasm-vm-core v0.0.1 (/private/var/folders/nr/cyvk1qc14jj5c081vj1xts000000gn/T/wasm-vm-handoff-cold-t24eeptc/repo/crates/core)
    Finished `test` profile [unoptimized + debuginfo] target(s) in 2.12s
     Running tests/jit_sparse_handoff.rs (target/debug/deps/jit_sparse_handoff-01374ea6a8da2c56)

running 2 tests
SPARSE_HANDOFF masks=10598 state_sha256=4dace58378d14297762d010665b9d3bf1ac0fd376e5565ccbe4f122f34e6d1f2
test sparse_handoff_matches_full_array_oracle ... ok
VERIFIER_HANDOFF cases=5952 state_sha256=091a8d5c6853b91d309bae75e9c8b6f7a88b6291f5fd9771e48127942f567d64
test disjoint_rotated_masks_compose_without_losing_same_value_stamps ... ok

test result: ok. 2 passed; 0 failed; 0 ignored; 0 measured; 0 filtered out; finished in 0.80s

wasm-pack test --node crates/wasm --test jit_sparse_handoff
[INFO]: 🎯  Checking for the Wasm target...
   Compiling proc-macro2 v1.0.106
   Compiling unicode-ident v1.0.24
   Compiling quote v1.0.46
   Compiling wasm-bindgen-shared v0.2.126
   Compiling cfg-if v1.0.4
   Compiling rustversion v1.0.22
   Compiling version_check v0.9.5
   Compiling bumpalo v3.20.3
   Compiling typenum v1.20.1
   Compiling once_cell v1.21.4
   Compiling futures-core v0.3.32
   Compiling futures-task v0.3.32
   Compiling pin-project-lite v0.2.17
   Compiling slab v0.4.12
   Compiling serde_core v1.0.228
   Compiling rustc_apfloat v0.2.3+llvm-462a31f5a5ab
   Compiling zmij v1.0.21
   Compiling smallvec v1.15.2
   Compiling futures-util v0.3.32
   Compiling bitflags v2.13.0
   Compiling serde_json v1.0.150
   Compiling serde v1.0.228
   Compiling byteorder v1.5.0
   Compiling log v0.4.33
   Compiling heapless v0.9.3
   Compiling hash32 v0.3.1
   Compiling smoltcp v0.13.1
   Compiling generic-array v0.14.7
   Compiling memchr v2.8.2
   Compiling stable_deref_trait v1.2.1
   Compiling tinyvec_macros v0.1.1
   Compiling libm v0.2.16
   Compiling autocfg v1.5.1
   Compiling itoa v1.0.18
   Compiling tinyvec v1.12.0
   Compiling bitflags v1.3.2
   Compiling managed v0.8.0
   Compiling num-traits v0.2.19
   Compiling unicode-normalization v0.1.25
   Compiling wasm-vm-wasm-emit v0.0.1 (/private/var/folders/nr/cyvk1qc14jj5c081vj1xts000000gn/T/wasm-vm-handoff-cold-t24eeptc/repo/crates/wasm-emit)
   Compiling oorandom v11.1.5
   Compiling nu-ansi-term v0.50.3
   Compiling wasm-bindgen-test-shared v0.2.126
   Compiling cast v0.3.0
   Compiling syn v2.0.118
   Compiling wasm-bindgen v0.2.126
   Compiling crypto-common v0.1.7
   Compiling block-buffer v0.10.4
   Compiling digest v0.10.7
   Compiling sha2 v0.10.9
   Compiling wasm-vm-core v0.0.1 (/private/var/folders/nr/cyvk1qc14jj5c081vj1xts000000gn/T/wasm-vm-handoff-cold-t24eeptc/repo/crates/core)
   Compiling wasm-bindgen-macro-support v0.2.126
   Compiling serde_derive v1.0.228
   Compiling wasm-bindgen-test-macro v0.3.76
   Compiling async-trait v0.1.89
   Compiling wasm-bindgen-macro v0.2.126
   Compiling wasm-vm-slirp v0.0.0 (/private/var/folders/nr/cyvk1qc14jj5c081vj1xts000000gn/T/wasm-vm-handoff-cold-t24eeptc/repo/crates/slirp)
   Compiling wasm-vm-jit-translate v0.0.1 (/private/var/folders/nr/cyvk1qc14jj5c081vj1xts000000gn/T/wasm-vm-handoff-cold-t24eeptc/repo/crates/jit-translate)
   Compiling wasm-vm-storage v0.0.1 (/private/var/folders/nr/cyvk1qc14jj5c081vj1xts000000gn/T/wasm-vm-handoff-cold-t24eeptc/repo/crates/storage)
   Compiling js-sys v0.3.103
   Compiling console_error_panic_hook v0.1.7
   Compiling wasm-bindgen-futures v0.4.76
   Compiling web-sys v0.3.103
   Compiling getrandom v0.2.17
   Compiling wasm-bindgen-test v0.3.76
   Compiling console_log v1.0.0
   Compiling wasm-vm-wasm v0.0.1 (/private/var/folders/nr/cyvk1qc14jj5c081vj1xts000000gn/T/wasm-vm-handoff-cold-t24eeptc/repo/crates/wasm)
warning: unused import: `Exception`
 --> crates/wasm/tests/hart_ctrl.rs:8:26
  |
8 | use wasm_vm_core::hart::{Exception, Hart};
  |                          ^^^^^^^^^
  |
  = note: `#[warn(unused_imports)]` (part of `#[warn(unused)]`) on by default

warning: `wasm-vm-wasm` (test "hart_ctrl") generated 1 warning (run `cargo fix --test "hart_ctrl" -p wasm-vm-wasm` to apply 1 suggestion)
    Finished `dev` profile [unoptimized + debuginfo] target(s) in 17.67s
[INFO]: ⬇️  Installing wasm-bindgen...
    Finished `test` profile [unoptimized + debuginfo] target(s) in 0.05s
     Running tests/jit_sparse_handoff.rs (/private/var/folders/nr/cyvk1qc14jj5c081vj1xts000000gn/T/wasm-vm-handoff-cold-t24eeptc/repo/target/wasm32-unknown-unknown/debug/deps/jit_sparse_handoff-d8ae1a4f9ed0f998.wasm)
running 3 tests
test core_jit_sparse_handoff::sparse_handoff_matches_full_array_oracle ... ok
test core_jit_sparse_handoff::disjoint_rotated_masks_compose_without_losing_same_value_stamps ... ok
test compiled_sparse_and_dense_resumes_match_recorded_interpreter ... ok

test result: ok. 3 passed; 0 failed; 0 ignored; 0 filtered out; finished in 1.01s

wasm-pack test --node crates/wasm --test jit_browser_parity
[INFO]: 🎯  Checking for the Wasm target...
warning: unused import: `Exception`
 --> crates/wasm/tests/hart_ctrl.rs:8:26
  |
8 | use wasm_vm_core::hart::{Exception, Hart};
  |                          ^^^^^^^^^
  |
  = note: `#[warn(unused_imports)]` (part of `#[warn(unused)]`) on by default

warning: `wasm-vm-wasm` (test "hart_ctrl") generated 1 warning (run `cargo fix --test "hart_ctrl" -p wasm-vm-wasm` to apply 1 suggestion)
    Finished `dev` profile [unoptimized + debuginfo] target(s) in 0.05s
[INFO]: ⬇️  Installing wasm-bindgen...
    Finished `test` profile [unoptimized + debuginfo] target(s) in 0.04s
     Running tests/jit_browser_parity.rs (/private/var/folders/nr/cyvk1qc14jj5c081vj1xts000000gn/T/wasm-vm-handoff-cold-t24eeptc/repo/target/wasm32-unknown-unknown/debug/deps/jit_browser_parity-6cc578c42c9ecada.wasm)
running 39 tests
test browser_handles_remain_bounded_across_retranslation_churn ... ignored, long browser externref/eviction churn; run explicitly for E4-T33 evidence
test unexpected_js_exception_fails_closed_without_commit_and_cleans_host ... ok
test production_browser_budget_stays_below_measured_instance_cliff ... ok
test page_write_invalidates_compiled_block ... ok
test execute_miss_preserves_public_guard_and_guest_state ... ok
test directed_eviction_through_the_single_ordered_path ... ok
test compile_instantiate_and_cache_by_phys_pc ... ok
test chain_edge_links_and_unlinks_on_invalidation ... ok
test bulk_handoff_preserves_all_registers_and_virtual_pc_on_precise_fault ... ok
test browser_run_chunk_scope_caps_all_internal_subruns_to_eight_installs ... ok
test browser_machine_xie_enable_preempts_reused_inline_target ... ok
test browser_jit_six_op_loop_is_exactly_budgeted ... ok
test browser_jit_matches_interpreter_m_block ... ok
test browser_jit_matches_interpreter_i_block ... ok
test browser_jit_matches_interpreter_a_block ... ok
test browser_inline_tlb_matches_interpreter_for_ram_loop ... ok
test browser_inline_static_link_unlinks_and_rearms_after_target_reinstall ... ok
test browser_inline_static_link_retains_across_interrupt_stack_bits ... ok
test browser_inline_static_link_refuses_after_execute_permission_change ... ok
test browser_inline_static_guard_rejects_remapped_target_page ... ok
test browser_inline_static_cross_page_tail_refuses_before_target_entry ... ok
test browser_inline_static_cross_batch_target_fault_is_precise ... ok
test browser_inline_static_cross_batch_load_store_matches_interpreter ... ok
test browser_inline_static_cross_batch_link_executes_and_misses_safely ... ok
test browser_inline_static_code_store_cuts_link_before_target_reuse ... ok
test browser_inline_static_chain_reaches_five_blocks_in_one_engine_call ... ok
test browser_inline_raw_store_to_compiled_page_aborts_before_successor ... ok
test browser_inline_raw_store_commits_reservation_and_code_log ... ok
test browser_inline_dynamic_link_retains_across_interrupt_stack_bits_and_sum_invalidates ... ok
test browser_inline_dynamic_jalr_links_switch_and_unlinks ... ok
test browser_inline_direct_chain_reports_bounded_retirement ... ok
test browser_inline_direct_chain_honors_depth_budget ... ok
test browser_inline_data_store_stays_chained_but_atomic_successor_waits_for_commit ... ok
test browser_inline_combined_interrupt_bits_plus_sum_invalidates_all_links ... ok
test browser_handoff_refreshes_after_outer_growth_on_recorded_precise_fault ... ok
test browser_handoff_refreshes_after_outer_growth_during_compiled_call ... ok
test browser_dispatch_reuses_memory_views_without_subarray_allocation ... ok
test browser_clean_dispatch_reuses_cached_outer_view_without_constructor ... ok
test browser_batch_skips_unsupported_members_without_fragmenting_valid_blocks ... ok

test result: ok. 38 passed; 0 failed; 1 ignored; 0 filtered out; finished in 5.76s

wasm-pack test --node crates/wasm --test jit_fp_comparisons_verifier
[INFO]: 🎯  Checking for the Wasm target...
warning: unused import: `Exception`
 --> crates/wasm/tests/hart_ctrl.rs:8:26
  |
8 | use wasm_vm_core::hart::{Exception, Hart};
  |                          ^^^^^^^^^
  |
  = note: `#[warn(unused_imports)]` (part of `#[warn(unused)]`) on by default

warning: `wasm-vm-wasm` (test "hart_ctrl") generated 1 warning (run `cargo fix --test "hart_ctrl" -p wasm-vm-wasm` to apply 1 suggestion)
    Finished `dev` profile [unoptimized + debuginfo] target(s) in 0.05s
[INFO]: ⬇️  Installing wasm-bindgen...
    Finished `test` profile [unoptimized + debuginfo] target(s) in 0.04s
     Running tests/jit_fp_comparisons_verifier.rs (/private/var/folders/nr/cyvk1qc14jj5c081vj1xts000000gn/T/wasm-vm-handoff-cold-t24eeptc/repo/target/wasm32-unknown-unknown/debug/deps/jit_fp_comparisons_verifier-715f978417416b00.wasm)
running 6 tests
test verifier_shared_comparisons ... ok
test verifier_shared_comparison_flags_survive_growth ... ok
test verifier_same_module_comparison_successors ... ok
test verifier_private_comparisons ... ok
test verifier_private_comparison_flags_survive_growth ... ok
test verifier_cross_module_comparison_successors ... ok

test result: ok. 6 passed; 0 failed; 0 ignored; 0 filtered out; finished in 5.91s

