{
  "passed": true,
  "micro": [
    {
      "batch": 1,
      "workload": "amoadd-d",
      "baselineMips": 15.819968753771628,
      "candidateMips": 19.076688291685485,
      "speedup": 1.205861312914251,
      "pairedSpeedup": 1.2015804667544656
    },
    {
      "batch": 1,
      "workload": "lr-sc-d",
      "baselineMips": 23.22745484648942,
      "candidateMips": 31.737215861144474,
      "speedup": 1.366366486164592,
      "pairedSpeedup": 1.3619232763980365
    },
    {
      "batch": 1,
      "workload": "tlb-collision",
      "baselineMips": 41.47656576701663,
      "candidateMips": 103.70754458284478,
      "speedup": 2.5003888982852103,
      "pairedSpeedup": 2.493376623500477
    },
    {
      "batch": 1,
      "workload": "tlb-hit-control",
      "baselineMips": 393.5845719649286,
      "candidateMips": 401.8888778408333,
      "speedup": 1.021099165128466,
      "pairedSpeedup": 1.021139522295808
    },
    {
      "batch": 1,
      "workload": "integer-control",
      "baselineMips": 635.6268869450762,
      "candidateMips": 655.7645804899632,
      "speedup": 1.0316816263730946,
      "pairedSpeedup": 1.0337937233571415
    },
    {
      "batch": 2,
      "workload": "amoadd-d",
      "baselineMips": 16.03881393093653,
      "candidateMips": 19.15938210117504,
      "speedup": 1.1945635246892783,
      "pairedSpeedup": 1.195476190249125
    },
    {
      "batch": 2,
      "workload": "lr-sc-d",
      "baselineMips": 23.301197104178897,
      "candidateMips": 32.10401700775711,
      "speedup": 1.3777840196029882,
      "pairedSpeedup": 1.3777840196029882
    },
    {
      "batch": 2,
      "workload": "tlb-collision",
      "baselineMips": 41.97051573581072,
      "candidateMips": 105.80611044966939,
      "speedup": 2.5209628377139977,
      "pairedSpeedup": 2.5264989311767216
    },
    {
      "batch": 2,
      "workload": "tlb-hit-control",
      "baselineMips": 389.5218616974523,
      "candidateMips": 396.78603335685233,
      "speedup": 1.018648944702986,
      "pairedSpeedup": 1.0144429163786937
    },
    {
      "batch": 2,
      "workload": "integer-control",
      "baselineMips": 635.6016366260551,
      "candidateMips": 657.0302234417372,
      "speedup": 1.0337138634970024,
      "pairedSpeedup": 1.0365291099166938
    }
  ],
  "real": [
    {
      "case": "busybox-jit",
      "phase": "readyMs",
      "baselineSeconds": 4.869075000047684,
      "candidateSeconds": 4.784434999942779,
      "timeRatio": 0.9826168214488223,
      "pairedTimeRatio": 0.9831682609033312
    },
    {
      "case": "busybox-jit",
      "phase": "regionMs",
      "baselineSeconds": 3.9197850000858305,
      "candidateSeconds": 3.8678700000047685,
      "timeRatio": 0.986755651118639,
      "pairedTimeRatio": 0.9913862871201843
    },
    {
      "case": "busybox-nojit",
      "phase": "readyMs",
      "baselineSeconds": 4.683304999947548,
      "candidateSeconds": 4.724889999985695,
      "timeRatio": 1.0088794131577192,
      "pairedTimeRatio": 1.008646130265434
    },
    {
      "case": "busybox-nojit",
      "phase": "regionMs",
      "baselineSeconds": 2.857274999976158,
      "candidateSeconds": 2.8688550000190736,
      "timeRatio": 1.0040528125724728,
      "pairedTimeRatio": 1.0004761221661373
    }
  ]
}
