[
  {
    "name": "amoadd-d",
    "baselineMips": 15.514700182436265,
    "candidateMips": 18.98163526616027,
    "speedup": 1.2234613007635702,
    "pairedSpeedup": 1.2239939259110542
  },
  {
    "name": "lr-sc-d",
    "baselineMips": 21.839425626517603,
    "candidateMips": 31.819266556250028,
    "speedup": 1.4569644412999045,
    "pairedSpeedup": 1.4526484099040056
  },
  {
    "name": "tlb-collision",
    "baselineMips": 38.075293912685055,
    "candidateMips": 105.37407820184055,
    "speedup": 2.767518444991817,
    "pairedSpeedup": 2.7632518223019082
  },
  {
    "name": "tlb-hit-control",
    "baselineMips": 395.45229912575286,
    "candidateMips": 403.7549210351625,
    "speedup": 1.0209952551237271,
    "pairedSpeedup": 1.0209952551237271
  },
  {
    "name": "integer-control",
    "baselineMips": 635.349243128278,
    "candidateMips": 657.6243315847436,
    "speedup": 1.0350595970600192,
    "pairedSpeedup": 1.0376600236545566
  }
]
