[    0.000000] Linux version 6.6.63 (wasmvm@wasmvm) (riscv64-linux-gnu-gcc (Debian 12.2.0-13) 12.2.0, GNU ld (GNU Binutils for Debian) 2.40) #1 SMP Thu Nov 14 2024
[    0.000000] Machine model: riscv-virtio,qemu
[    0.000000] SBI specification v2.0 detected
[    0.000000] SBI implementation ID=0x574d Version=0x100
[    0.000000] SBI TIME extension detected
[    0.000000] SBI IPI extension detected
[    0.000000] SBI RFENCE extension detected
[    0.000000] SBI SRST extension detected
[    0.000000] earlycon: sbi0 at I/O port 0x0 (options '')
[    0.000000] printk: bootconsole [sbi0] enabled
[    0.000000] efi: UEFI not found.
[    0.000000] Zone ranges:
[    0.000000]   DMA32    [mem 0x0000000080000000-0x000000008fffffff]
[    0.000000]   Normal   empty
[    0.000000] Movable zone start for each node
[    0.000000] Early memory node ranges
[    0.000000]   node   0: [mem 0x0000000080000000-0x000000008fffffff]
[    0.000000] Initmem setup node 0 [mem 0x0000000080000000-0x000000008fffffff]
[    0.000000] SBI HSM extension detected
[    0.000000] Falling back to deprecated "riscv,isa"
[    0.000000] riscv: base ISA extensions acdfim
[    0.000000] riscv: ELF capabilities acdfim
[    0.000000] percpu: Embedded 18 pages/cpu s42104 r0 d31624 u73728
[    0.000000] Kernel command line: root=/dev/vda rw console=ttyS0 earlycon=sbi wasmvm.desktop_test=1
[    0.000000] Dentry cache hash table entries: 32768 (order: 6, 262144 bytes, linear)
[    0.000000] Inode-cache hash table entries: 16384 (order: 5, 131072 bytes, linear)
[    0.000000] Built 1 zonelists, mobility grouping on.  Total pages: 64512
[    0.000000] mem auto-init: stack:all(zero), heap alloc:off, heap free:off
[    0.000000] Virtual kernel memory layout:
[    0.000000]       fixmap : 0xff1bfffffea00000 - 0xff1bffffff000000   (6144 kB)
[    0.000000]       pci io : 0xff1bffffff000000 - 0xff1c000000000000   (  16 MB)
[    0.000000]      vmemmap : 0xff1c000000000000 - 0xff20000000000000   (1024 TB)
[    0.000000]      vmalloc : 0xff20000000000000 - 0xff60000000000000   (16384 TB)
[    0.000000]      modules : 0xffffffff0179e000 - 0xffffffff80000000   (2024 MB)
[    0.000000]       lowmem : 0xff60000000000000 - 0xff60000010000000   ( 256 MB)
[    0.000000]       kernel : 0xffffffff80000000 - 0xffffffffffffffff   (2047 MB)
[    0.000000] Memory: 216560K/262144K available (10367K kernel code, 5056K rwdata, 4096K rodata, 2201K init, 539K bss, 45584K reserved, 0K cma-reserved)
[    0.000000] SLUB: HWalign=64, Order=0-3, MinObjects=0, CPUs=1, Nodes=1
[    0.000000] rcu: Hierarchical RCU implementation.
[    0.000000] rcu: 	RCU restricting CPUs from NR_CPUS=64 to nr_cpu_ids=1.
[    0.000000] rcu: 	RCU debug extended QS entry/exit.
[    0.000000] 	Tracing variant of Tasks RCU enabled.
[    0.000000] rcu: RCU calculated value of scheduler-enlistment delay is 25 jiffies.
[    0.000000] rcu: Adjusting geometry for rcu_fanout_leaf=16, nr_cpu_ids=1
[    0.000000] NR_IRQS: 64, nr_irqs: 64, preallocated irqs: 0
[    0.000000] riscv-intc: 64 local interrupts mapped
[    0.000000] plic: plic@c000000: mapped 95 interrupts with 1 handlers for 2 contexts.
[    0.000000] riscv: providing IPIs using SBI IPI extension
[    0.000000] rcu: srcu_init: Setting srcu_struct sizes based on contention.
[    0.000000] clocksource: riscv_clocksource: mask: 0xffffffffffffffff max_cycles: 0x24e6a1710, max_idle_ns: 440795202120 ns
[    0.000002] sched_clock: 64 bits at 10MHz, resolution 100ns, wraps every 4398046511100ns
[    0.001287] Console: colour dummy device 80x25
[    0.001486] Calibrating delay loop (skipped), value calculated using timer frequency.. 20.00 BogoMIPS (lpj=40000)
[    0.001644] pid_max: default: 32768 minimum: 301
[    0.002151] LSM: initializing lsm=capability,integrity
[    0.002878] Mount-cache hash table entries: 512 (order: 0, 4096 bytes, linear)
[    0.003012] Mountpoint-cache hash table entries: 512 (order: 0, 4096 bytes, linear)
[    0.014500] RCU Tasks Trace: Setting shift to 0 and lim to 1 rcu_task_cb_adjust=1 rcu_task_cpu_ids=1.
[    0.015202] riscv: ELF compat mode unsupported
[    0.015283] ASID allocator using 16 bits (65536 entries)
[    0.016150] rcu: Hierarchical SRCU implementation.
[    0.016224] rcu: 	Max phase no-delay instances is 1000.
[    0.017835] EFI services will not be available.
[    0.018675] smp: Bringing up secondary CPUs ...
[    0.018783] smp: Brought up 1 node, 1 CPU
[    0.021287] devtmpfs: initialized
[    0.031918] clocksource: jiffies: mask: 0xffffffff max_cycles: 0xffffffff, max_idle_ns: 7645041785100000 ns
[    0.032071] futex hash table entries: 256 (order: 2, 16384 bytes, linear)
[    0.033112] pinctrl core: initialized pinctrl subsystem
[    0.042725] NET: Registered PF_NETLINK/PF_ROUTE protocol family
[    0.047168] DMA: preallocated 128 KiB GFP_KERNEL pool for atomic allocations
[    0.047380] DMA: preallocated 128 KiB GFP_KERNEL|GFP_DMA32 pool for atomic allocations
[    0.047706] audit: initializing netlink subsys (disabled)
[    0.050995] thermal_sys: Registered thermal governor 'step_wise'
[    0.051165] audit: type=2000 audit(0.044:1): state=initialized audit_enabled=0 res=1
[    0.051406] cpuidle: using governor menu
[    0.073191] cpu0: Ratio of byte access time to unaligned word access is 7.98, unaligned accesses are fast
[    0.094088] HugeTLB: registered 2.00 MiB page size, pre-allocated 0 pages
[    0.094185] HugeTLB: 28 KiB vmemmap can be freed for a 2.00 MiB page
[    0.162065] raid6: int64x8  gen()    42 MB/s
[    0.230636] raid6: int64x4  gen()    57 MB/s
[    0.298974] raid6: int64x2  gen()    58 MB/s
[    0.367571] raid6: int64x1  gen()    52 MB/s
[    0.367653] raid6: using algorithm int64x2 gen() 58 MB/s
[    0.436244] raid6: .... xor() 32 MB/s, rmw enabled
[    0.436325] raid6: using intx1 recovery algorithm
[    0.437299] ACPI: Interpreter disabled.
[    0.438066] iommu: Default domain type: Translated
[    0.438147] iommu: DMA domain TLB invalidation policy: strict mode
[    0.441688] SCSI subsystem initialized
[    0.445080] Advanced Linux Sound Architecture Driver Initialized.
[    0.451199] clocksource: Switched to clocksource riscv_clocksource
[    0.453436] pnp: PnP ACPI: disabled
[    0.515358] NET: Registered PF_INET protocol family
[    0.516759] IP idents hash table entries: 4096 (order: 3, 32768 bytes, linear)
[    0.525922] tcp_listen_portaddr_hash hash table entries: 128 (order: 0, 4096 bytes, linear)
[    0.526114] Table-perturb hash table entries: 65536 (order: 6, 262144 bytes, linear)
[    0.526269] TCP established hash table entries: 2048 (order: 2, 16384 bytes, linear)
[    0.526642] TCP bind hash table entries: 2048 (order: 5, 131072 bytes, linear)
[    0.527869] TCP: Hash tables configured (established 2048 bind 2048)
[    0.528243] UDP hash table entries: 256 (order: 2, 24576 bytes, linear)
[    0.528625] UDP-Lite hash table entries: 256 (order: 2, 24576 bytes, linear)
[    0.529622] NET: Registered PF_UNIX/PF_LOCAL protocol family
[    0.532638] RPC: Registered named UNIX socket transport module.
[    0.532726] RPC: Registered udp transport module.
[    0.532805] RPC: Registered tcp transport module.
[    0.532885] RPC: Registered tcp-with-tls transport module.
[    0.532970] RPC: Registered tcp NFSv4.1 backchannel transport module.
[    0.533302] kvm [1]: hypervisor extension not available
[    0.538694] workingset: timestamp_bits=46 max_order=16 bucket_order=0
[    0.542252] NFS: Registering the id_resolver key type
[    0.542695] Key type id_resolver registered
[    0.542772] Key type id_legacy registered
[    0.542977] nfs4filelayout_init: NFSv4 File Layout Driver Registering...
[    0.543108] nfs4flexfilelayout_init: NFSv4 Flexfile Layout Driver Registering...
[    0.544281] 9p: Installing v9fs 9p2000 file system support
[    1.697175] NET: Registered PF_ALG protocol family
[    1.697277] xor: measuring software checksum speed
[    1.716175]    8regs           :   174 MB/sec
[    1.735065]    8regs_prefetch  :   174 MB/sec
[    1.753973]    32regs          :   174 MB/sec
[    1.772918]    32regs_prefetch :   173 MB/sec
[    1.773002] xor: using function: 32regs (174 MB/sec)
[    1.773303] Block layer SCSI generic (bsg) driver version 0.4 loaded (major 246)
[    1.773406] io scheduler mq-deadline registered
[    1.773490] io scheduler kyber registered
[    1.773644] io scheduler bfq registered
[    1.794847] input: wasm-vm virtio keyboard as /devices/platform/soc/10004000.virtio_mmio/virtio3/input/input0
[    1.797438] input: wasm-vm virtio tablet as /devices/platform/soc/10005000.virtio_mmio/virtio4/input/input1
[    1.799950] input: wasm-vm virtio mouse as /devices/platform/soc/10006000.virtio_mmio/virtio5/input/input2
[    2.187234] Serial: 8250/16550 driver, 4 ports, IRQ sharing disabled
[    2.200932] printk: console [ttyS0] disabled
[    2.203209] 10000000.serial: ttyS0 at MMIO 0x10000000 (irq = 15, base_baud = 230400) is a 16550A
[    2.203421] printk: console [ttyS0] enabled
[    2.203595] printk: bootconsole [sbi0] disabled
[    2.203421] printk: console [ttyS0] enabled
[    2.203595] printk: bootconsole [sbi0] disabled
[    2.206149] SuperH (H)SCI(F) driver initialized
[    2.209679] random: crng init done
[    2.216516] [drm] features: -virgl +edid -resource_blob -host_visible
[    2.216566] [drm] features: -context_init
[    2.217550] [drm] number of scanouts: 1
[    2.217666] [drm] number of cap sets: 0
[    2.222829] [drm] Initialized virtio_gpu 0.1.0 0 for 10008000.virtio_mmio on minor 0
[    2.392104] Console: switching to colour frame buffer device 160x50
[    2.509560] virtio-mmio 10008000.virtio_mmio: [drm] fb0: virtio_gpudrmfb frame buffer device
[    2.544632] loop: module loaded
[    2.544940] virtio_blk virtio0: 1/0/0 default/read/poll queues
[    2.546207] virtio_blk virtio0: [vda] 2097152 512-byte logical blocks (1.07 GB/1.00 GiB)
[    4.861936] mousedev: PS/2 mouse device common for all mice
[    4.866741] goldfish_rtc 101000.rtc: registered as rtc0
[    4.866924] goldfish_rtc 101000.rtc: setting system clock to 2026-09-06T08:02:05 UTC (1788681725)
[    4.870156] syscon-poweroff poweroff: pm_power_off already claimed for sbi_srst_power_off
[    4.870404] syscon-poweroff: probe of poweroff failed with error -16
[    4.872639] device-mapper: ioctl: 4.48.0-ioctl (2023-03-01) initialised: dm-devel@redhat.com
[    4.875397] sdhci: Secure Digital Host Controller Interface driver
[    4.875547] sdhci: Copyright(c) Pierre Ossman
[    4.876574] sdhci-pltfm: SDHCI platform and OF driver helper
[    4.886695] IPVS: Registered protocols (TCP, UDP)
[    4.886868] IPVS: Connection hash table configured (size=4096, memory=32Kbytes)
[    4.888040] IPVS: ipvs loaded.
[    4.888144] IPVS: [rr] scheduler registered.
[    4.889913] Initializing XFRM netlink socket
[    4.890287] NET: Registered PF_INET6 protocol family
[    4.896153] Segment Routing with IPv6
[    4.896446] In-situ OAM (IOAM) with IPv6
[    4.897287] sit: IPv6, IPv4 and MPLS over IPv4 tunneling driver
[    4.901107] NET: Registered PF_PACKET protocol family
[    4.901446] Bridge firewalling registered
[    4.901880] 8021q: 802.1Q VLAN Support v1.8
[    4.902474] 9pnet: Installing 9P2000 support
[    4.902992] Key type dns_resolver registered
[    5.114426] debug_vm_pgtable: [debug_vm_pgtable         ]: Validating architecture page table helpers
[    5.126226] Btrfs loaded, zoned=no, fsverity=no
[    5.133933] Legacy PMU implementation is available
[    5.134984] clk: Disabling unused clocks
[    5.135125] ALSA device list:
[    5.135263]   #0: VirtIO SoundCard at platform/10007000.virtio_mmio/virtio6
[   19.698599] EXT4-fs (vda): mounted filesystem a11ce000-0e2f-4c18-b007-f50000000018 r/w with ordered data mode. Quota mode: disabled.
[   19.698890] VFS: Mounted root (ext4 filesystem) on device 254:0.
[   19.699558] devtmpfs: mounted
[   19.706108] Freeing unused kernel image (initmem) memory: 2200K
[   19.706276] Run /sbin/init as init process

   OpenRC 0.54 is starting up Linux 6.6.63 (riscv64)

 * Mounting /proc ... [ ok ]
 * Mounting /run ... [ ok ]
 * /run/openrc: creating directory
 * /run/lock: creating directory
 * /run/lock: correcting owner
 * Caching service dependencies ... [ ok ]
 * Remounting devtmpfs on /dev ... [ ok ]
 * Mounting /dev/mqueue ... [ ok ]
 * Mounting /dev/pts ... [ ok ]
 * Mounting /dev/shm ... [ ok ]
 * Mounting /sys ... [ ok ]
 * Mounting security filesystem ... [ ok ]
 * Mounting debug filesystem ... [ ok ]
 * Starting udev ... [ ok ]
 * Generating a rule to create a /dev/root symlink ... [ ok ]
 * Populating /dev with existing devices through uevents ... [ ok ]
 * Loading hardware drivers ...modprobe: can't change directory to '/lib/modules': No such file or directory
 [ ok ]
 * Loading modules ...modprobe: can't change directory to '/lib/modules': No such file or directory
modprobe: can't change directory to '/lib/modules': No such file or directory
 [ ok ]
 * Setting system clock using the hardware clock [UTC] ...hwclock: select() to /dev/rtc0 to wait for clock tick timed out
 * Failed to set the system clock
 [ !! ]
 * Checking local filesystems  ... [ ok ]
 * Remounting filesystems ... [ ok ]
 * Activating swap devices ... [ ok ]
 * Mounting local filesystems ... [ ok ]
 * Migrating /var/lock to /run/lock ... [ ok ]
 * Creating user login records ... [ ok ]
 * Cleaning /tmp directory ... [ ok ]
 * Setting hostname ... [ ok ]
 * Seeding random number generator ... * Saving 256 bits of creditable seed for next boot
 [ ok ]
 * Starting busybox syslog ... [ ok ]
 * Starting seatd ... [ ok ]
 * Waiting for uevents to be processed ... [ ok ]
 * Starting networking ... *   lo ... [ ok ]
 *   eth0 ...udhcpc: started, v1.36.1
udhcpc: broadcasting discover
udhcpc: broadcasting discover
udhcpc: broadcasting discover
udhcpc: broadcasting discover
udhcpc: broadcasting discover
udhcpc failed to get a DHCP lease
udhcpc: no lease, forking to background
 [ ok ]
 * Starting wasm-vm file transfer agent ... [ ok ]
 * Starting wasm-vm virtio agent ... [ ok ]

E5T18D_TEST_CONSOLE_READY
E5T18D_STATUS_BEGIN
desktop.attempts=1
desktop.ready=1 961
desktop.failed=absent
weston.pid=961
2026-09-06T08:06:06Z E5T18D event=boot-runtime-ready
2026-09-06T08:06:44Z E5T18D event=attempt attempt=1 backend=drm renderer=pixman
2026-09-06T08:06:44Z E5T18D event=started attempt=1 pid=961
2026-09-06T08:06:47Z E5T18D event=ready attempt=1 pid=961
E5T18D_STATUS_END
E5T18D_LOG_BEGIN
Date: 2026-09-06 UTC
[08:06:44.946] weston 12.0.4
               https://wayland.freedesktop.org
               Bug reports to: https://gitlab.freedesktop.org/wayland/weston/issues/
               Build: 12.0.4
[08:06:44.947] Command line: weston --config=/etc/xdg/weston/weston.ini --backend=drm --renderer=pixman --socket=wayland-0
[08:06:44.947] OS: Linux, 6.6.63, #1 SMP Thu Nov 14 2024, riscv64
[08:06:44.947] Flight recorder: enabled
[08:06:44.949] Using config file '/etc/xdg/weston/weston.ini'
[08:06:44.956] Output repaint window is 7 ms maximum.
[08:06:45.000] Loading module '/usr/lib/libweston-12/drm-backend.so'
[08:06:45.482] initializing drm backend
[08:06:45.482] Trying libseat launcher...
[08:06:45.483] [libseat/libseat.c:73] Seat opened with backend 'seatd'
[08:06:45.483] [libseat/backend/seatd.c:212] Enabling seat
[08:06:45.484] libseat: session control granted
[08:06:45.494] using /dev/dri/card0
[08:06:45.494] DRM: supports atomic modesetting
[08:06:45.494] DRM: does not support GBM modifiers
[08:06:45.495] DRM: does not support async page flipping
[08:06:45.495] DRM: supports picture aspect ratio
[08:06:45.495] Using Pixman renderer
[08:06:45.681] event0  - wasm-vm virtio keyboard: is tagged by udev as: Keyboard
[08:06:45.686] event0  - wasm-vm virtio keyboard: device is a keyboard
[08:06:45.726] event1  - wasm-vm virtio tablet: is tagged by udev as: Mouse
[08:06:45.744] event1  - wasm-vm virtio tablet: device is a pointer
[08:06:45.779] event2  - wasm-vm virtio mouse: is tagged by udev as: Mouse
[08:06:45.789] event2  - wasm-vm virtio mouse: device is a pointer
[08:06:46.798] libinput: configuring device "wasm-vm virtio keyboard".
[08:06:46.798] libinput: configuring device "wasm-vm virtio tablet".
[08:06:46.798] input device event1 has no enabled output associated (none named), skipping calibration for now.
[08:06:46.799] libinput: configuring device "wasm-vm virtio mouse".
[08:06:46.801] DRM: head 'Virtual-1' found, connector 34 is connected, EDID make 'WVM', model 'WASM VM', serial 'WVM-0001'
               Supported EOTF modes: SDR
[08:06:46.802] Registered plugin API 'weston_drm_output_api_v1' of size 40
[08:06:46.803] Registered plugin API 'weston_drm_virtual_output_api_v2' of size 48
[08:06:46.803] Color manager: no-op
[08:06:46.803] Output 'Virtual-1' attempts EOTF mode: SDR
[08:06:46.803] Output 'Virtual-1' using color profile: built-in default sRGB SDR profile
[08:06:46.903] DRM: output Virtual-1 uses shadow framebuffer.
[08:06:46.903] Output Virtual-1 (crtc 33) video modes:
               1280x800@60.0, preferred, current, 71.7 MHz
[08:06:46.903] associating input device event0 with output Virtual-1 (none by udev)
[08:06:46.903] associating input device event1 with output Virtual-1 (none by udev)
[08:06:46.906] associating input device event2 with output Virtual-1 (none by udev)
[08:06:46.907] Output 'Virtual-1' enabled with head(s) Virtual-1
[08:06:46.907] Compositor capabilities:
               arbitrary surface rotation: yes
               screen capture uses y-flip: no
               cursor planes: yes
               arbitrary resolutions: no
               view mask clipping: yes
               explicit sync: no
               color operations: no
               presentation clock: CLOCK_MONOTONIC, id 1
               presentation clock resolution: 0.000000001 s
[08:06:46.909] Loading module '/usr/lib/weston/desktop-shell.so'
[08:06:46.915] launching '/usr/libexec/weston-keyboard'
[08:06:46.926] launching '/usr/libexec/weston-desktop-shell'
could not load cursor 'dnd-move'
could not load cursor 'dnd-copy'
could not load cursor 'dnd-none'
could not load cursor 'dnd-move'
could not load cursor 'dnd-copy'
could not load cursor 'dnd-none'
E5T18D_LOG_END
E5T18D_STATUS_BEGIN
desktop.attempts=1
desktop.ready=1 961
desktop.failed=absent
weston.pid=961
2026-09-06T08:06:06Z E5T18D event=boot-runtime-ready
2026-09-06T08:06:44Z E5T18D event=attempt attempt=1 backend=drm renderer=pixman
2026-09-06T08:06:44Z E5T18D event=started attempt=1 pid=961
2026-09-06T08:06:47Z E5T18D event=ready attempt=1 pid=961
E5T18D_STATUS_END
E5T18D_LOG_BEGIN
Date: 2026-09-06 UTC
[08:06:44.946] weston 12.0.4
               https://wayland.freedesktop.org
               Bug reports to: https://gitlab.freedesktop.org/wayland/weston/issues/
               Build: 12.0.4
[08:06:44.947] Command line: weston --config=/etc/xdg/weston/weston.ini --backend=drm --renderer=pixman --socket=wayland-0
[08:06:44.947] OS: Linux, 6.6.63, #1 SMP Thu Nov 14 2024, riscv64
[08:06:44.947] Flight recorder: enabled
[08:06:44.949] Using config file '/etc/xdg/weston/weston.ini'
[08:06:44.956] Output repaint window is 7 ms maximum.
[08:06:45.000] Loading module '/usr/lib/libweston-12/drm-backend.so'
[08:06:45.482] initializing drm backend
[08:06:45.482] Trying libseat launcher...
[08:06:45.483] [libseat/libseat.c:73] Seat opened with backend 'seatd'
[08:06:45.483] [libseat/backend/seatd.c:212] Enabling seat
[08:06:45.484] libseat: session control granted
[08:06:45.494] using /dev/dri/card0
[08:06:45.494] DRM: supports atomic modesetting
[08:06:45.494] DRM: does not support GBM modifiers
[08:06:45.495] DRM: does not support async page flipping
[08:06:45.495] DRM: supports picture aspect ratio
[08:06:45.495] Using Pixman renderer
[08:06:45.681] event0  - wasm-vm virtio keyboard: is tagged by udev as: Keyboard
[08:06:45.686] event0  - wasm-vm virtio keyboard: device is a keyboard
[08:06:45.726] event1  - wasm-vm virtio tablet: is tagged by udev as: Mouse
[08:06:45.744] event1  - wasm-vm virtio tablet: device is a pointer
[08:06:45.779] event2  - wasm-vm virtio mouse: is tagged by udev as: Mouse
[08:06:45.789] event2  - wasm-vm virtio mouse: device is a pointer
[08:06:46.798] libinput: configuring device "wasm-vm virtio keyboard".
[08:06:46.798] libinput: configuring device "wasm-vm virtio tablet".
[08:06:46.798] input device event1 has no enabled output associated (none named), skipping calibration for now.
[08:06:46.799] libinput: configuring device "wasm-vm virtio mouse".
[08:06:46.801] DRM: head 'Virtual-1' found, connector 34 is connected, EDID make 'WVM', model 'WASM VM', serial 'WVM-0001'
               Supported EOTF modes: SDR
[08:06:46.802] Registered plugin API 'weston_drm_output_api_v1' of size 40
[08:06:46.803] Registered plugin API 'weston_drm_virtual_output_api_v2' of size 48
[08:06:46.803] Color manager: no-op
[08:06:46.803] Output 'Virtual-1' attempts EOTF mode: SDR
[08:06:46.803] Output 'Virtual-1' using color profile: built-in default sRGB SDR profile
[08:06:46.903] DRM: output Virtual-1 uses shadow framebuffer.
[08:06:46.903] Output Virtual-1 (crtc 33) video modes:
               1280x800@60.0, preferred, current, 71.7 MHz
[08:06:46.903] associating input device event0 with output Virtual-1 (none by udev)
[08:06:46.903] associating input device event1 with output Virtual-1 (none by udev)
[08:06:46.906] associating input device event2 with output Virtual-1 (none by udev)
[08:06:46.907] Output 'Virtual-1' enabled with head(s) Virtual-1
[08:06:46.907] Compositor capabilities:
               arbitrary surface rotation: yes
               screen capture uses y-flip: no
               cursor planes: yes
               arbitrary resolutions: no
               view mask clipping: yes
               explicit sync: no
               color operations: no
               presentation clock: CLOCK_MONOTONIC, id 1
               presentation clock resolution: 0.000000001 s
[08:06:46.909] Loading module '/usr/lib/weston/desktop-shell.so'
[08:06:46.915] launching '/usr/libexec/weston-keyboard'
[08:06:46.926] launching '/usr/libexec/weston-desktop-shell'
could not load cursor 'dnd-move'
could not load cursor 'dnd-copy'
could not load cursor 'dnd-none'
could not load cursor 'dnd-move'
could not load cursor 'dnd-copy'
could not load cursor 'dnd-none'
[08:07:00.917] unexpectedly large timestamp jump (from 297590 to 298804)
[08:07:00.922] DRM: head 'Virtual-1' updated, connector 34 is connected, EDID make 'WVM', model 'WASM VM', serial 'WVM-0001'
               Supported EOTF modes: SDR
[08:07:00.923] Detected a monitor change on head 'Virtual-1', not bothering to do anything about it.
E5T18D_LOG_END
