]3008;end=2e7b1da9-7bb1-4fb9-acdc-67cef4672f70;exit=success\
__WVEND_mtuv7low0_2

__WVEND_mtuv7wzf1_0
]3008;end=3ac75618-0998-434c-92b7-984b7e15528a;exit=success\]3008;start=5d7fc1c3-6b47-4fa4-a2c4-0e073e14936d;machineid=95e5cb415d0e4d299121dd813f13f9fe;user=omarchy;hostname=omarchy-demo;bootid=d91486ee-dedb-4979-bbb8-c9e74a40ac6e;pid=00000000000000000176;type=shell;cwd=/home/omarchy\[?2004h[omarchy@omarchy-demo ~]$ 
__WVEND_mtuv8uji2_0

__WVEND_mtuv955v3_0
]3008;end=e97e370a-749b-48f5-a104-8353f5e1b8ce;exit=success\]3008;start=5d7fc1c3-6b47-4fa4-a2c4-0e073e14936d;machineid=95e5cb415d0e4d299121dd813f13f9fe;user=omarchy;hostname=omarchy-demo;bootid=d91486ee-dedb-4979-bbb8-c9e74a40ac6e;pid=00000000000000000176;type=shell;cwd=/home/omarchy\[?2004h[omarchy@omarchy-demo ~]$ 
__WVEND_mtuv9k7j4_75
]3008;end=e2ad9c0b-2571-4e19-b560-e8571cebc53d;exit=success\
__WVEND_mtuv9n9o5_75
]3008;end=eec25348-ce5e-4b5a-be18-f0f0884274c6;exit=success\
__WVEND_mtuv9r4z6_75
]3008;end=46556579-9aa6-4675-b3cf-21ded8955030;exit=success\
__WVEND_mtuv9v6o7_75
]3008;end=cde09876-cd06-42af-9012-f45fb7aa026d;exit=success\
__WVEND_mtuv9zaw8_75
]3008;end=8f3c17a1-b543-41a0-9f82-5e71ee4f0bde;exit=success\
__WVEND_mtuva3ca9_75
]3008;end=062213b0-3bbc-4455-971d-3b156f1d7beb;exit=success\
__WVEND_mtuva7dt10_75
]3008;end=cdebda4e-3ffe-4eb1-b292-5ed51acefeb4;exit=success\
__WVEND_mtuvabrt11_75
]3008;end=5f880b6c-bcaf-44dd-93ac-8e65df047aa6;exit=success\
__WVEND_mtuvafv112_75
]3008;end=f6b4da35-61b4-489c-aa14-3773d7c121ae;exit=success\
__WVEND_mtuvajvj13_75
]3008;end=e5702d4e-b9f6-45d0-bb60-227df69d35a3;exit=success\
__WVEND_mtuvanz414_75
]3008;end=bd776a83-d83d-4e9f-8603-017ca3642272;exit=success\
__WVEND_mtuvas0r15_75
]3008;end=bea9d867-dabb-4b7e-b184-b29f16deb725;exit=success\
__WVEND_mtuvaw5y16_75
]3008;end=9d594f08-7fe8-4057-933b-6c19e90b3508;exit=success\
__WVEND_mtuvb07517_75
]3008;end=ea60e5ae-e41c-4c24-87ba-e7804343cfaf;exit=success\
__WVEND_mtuvb48j18_75
]3008;end=0c98abec-7f9f-4f2f-98b9-8be0acebbe55;exit=success\
__WVEND_mtuvb8kj19_75
]3008;end=40ba081d-c775-4c93-b263-4a2bfb540942;exit=success\
__WVEND_mtuvbcn520_75
]3008;end=91a81a4e-f0cf-4ac4-9cb7-c70fce695ba5;exit=success\
__WVEND_mtuvbgso21_75
]3008;end=52cb9016-a4f1-4f0e-90eb-fafe82ed79aa;exit=success\
__WVEND_mtuvbkrm22_75
]3008;end=fd8247bc-2cb8-4712-b56a-2de480cd9dce;exit=success\
__WVEND_mtuvbot123_75
]3008;end=91bde7a4-3636-467b-b425-04a7bf78dd3f;exit=success\
__WVEND_mtuvbt1924_75
]3008;end=e45a6bd8-69c0-44cd-9c7f-dee3a03f61f7;exit=success\
__WVEND_mtuvbx6i25_75
]3008;end=c3fab13e-a70e-40e0-9092-f3d6cf79c01a;exit=success\
__WVEND_mtuvc1w926_75
]3008;end=21717aa6-3faa-4da5-962f-1a87a7ccca06;exit=success\