15    execve("/usr/bin/aplay", ["aplay", "-Dprobe", "--period-size=480", "--buffer-size=960", "-f", "S16_LE", "-t", "raw", "-r48000", "-c2", "/work/input.fifo"], 0xffffca9dfe58 /* 7 vars */) = 0
15    openat(AT_FDCWD, "/etc/ld-musl-aarch64.path", O_RDONLY|O_LARGEFILE|O_CLOEXEC) = -1 ENOENT (No such file or directory)
15    openat(AT_FDCWD, "/lib/libasound.so.2", O_RDONLY|O_LARGEFILE|O_CLOEXEC) = -1 ENOENT (No such file or directory)
15    openat(AT_FDCWD, "/usr/local/lib/libasound.so.2", O_RDONLY|O_LARGEFILE|O_CLOEXEC) = -1 ENOENT (No such file or directory)
15    openat(AT_FDCWD, "/usr/lib/libasound.so.2", O_RDONLY|O_LARGEFILE|O_CLOEXEC) = 3
15    read(3, "\177ELF\2\1\1\0\0\0\0\0\0\0\0\0\3\0\267\0\1\0\0\0\0\0\0\0\0\0\0\0"..., 960) = 960
15    close(3)                          = 0
15    ioctl(0, TIOCGWINSZ, 0xffffd94e9288) = -1 ENOTTY (Not a tty)
15    openat(AT_FDCWD, "/usr/share/alsa/alsa.conf", O_RDONLY|O_LARGEFILE) = 3
15    read(3, "#\n#  ALSA library configuration "..., 1024) = 1024
15    read(3, "nc concat\n\t\t\t\tstrings [\n\t\t\t\t\t{ @"..., 1024) = 1024
15    read(3, "ont.card defaults.pcm.card\ndefau"..., 1024) = 1024
15    read(3, "aults.pcm.modem.card defaults.pc"..., 1024) = 1024
15    read(3, "mehint.extended\n\t\t}\n\t\tdescriptio"..., 1024) = 1024
15    read(3, "s [ SLAVE FILE FORMAT ]\n\t@args.S"..., 1024) = 1024
15    read(3, "ound21 cards.pcm.surround21\npcm."..., 1024) = 1024
15    read(3, "er\n\t\t\tname defaults.rawmidi.card"..., 1024) = 1024
15    read(3, "ace\n#\n\nhwdep.default {\n\ttype hw\n"..., 1024) = 1024
15    read(3, "efaults.timer.sclass\n\t}\n\tcard {\n"..., 1024) = 903
15    read(3, "", 1024)                 = 0
15    close(3)                          = 0
15    openat(AT_FDCWD, "/usr/lib/libasound.so.2", O_RDONLY|O_LARGEFILE|O_CLOEXEC) = 3
15    close(3)                          = 0
15    openat(AT_FDCWD, "/usr/lib/libasound.so.2", O_RDONLY|O_LARGEFILE|O_CLOEXEC) = 3
15    close(3)                          = 0
15    openat(AT_FDCWD, "/usr/lib/libasound.so.2", O_RDONLY|O_LARGEFILE|O_CLOEXEC) = 3
15    close(3)                          = 0
15    openat(AT_FDCWD, "/etc/alsa/conf.d", O_RDONLY|O_LARGEFILE|O_CLOEXEC|O_DIRECTORY) = 3
15    close(3)                          = 0
15    openat(AT_FDCWD, "/work/.asoundrc", O_RDONLY|O_LARGEFILE) = 3
15    read(3, "pcm.probe {\n  type file\n  slave."..., 1024) = 83
15    read(3, "", 1024)                 = 0
15    close(3)                          = 0
15    openat(AT_FDCWD, "/usr/lib/libasound.so.2", O_RDONLY|O_LARGEFILE|O_CLOEXEC) = 3
15    close(3)                          = 0
15    openat(AT_FDCWD, "/usr/lib/libasound.so.2", O_RDONLY|O_LARGEFILE|O_CLOEXEC) = 3
15    close(3)                          = 0
15    openat(AT_FDCWD, "/usr/lib/libasound.so.2", O_RDONLY|O_LARGEFILE|O_CLOEXEC) = 3
15    close(3)                          = 0
15    openat(AT_FDCWD, "/dev/null", O_WRONLY|O_LARGEFILE) = 3
15    openat(AT_FDCWD, "/work/input.fifo", O_RDONLY|O_LARGEFILE) = 4
15    openat(AT_FDCWD, "/work/pcm.raw", O_WRONLY|O_CREAT|O_TRUNC|O_LARGEFILE, 0600) = 5
15    read(4, "\1\0\377\177\1\0\377\177\1\0\377\177\1\0\377\177\1\0\377\177\1\0\377\177\1\0\377\177\1\0\377\177"..., 1920) = 1920
15    read(4, "\1\0\377\177\1\0\377\177\1\0\377\177\1\0\377\177\1\0\377\177\1\0\377\177\1\0\377\177\1\0\377\177"..., 1920) = 1920
15    read(4, "", 1920)                 = 0
15    write(5, "\1\0\377\177\1\0\377\177\1\0\377\177\1\0\377\177\1\0\377\177\1\0\377\177\1\0\377\177\1\0\377\177"..., 1920) = 1920
15    write(5, "\1\0\377\177\1\0\377\177\1\0\377\177\1\0\377\177\1\0\377\177\1\0\377\177\1\0\377\177\1\0\377\177"..., 3840) = 3840
15    close(4)                          = 0
15    close(5)                          = 0
15    close(3)                          = 0
15    +++ exited with 0 +++
