✔ admission recorder flag forbids policy/profiler changes and exposes actual opt-in (38193.672166ms)
✔ candidate diagnostic binds its actual manifest to an immutable alias (14155.6735ms)
✔ jit residency flag is strict and exposes only existing A/B policies (15539.98725ms)
✔ jit residency is recorded in the served URL and source receipt (0.735334ms)
✔ decoded cache entries are strict and forwarded through Omarchy query options (37389.40475ms)
✔ jit threshold is strict and forwarded through the existing query control (51391.878ms)
✔ diagnostic profiler and clock controls remain capability-gated (0.648542ms)
✔ diagnostic stats expose the read-only keyboard device counters (9.753625ms)
✔ worker CPU profile operation is bounded, file-safe, and targets linux-worker (19172.446583ms)
✔ diagnostic exec is subshell-wrapped and failures are retained in history (0.813959ms)
✔ all 1..1024 numbers and exact decimal strings validate; undefined alone omits (64.434584ms)
✔ invalid syntax, types, ranges and explicit incompatible modes refuse before machine access (34.964625ms)
✔ omission preserves the old mode call without divider/state reads or a fabricated selection (1.646416ms)
✔ both explicit APIs are validated before the first read or mutation (0.361041ms)
✔ actual pre-selection state must be ICount and valid; no implicit wall conversion (0.475167ms)
✔ explicit selection reads stored state, sets once, reads actual result, and never resets mode/time on resume (0.522125ms)
✔ setter/read exceptions and changed time or wrong actual divider refuse without retry/fallback (0.659958ms)
✔ receipt is immutable history, returns independent scalar-only copies, and never rereads live state (61.600333ms)
✔ loader validates before its first fetch and selects after restore branches but before execution (91.591542ms)
✔ desktop query preserves omission versus exact raw string, including invalid empty input (66.145583ms)
✔ raw divider boot data and real lifecycle receipt traverse the paired worker protocol (114.671709ms)
✔ only 4096/16384 numbers and exact decimal strings validate; omission alone is undefined (6.151ms)
✔ omission never touches cache APIs or overrides an already configured machine (58.5795ms)
✔ same-size selection only reads actual capacity; changed size calls strict numeric setter and verifies (0.876542ms)
✔ both APIs are required before any read/mutation, including explicit same-size selection (10.387625ms)
✔ malformed actual capacities and wrong post-set capacity fail closed without retry or echoed success (0.699417ms)
✔ actual loader preflight rejects malformed options before fetch/restore/construction/execution (305.790417ms)
✔ cold/stored/Alpine/initramfs restore branches apply after restoration but before actual first pump (76.778875ms)
✔ missing API or wrong actual capacity after a cold/stored restore never enters the pump or JIT fallback (45.605958ms)
✔ actual desktop options preserve exact raw query values, including omission and malformed empty strings (16.274916ms)
✔ real page host plus linked worker protocol clone raw boot option and forward actual capacity through existing jitStats (437.149417ms)
✔ real worker boot rejects malformed input, missing methods and wrong actual capacity before execution (32.26025ms)
✔ admission probe omission/false never accesses the machine; invalid values fail without coercion (8.010667ms)
✔ explicit probe checks real JIT, arms once, then verifies actual enabled state (1.37775ms)
✔ missing API, missing JIT and refused enablement fail closed (37.492125ms)
✔ actual loader rejects malformed/non-JIT probe options before asset fetch (110.291375ms)
✔ actual loader arms only after all restores and before the first run, with no mutation RPC (2.173791ms)
✔ Omarchy page opts in only through the literal diagnostic query value 1 (119.781917ms)
✔ freshDesktop rejects a missing RAM/delta pair instead of cold-falling back (114.758791ms)
✔ Omarchy production resolution rejects a missing or malformed immutable descriptor (6.422542ms)
✔ Omarchy immutable chunk manifest hash mismatch fails closed (50.905041ms)
✔ Omarchy hashes corrupt raw manifest bytes before decoding (101.283542ms)
✔ Omarchy rejects a BOM even when the decoded manifest text is equivalent (1.096ms)
✔ Omarchy validates an explicitly empty manifest base instead of falling back (0.762708ms)
✔ Omarchy uses the descriptor for persistent and noSnapshot diagnostics (8.098125ms)
✔ Alpine-style chunked caller remains on its explicit imageManifestUrl (43.530291ms)
✔ freshDesktop rejects an overlay-delta integrity mismatch instead of cold-falling back (42.218416ms)
✔ freshDesktop rejects a RAM snapshot coherence mismatch instead of cold-falling back (3.197708ms)
✔ freshDesktop rejects RAM snapshot fetch and integrity failures instead of cold-falling back (159.708834ms)
✔ freshDesktop rejects persistent mode before any asset fetch (1.778917ms)
✔ persistent caller reaches the persistent constructor branch (runtime sentinel) (44.638875ms)
ℹ tests 51
ℹ suites 0
ℹ pass 51
ℹ fail 0
ℹ cancelled 0
ℹ skipped 0
ℹ todo 0
ℹ duration_ms 177356.129166
