{"event":"launch","at":"2026-09-14T04:58:08.875Z","executable":"/Users/blamy/.nvm/versions/node/v24.20.0/bin/node","args":["tools/verify/omarchy-input-diagnostic.mjs","evidence/omarchy-profile/admission-witness-r2","64","1","--pair-directory","target/omarchy-sdr-r3-snapshot","--chunk-dir","target/omarchy-profile-chunks-sdr-r3-256k","--headed","--admission-probe"]}
{"at":"2026-09-14T04:59:25.348Z","ready":"INPUT_DIAGNOSTIC_READY"}
{"at":"2026-09-14T04:59:26.314Z","request":{"op":"stats","phase":"warmup"},"time":"2026-09-14T04:59:26.139Z","generation":"5","records":0,"fullMapRefusals":"0","countsLen":19848}
{"at":"2026-09-14T04:59:37.530Z","request":{"op":"stats","phase":"warmup"},"time":"2026-09-14T04:59:37.105Z","generation":"5","records":0,"fullMapRefusals":"0","countsLen":37498}
{"at":"2026-09-14T04:59:49.055Z","request":{"op":"stats","phase":"warmup"},"time":"2026-09-14T04:59:48.690Z","generation":"5","records":0,"fullMapRefusals":"0","countsLen":43228}
{"at":"2026-09-14T04:59:59.763Z","request":{"op":"stats","phase":"warmup"},"time":"2026-09-14T04:59:59.591Z","generation":"5","records":0,"fullMapRefusals":"0","countsLen":43614}
{"at":"2026-09-14T05:00:10.802Z","request":{"op":"stats","phase":"warmup"},"time":"2026-09-14T05:00:10.271Z","generation":"5","records":0,"fullMapRefusals":"0","countsLen":44302}
{"at":"2026-09-14T05:00:21.868Z","request":{"op":"stats","phase":"warmup"},"time":"2026-09-14T05:00:21.584Z","generation":"5","records":0,"fullMapRefusals":"0","countsLen":45878}
{"at":"2026-09-14T05:00:32.932Z","request":{"op":"stats","phase":"warmup"},"time":"2026-09-14T05:00:32.405Z","generation":"5","records":0,"fullMapRefusals":"0","countsLen":45935}
{"at":"2026-09-14T05:00:43.873Z","request":{"op":"stats","phase":"warmup"},"time":"2026-09-14T05:00:43.351Z","generation":"5","records":0,"fullMapRefusals":"0","countsLen":48433}
{"at":"2026-09-14T05:00:54.704Z","request":{"op":"stats","phase":"warmup"},"time":"2026-09-14T05:00:54.204Z","generation":"5","records":0,"fullMapRefusals":"0","countsLen":48912}
{"at":"2026-09-14T05:01:05.344Z","request":{"op":"stats","phase":"warmup"},"time":"2026-09-14T05:01:05.084Z","generation":"5","records":0,"fullMapRefusals":"0","countsLen":59610}
{"at":"2026-09-14T05:01:16.129Z","request":{"op":"stats","phase":"warmup"},"time":"2026-09-14T05:01:15.672Z","generation":"5","records":0,"fullMapRefusals":"0","countsLen":59586}
{"at":"2026-09-14T05:01:26.747Z","request":{"op":"stats","phase":"warmup"},"time":"2026-09-14T05:01:26.500Z","generation":"5","records":0,"fullMapRefusals":"0","countsLen":59785}
{"at":"2026-09-14T05:01:37.735Z","request":{"op":"stats","phase":"warmup"},"time":"2026-09-14T05:01:37.273Z","generation":"5","records":0,"fullMapRefusals":"0","countsLen":59752}
{"at":"2026-09-14T05:01:49.220Z","request":{"op":"stats","phase":"warmup"},"time":"2026-09-14T05:01:48.056Z","generation":"5","records":0,"fullMapRefusals":"0","countsLen":59845}
{"at":"2026-09-14T05:02:00.752Z","request":{"op":"stats","phase":"warmup"},"time":"2026-09-14T05:01:59.682Z","generation":"5","records":32,"fullMapRefusals":"281154","countsLen":65536}
{"event":"measurement-start","reportTime":"2026-09-14T05:01:59.682Z","warmEnd":1789362265348}
{"at":"2026-09-14T05:02:02.332Z","request":{"op":"screenshot","name":"initial.png"},"time":"2026-09-14T05:02:01.262Z"}
{"at":"2026-09-14T05:03:01.781Z","request":{"op":"stats","phase":"middle"},"time":"2026-09-14T05:03:01.161Z","generation":"5","records":32,"fullMapRefusals":"905894","countsLen":65521}
{"at":"2026-09-14T05:04:02.798Z","request":{"op":"stats","phase":"final"},"time":"2026-09-14T05:04:01.392Z","generation":"5","records":32,"fullMapRefusals":"1325760","countsLen":65536}
{"at":"2026-09-14T05:04:04.409Z","request":{"op":"screenshot","name":"final.png"},"time":"2026-09-14T05:04:03.113Z"}
{"event":"exit","code":0,"signal":null,"finished":true,"outcome":"refusal-boundary-observed"}
