E5T18D_LOG_BEGIN
f9d438810 (PID 1165) ev wl_callback@3.done(4)
[2026-09-06 10:56:46.698][proto] client 0x7fff9d438810 (PID 1165) ev wl_display@1.delete_id(3)
[10:56:48.167] DRM: output Virtual-1 does not use shadow framebuffer.
[2026-09-06 10:56:48.167][proto] client 0x7fff9cbb1fb0 (PID 1018) ev wl_output@12.mode(3, 802, 601, 59998)
[2026-09-06 10:56:48.168][proto] client 0x7fff9cbb1fb0 (PID 1018) ev wl_output@12.name("Virtual-1")
[2026-09-06 10:56:48.168][proto] client 0x7fff9cbb1fb0 (PID 1018) ev wl_output@12.description("WASM VM")
[2026-09-06 10:56:48.168][proto] client 0x7fff9cbb1fb0 (PID 1018) ev wl_output@12.done()
[2026-09-06 10:56:48.168][proto] client 0x7fff9d2f4e60 (PID 1017) ev wl_output@4.mode(3, 802, 601, 59998)
[2026-09-06 10:56:48.169][proto] client 0x7fff9d2f4e60 (PID 1017) ev wl_output@4.name("Virtual-1")
[2026-09-06 10:56:48.169][proto] client 0x7fff9d2f4e60 (PID 1017) ev wl_output@4.description("WASM VM")
[2026-09-06 10:56:48.169][proto] client 0x7fff9d2f4e60 (PID 1017) ev wl_output@4.done()
[2026-09-06 10:56:48.169][proto] client 0x7fff9cbb2660 (PID 961) ev wl_output@13.mode(3, 802, 601, 59998)
[2026-09-06 10:56:48.170][proto] client 0x7fff9cbb2660 (PID 961) ev wl_output@13.done()
[2026-09-06 10:56:48.170][proto] client 0x7fff9d438720 (PID 961) ev wl_output@15.mode(3, 802, 601, 59998)
[2026-09-06 10:56:48.170][proto] client 0x7fff9d438720 (PID 961) ev wl_output@15.done()
[2026-09-06 10:56:48.170][proto] client 0x7fff9d438720 (PID 961) ev wl_output@13.mode(3, 802, 601, 59998)
[2026-09-06 10:56:48.171][proto] client 0x7fff9d438720 (PID 961) ev wl_output@13.done()
[2026-09-06 10:56:48.175][proto] client 0x7fff9cbb1fb0 (PID 1018) ev zxdg_output_v1@13.logical_position(0, 0)
[2026-09-06 10:56:48.176][proto] client 0x7fff9cbb1fb0 (PID 1018) ev zxdg_output_v1@13.logical_size(802, 601)
[2026-09-06 10:56:48.176][proto] client 0x7fff9cbb1fb0 (PID 1018) ev zxdg_output_v1@13.done()
[2026-09-06 10:56:48.176][proto] client 0x7fff9d438720 (PID 961) ev weston_desktop_shell@16.configure(0, wl_surface@18, 802, 601)
[2026-09-06 10:56:48.176][proto] client 0x7fff9d438720 (PID 961) ev weston_desktop_shell@16.configure(0, wl_surface@17, 802, 601)
[10:56:48.179] WV_DISPLAY_APPLIED output=Virtual-1 width=802 height=601
[2026-09-06 10:56:48.535][proto] client 0x7fff9cbb2480 (PID 1196) rq wl_display@1.get_registry(new id wl_registry@2)
[2026-09-06 10:56:48.536][proto] client 0x7fff9cbb2480 (PID 1196) ev wl_registry@2.global(1, "wl_compositor", 5)
[2026-09-06 10:56:48.536][proto] client 0x7fff9cbb2480 (PID 1196) ev wl_registry@2.global(2, "wl_subcompositor", 1)
[2026-09-06 10:56:48.536][proto] client 0x7fff9cbb2480 (PID 1196) ev wl_registry@2.global(3, "wp_viewporter", 1)
[2026-09-06 10:56:48.536][proto] client 0x7fff9cbb2480 (PID 1196) ev wl_registry@2.global(4, "zxdg_output_manager_v1", 2)
[2026-09-06 10:56:48.537][proto] client 0x7fff9cbb2480 (PID 1196) ev wl_registry@2.global(5, "wp_presentation", 1)
[2026-09-06 10:56:48.537][proto] client 0x7fff9cbb2480 (PID 1196) ev wl_registry@2.global(6, "wp_single_pixel_buffer_manager_v1", 1)
[2026-09-06 10:56:48.537][proto] client 0x7fff9cbb2480 (PID 1196) ev wl_registry@2.global(7, "wp_tearing_control_manager_v1", 1)
[2026-09-06 10:56:48.538][proto] client 0x7fff9cbb2480 (PID 1196) ev wl_registry@2.global(8, "zwp_relative_pointer_manager_v1", 1)
[2026-09-06 10:56:48.538][proto] client 0x7fff9cbb2480 (PID 1196) ev wl_registry@2.global(9, "zwp_pointer_constraints_v1", 1)
[2026-09-06 10:56:48.538][proto] client 0x7fff9cbb2480 (PID 1196) ev wl_registry@2.global(10, "zwp_input_timestamps_manager_v1", 1)
[2026-09-06 10:56:48.538][proto] client 0x7fff9cbb2480 (PID 1196) ev wl_registry@2.global(11, "weston_capture_v1", 1)
[2026-09-06 10:56:48.539][proto] client 0x7fff9cbb2480 (PID 1196) ev wl_registry@2.global(12, "wl_data_device_manager", 3)
[2026-09-06 10:56:48.543][proto] client 0x7fff9cbb2480 (PID 1196) ev wl_registry@2.global(13, "wl_shm", 1)
[2026-09-06 10:56:48.543][proto] client 0x7fff9cbb2480 (PID 1196) ev wl_registry@2.global(14, "wl_seat", 7)
[2026-09-06 10:56:48.544][proto] client 0x7fff9cbb2480 (PID 1196) ev wl_registry@2.global(15, "weston_content_protection", 1)
[2026-09-06 10:56:48.544][proto] client 0x7fff9cbb2480 (PID 1196) ev wl_registry@2.global(16, "wl_output", 4)
[2026-09-06 10:56:48.544][proto] client 0x7fff9cbb2480 (PID 1196) ev wl_registry@2.global(17, "zwp_input_panel_v1", 1)
[2026-09-06 10:56:48.544][proto] client 0x7fff9cbb2480 (PID 1196) ev wl_registry@2.global(18, "zwp_input_method_v1", 1)
[2026-09-06 10:56:48.545][proto] client 0x7fff9cbb2480 (PID 1196) ev wl_registry@2.global(19, "zwp_text_input_manager_v1", 1)
[2026-09-06 10:56:48.545][proto] client 0x7fff9cbb2480 (PID 1196) ev wl_registry@2.global(20, "xdg_wm_base", 5)
[2026-09-06 10:56:48.545][proto] client 0x7fff9cbb2480 (PID 1196) ev wl_registry@2.global(21, "weston_desktop_shell", 1)
[2026-09-06 10:56:48.546][proto] client 0x7fff9cbb2480 (PID 1196) rq wl_display@1.sync(new id wl_callback@3)
[2026-09-06 10:56:48.546][proto] client 0x7fff9cbb2480 (PID 1196) ev wl_callback@3.done(4)
[2026-09-06 10:56:48.546][proto] client 0x7fff9cbb2480 (PID 1196) ev wl_display@1.delete_id(3)
[2026-09-06 10:56:48.550][proto] client 0x7fff9cbb2480 (PID 1196) rq wl_registry@2.bind(16, "wl_output", 4, new id [unknown]@4)
[2026-09-06 10:56:48.550][proto] client 0x7fff9cbb2480 (PID 1196) ev wl_output@4.geometry(0, 0, 210, 160, 0, "WVM", "WASM VM", 0)
[2026-09-06 10:56:48.551][proto] client 0x7fff9cbb2480 (PID 1196) ev wl_output@4.scale(1)
[2026-09-06 10:56:48.551][proto] client 0x7fff9cbb2480 (PID 1196) ev wl_output@4.mode(0, 901, 701, 60006)
[2026-09-06 10:56:48.555][proto] client 0x7fff9cbb2480 (PID 1196) ev wl_output@4.mode(3, 802, 601, 59998)
[2026-09-06 10:56:48.555][proto] client 0x7fff9cbb2480 (PID 1196) ev wl_output@4.name("Virtual-1")
[2026-09-06 10:56:48.556][proto] client 0x7fff9cbb2480 (PID 1196) ev wl_output@4.description("WASM VM")
[2026-09-06 10:56:48.556][proto] client 0x7fff9cbb2480 (PID 1196) ev wl_output@4.done()
[2026-09-06 10:56:48.556][proto] client 0x7fff9cbb2480 (PID 1196) rq wl_display@1.sync(new id wl_callback@3)
[2026-09-06 10:56:48.556][proto] client 0x7fff9cbb2480 (PID 1196) ev wl_callback@3.done(4)
[2026-09-06 10:56:48.557][proto] client 0x7fff9cbb2480 (PID 1196) ev wl_display@1.delete_id(3)
[10:56:49.764] DRM: head 'Virtual-1' updated, connector 34 is connected, EDID make 'WVM', model 'WASM VM', serial 'WVM-0001'
               Supported EOTF modes: SDR
[10:56:49.765] Detected a monitor change on head 'Virtual-1', not bothering to do anything about it.
[10:56:49.999] DRM: output Virtual-1 does not use shadow framebuffer.
[2026-09-06 10:56:50.000][proto] client 0x7fff9cbb1fb0 (PID 1018) ev wl_output@12.mode(3, 1201, 801, 60000)
[2026-09-06 10:56:50.000][proto] client 0x7fff9cbb1fb0 (PID 1018) ev wl_output@12.name("Virtual-1")
[2026-09-06 10:56:50.000][proto] client 0x7fff9cbb1fb0 (PID 1018) ev wl_output@12.description("WASM VM")
[2026-09-06 10:56:50.000][proto] client 0x7fff9cbb1fb0 (PID 1018) ev wl_output@12.done()
[2026-09-06 10:56:50.001][proto] client 0x7fff9d2f4e60 (PID 1017) ev wl_output@4.mode(3, 1201, 801, 60000)
[2026-09-06 10:56:50.001][proto] client 0x7fff9d2f4e60 (PID 1017) ev wl_output@4.name("Virtual-1")
[2026-09-06 10:56:50.001][proto] client 0x7fff9d2f4e60 (PID 1017) ev wl_output@4.description("WASM VM")
[2026-09-06 10:56:50.001][proto] client 0x7fff9d2f4e60 (PID 1017) ev wl_output@4.done()
[2026-09-06 10:56:50.002][proto] client 0x7fff9cbb2660 (PID 961) ev wl_output@13.mode(3, 1201, 801, 60000)
[2026-09-06 10:56:50.002][proto] client 0x7fff9cbb2660 (PID 961) ev wl_output@13.done()
[2026-09-06 10:56:50.002][proto] client 0x7fff9d438720 (PID 961) ev wl_output@15.mode(3, 1201, 801, 60000)
[2026-09-06 10:56:50.002][proto] client 0x7fff9d438720 (PID 961) ev wl_output@15.done()
[2026-09-06 10:56:50.003][proto] client 0x7fff9d438720 (PID 961) ev wl_output@13.mode(3, 1201, 801, 60000)
[2026-09-06 10:56:50.007][proto] client 0x7fff9d438720 (PID 961) ev wl_output@13.done()
[2026-09-06 10:56:50.007][proto] client 0x7fff9cbb1fb0 (PID 1018) ev zxdg_output_v1@13.logical_position(0, 0)
[2026-09-06 10:56:50.008][proto] client 0x7fff9cbb1fb0 (PID 1018) ev zxdg_output_v1@13.logical_size(1201, 801)
[2026-09-06 10:56:50.008][proto] client 0x7fff9cbb1fb0 (PID 1018) ev zxdg_output_v1@13.done()
[2026-09-06 10:56:50.008][proto] client 0x7fff9d438720 (PID 961) ev weston_desktop_shell@16.configure(0, wl_surface@18, 1201, 801)
[2026-09-06 10:56:50.008][proto] client 0x7fff9d438720 (PID 961) ev weston_desktop_shell@16.configure(0, wl_surface@17, 1201, 801)
[10:56:50.009] WV_DISPLAY_APPLIED output=Virtual-1 width=1201 height=801
[2026-09-06 10:56:50.448][proto] client 0x7fff9d438810 (PID 1227) rq wl_display@1.get_registry(new id wl_registry@2)
[2026-09-06 10:56:50.448][proto] client 0x7fff9d438810 (PID 1227) ev wl_registry@2.global(1, "wl_compositor", 5)
[2026-09-06 10:56:50.448][proto] client 0x7fff9d438810 (PID 1227) ev wl_registry@2.global(2, "wl_subcompositor", 1)
[2026-09-06 10:56:50.449][proto] client 0x7fff9d438810 (PID 1227) ev wl_registry@2.global(3, "wp_viewporter", 1)
[2026-09-06 10:56:50.449][proto] client 0x7fff9d438810 (PID 1227) ev wl_registry@2.global(4, "zxdg_output_manager_v1", 2)
[2026-09-06 10:56:50.449][proto] client 0x7fff9d438810 (PID 1227) ev wl_registry@2.global(5, "wp_presentation", 1)
[2026-09-06 10:56:50.449][proto] client 0x7fff9d438810 (PID 1227) ev wl_registry@2.global(6, "wp_single_pixel_buffer_manager_v1", 1)
[2026-09-06 10:56:50.450][proto] client 0x7fff9d438810 (PID 1227) ev wl_registry@2.global(7, "wp_tearing_control_manager_v1", 1)
[2026-09-06 10:56:50.450][proto] client 0x7fff9d438810 (PID 1227) ev wl_registry@2.global(8, "zwp_relative_pointer_manager_v1", 1)
[2026-09-06 10:56:50.450][proto] client 0x7fff9d438810 (PID 1227) ev wl_registry@2.global(9, "zwp_pointer_constraints_v1", 1)
[2026-09-06 10:56:50.451][proto] client 0x7fff9d438810 (PID 1227) ev wl_registry@2.global(10, "zwp_input_timestamps_manager_v1", 1)
[2026-09-06 10:56:50.451][proto] client 0x7fff9d438810 (PID 1227) ev wl_registry@2.global(11, "weston_capture_v1", 1)
[2026-09-06 10:56:50.455][proto] client 0x7fff9d438810 (PID 1227) ev wl_registry@2.global(12, "wl_data_device_manager", 3)
[2026-09-06 10:56:50.456][proto] client 0x7fff9d438810 (PID 1227) ev wl_registry@2.global(13, "wl_shm", 1)
[2026-09-06 10:56:50.456][proto] client 0x7fff9d438810 (PID 1227) ev wl_registry@2.global(14, "wl_seat", 7)
[2026-09-06 10:56:50.456][proto] client 0x7fff9d438810 (PID 1227) ev wl_registry@2.global(15, "weston_content_protection", 1)
[2026-09-06 10:56:50.456][proto] client 0x7fff9d438810 (PID 1227) ev wl_registry@2.global(16, "wl_output", 4)
[2026-09-06 10:56:50.457][proto] client 0x7fff9d438810 (PID 1227) ev wl_registry@2.global(17, "zwp_input_panel_v1", 1)
[2026-09-06 10:56:50.457][proto] client 0x7fff9d438810 (PID 1227) ev wl_registry@2.global(18, "zwp_input_method_v1", 1)
[2026-09-06 10:56:50.457][proto] client 0x7fff9d438810 (PID 1227) ev wl_registry@2.global(19, "zwp_text_input_manager_v1", 1)
[2026-09-06 10:56:50.458][proto] client 0x7fff9d438810 (PID 1227) ev wl_registry@2.global(20, "xdg_wm_base", 5)
[2026-09-06 10:56:50.458][proto] client 0x7fff9d438810 (PID 1227) ev wl_registry@2.global(21, "weston_desktop_shell", 1)
[2026-09-06 10:56:50.458][proto] client 0x7fff9d438810 (PID 1227) rq wl_display@1.sync(new id wl_callback@3)
[2026-09-06 10:56:50.458][proto] client 0x7fff9d438810 (PID 1227) ev wl_callback@3.done(4)
[2026-09-06 10:56:50.459][proto] client 0x7fff9d438810 (PID 1227) ev wl_display@1.delete_id(3)
[2026-09-06 10:56:50.463][proto] client 0x7fff9d438810 (PID 1227) rq wl_registry@2.bind(16, "wl_output", 4, new id [unknown]@4)
[2026-09-06 10:56:50.464][proto] client 0x7fff9d438810 (PID 1227) ev wl_output@4.geometry(0, 0, 320, 210, 0, "WVM", "WASM VM", 0)
[2026-09-06 10:56:50.464][proto] client 0x7fff9d438810 (PID 1227) ev wl_output@4.scale(1)
[2026-09-06 10:56:50.464][proto] client 0x7fff9d438810 (PID 1227) ev wl_output@4.mode(0, 901, 701, 60006)
[2026-09-06 10:56:50.464][proto] client 0x7fff9d438810 (PID 1227) ev wl_output@4.mode(3, 1201, 801, 60000)
[2026-09-06 10:56:50.465][proto] client 0x7fff9d438810 (PID 1227) ev wl_output@4.name("Virtual-1")
[2026-09-06 10:56:50.465][proto] client 0x7fff9d438810 (PID 1227) ev wl_output@4.description("WASM VM")
[2026-09-06 10:56:50.465][proto] client 0x7fff9d438810 (PID 1227) ev wl_output@4.done()
[2026-09-06 10:56:50.465][proto] client 0x7fff9d438810 (PID 1227) rq wl_display@1.sync(new id wl_callback@3)
[2026-09-06 10:56:50.466][proto] client 0x7fff9d438810 (PID 1227) ev wl_callback@3.done(4)
[2026-09-06 10:56:50.466][proto] client 0x7fff9d438810 (PID 1227) ev wl_display@1.delete_id(3)
[2026-09-06 10:56:51.630][proto] client 0x7fff9d438720 (PID 961) rq wl_compositor@4.create_region(new id wl_region@27)
[2026-09-06 10:56:51.631][proto] client 0x7fff9d438720 (PID 961) rq wl_region@27.add(0, 0, 901, 701)
[2026-09-06 10:56:51.631][proto] client 0x7fff9d438720 (PID 961) rq wl_buffer@29.destroy()
[2026-09-06 10:56:51.631][proto] client 0x7fff9d438720 (PID 961) ev wl_display@1.delete_id(29)
[2026-09-06 10:56:51.632][proto] client 0x7fff9d438720 (PID 961) rq wl_shm_pool@21.destroy()
[2026-09-06 10:56:51.689][proto] client 0x7fff9d438720 (PID 961) ev wl_display@1.delete_id(21)
[2026-09-06 10:56:51.690][proto] client 0x7fff9d438720 (PID 961) rq wl_shm@10.create_pool(new id wl_shm_pool@22, fd 35, 2526404)
[2026-09-06 10:56:51.690][proto] client 0x7fff9d438720 (PID 961) rq wl_shm_pool@22.create_buffer(new id wl_buffer@23, 0, 901, 701, 3604, 0)
[2026-09-06 10:56:51.690][proto] client 0x7fff9d438720 (PID 961) rq wl_surface@18.frame(new id wl_callback@30)
[2026-09-06 10:56:51.691][proto] client 0x7fff9d438720 (PID 961) rq wl_surface@18.set_opaque_region(wl_region@27)
[2026-09-06 10:56:51.691][proto] client 0x7fff9d438720 (PID 961) rq wl_region@27.destroy()
[2026-09-06 10:56:51.691][proto] client 0x7fff9d438720 (PID 961) ev wl_display@1.delete_id(27)
[2026-09-06 10:56:51.691][proto] client 0x7fff9d438720 (PID 961) rq wl_surface@18.attach(wl_buffer@23, 0, 0)
[2026-09-06 10:56:51.692][proto] client 0x7fff9d438720 (PID 961) rq wl_surface@18.damage(0, 0, 901, 701)
[2026-09-06 10:56:51.692][proto] client 0x7fff9d438720 (PID 961) rq wl_surface@18.commit()
[2026-09-06 10:56:51.692][proto] client 0x7fff9d438720 (PID 961) ev wl_buffer@33.release()
[2026-09-06 10:56:51.693][proto] client 0x7fff9d438720 (PID 961) rq wl_compositor@4.create_region(new id wl_region@31)
[2026-09-06 10:56:51.693][proto] client 0x7fff9d438720 (PID 961) rq wl_buffer@35.destroy()
[2026-09-06 10:56:51.693][proto] client 0x7fff9d438720 (PID 961) ev wl_display@1.delete_id(35)
[2026-09-06 10:56:51.693][proto] client 0x7fff9d438720 (PID 961) rq wl_shm_pool@34.destroy()
[2026-09-06 10:56:51.696][proto] client 0x7fff9d438720 (PID 961) ev wl_display@1.delete_id(34)
[2026-09-06 10:56:51.696][proto] client 0x7fff9d438720 (PID 961) rq wl_shm@10.create_pool(new id wl_shm_pool@36, fd 36, 115328)
[2026-09-06 10:56:51.696][proto] client 0x7fff9d438720 (PID 961) rq wl_shm_pool@36.create_buffer(new id wl_buffer@28, 0, 901, 32, 3604, 0)
[2026-09-06 10:56:51.697][proto] client 0x7fff9d438720 (PID 961) rq wl_surface@17.frame(new id wl_callback@25)
[2026-09-06 10:56:51.697][proto] client 0x7fff9d438720 (PID 961) rq wl_surface@17.set_opaque_region(wl_region@31)
[2026-09-06 10:56:51.697][proto] client 0x7fff9d438720 (PID 961) rq wl_region@31.destroy()
[2026-09-06 10:56:51.698][proto] client 0x7fff9d438720 (PID 961) ev wl_display@1.delete_id(31)
[2026-09-06 10:56:51.698][proto] client 0x7fff9d438720 (PID 961) rq wl_surface@17.attach(wl_buffer@28, 0, 0)
[2026-09-06 10:56:51.698][proto] client 0x7fff9d438720 (PID 961) rq wl_surface@17.damage(0, 0, 901, 32)
[2026-09-06 10:56:51.699][proto] client 0x7fff9d438720 (PID 961) rq wl_surface@17.commit()
[2026-09-06 10:56:51.699][proto] client 0x7fff9d438720 (PID 961) ev wl_buffer@26.release()
[2026-09-06 10:56:51.814][proto] client 0x7fff9d438720 (PID 961) ev wl_callback@30.done(148686)
[2026-09-06 10:56:51.815][proto] client 0x7fff9d438720 (PID 961) ev wl_display@1.delete_id(30)
[2026-09-06 10:56:51.815][proto] client 0x7fff9d438720 (PID 961) ev wl_callback@25.done(148686)
[2026-09-06 10:56:51.815][proto] client 0x7fff9d438720 (PID 961) ev wl_display@1.delete_id(25)
E5T18D_LOG_END
