
[?2004l]3008;end=68be82b3-b979-4170-9609-2a8273f0393b;exit=success\
__WVEND_mu3rj8ep0_0
]3008;end=be95f6f7-6648-436d-8d34-22b9231390b8;exit=success\]3008;start=f3d5acc2-ac06-4c6e-9ba5-6583adc47fcc;machineid=5abb4fe4a18644f197581438bd6ee2c7;user=omarchy;hostname=omarchy-demo;bootid=450d9a5f-1fc8-440a-9d2a-21bff69195d1;pid=00000000000000000174;type=shell;cwd=/home/omarchy\[?2004h[omarchy@omarchy-demo ~]$ 
__WVEND_mu3rjtko1_0
]3008;end=0f2f1a48-e1ba-40a5-ae42-e3a419f7a411;exit=success\]3008;start=f3d5acc2-ac06-4c6e-9ba5-6583adc47fcc;machineid=5abb4fe4a18644f197581438bd6ee2c7;user=omarchy;hostname=omarchy-demo;bootid=450d9a5f-1fc8-440a-9d2a-21bff69195d1;pid=00000000000000000174;type=shell;cwd=/home/omarchy\[?2004h[omarchy@omarchy-demo ~]$ 
__WVEND_mu3rk1ch2_75
]3008;end=f71ed2aa-af98-46ac-9496-1bdceb732b15;exit=success\
__WVEND_mu3rk3ol3_75
]3008;end=e687ed50-7f43-4042-85cf-2842c710db5b;exit=success\
__WVEND_mu3rk6m54_75
]3008;end=0322504d-0a35-4a43-be75-7a48206d13ac;exit=success\__WVEND_mu3rka2q5_75
]3008;end=33c49fb9-b50b-4cb5-8a36-273cf3425f01;exit=success\
__WVEND_mu3rkcpf6_75
]3008;end=e5da8a87-0a5a-4f57-a10d-6358e196824c;exit=success\
__WVEND_mu3rkfi97_75
]3008;end=043db5a4-d658-46fe-8c73-6d01e37a4587;exit=success\
__WVEND_mu3rkihf8_75
]3008;end=fe87cca8-a497-4770-ac6f-955f019f58d9;exit=success\
__WVEND_mu3rklhv9_75
]3008;end=9c66e076-1b67-4194-a20d-41b8381e5b48;exit=success\
__WVEND_mu3rkosi10_75
]3008;end=a54f27c8-b4ce-4c39-82b3-135ccc9ef466;exit=success\
__WVEND_mu3rkryp11_75
]3008;end=c2f91de9-7720-4439-91ed-c2f230391159;exit=success\
__WVEND_mu3rkuuo12_75
]3008;end=6a9113d4-9473-44d0-b49f-9addf7c87c8c;exit=success\
__WVEND_mu3rkxr013_75
]3008;end=b2a89c64-93ba-47b7-a6bb-05401f72d8c1;exit=success\
__WVEND_mu3rl0nf14_75
]3008;end=09753b50-b894-4f8c-a883-49f4c5ea6dc5;exit=success\
__WVEND_mu3rl3k915_75
]3008;end=1642e647-f464-436e-ac4f-b5026f03a51e;exit=success\
__WVEND_mu3rl6iu16_75
]3008;end=3e2d3d94-6844-4ae5-a2d7-344acbb65124;exit=success\
__WVEND_mu3rl9hs17_75
]3008;end=8ebbf2ff-826d-4cdc-96c4-c4e7236c3dcd;exit=success\
__WVEND_mu3rlcjq18_75
]3008;end=6d8be38f-d277-4d90-adad-d2c576579fa2;exit=success\
__WVEND_mu3rlfbw19_75
]3008;end=76f4e285-6c0e-462e-ab87-3cbe8601a5cf;exit=success\
__WVEND_mu3rli5j20_75
]3008;end=7c7e7ee4-6dd8-4063-92c2-5e66762bc901;exit=success\
__WVEND_mu3rlkyy21_75
]3008;end=01a9b283-35f4-4108-b6d2-060717c38a75;exit=success\
__WVEND_mu3rlnwd22_75
]3008;end=64662a90-0c1e-4a1e-a8c1-1bf92ed96d3b;exit=success\
__WVEND_mu3rlqqy23_75
]3008;end=b63fc128-3f9a-4fc4-8fd2-907c0aa3d5ee;exit=success\
__WVEND_mu3rltgo24_75
]3008;end=0c293743-dcbb-445b-bdc4-d8762fe658b5;exit=success\
__WVEND_mu3rlwbh25_75
]3008;end=a6d1b440-d3b1-4db5-a727-761f1ac36da8;exit=success\__WVEND_mu3rlz6r26_75
]3008;end=f0375494-30ac-4367-ae20-ba1d6f90cd02;exit=success\
__WVEND_mu3rm25327_75
]3008;end=fccfb371-c4d5-4618-a229-a6dfc4ae5974;exit=success\
__WVEND_mu3rm5c528_75
]3008;end=8a8897d9-195f-4058-bcf8-80343b90f56f;exit=success\
__WVEND_mu3rm88329_75
]3008;end=d1015752-e164-471e-a9d2-5b21ca6f75cb;exit=success\
__WVEND_mu3rmay030_75
]3008;end=ae6e95b6-0435-4d24-a00c-a6f2e90cd7b5;exit=success\
__WVEND_mu3rmdvq31_75
]3008;end=012c4047-4143-40a6-92fc-02b34bb85726;exit=success\
__WVEND_mu3rmgum32_75
]3008;end=0ba6b30a-7dff-4646-ab79-6eb92a0ea22f;exit=success\
__WVEND_mu3rmjhe33_75
]3008;end=e0b20338-a913-4997-9267-a55e9402a08a;exit=success\