✔ service-isolated startup failure is retained without claiming input acceptance (1.2355ms)
✔ rejects unsolicited agent frames, hidden Explorer and Docker calls (1.179459ms)
✔ does not accept a success label without physical input, timing and fresh frames (2.436167ms)
✔ trial is local, explicit, fixed-budget and does not accept renderer/timeout tuning (2.073792ms)
✔ residency URLs differ only in the fixed module cap with recycling disabled (0.984292ms)
✔ residency checks the actual selected cap and rejects recycling or policy drift (0.555583ms)
✔ pair driver rejects unknown experiments before starting any arm (3.664125ms)
✔ arm URLs have exactly one policy difference and forbid inherited query tuning (0.30725ms)
✔ all four R3 source bindings and image layout must match (0.352042ms)
✔ actual runtime must match the selected arm with observer/timing off (2.318042ms)
✔ deadline accounts for queue delay and rejects late completion without starting expired work (5.383958ms)
✔ real recorder retains physical-only writing, fixed deadlines, fresh presentation and owned shutdown (1.534083ms)
✔ captured-real R2: diagnostic observations and both raw process samples validate (13.870333ms)
✔ captured-real mutation: untrusted physical input is rejected (2.813625ms)
✔ captured-real mutation: changed actual clock is rejected (2.94325ms)
✔ captured-real mutation: wrong R3 source hash is rejected (2.874125ms)
✔ captured-real mutation: modified raw process output disagrees with the wire (8.199375ms)
✔ captured-real mutation: extra explicit serial command is rejected (7.672583ms)
✔ captured-real mutation: a long completed RPC cannot fit a forged 1000ms sample envelope (7.17925ms)
✔ captured-real mutation: RPC remaining timeout cannot exceed the outer deadline (6.845041ms)
✔ verifier P7: forged 1000ms budget and early finish cannot hide unchanged 49488ms RPC (6.867417ms)
✔ owned watchdog caps setup and navigation once, and normal close cancels timers (1.14325ms)
✔ post-verdict capture has one fixed extra allowance and messages cannot rearm it (0.244208ms)
✔ stalled owned browser/recorder is killed and missing close settles as unconfirmed (1.258417ms)
✔ already exited browser is not killed; watchdog intervention never looks like a normal pass (0.123708ms)
✔ future/invalid navigation cannot extend setup (0.085791ms)
✔ recorder exit cannot orphan its browser or kill an already-exited recorder group (0.134125ms)
✔ exit before stdio close never sends a later watchdog signal to the exited recorder (0.083375ms)
✔ synthetic actual input-trial reaches physical keys without mapped-client/active-window RPCs (20.730791ms)
✔ synthetic capture and verify retain actual mapped-Foot and active-window checks before keys (5.727042ms)
✔ synthetic missing application readiness or lost canvas focus forbids any key (1.434666ms)
✔ synthetic actual nonce reader rejects mismatched bytes in a successful RPC response (16.223916ms)
✔ synthetic late typing/readback and stale presentation cannot publish success (59.333625ms)
✔ synthetic timing observation uses same-page actual recorded event fields, not probe completion (15.818458ms)
✔ absent desktop residency stays undefined so the loader retains its default (1.664833ms)
✔ desktop forwards existing repack-off policy unchanged to the worker boundary (0.354417ms)
✔ desktop forwards existing cap-256 policy unchanged to the worker boundary (0.639209ms)
✔ desktop forwards existing cap-1024 policy unchanged to the worker boundary (0.407083ms)
✔ desktop does not normalize empty or unsupported labels into a default (1.00825ms)
✔ cold recycling omission/false never accesses the machine; invalid values are not coerced (0.572709ms)
✔ explicit recycling verifies the actual executor and enabled report without implicit JIT (0.446458ms)
✔ local-origin gate accepts only the requested loopback origins (0.135334ms)
✔ loader has a default-off strict selection gate before any asset fetch (1.653166ms)
✔ loader applies recycling after restore and before execution, with no controller mutation RPC (0.108333ms)
✔ Omarchy selects recycling only for literal 1 on a loopback origin (1.929709ms)
✔ lazy Omarchy discards pre-controller and dormant bytes; availability reads are passive (1.703709ms)
✔ CLI retains a bounded owned pre-controller queue and automatically starts exactly once (0.49325ms)
✔ retired lazy references cannot activate; old active transports cannot send into any owner (0.361ms)
✔ explicit restore uses the real Channel fresh HELLO, not preloaded Omarchy output (15.758833ms)
✔ actual main publishes the winning generation during early guest-ready, never query identity (2.931708ms)
✔ actual main supplied restore bypasses default; omitted channel activates one shared session (0.874958ms)
✔ actual main fences retirement immediately and ignores late callbacks/retained channels (1.945333ms)
✔ requires a mapped Omarchy bar and background, not a process or login banner (0.443583ms)
✔ a black or solid framebuffer is not rendered desktop evidence (2.440417ms)
✔ the actual ready lifecycle is once per authoritative generation and isolates Omarchy (1.880458ms)
✔ actual RPC gate rejects no-owner/retired work and fences late CLI completion (0.781542ms)
✔ the authoritative Omarchy key blocks service RPC even when the page is not marked desktop (0.348834ms)
✔ desktop control entry points remain wired to the existing production bridges (0.245333ms)
✔ host-only preboot Docker affordance remains available, but an Omarchy owner blocks it (0.276ms)
✔ a retired CLI log refresh cannot create a stream for the Omarchy owner (0.631125ms)
✔ retired catalog/probe/snapshot/container completions cannot repaint a replacement owner (1.970875ms)
✔ retired container action completion cannot apply to the next session (0.64625ms)
ℹ tests 62
ℹ suites 0
ℹ pass 62
ℹ fail 0
ℹ cancelled 0
ℹ skipped 0
ℹ todo 0
ℹ duration_ms 171.696708
